============================================================
CF_HAPPO TRAINING
Run: cf_am_happo_v39_main_seed1_750k_20260918_181959
Profile: main
Seed: 1
Device: cuda
Envs: 16
Method: cf_happo
Critic: mlp
Rollout: 128
Target steps: 750,000
Checkpoint interval: 250,000
Evaluation interval: 250,000
Log interval: 50,000
============================================================
[TRAIN] 51,200 / 750,000 (6.8%)
        elapsed 00:01:36 | speed 532.0 steps/s | ETA 00:21:54
        episodes +697 / total 697
        return -59.72 | W/B/D 0.0% / 11.2% / 88.8%
        MAV survival 88.8% | UAV survivors 0.37
        Red kills 0.00 | Blue kills 0.00 | ep length 72.5
        actor loss [-0.014, -0.018, -0.016, -0.022]
        critic loss 515.875 | entropy 3.497
        credit loss V/B 517.4660 / 430.7726
        raw Aabs [2.995039, 1.767222, 3.105452, 1.804129] | Astd [12.913669, 4.01851, 12.910987, 6.027576] | degenerate [0, 0, 0, 0]
[TRAIN] 100,352 / 750,000 (13.4%)
        elapsed 00:03:29 | speed 437.3 steps/s | ETA 00:24:46
        episodes +658 / total 1355
        return -40.46 | W/B/D 0.0% / 3.5% / 96.5%
        MAV survival 96.5% | UAV survivors 1.07
        Red kills 0.00 | Blue kills 0.02 | ep length 74.6
        actor loss [-0.017, -0.020, -0.013, -0.018]
        critic loss 139.441 | entropy 3.468
        credit loss V/B 140.5312 / 105.5395
        raw Aabs [6.638208, 3.643551, 6.712919, 2.24321] | Astd [21.146305, 9.217033, 21.255894, 4.01372] | degenerate [0, 0, 0, 0]
[TRAIN] 151,552 / 750,000 (20.2%)
        elapsed 00:05:04 | speed 538.1 steps/s | ETA 00:18:32
        episodes +688 / total 2043
        return -33.52 | W/B/D 0.0% / 1.9% / 98.1%
        MAV survival 98.1% | UAV survivors 1.56
        Red kills 0.00 | Blue kills 0.07 | ep length 74.5
        actor loss [-0.023, -0.020, -0.019, -0.014]
        critic loss 68.829 | entropy 3.454
        credit loss V/B 68.8999 / 68.6749
        raw Aabs [0.879115, 0.767905, 0.732557, 0.74874] | Astd [1.254536, 1.169742, 1.145536, 0.848119] | degenerate [0, 0, 0, 0]
[TRAIN] 200,704 / 750,000 (26.8%)
        elapsed 00:06:33 | speed 552.3 steps/s | ETA 00:16:35
        episodes +657 / total 2700
        return -26.22 | W/B/D 0.0% / 0.2% / 99.8%
        MAV survival 99.8% | UAV survivors 1.90
        Red kills 0.00 | Blue kills 0.05 | ep length 74.9
        actor loss [-0.018, -0.023, -0.020, -0.012]
        critic loss 5.729 | entropy 3.421
        credit loss V/B 5.7676 / 6.6520
        raw Aabs [0.41245, 0.409663, 0.386227, 0.398273] | Astd [0.816337, 0.794589, 0.787028, 0.486229] | degenerate [0, 0, 0, 0]
[TRAIN] 251,904 / 750,000 (33.6%)
        elapsed 00:08:10 | speed 524.6 steps/s | ETA 00:15:49
        episodes +683 / total 3383
        return -27.07 | W/B/D 0.0% / 0.6% / 99.4%
        MAV survival 99.4% | UAV survivors 1.89
        Red kills 0.00 | Blue kills 0.11 | ep length 75.0
        actor loss [-0.023, -0.015, -0.019, -0.015]
        critic loss 20.803 | entropy 3.400
        credit loss V/B 20.6600 / 17.9069
        raw Aabs [0.264022, 0.253139, 0.27029, 0.271574] | Astd [0.318955, 0.312962, 0.324084, 0.294694] | degenerate [0, 0, 0, 0]
[CKPT] milestone 250,000 crossed at step 251,904 | checkpoint_251904.pt
[EVAL] step 251,904 | nearest_red_aircraft
       win 0.0% | blue 0.0% | draw 100.0%
       return -24.96 | Red kills 0.00 | MAV survival 100.0%
[TRAIN] 301,056 / 750,000 (40.1%)
        elapsed 00:10:00 | speed 446.5 steps/s | ETA 00:16:46
        episodes +657 / total 4040
        return -27.19 | W/B/D 0.0% / 0.8% / 99.2%
        MAV survival 99.2% | UAV survivors 1.95
        Red kills 0.00 | Blue kills 0.06 | ep length 74.7
        actor loss [-0.014, -0.018, -0.019, -0.026]
        critic loss 26.583 | entropy 3.373
        credit loss V/B 26.5793 / 26.9494
        raw Aabs [0.789733, 1.264314, 0.763223, 0.698734] | Astd [1.179054, 1.580435, 1.138074, 0.964378] | degenerate [0, 0, 0, 0]
[TRAIN] 350,208 / 750,000 (46.7%)
        elapsed 00:11:42 | speed 484.4 steps/s | ETA 00:13:45
        episodes +655 / total 4695
        return -26.61 | W/B/D 0.0% / 0.3% / 99.7%
        MAV survival 99.7% | UAV survivors 1.94
        Red kills 0.00 | Blue kills 0.15 | ep length 75.0
        actor loss [-0.019, -0.017, -0.018, -0.020]
        critic loss 13.273 | entropy 3.355
        credit loss V/B 12.9710 / 11.0928
        raw Aabs [0.512521, 0.488322, 0.510827, 0.364303] | Astd [1.035513, 1.041216, 1.043963, 0.487659] | degenerate [0, 0, 0, 0]
[TRAIN] 401,408 / 750,000 (53.5%)
        elapsed 00:13:19 | speed 528.8 steps/s | ETA 00:10:59
        episodes +685 / total 5380
        return -36.01 | W/B/D 0.0% / 5.0% / 95.0%
        MAV survival 95.0% | UAV survivors 1.95
        Red kills 0.00 | Blue kills 0.15 | ep length 74.9
        actor loss [-0.015, -0.015, -0.019, -0.017]
        critic loss 176.379 | entropy 3.348
        credit loss V/B 169.9947 / 151.9065
        raw Aabs [0.358593, 0.346358, 0.378001, 0.311269] | Astd [0.591078, 0.568755, 0.606028, 0.538993] | degenerate [0, 0, 0, 0]
[TRAIN] 450,560 / 750,000 (60.1%)
        elapsed 00:14:51 | speed 532.1 steps/s | ETA 00:09:23
        episodes +655 / total 6035
        return -27.32 | W/B/D 0.0% / 0.5% / 99.5%
        MAV survival 99.5% | UAV survivors 1.97
        Red kills 0.00 | Blue kills 0.35 | ep length 75.0
        actor loss [-0.024, -0.019, -0.017, -0.017]
        critic loss 18.426 | entropy 3.315
        credit loss V/B 17.8223 / 15.5442
        raw Aabs [0.333707, 0.329276, 0.328285, 0.344504] | Astd [0.439153, 0.42002, 0.420098, 0.414426] | degenerate [0, 0, 0, 0]
[TRAIN] 501,760 / 750,000 (66.9%)
        elapsed 00:16:28 | speed 529.1 steps/s | ETA 00:07:49
        episodes +684 / total 6719
        return -3.19 | W/B/D 0.1% / 0.6% / 99.3%
        MAV survival 99.4% | UAV survivors 2.02
        Red kills 0.23 | Blue kills 0.41 | ep length 74.9
        actor loss [-0.024, -0.017, -0.017, -0.016]
        critic loss 313.233 | entropy 3.244
        credit loss V/B 308.6215 / 344.1525
        raw Aabs [16.392515, 16.360197, 17.18969, 23.697754] | Astd [34.735195, 34.813686, 34.761658, 42.673019] | degenerate [0, 0, 0, 0]
[CKPT] milestone 500,000 crossed at step 501,760 | checkpoint_501760.pt
[EVAL] step 501,760 | nearest_red_aircraft
       win 4.0% | blue 0.0% | draw 96.0%
       return 78.13 | Red kills 0.92 | MAV survival 100.0%
[TRAIN] 550,912 / 750,000 (73.5%)
        elapsed 00:18:12 | speed 471.9 steps/s | ETA 00:07:02
        episodes +672 / total 7391
        return 128.86 | W/B/D 4.3% / 0.7% / 94.9%
        MAV survival 99.3% | UAV survivors 2.22
        Red kills 1.48 | Blue kills 0.18 | ep length 73.2
        actor loss [-0.023, -0.021, -0.016, -0.022]
        critic loss 1723.395 | entropy 3.142
        credit loss V/B 1693.3256 / 1896.2938
        raw Aabs [17.703831, 18.029913, 17.949642, 21.599573] | Astd [34.322567, 34.551853, 34.396706, 37.518414] | degenerate [0, 0, 0, 0]
[TRAIN] 600,064 / 750,000 (80.0%)
        elapsed 00:19:38 | speed 569.8 steps/s | ETA 00:04:23
        episodes +697 / total 8088
        return 183.52 | W/B/D 11.6% / 1.3% / 87.1%
        MAV survival 98.7% | UAV survivors 2.43
        Red kills 1.93 | Blue kills 0.13 | ep length 70.4
        actor loss [-0.020, -0.020, -0.017, -0.028]
        critic loss 2358.259 | entropy 3.055
        credit loss V/B 2349.0694 / 2541.9758
        raw Aabs [30.764555, 30.950743, 30.691601, 31.815712] | Astd [54.591324, 54.154259, 54.290157, 54.963142] | degenerate [0, 0, 0, 0]
[TRAIN] 651,264 / 750,000 (86.8%)
        elapsed 00:21:09 | speed 565.9 steps/s | ETA 00:02:54
        episodes +729 / total 8817
        return 195.04 | W/B/D 13.0% / 1.4% / 85.6%
        MAV survival 98.6% | UAV survivors 2.71
        Red kills 2.01 | Blue kills 0.11 | ep length 70.2
        actor loss [-0.020, -0.026, -0.023, -0.022]
        critic loss 2275.660 | entropy 2.982
        credit loss V/B 2259.7335 / 2400.1748
        raw Aabs [34.79274, 33.704994, 35.258007, 36.722511] | Astd [55.962105, 54.703869, 56.176105, 56.965405] | degenerate [0, 0, 0, 0]
[TRAIN] 700,416 / 750,000 (93.4%)
        elapsed 00:22:34 | speed 579.1 steps/s | ETA 00:01:26
        episodes +727 / total 9544
        return 237.07 | W/B/D 18.8% / 0.7% / 80.5%
        MAV survival 99.3% | UAV survivors 2.81
        Red kills 2.34 | Blue kills 0.17 | ep length 67.7
        actor loss [-0.017, -0.028, -0.020, -0.026]
        critic loss 2497.153 | entropy 2.910
        credit loss V/B 2456.3237 / 2658.9952
        raw Aabs [36.876568, 37.421986, 36.503422, 40.192871] | Astd [60.150482, 60.401024, 59.863735, 62.075695] | degenerate [0, 0, 0, 0]
[TRAIN] 750,000 / 750,000 (100.0%)
        elapsed 00:24:15 | speed 490.4 steps/s | ETA 00:00:00
        episodes +760 / total 10304
        return 255.48 | W/B/D 23.9% / 1.7% / 74.3%
        MAV survival 98.3% | UAV survivors 2.75
        Red kills 2.49 | Blue kills 0.22 | ep length 65.2
        actor loss [-0.023, -0.023, -0.025, -0.020]
        critic loss 2743.376 | entropy 2.834
        credit loss V/B 2696.4562 / 2895.8353
        raw Aabs [30.628731, 32.321365, 32.180157, 32.524651] | Astd [49.973572, 49.686897, 49.494877, 50.532898] | degenerate [0, 0, 0, 0]
[CKPT] milestone 750,000 crossed at step 750,000 | checkpoint_750000.pt
[TRAIN] optimization finished at 750,000 steps
[FINAL EVAL] step 750,000 | nearest_red_aircraft
       win 13.0% | blue 0.0% | draw 87.0%
       return 176.57 | Red kills 1.80 | MAV survival 100.0%
============================================================
TRAINING COMPLETE
Steps: 750,000
Elapsed training time: 00:24:15
Final evaluation time: 00:01:14
Completed episodes: 10304
Final checkpoint: checkpoint_final.pt
Run folder: /mnt/c/Users/HPK/Desktop/2_uav/outputs/cf_am_happo_v39_main_seed1_750k_20260918_181959
============================================================
