============================================================
CF_HAPPO TRAINING
Run: cf_am_happo_v39_main_seed2_750k_20260918_153737
Profile: main
Seed: 2
Device: cuda
Envs: 16
Method: cf_happo
Critic: mlp
Rollout: 128
Target steps: 750,000
Checkpoint interval: 250,000
Evaluation interval: 250,000
Log interval: 50,000
============================================================
[TRAIN] 51,200 / 750,000 (6.8%)
        elapsed 00:01:36 | speed 533.7 steps/s | ETA 00:21:49
        episodes +842 / total 842
        return -116.97 | W/B/D 0.0% / 44.7% / 55.3%
        MAV survival 55.3% | UAV survivors 1.33
        Red kills 0.00 | Blue kills 0.01 | ep length 60.0
        actor loss [-0.020, -0.018, -0.014, -0.018]
        critic loss 2064.891 | entropy 3.482
        credit loss V/B 2067.8040 / 1923.0135
        raw Aabs [1.358195, 1.498701, 1.703971, 1.250219] | Astd [1.79396, 1.807326, 1.906037, 1.535831] | degenerate [0, 0, 0, 0]
[TRAIN] 100,352 / 750,000 (13.4%)
        elapsed 00:03:16 | speed 489.5 steps/s | ETA 00:22:07
        episodes +658 / total 1500
        return -37.81 | W/B/D 0.0% / 4.4% / 95.6%
        MAV survival 95.6% | UAV survivors 1.94
        Red kills 0.00 | Blue kills 0.01 | ep length 74.7
        actor loss [-0.018, -0.023, -0.016, -0.017]
        critic loss 177.275 | entropy 3.432
        credit loss V/B 180.9783 / 155.2911
        raw Aabs [3.67482, 3.544407, 4.180647, 4.210151] | Astd [12.929174, 12.914855, 13.181155, 13.003066] | degenerate [0, 0, 0, 0]
[TRAIN] 151,552 / 750,000 (20.2%)
        elapsed 00:05:16 | speed 427.6 steps/s | ETA 00:23:19
        episodes +686 / total 2186
        return -27.98 | W/B/D 0.0% / 3.6% / 96.4%
        MAV survival 96.4% | UAV survivors 2.85
        Red kills 0.00 | Blue kills 0.07 | ep length 74.6
        actor loss [-0.023, -0.023, -0.018, -0.020]
        critic loss 136.476 | entropy 3.405
        credit loss V/B 139.8163 / 140.0248
        raw Aabs [0.880307, 1.052319, 1.226778, 1.329444] | Astd [1.225476, 1.330145, 1.359892, 1.361054] | degenerate [0, 0, 0, 0]
[TRAIN] 200,704 / 750,000 (26.8%)
        elapsed 00:06:50 | speed 521.8 steps/s | ETA 00:17:33
        episodes +657 / total 2843
        return -26.03 | W/B/D 0.0% / 2.6% / 97.4%
        MAV survival 97.4% | UAV survivors 2.72
        Red kills 0.00 | Blue kills 0.28 | ep length 74.8
        actor loss [-0.018, -0.020, -0.023, -0.021]
        critic loss 95.165 | entropy 3.384
        credit loss V/B 100.4297 / 106.2728
        raw Aabs [0.997316, 1.135423, 1.011896, 1.039371] | Astd [1.325431, 1.455719, 1.391386, 1.367517] | degenerate [0, 0, 0, 0]
[TRAIN] 251,904 / 750,000 (33.6%)
        elapsed 00:08:28 | speed 522.2 steps/s | ETA 00:15:54
        episodes +684 / total 3527
        return -20.81 | W/B/D 0.0% / 0.3% / 99.7%
        MAV survival 99.7% | UAV survivors 2.89
        Red kills 0.00 | Blue kills 0.11 | ep length 75.0
        actor loss [-0.020, -0.021, -0.024, -0.020]
        critic loss 11.902 | entropy 3.366
        credit loss V/B 12.6762 / 13.5284
        raw Aabs [0.403892, 0.43313, 0.404398, 0.407004] | Astd [0.728413, 0.752391, 0.733961, 0.725877] | degenerate [0, 0, 0, 0]
[CKPT] milestone 250,000 crossed at step 251,904 | checkpoint_251904.pt
[EVAL] step 251,904 | nearest_red_aircraft
       win 0.0% | blue 0.0% | draw 100.0%
       return -19.81 | Red kills 0.00 | MAV survival 100.0%
[TRAIN] 301,056 / 750,000 (40.1%)
        elapsed 00:10:08 | speed 494.9 steps/s | ETA 00:15:07
        episodes +656 / total 4183
        return -19.52 | W/B/D 0.0% / 0.0% / 100.0%
        MAV survival 100.0% | UAV survivors 2.92
        Red kills 0.00 | Blue kills 0.08 | ep length 75.0
        actor loss [-0.023, -0.021, -0.016, -0.024]
        critic loss 0.589 | entropy 3.339
        credit loss V/B 0.6173 / 0.6425
        raw Aabs [0.566546, 0.555081, 0.530667, 0.536633] | Astd [0.932698, 0.950856, 0.917831, 0.920788] | degenerate [0, 0, 0, 0]
[TRAIN] 350,208 / 750,000 (46.7%)
        elapsed 00:12:16 | speed 381.5 steps/s | ETA 00:17:28
        episodes +657 / total 4840
        return -20.92 | W/B/D 0.0% / 0.6% / 99.4%
        MAV survival 99.4% | UAV survivors 2.86
        Red kills 0.00 | Blue kills 0.14 | ep length 74.8
        actor loss [-0.020, -0.021, -0.024, -0.019]
        critic loss 24.108 | entropy 3.333
        credit loss V/B 23.4427 / 27.0665
        raw Aabs [0.761179, 0.768563, 0.796898, 0.850383] | Astd [1.161391, 1.201236, 1.287946, 1.324909] | degenerate [0, 0, 0, 0]
[TRAIN] 401,408 / 750,000 (53.5%)
        elapsed 00:14:03 | speed 481.2 steps/s | ETA 00:12:04
        episodes +685 / total 5525
        return -22.13 | W/B/D 0.0% / 1.3% / 98.7%
        MAV survival 98.7% | UAV survivors 2.91
        Red kills 0.00 | Blue kills 0.09 | ep length 74.9
        actor loss [-0.024, -0.020, -0.020, -0.020]
        critic loss 42.459 | entropy 3.325
        credit loss V/B 42.7999 / 56.2550
        raw Aabs [1.055942, 0.845691, 0.863422, 0.907759] | Astd [1.338589, 1.103329, 1.077803, 1.13854] | degenerate [0, 0, 0, 0]
[TRAIN] 450,560 / 750,000 (60.1%)
        elapsed 00:15:45 | speed 482.2 steps/s | ETA 00:10:21
        episodes +657 / total 6182
        return -20.86 | W/B/D 0.0% / 0.6% / 99.4%
        MAV survival 99.4% | UAV survivors 2.91
        Red kills 0.00 | Blue kills 0.10 | ep length 74.8
        actor loss [-0.019, -0.020, -0.020, -0.022]
        critic loss 22.594 | entropy 3.318
        credit loss V/B 22.6868 / 21.4375
        raw Aabs [0.546186, 0.546834, 0.50955, 0.550512] | Astd [0.822158, 0.841389, 0.825701, 0.83567] | degenerate [0, 0, 0, 0]
[TRAIN] 501,760 / 750,000 (66.9%)
        elapsed 00:17:34 | speed 468.9 steps/s | ETA 00:08:49
        episodes +681 / total 6863
        return -19.89 | W/B/D 0.0% / 0.4% / 99.6%
        MAV survival 99.6% | UAV survivors 2.93
        Red kills 0.00 | Blue kills 0.07 | ep length 74.9
        actor loss [-0.021, -0.022, -0.022, -0.022]
        critic loss 21.020 | entropy 3.308
        credit loss V/B 21.5136 / 24.8658
        raw Aabs [0.321905, 0.324276, 0.319884, 0.353212] | Astd [0.424705, 0.425648, 0.410458, 0.452879] | degenerate [0, 0, 0, 0]
[CKPT] milestone 500,000 crossed at step 501,760 | checkpoint_501760.pt
[EVAL] step 501,760 | nearest_red_aircraft
       win 0.0% | blue 32.0% | draw 68.0%
       return -81.66 | Red kills 0.00 | MAV survival 68.0%
[TRAIN] 550,912 / 750,000 (73.5%)
        elapsed 00:19:35 | speed 407.1 steps/s | ETA 00:08:09
        episodes +654 / total 7517
        return -19.06 | W/B/D 0.0% / 0.0% / 100.0%
        MAV survival 100.0% | UAV survivors 2.95
        Red kills 0.00 | Blue kills 0.05 | ep length 75.0
        actor loss [-0.021, -0.021, -0.023, -0.020]
        critic loss 0.373 | entropy 3.290
        credit loss V/B 0.3738 / 0.4032
        raw Aabs [0.300555, 0.306265, 0.308955, 0.301682] | Astd [0.599817, 0.618462, 0.603723, 0.602757] | degenerate [0, 0, 0, 0]
[TRAIN] 600,064 / 750,000 (80.0%)
        elapsed 00:21:38 | speed 399.5 steps/s | ETA 00:06:15
        episodes +656 / total 8173
        return -18.97 | W/B/D 0.0% / 0.0% / 100.0%
        MAV survival 100.0% | UAV survivors 2.95
        Red kills 0.00 | Blue kills 0.05 | ep length 75.0
        actor loss [-0.021, -0.021, -0.017, -0.027]
        critic loss 0.448 | entropy 3.273
        credit loss V/B 0.4360 / 0.4704
        raw Aabs [0.328221, 0.338086, 0.343533, 0.342671] | Astd [0.440975, 0.451513, 0.452565, 0.447643] | degenerate [0, 0, 0, 0]
[TRAIN] 651,264 / 750,000 (86.8%)
        elapsed 00:23:26 | speed 471.8 steps/s | ETA 00:03:29
        episodes +686 / total 8859
        return -18.90 | W/B/D 0.0% / 0.0% / 100.0%
        MAV survival 100.0% | UAV survivors 2.90
        Red kills 0.00 | Blue kills 0.10 | ep length 75.0
        actor loss [-0.019, -0.022, -0.017, -0.020]
        critic loss 0.713 | entropy 3.267
        credit loss V/B 0.6993 / 0.7398
        raw Aabs [0.920615, 0.781602, 0.808916, 0.784715] | Astd [1.341934, 1.277605, 1.340793, 1.313241] | degenerate [0, 0, 0, 0]
[TRAIN] 700,416 / 750,000 (93.4%)
        elapsed 00:25:07 | speed 487.0 steps/s | ETA 00:01:42
        episodes +654 / total 9513
        return -17.94 | W/B/D 0.0% / 0.0% / 100.0%
        MAV survival 100.0% | UAV survivors 2.81
        Red kills 0.00 | Blue kills 0.19 | ep length 75.0
        actor loss [-0.019, -0.017, -0.020, -0.019]
        critic loss 1.164 | entropy 3.249
        credit loss V/B 1.0966 / 1.1602
        raw Aabs [0.649984, 0.683, 0.636129, 0.672223] | Astd [1.239623, 1.230795, 1.226265, 1.260985] | degenerate [0, 0, 0, 0]
[TRAIN] 750,000 / 750,000 (100.0%)
        elapsed 00:27:07 | speed 413.0 steps/s | ETA 00:00:00
        episodes +659 / total 10172
        return -17.10 | W/B/D 0.0% / 0.0% / 100.0%
        MAV survival 100.0% | UAV survivors 2.86
        Red kills 0.00 | Blue kills 0.14 | ep length 75.0
        actor loss [-0.021, -0.026, -0.015, -0.021]
        critic loss 0.769 | entropy 3.232
        credit loss V/B 0.7079 / 0.7674
        raw Aabs [0.464948, 0.438724, 0.466056, 0.428849] | Astd [0.648813, 0.602475, 0.653202, 0.599553] | degenerate [0, 0, 0, 0]
[CKPT] milestone 750,000 crossed at step 750,000 | checkpoint_750000.pt
[TRAIN] optimization finished at 750,000 steps
[FINAL EVAL] step 750,000 | nearest_red_aircraft
       win 0.0% | blue 0.0% | draw 100.0%
       return -17.02 | Red kills 0.00 | MAV survival 100.0%
============================================================
TRAINING COMPLETE
Steps: 750,000
Elapsed training time: 00:27:07
Final evaluation time: 00:01:38
Completed episodes: 10172
Final checkpoint: checkpoint_final.pt
Run folder: /mnt/c/Users/HPK/Desktop/2_uav/outputs/cf_am_happo_v39_main_seed2_750k_20260918_153737
============================================================
