============================================================
HAPPO TRAINING
Run: happo_v36_pbrs_main_seed1_750k
Profile: main
Seed: 1
Device: cuda
Envs: 16
Method: baseline
Critic: mlp
Rollout: 128
Target steps: 750,000
Checkpoint interval: 250,000
Evaluation interval: 250,000
Log interval: 50,000
============================================================
[TRAIN] 51,200 / 750,000 (6.8%)
        elapsed 00:01:34 | speed 544.2 steps/s | ETA 00:21:24
        episodes +700 / total 700
        return -49.10 | W/B/D 0.0% / 13.1% / 86.9%
        MAV survival 86.9% | UAV survivors 0.79
        Red kills 0.00 | Blue kills 0.01 | ep length 72.2
        actor loss [-0.021, -0.021, -0.020, -0.025]
        critic loss 565.130 | entropy 3.508
[TRAIN] 100,352 / 750,000 (13.4%)
        elapsed 00:03:13 | speed 498.8 steps/s | ETA 00:21:42
        episodes +661 / total 1361
        return -26.05 | W/B/D 0.0% / 8.9% / 91.1%
        MAV survival 91.1% | UAV survivors 2.26
        Red kills 0.00 | Blue kills 0.02 | ep length 74.4
        actor loss [-0.025, -0.020, -0.022, -0.020]
        critic loss 342.316 | entropy 3.514
[TRAIN] 151,552 / 750,000 (20.2%)
        elapsed 00:04:56 | speed 495.1 steps/s | ETA 00:20:09
        episodes +690 / total 2051
        return -9.50 | W/B/D 0.0% / 3.6% / 96.4%
        MAV survival 96.4% | UAV survivors 2.86
        Red kills 0.00 | Blue kills 0.06 | ep length 74.3
        actor loss [-0.021, -0.025, -0.024, -0.019]
        critic loss 135.330 | entropy 3.509
[TRAIN] 200,704 / 750,000 (26.8%)
        elapsed 00:06:48 | speed 438.9 steps/s | ETA 00:20:51
        episodes +656 / total 2707
        return -2.95 | W/B/D 0.0% / 0.5% / 99.5%
        MAV survival 99.5% | UAV survivors 2.88
        Red kills 0.00 | Blue kills 0.11 | ep length 74.9
        actor loss [-0.021, -0.021, -0.024, -0.022]
        critic loss 19.657 | entropy 3.517
[TRAIN] 251,904 / 750,000 (33.6%)
        elapsed 00:08:55 | speed 401.7 steps/s | ETA 00:20:40
        episodes +686 / total 3393
        return -6.36 | W/B/D 0.0% / 2.6% / 97.4%
        MAV survival 97.4% | UAV survivors 2.97
        Red kills 0.00 | Blue kills 0.03 | ep length 74.4
        actor loss [-0.025, -0.022, -0.024, -0.013]
        critic loss 101.934 | entropy 3.540
[CKPT] milestone 250,000 crossed at step 251,904 | checkpoint_251904.pt
[EVAL] step 251,904 | nearest_red_aircraft
       win 0.0% | blue 0.0% | draw 100.0%
       return -3.22 | Red kills 0.00 | MAV survival 100.0%
[TRAIN] 301,056 / 750,000 (40.1%)
        elapsed 00:10:36 | speed 489.4 steps/s | ETA 00:15:17
        episodes +660 / total 4053
        return -3.74 | W/B/D 0.0% / 1.2% / 98.8%
        MAV survival 98.8% | UAV survivors 2.95
        Red kills 0.00 | Blue kills 0.04 | ep length 74.4
        actor loss [-0.023, -0.019, -0.025, -0.020]
        critic loss 46.622 | entropy 3.555
[TRAIN] 350,208 / 750,000 (46.7%)
        elapsed 00:12:15 | speed 494.3 steps/s | ETA 00:13:29
        episodes +658 / total 4711
        return -5.61 | W/B/D 0.0% / 2.1% / 97.9%
        MAV survival 97.9% | UAV survivors 2.95
        Red kills 0.00 | Blue kills 0.04 | ep length 74.9
        actor loss [-0.023, -0.024, -0.025, -0.022]
        critic loss 87.730 | entropy 3.572
[TRAIN] 401,408 / 750,000 (53.5%)
        elapsed 00:13:59 | speed 495.9 steps/s | ETA 00:11:43
        episodes +687 / total 5398
        return -3.01 | W/B/D 0.0% / 0.7% / 99.3%
        MAV survival 99.3% | UAV survivors 2.93
        Red kills 0.00 | Blue kills 0.02 | ep length 74.8
        actor loss [-0.020, -0.017, -0.016, -0.023]
        critic loss 29.553 | entropy 3.568
[TRAIN] 450,560 / 750,000 (60.1%)
        elapsed 00:15:43 | speed 468.8 steps/s | ETA 00:10:39
        episodes +657 / total 6055
        return -5.23 | W/B/D 0.0% / 2.0% / 98.0%
        MAV survival 98.0% | UAV survivors 2.96
        Red kills 0.00 | Blue kills 0.02 | ep length 74.8
        actor loss [-0.020, -0.026, -0.022, -0.022]
        critic loss 77.761 | entropy 3.587
[TRAIN] 501,760 / 750,000 (66.9%)
        elapsed 00:17:53 | speed 395.7 steps/s | ETA 00:10:27
        episodes +681 / total 6736
        return -3.75 | W/B/D 0.0% / 1.3% / 98.7%
        MAV survival 98.7% | UAV survivors 2.97
        Red kills 0.00 | Blue kills 0.03 | ep length 74.8
        actor loss [-0.019, -0.021, -0.024, -0.022]
        critic loss 56.955 | entropy 3.572
[CKPT] milestone 500,000 crossed at step 501,760 | checkpoint_501760.pt
[EVAL] step 501,760 | nearest_red_aircraft
       win 0.0% | blue 0.0% | draw 100.0%
       return -3.20 | Red kills 0.00 | MAV survival 100.0%
[TRAIN] 550,912 / 750,000 (73.5%)
        elapsed 00:19:21 | speed 555.1 steps/s | ETA 00:05:59
        episodes +659 / total 7395
        return -3.13 | W/B/D 0.0% / 1.1% / 98.9%
        MAV survival 98.9% | UAV survivors 2.98
        Red kills 0.00 | Blue kills 0.02 | ep length 74.7
        actor loss [-0.024, -0.025, -0.013, -0.018]
        critic loss 33.184 | entropy 3.568
[TRAIN] 600,064 / 750,000 (80.0%)
        elapsed 00:20:49 | speed 561.1 steps/s | ETA 00:04:27
        episodes +657 / total 8052
        return -3.01 | W/B/D 0.0% / 0.9% / 99.1%
        MAV survival 99.1% | UAV survivors 2.96
        Red kills 0.00 | Blue kills 0.03 | ep length 74.8
        actor loss [-0.021, -0.024, -0.020, -0.021]
        critic loss 39.602 | entropy 3.549
[TRAIN] 651,264 / 750,000 (86.8%)
        elapsed 00:22:20 | speed 562.5 steps/s | ETA 00:02:56
        episodes +685 / total 8737
        return -3.86 | W/B/D 0.0% / 0.9% / 99.1%
        MAV survival 99.1% | UAV survivors 2.87
        Red kills 0.00 | Blue kills 0.12 | ep length 75.0
        actor loss [-0.023, -0.025, -0.019, -0.022]
        critic loss 39.321 | entropy 3.549
[TRAIN] 700,416 / 750,000 (93.4%)
        elapsed 00:24:01 | speed 484.3 steps/s | ETA 00:01:42
        episodes +659 / total 9396
        return -2.39 | W/B/D 0.0% / 0.6% / 99.4%
        MAV survival 99.4% | UAV survivors 2.97
        Red kills 0.00 | Blue kills 0.03 | ep length 74.7
        actor loss [-0.019, -0.022, -0.017, -0.024]
        critic loss 24.418 | entropy 3.559
[TRAIN] 750,000 / 750,000 (100.0%)
        elapsed 00:25:57 | speed 430.4 steps/s | ETA 00:00:00
        episodes +660 / total 10056
        return -3.64 | W/B/D 0.0% / 1.1% / 98.9%
        MAV survival 98.9% | UAV survivors 2.93
        Red kills 0.00 | Blue kills 0.07 | ep length 74.8
        actor loss [-0.022, -0.020, -0.020, -0.019]
        critic loss 40.765 | entropy 3.553
[CKPT] milestone 750,000 crossed at step 750,000 | checkpoint_750000.pt
[TRAIN] optimization finished at 750,000 steps
[FINAL EVAL] step 750,000 | nearest_red_aircraft
       win 0.0% | blue 0.0% | draw 100.0%
       return -4.96 | Red kills 0.00 | MAV survival 100.0%
============================================================
TRAINING COMPLETE
Steps: 750,000
Elapsed training time: 00:25:57
Final evaluation time: 00:01:27
Completed episodes: 10056
Final checkpoint: checkpoint_final.pt
Run folder: /mnt/c/Users/HPK/Desktop/2_uav/outputs/happo_v36_pbrs_main_seed1_750k
============================================================
