============================================================
HAPPO TRAINING
Run: happo_final_v35_main_seed4_2m_20260914_201513
Profile: main
Seed: 4
Device: cuda
Envs: 16
Method: baseline
Critic: mlp
Rollout: 128
Target steps: 2,000,000
Checkpoint interval: 1,000,000
Evaluation interval: disabled
Log interval: 100,000
============================================================
[TRAIN] 100,352 / 2,000,000 (5.0%)
        elapsed 00:03:20 | speed 501.7 steps/s | ETA 01:03:07
        episodes +1371 / total 1371
        return -7.26 | W/B/D 0.0% / 10.9% / 89.1%
        MAV survival 89.1% | UAV survivors 1.75
        Red kills 0.00 | Blue kills 0.10 | ep length 72.8
        actor loss [-0.019, -0.022, -0.027, -0.024]
        critic loss 446.085 | entropy 3.487
[TRAIN] 200,704 / 2,000,000 (10.0%)
        elapsed 00:07:00 | speed 456.0 steps/s | ETA 01:05:45
        episodes +1343 / total 2714
        return 31.09 | W/B/D 0.0% / 1.4% / 98.6%
        MAV survival 98.6% | UAV survivors 2.88
        Red kills 0.00 | Blue kills 0.07 | ep length 74.6
        actor loss [-0.019, -0.026, -0.024, -0.022]
        critic loss 64.133 | entropy 3.467
[TRAIN] 301,056 / 2,000,000 (15.1%)
        elapsed 00:10:19 | speed 503.6 steps/s | ETA 00:56:14
        episodes +1352 / total 4066
        return 31.29 | W/B/D 0.0% / 2.7% / 97.3%
        MAV survival 97.3% | UAV survivors 2.89
        Red kills 0.00 | Blue kills 0.11 | ep length 74.2
        actor loss [-0.025, -0.020, -0.019, -0.024]
        critic loss 119.252 | entropy 3.457
[TRAIN] 401,408 / 2,000,000 (20.1%)
        elapsed 00:14:06 | speed 442.0 steps/s | ETA 01:00:17
        episodes +1344 / total 5410
        return 34.25 | W/B/D 0.0% / 1.8% / 98.2%
        MAV survival 98.2% | UAV survivors 2.86
        Red kills 0.00 | Blue kills 0.11 | ep length 74.6
        actor loss [-0.022, -0.023, -0.022, -0.026]
        critic loss 74.738 | entropy 3.462
[TRAIN] 501,760 / 2,000,000 (25.1%)
        elapsed 00:17:24 | speed 506.6 steps/s | ETA 00:49:17
        episodes +1347 / total 6757
        return 37.28 | W/B/D 0.0% / 1.3% / 98.7%
        MAV survival 98.7% | UAV survivors 2.89
        Red kills 0.00 | Blue kills 0.10 | ep length 74.4
        actor loss [-0.022, -0.024, -0.023, -0.021]
        critic loss 58.698 | entropy 3.463
[TRAIN] 600,064 / 2,000,000 (30.0%)
        elapsed 00:21:08 | speed 440.0 steps/s | ETA 00:53:02
        episodes +1317 / total 8074
        return 38.28 | W/B/D 0.0% / 1.0% / 99.0%
        MAV survival 99.0% | UAV survivors 2.86
        Red kills 0.00 | Blue kills 0.12 | ep length 74.7
        actor loss [-0.025, -0.024, -0.020, -0.024]
        critic loss 50.043 | entropy 3.481
[TRAIN] 700,416 / 2,000,000 (35.0%)
        elapsed 00:24:24 | speed 513.0 steps/s | ETA 00:42:14
        episodes +1344 / total 9418
        return 39.70 | W/B/D 0.0% / 0.9% / 99.1%
        MAV survival 99.1% | UAV survivors 2.91
        Red kills 0.00 | Blue kills 0.06 | ep length 74.8
        actor loss [-0.023, -0.025, -0.024, -0.026]
        critic loss 40.503 | entropy 3.467
[TRAIN] 800,768 / 2,000,000 (40.0%)
        elapsed 00:27:58 | speed 468.9 steps/s | ETA 00:42:37
        episodes +1342 / total 10760
        return 39.33 | W/B/D 0.0% / 0.7% / 99.3%
        MAV survival 99.3% | UAV survivors 2.81
        Red kills 0.00 | Blue kills 0.11 | ep length 74.8
        actor loss [-0.024, -0.021, -0.023, -0.023]
        critic loss 34.805 | entropy 3.465
[TRAIN] 901,120 / 2,000,000 (45.1%)
        elapsed 00:31:38 | speed 455.0 steps/s | ETA 00:40:15
        episodes +1338 / total 12098
        return 40.18 | W/B/D 0.0% / 0.9% / 99.1%
        MAV survival 99.1% | UAV survivors 2.86
        Red kills 0.00 | Blue kills 0.11 | ep length 74.8
        actor loss [-0.023, -0.019, -0.022, -0.021]
        critic loss 42.949 | entropy 3.479
[TRAIN] 1,001,472 / 2,000,000 (50.1%)
        elapsed 00:35:01 | speed 494.1 steps/s | ETA 00:33:41
        episodes +1341 / total 13439
        return 39.60 | W/B/D 0.0% / 1.1% / 98.9%
        MAV survival 98.9% | UAV survivors 2.85
        Red kills 0.01 | Blue kills 0.14 | ep length 74.8
        actor loss [-0.022, -0.020, -0.021, -0.025]
        critic loss 44.097 | entropy 3.484
[CKPT] milestone 1,000,000 crossed at step 1,001,472 | checkpoint_1001472.pt
[TRAIN] 1,101,824 / 2,000,000 (55.1%)
        elapsed 00:38:47 | speed 444.9 steps/s | ETA 00:33:39
        episodes +1342 / total 14781
        return 40.90 | W/B/D 0.0% / 0.9% / 99.1%
        MAV survival 99.1% | UAV survivors 2.94
        Red kills 0.00 | Blue kills 0.07 | ep length 74.8
        actor loss [-0.025, -0.024, -0.021, -0.022]
        critic loss 40.877 | entropy 3.458
[TRAIN] 1,200,128 / 2,000,000 (60.0%)
        elapsed 00:42:14 | speed 473.5 steps/s | ETA 00:28:09
        episodes +1317 / total 16098
        return 40.39 | W/B/D 0.0% / 1.0% / 99.0%
        MAV survival 99.0% | UAV survivors 2.95
        Red kills 0.00 | Blue kills 0.06 | ep length 74.7
        actor loss [-0.024, -0.021, -0.022, -0.019]
        critic loss 45.912 | entropy 3.477
[TRAIN] 1,300,480 / 2,000,000 (65.0%)
        elapsed 00:45:38 | speed 493.4 steps/s | ETA 00:23:38
        episodes +1338 / total 17436
        return 42.04 | W/B/D 0.0% / 0.2% / 99.8%
        MAV survival 99.8% | UAV survivors 2.93
        Red kills 0.00 | Blue kills 0.06 | ep length 74.9
        actor loss [-0.024, -0.024, -0.021, -0.025]
        critic loss 11.629 | entropy 3.533
[TRAIN] 1,400,832 / 2,000,000 (70.0%)
        elapsed 00:49:28 | speed 434.9 steps/s | ETA 00:22:58
        episodes +1342 / total 18778
        return 41.93 | W/B/D 0.0% / 0.4% / 99.6%
        MAV survival 99.6% | UAV survivors 2.96
        Red kills 0.00 | Blue kills 0.03 | ep length 74.8
        actor loss [-0.022, -0.023, -0.026, -0.025]
        critic loss 22.823 | entropy 3.541
[TRAIN] 1,501,184 / 2,000,000 (75.1%)
        elapsed 00:52:42 | speed 518.4 steps/s | ETA 00:16:02
        episodes +1340 / total 20118
        return 43.01 | W/B/D 0.0% / 0.4% / 99.6%
        MAV survival 99.6% | UAV survivors 2.95
        Red kills 0.00 | Blue kills 0.05 | ep length 74.9
        actor loss [-0.022, -0.022, -0.021, -0.022]
        critic loss 16.301 | entropy 3.522
[TRAIN] 1,601,536 / 2,000,000 (80.1%)
        elapsed 00:56:26 | speed 448.0 steps/s | ETA 00:14:49
        episodes +1337 / total 21455
        return 43.05 | W/B/D 0.0% / 0.4% / 99.6%
        MAV survival 99.6% | UAV survivors 2.93
        Red kills 0.00 | Blue kills 0.06 | ep length 75.0
        actor loss [-0.024, -0.021, -0.023, -0.020]
        critic loss 20.368 | entropy 3.521
[TRAIN] 1,701,888 / 2,000,000 (85.1%)
        elapsed 01:00:06 | speed 455.7 steps/s | ETA 00:10:54
        episodes +1341 / total 22796
        return 43.65 | W/B/D 0.0% / 0.4% / 99.6%
        MAV survival 99.6% | UAV survivors 2.94
        Red kills 0.00 | Blue kills 0.04 | ep length 74.9
        actor loss [-0.026, -0.020, -0.020, -0.021]
        critic loss 18.081 | entropy 3.512
[TRAIN] 1,800,192 / 2,000,000 (90.0%)
        elapsed 01:03:19 | speed 511.2 steps/s | ETA 00:06:31
        episodes +1312 / total 24108
        return 43.32 | W/B/D 0.0% / 0.5% / 99.5%
        MAV survival 99.5% | UAV survivors 2.93
        Red kills 0.00 | Blue kills 0.06 | ep length 75.0
        actor loss [-0.017, -0.028, -0.022, -0.022]
        critic loss 22.611 | entropy 3.495
[TRAIN] 1,900,544 / 2,000,000 (95.0%)
        elapsed 01:07:00 | speed 452.6 steps/s | ETA 00:03:40
        episodes +1339 / total 25447
        return 42.75 | W/B/D 0.0% / 0.5% / 99.5%
        MAV survival 99.5% | UAV survivors 2.89
        Red kills 0.00 | Blue kills 0.09 | ep length 75.0
        actor loss [-0.019, -0.021, -0.024, -0.026]
        critic loss 22.671 | entropy 3.453
[TRAIN] 2,000,000 / 2,000,000 (100.0%)
        elapsed 01:10:31 | speed 472.2 steps/s | ETA 00:00:00
        episodes +1328 / total 26775
        return 43.09 | W/B/D 0.0% / 0.6% / 99.4%
        MAV survival 99.4% | UAV survivors 2.91
        Red kills 0.00 | Blue kills 0.09 | ep length 74.9
        actor loss [-0.019, -0.023, -0.021, -0.022]
        critic loss 28.019 | entropy 3.434
[CKPT] milestone 2,000,000 crossed at step 2,000,000 | checkpoint_2000000.pt
[TRAIN] optimization finished at 2,000,000 steps
[FINAL EVAL] step 2,000,000 | nearest_red_aircraft
       win 0.0% | blue 0.0% | draw 100.0%
       return 43.71 | Red kills 0.00 | MAV survival 100.0%
============================================================
TRAINING COMPLETE
Steps: 2,000,000
Elapsed training time: 01:10:31
Final evaluation time: 00:02:38
Completed episodes: 26775
Final checkpoint: checkpoint_final.pt
Run folder: /mnt/c/Users/HPK/Desktop/2_uav/outputs/happo_final_v35_main_seed4_2m_20260914_201513
============================================================
