============================================================
HAPPO TRAINING
Run: happo_v35_4v4_main_seed4_2m_20260912_184522
Profile: main
Seed: 4
Device: cuda
Envs: 16
Method: baseline
Critic: mlp
Rollout: 128
Target steps: 2,000,000
Checkpoint interval: 500,000
Evaluation interval: disabled
Log interval: 100,000
============================================================
[TRAIN] 100,352 / 2,000,000 (5.0%)
        elapsed 00:02:51 | speed 588.1 steps/s | ETA 00:53:50
        episodes +1364 / total 1364
        return -4.50 | W/B/D 0.0% / 10.0% / 90.0%
        MAV survival 90.0% | UAV survivors 1.76
        Red kills 0.00 | Blue kills 0.03 | ep length 73.2
        actor loss [-0.020, -0.023, -0.030, -0.026]
        critic loss 414.921 | entropy 2.800
[TRAIN] 200,704 / 2,000,000 (10.0%)
        elapsed 00:05:47 | speed 570.4 steps/s | ETA 00:52:35
        episodes +1345 / total 2709
        return 26.27 | W/B/D 0.0% / 2.5% / 97.5%
        MAV survival 97.5% | UAV survivors 2.86
        Red kills 0.00 | Blue kills 0.14 | ep length 74.6
        actor loss [-0.022, -0.029, -0.026, -0.024]
        critic loss 103.960 | entropy 2.940
[TRAIN] 301,056 / 2,000,000 (15.1%)
        elapsed 00:09:21 | speed 468.7 steps/s | ETA 01:00:25
        episodes +1338 / total 4047
        return 33.73 | W/B/D 0.0% / 0.4% / 99.6%
        MAV survival 99.6% | UAV survivors 2.85
        Red kills 0.00 | Blue kills 0.15 | ep length 74.9
        actor loss [-0.027, -0.022, -0.022, -0.027]
        critic loss 19.579 | entropy 3.082
[TRAIN] 401,408 / 2,000,000 (20.1%)
        elapsed 00:12:20 | speed 559.5 steps/s | ETA 00:47:37
        episodes +1340 / total 5387
        return 32.70 | W/B/D 0.0% / 0.6% / 99.4%
        MAV survival 99.4% | UAV survivors 2.63
        Red kills 0.00 | Blue kills 0.27 | ep length 75.0
        actor loss [-0.023, -0.025, -0.024, -0.029]
        critic loss 30.178 | entropy 3.191
[TRAIN] 501,760 / 2,000,000 (25.1%)
        elapsed 00:15:22 | speed 552.8 steps/s | ETA 00:45:10
        episodes +1339 / total 6726
        return 35.87 | W/B/D 0.0% / 0.9% / 99.1%
        MAV survival 99.1% | UAV survivors 2.93
        Red kills 0.00 | Blue kills 0.07 | ep length 75.0
        actor loss [-0.023, -0.026, -0.025, -0.022]
        critic loss 38.138 | entropy 3.284
[CKPT] milestone 500,000 crossed at step 501,760 | checkpoint_501760.pt
[TRAIN] 600,064 / 2,000,000 (30.0%)
        elapsed 00:18:47 | speed 478.0 steps/s | ETA 00:48:49
        episodes +1314 / total 8040
        return 34.68 | W/B/D 0.0% / 2.1% / 97.9%
        MAV survival 97.9% | UAV survivors 2.90
        Red kills 0.01 | Blue kills 0.11 | ep length 74.7
        actor loss [-0.023, -0.023, -0.018, -0.021]
        critic loss 99.476 | entropy 3.437
[TRAIN] 700,416 / 2,000,000 (35.0%)
        elapsed 00:21:49 | speed 551.2 steps/s | ETA 00:39:18
        episodes +1338 / total 9378
        return 37.54 | W/B/D 0.0% / 1.1% / 98.9%
        MAV survival 98.9% | UAV survivors 2.93
        Red kills 0.01 | Blue kills 0.05 | ep length 74.9
        actor loss [-0.021, -0.023, -0.021, -0.023]
        critic loss 52.522 | entropy 3.558
[TRAIN] 800,768 / 2,000,000 (40.0%)
        elapsed 00:25:06 | speed 509.4 steps/s | ETA 00:39:14
        episodes +1343 / total 10721
        return 39.72 | W/B/D 0.0% / 0.8% / 99.2%
        MAV survival 99.2% | UAV survivors 2.89
        Red kills 0.03 | Blue kills 0.10 | ep length 74.8
        actor loss [-0.022, -0.019, -0.022, -0.020]
        critic loss 47.946 | entropy 3.630
[TRAIN] 901,120 / 2,000,000 (45.1%)
        elapsed 00:28:16 | speed 529.1 steps/s | ETA 00:34:37
        episodes +1340 / total 12061
        return 37.86 | W/B/D 0.0% / 1.0% / 99.0%
        MAV survival 99.0% | UAV survivors 2.80
        Red kills 0.03 | Blue kills 0.19 | ep length 74.9
        actor loss [-0.023, -0.021, -0.022, -0.021]
        critic loss 57.605 | entropy 3.718
[TRAIN] 1,001,472 / 2,000,000 (50.1%)
        elapsed 00:31:15 | speed 561.5 steps/s | ETA 00:29:38
        episodes +1338 / total 13399
        return 38.58 | W/B/D 0.0% / 0.4% / 99.6%
        MAV survival 99.6% | UAV survivors 2.86
        Red kills 0.01 | Blue kills 0.14 | ep length 75.0
        actor loss [-0.021, -0.021, -0.021, -0.025]
        critic loss 22.263 | entropy 3.814
[CKPT] milestone 1,000,000 crossed at step 1,001,472 | checkpoint_1001472.pt
[TRAIN] 1,101,824 / 2,000,000 (55.1%)
        elapsed 00:34:43 | speed 481.6 steps/s | ETA 00:31:05
        episodes +1339 / total 14738
        return 37.33 | W/B/D 0.0% / 0.9% / 99.1%
        MAV survival 99.1% | UAV survivors 2.88
        Red kills 0.01 | Blue kills 0.12 | ep length 75.0
        actor loss [-0.025, -0.026, -0.020, -0.022]
        critic loss 39.728 | entropy 3.948
[TRAIN] 1,200,128 / 2,000,000 (60.0%)
        elapsed 00:37:38 | speed 561.9 steps/s | ETA 00:23:44
        episodes +1311 / total 16049
        return 36.74 | W/B/D 0.0% / 0.8% / 99.2%
        MAV survival 99.2% | UAV survivors 2.95
        Red kills 0.00 | Blue kills 0.05 | ep length 75.0
        actor loss [-0.026, -0.023, -0.023, -0.018]
        critic loss 37.581 | entropy 4.066
[TRAIN] 1,300,480 / 2,000,000 (65.0%)
        elapsed 00:40:54 | speed 511.2 steps/s | ETA 00:22:48
        episodes +1338 / total 17387
        return 39.12 | W/B/D 0.0% / 0.4% / 99.6%
        MAV survival 99.6% | UAV survivors 2.93
        Red kills 0.00 | Blue kills 0.07 | ep length 75.0
        actor loss [-0.020, -0.020, -0.019, -0.021]
        critic loss 20.451 | entropy 4.176
[TRAIN] 1,400,832 / 2,000,000 (70.0%)
        elapsed 00:44:07 | speed 522.1 steps/s | ETA 00:19:08
        episodes +1339 / total 18726
        return 40.14 | W/B/D 0.0% / 0.1% / 99.9%
        MAV survival 99.9% | UAV survivors 2.93
        Red kills 0.00 | Blue kills 0.06 | ep length 75.0
        actor loss [-0.019, -0.021, -0.022, -0.022]
        critic loss 7.535 | entropy 4.284
[TRAIN] 1,501,184 / 2,000,000 (75.1%)
        elapsed 00:47:05 | speed 563.3 steps/s | ETA 00:14:45
        episodes +1338 / total 20064
        return 41.16 | W/B/D 0.0% / 0.1% / 99.9%
        MAV survival 99.9% | UAV survivors 2.92
        Red kills 0.00 | Blue kills 0.08 | ep length 75.0
        actor loss [-0.021, -0.021, -0.020, -0.020]
        critic loss 4.409 | entropy 4.395
[CKPT] milestone 1,500,000 crossed at step 1,501,184 | checkpoint_1501184.pt
[TRAIN] 1,601,536 / 2,000,000 (80.1%)
        elapsed 00:50:32 | speed 483.4 steps/s | ETA 00:13:44
        episodes +1337 / total 21401
        return 41.09 | W/B/D 0.0% / 0.1% / 99.9%
        MAV survival 99.9% | UAV survivors 2.91
        Red kills 0.00 | Blue kills 0.09 | ep length 75.0
        actor loss [-0.023, -0.022, -0.024, -0.021]
        critic loss 5.086 | entropy 4.513
[TRAIN] 1,701,888 / 2,000,000 (85.1%)
        elapsed 00:53:31 | speed 562.8 steps/s | ETA 00:08:50
        episodes +1339 / total 22740
        return 41.64 | W/B/D 0.0% / 0.5% / 99.5%
        MAV survival 99.5% | UAV survivors 2.95
        Red kills 0.02 | Blue kills 0.06 | ep length 74.9
        actor loss [-0.021, -0.017, -0.016, -0.018]
        critic loss 28.851 | entropy 4.643
[TRAIN] 1,800,192 / 2,000,000 (90.0%)
        elapsed 00:56:48 | speed 499.0 steps/s | ETA 00:06:40
        episodes +1312 / total 24052
        return 41.29 | W/B/D 0.0% / 0.6% / 99.4%
        MAV survival 99.4% | UAV survivors 2.95
        Red kills 0.02 | Blue kills 0.06 | ep length 75.0
        actor loss [-0.015, -0.023, -0.017, -0.018]
        critic loss 33.727 | entropy 4.731
[TRAIN] 1,900,544 / 2,000,000 (95.0%)
        elapsed 00:59:44 | speed 567.8 steps/s | ETA 00:02:55
        episodes +1342 / total 25394
        return 42.65 | W/B/D 0.0% / 2.3% / 97.7%
        MAV survival 97.7% | UAV survivors 2.88
        Red kills 0.15 | Blue kills 0.14 | ep length 74.7
        actor loss [-0.015, -0.017, -0.019, -0.022]
        critic loss 149.658 | entropy 4.791
[TRAIN] 2,000,000 / 2,000,000 (100.0%)
        elapsed 01:03:03 | speed 501.2 steps/s | ETA 00:00:00
        episodes +1331 / total 26725
        return 47.88 | W/B/D 0.0% / 2.0% / 98.0%
        MAV survival 98.0% | UAV survivors 2.84
        Red kills 0.23 | Blue kills 0.18 | ep length 74.8
        actor loss [-0.016, -0.020, -0.018, -0.018]
        critic loss 175.707 | entropy 4.856
[CKPT] milestone 2,000,000 crossed at step 2,000,000 | checkpoint_2000000.pt
[TRAIN] optimization finished at 2,000,000 steps
[FINAL EVAL] step 2,000,000 | nearest_red_aircraft
       win 0.0% | blue 0.0% | draw 100.0%
       return 56.38 | Red kills 0.34 | MAV survival 100.0%
============================================================
TRAINING COMPLETE
Steps: 2,000,000
Elapsed training time: 01:03:03
Final evaluation time: 00:02:24
Completed episodes: 26725
Final checkpoint: checkpoint_final.pt
Run folder: /mnt/c/Users/HPK/Desktop/2_uav/outputs/happo_v35_4v4_main_seed4_2m_20260912_184522
============================================================
