============================================================
HAPPO TRAINING
Run: happo_v39_global_main_seed4_750k_20260917_141852
Profile: main
Seed: 4
Device: cuda
Envs: 16
Method: baseline
Critic: mlp
Rollout: 128
Target steps: 2,000,000
Checkpoint interval: 250,000
Evaluation interval: 250,000
Log interval: 50,000
Resume checkpoint: checkpoint_final.pt
Resume steps: 750,000
Target steps: 2,000,000
============================================================
[TRAIN] 801,200 / 2,000,000 (40.1%)
        elapsed 00:01:16 | speed 671.5 steps/s | ETA 00:29:45
        episodes +810 / total 11189
        return 272.42 | W/B/D 26.0% / 2.3% / 71.6%
        MAV survival 97.7% | UAV survivors 2.72
        Red kills 2.62 | Blue kills 0.28 | ep length 63.3
        actor loss [-0.025, -0.021, -0.022, -0.024]
        critic loss 2665.557 | entropy 2.846
[TRAIN] 850,352 / 2,000,000 (42.5%)
        elapsed 00:02:31 | speed 659.6 steps/s | ETA 00:29:03
        episodes +795 / total 11984
        return 280.78 | W/B/D 28.6% / 4.5% / 66.9%
        MAV survival 95.5% | UAV survivors 2.73
        Red kills 2.72 | Blue kills 0.28 | ep length 61.7
        actor loss [-0.023, -0.022, -0.024, -0.027]
        critic loss 2841.865 | entropy 2.789
[TRAIN] 901,552 / 2,000,000 (45.1%)
        elapsed 00:03:49 | speed 653.2 steps/s | ETA 00:28:02
        episodes +854 / total 12838
        return 305.77 | W/B/D 35.1% / 2.5% / 62.4%
        MAV survival 97.5% | UAV survivors 2.80
        Red kills 2.85 | Blue kills 0.18 | ep length 59.7
        actor loss [-0.030, -0.022, -0.016, -0.026]
        critic loss 2657.891 | entropy 2.743
[TRAIN] 950,704 / 2,000,000 (47.5%)
        elapsed 00:05:04 | speed 654.8 steps/s | ETA 00:26:43
        episodes +836 / total 13674
        return 297.03 | W/B/D 33.1% / 6.1% / 60.8%
        MAV survival 93.9% | UAV survivors 2.70
        Red kills 2.87 | Blue kills 0.23 | ep length 59.3
        actor loss [-0.020, -0.017, -0.029, -0.024]
        critic loss 2944.908 | entropy 2.692
[TRAIN] 1,001,904 / 2,000,000 (50.1%)
        elapsed 00:06:21 | speed 669.4 steps/s | ETA 00:24:51
        episodes +848 / total 14522
        return 293.60 | W/B/D 34.6% / 4.5% / 61.0%
        MAV survival 95.5% | UAV survivors 2.63
        Red kills 2.79 | Blue kills 0.39 | ep length 60.1
        actor loss [-0.020, -0.019, -0.026, -0.023]
        critic loss 2788.200 | entropy 2.641
[CKPT] milestone 1,000,000 crossed at step 1,001,904 | checkpoint_1001904.pt
[EVAL] step 1,001,904 | nearest_red_aircraft
       win 10.0% | blue 14.0% | draw 76.0%
       return 162.52 | Red kills 1.96 | MAV survival 86.0%
[TRAIN] 1,051,056 / 2,000,000 (52.6%)
        elapsed 00:07:33 | speed 681.2 steps/s | ETA 00:23:13
        episodes +846 / total 15368
        return 311.43 | W/B/D 38.5% / 5.3% / 56.1%
        MAV survival 94.7% | UAV survivors 2.70
        Red kills 2.94 | Blue kills 0.31 | ep length 58.0
        actor loss [-0.024, -0.023, -0.021, -0.026]
        critic loss 2889.976 | entropy 2.601
[TRAIN] 1,100,208 / 2,000,000 (55.0%)
        elapsed 00:08:47 | speed 661.8 steps/s | ETA 00:22:40
        episodes +848 / total 16216
        return 320.34 | W/B/D 37.9% / 2.9% / 59.2%
        MAV survival 97.1% | UAV survivors 2.67
        Red kills 2.99 | Blue kills 0.33 | ep length 58.2
        actor loss [-0.028, -0.027, -0.022, -0.021]
        critic loss 2694.755 | entropy 2.560
[TRAIN] 1,151,408 / 2,000,000 (57.6%)
        elapsed 00:10:05 | speed 659.4 steps/s | ETA 00:21:27
        episodes +892 / total 17108
        return 331.42 | W/B/D 40.9% / 1.1% / 58.0%
        MAV survival 98.9% | UAV survivors 2.71
        Red kills 3.03 | Blue kills 0.29 | ep length 57.2
        actor loss [-0.022, -0.019, -0.022, -0.027]
        critic loss 2432.712 | entropy 2.521
[TRAIN] 1,200,560 / 2,000,000 (60.0%)
        elapsed 00:11:19 | speed 659.3 steps/s | ETA 00:20:13
        episodes +896 / total 18004
        return 338.82 | W/B/D 45.5% / 2.1% / 52.3%
        MAV survival 97.9% | UAV survivors 2.73
        Red kills 3.07 | Blue kills 0.29 | ep length 55.0
        actor loss [-0.024, -0.021, -0.022, -0.019]
        critic loss 2683.012 | entropy 2.490
[TRAIN] 1,251,760 / 2,000,000 (62.6%)
        elapsed 00:12:36 | speed 665.2 steps/s | ETA 00:18:45
        episodes +885 / total 18889
        return 330.13 | W/B/D 41.0% / 1.9% / 57.1%
        MAV survival 98.1% | UAV survivors 2.71
        Red kills 3.03 | Blue kills 0.30 | ep length 57.7
        actor loss [-0.023, -0.026, -0.025, -0.022]
        critic loss 2397.707 | entropy 2.462
[CKPT] milestone 1,250,000 crossed at step 1,251,760 | checkpoint_1251760.pt
[EVAL] step 1,251,760 | nearest_red_aircraft
       win 44.0% | blue 2.0% | draw 54.0%
       return 336.98 | Red kills 3.08 | MAV survival 98.0%
[TRAIN] 1,300,912 / 2,000,000 (65.0%)
        elapsed 00:13:48 | speed 689.6 steps/s | ETA 00:16:54
        episodes +869 / total 19758
        return 345.22 | W/B/D 43.0% / 1.3% / 55.7%
        MAV survival 98.7% | UAV survivors 2.70
        Red kills 3.15 | Blue kills 0.30 | ep length 56.6
        actor loss [-0.025, -0.027, -0.024, -0.021]
        critic loss 2217.073 | entropy 2.413
[TRAIN] 1,350,064 / 2,000,000 (67.5%)
        elapsed 00:15:01 | speed 668.1 steps/s | ETA 00:16:13
        episodes +861 / total 20619
        return 342.57 | W/B/D 43.0% / 0.8% / 56.2%
        MAV survival 99.2% | UAV survivors 2.69
        Red kills 3.11 | Blue kills 0.31 | ep length 57.0
        actor loss [-0.030, -0.025, -0.023, -0.021]
        critic loss 2309.030 | entropy 2.368
[TRAIN] 1,401,264 / 2,000,000 (70.1%)
        elapsed 00:16:18 | speed 664.2 steps/s | ETA 00:15:01
        episodes +944 / total 21563
        return 362.05 | W/B/D 49.6% / 1.0% / 49.5%
        MAV survival 99.0% | UAV survivors 2.73
        Red kills 3.23 | Blue kills 0.23 | ep length 54.2
        actor loss [-0.029, -0.023, -0.026, -0.021]
        critic loss 2231.220 | entropy 2.303
[TRAIN] 1,450,416 / 2,000,000 (72.5%)
        elapsed 00:17:32 | speed 662.7 steps/s | ETA 00:13:49
        episodes +927 / total 22490
        return 367.77 | W/B/D 51.7% / 0.5% / 47.8%
        MAV survival 99.5% | UAV survivors 2.69
        Red kills 3.26 | Blue kills 0.25 | ep length 53.3
        actor loss [-0.024, -0.036, -0.028, -0.019]
        critic loss 2092.662 | entropy 2.235
[TRAIN] 1,501,616 / 2,000,000 (75.1%)
        elapsed 00:18:50 | speed 656.9 steps/s | ETA 00:12:39
        episodes +946 / total 23436
        return 358.19 | W/B/D 49.9% / 0.7% / 49.4%
        MAV survival 99.3% | UAV survivors 2.71
        Red kills 3.18 | Blue kills 0.28 | ep length 54.0
        actor loss [-0.025, -0.027, -0.024, -0.022]
        critic loss 2422.795 | entropy 2.163
[CKPT] milestone 1,500,000 crossed at step 1,501,616 | checkpoint_1501616.pt
[EVAL] step 1,501,616 | nearest_red_aircraft
       win 32.0% | blue 0.0% | draw 68.0%
       return 298.22 | Red kills 2.78 | MAV survival 100.0%
[TRAIN] 1,550,768 / 2,000,000 (77.5%)
        elapsed 00:20:04 | speed 667.9 steps/s | ETA 00:11:13
        episodes +937 / total 24373
        return 359.83 | W/B/D 52.1% / 1.2% / 46.7%
        MAV survival 98.8% | UAV survivors 2.72
        Red kills 3.18 | Blue kills 0.27 | ep length 52.5
        actor loss [-0.025, -0.022, -0.028, -0.020]
        critic loss 2427.206 | entropy 2.128
[TRAIN] 1,601,968 / 2,000,000 (80.1%)
        elapsed 00:21:21 | speed 661.8 steps/s | ETA 00:10:01
        episodes +991 / total 25364
        return 382.42 | W/B/D 56.6% / 0.7% / 42.7%
        MAV survival 99.3% | UAV survivors 2.74
        Red kills 3.35 | Blue kills 0.25 | ep length 51.6
        actor loss [-0.027, -0.021, -0.029, -0.024]
        critic loss 2186.535 | entropy 2.095
[TRAIN] 1,651,120 / 2,000,000 (82.6%)
        elapsed 00:22:37 | speed 651.4 steps/s | ETA 00:08:56
        episodes +920 / total 26284
        return 373.49 | W/B/D 52.0% / 0.7% / 47.4%
        MAV survival 99.3% | UAV survivors 2.83
        Red kills 3.30 | Blue kills 0.16 | ep length 53.5
        actor loss [-0.022, -0.031, -0.025, -0.026]
        critic loss 2077.845 | entropy 2.039
[TRAIN] 1,700,272 / 2,000,000 (85.0%)
        elapsed 00:23:52 | speed 656.7 steps/s | ETA 00:07:36
        episodes +945 / total 27229
        return 381.46 | W/B/D 56.2% / 0.1% / 43.7%
        MAV survival 99.9% | UAV survivors 2.80
        Red kills 3.33 | Blue kills 0.19 | ep length 52.0
        actor loss [-0.025, -0.024, -0.026, -0.023]
        critic loss 1957.514 | entropy 1.980
[TRAIN] 1,751,472 / 2,000,000 (87.6%)
        elapsed 00:25:10 | speed 656.2 steps/s | ETA 00:06:19
        episodes +1014 / total 28243
        return 393.56 | W/B/D 59.8% / 0.2% / 40.0%
        MAV survival 99.8% | UAV survivors 2.79
        Red kills 3.41 | Blue kills 0.19 | ep length 50.4
        actor loss [-0.024, -0.024, -0.026, -0.027]
        critic loss 1894.862 | entropy 1.920
[CKPT] milestone 1,750,000 crossed at step 1,751,472 | checkpoint_1751472.pt
[EVAL] step 1,751,472 | nearest_red_aircraft
       win 52.0% | blue 0.0% | draw 48.0%
       return 363.21 | Red kills 3.20 | MAV survival 100.0%
[TRAIN] 1,800,624 / 2,000,000 (90.0%)
        elapsed 00:26:22 | speed 675.8 steps/s | ETA 00:04:55
        episodes +937 / total 29180
        return 381.26 | W/B/D 55.7% / 0.2% / 44.1%
        MAV survival 99.8% | UAV survivors 2.75
        Red kills 3.34 | Blue kills 0.26 | ep length 52.4
        actor loss [-0.030, -0.029, -0.029, -0.017]
        critic loss 1918.031 | entropy 1.869
[TRAIN] 1,851,824 / 2,000,000 (92.6%)
        elapsed 00:27:40 | speed 663.0 steps/s | ETA 00:03:43
        episodes +973 / total 30153
        return 371.80 | W/B/D 53.9% / 1.5% / 44.6%
        MAV survival 98.5% | UAV survivors 2.71
        Red kills 3.29 | Blue kills 0.29 | ep length 52.7
        actor loss [-0.034, -0.022, -0.025, -0.020]
        critic loss 2244.791 | entropy 1.837
[TRAIN] 1,900,976 / 2,000,000 (95.0%)
        elapsed 00:28:54 | speed 659.4 steps/s | ETA 00:02:30
        episodes +937 / total 31090
        return 364.25 | W/B/D 53.3% / 1.7% / 45.0%
        MAV survival 98.3% | UAV survivors 2.66
        Red kills 3.23 | Blue kills 0.34 | ep length 52.3
        actor loss [-0.032, -0.027, -0.028, -0.016]
        critic loss 2349.578 | entropy 1.787
[TRAIN] 1,950,128 / 2,000,000 (97.5%)
        elapsed 00:30:09 | speed 658.3 steps/s | ETA 00:01:16
        episodes +955 / total 32045
        return 373.37 | W/B/D 55.0% / 1.6% / 43.5%
        MAV survival 98.4% | UAV survivors 2.70
        Red kills 3.30 | Blue kills 0.31 | ep length 51.5
        actor loss [-0.025, -0.028, -0.026, -0.020]
        critic loss 2273.470 | entropy 1.741
[TRAIN] 2,000,000 / 2,000,000 (100.0%)
        elapsed 00:31:24 | speed 662.5 steps/s | ETA 00:00:00
        episodes +942 / total 32987
        return 358.91 | W/B/D 51.1% / 2.0% / 46.9%
        MAV survival 98.0% | UAV survivors 2.74
        Red kills 3.20 | Blue kills 0.26 | ep length 52.8
        actor loss [-0.026, -0.020, -0.024, -0.026]
        critic loss 2250.261 | entropy 1.713
[CKPT] milestone 2,000,000 crossed at step 2,000,000 | checkpoint_2000000.pt
[TRAIN] optimization finished at 2,000,000 steps
[FINAL EVAL] step 2,000,000 | nearest_red_aircraft
       win 56.0% | blue 0.0% | draw 44.0%
       return 379.59 | Red kills 3.32 | MAV survival 100.0%
============================================================
TRAINING COMPLETE
Steps: 2,000,000
Elapsed training time: 00:31:24
Final evaluation time: 00:00:43
Completed episodes: 32987
Final checkpoint: checkpoint_final.pt
Run folder: /mnt/c/Users/HPK/Desktop/2_uav/outputs/happo_v39_global_main_seed4_750k_20260917_141852
============================================================
