============================================================
HAPPO TRAINING
Run: happo_v39_global_main_seed3_750k_20260917_152129
Profile: main
Seed: 3
Device: cuda
Envs: 16
Method: baseline
Critic: mlp
Rollout: 128
Target steps: 2,000,000
Checkpoint interval: 250,000
Evaluation interval: 250,000
Log interval: 50,000
Resume checkpoint: checkpoint_final.pt
Resume steps: 750,000
Target steps: 2,000,000
============================================================
[TRAIN] 801,200 / 2,000,000 (40.1%)
        elapsed 00:01:22 | speed 627.5 steps/s | ETA 00:31:50
        episodes +865 / total 11980
        return 305.16 | W/B/D 37.9% / 3.6% / 58.5%
        MAV survival 96.4% | UAV survivors 2.66
        Red kills 2.88 | Blue kills 0.29 | ep length 59.2
        actor loss [-0.022, -0.023, -0.027, -0.021]
        critic loss 3209.294 | entropy 2.690
[TRAIN] 850,352 / 2,000,000 (42.5%)
        elapsed 00:02:45 | speed 590.6 steps/s | ETA 00:32:27
        episodes +840 / total 12820
        return 288.08 | W/B/D 38.0% / 13.8% / 48.2%
        MAV survival 86.2% | UAV survivors 2.62
        Red kills 2.91 | Blue kills 0.30 | ep length 58.7
        actor loss [-0.024, -0.021, -0.023, -0.027]
        critic loss 3435.512 | entropy 2.643
[TRAIN] 901,552 / 2,000,000 (45.1%)
        elapsed 00:04:05 | speed 635.8 steps/s | ETA 00:28:48
        episodes +856 / total 13676
        return 299.26 | W/B/D 37.3% / 7.0% / 55.7%
        MAV survival 93.0% | UAV survivors 2.64
        Red kills 2.90 | Blue kills 0.27 | ep length 59.6
        actor loss [-0.024, -0.024, -0.021, -0.021]
        critic loss 3166.577 | entropy 2.600
[TRAIN] 950,704 / 2,000,000 (47.5%)
        elapsed 00:05:21 | speed 647.6 steps/s | ETA 00:27:00
        episodes +851 / total 14527
        return 319.00 | W/B/D 40.9% / 1.5% / 57.6%
        MAV survival 98.5% | UAV survivors 2.58
        Red kills 2.95 | Blue kills 0.27 | ep length 57.9
        actor loss [-0.018, -0.020, -0.030, -0.022]
        critic loss 2898.468 | entropy 2.543
[TRAIN] 1,001,904 / 2,000,000 (50.1%)
        elapsed 00:06:40 | speed 653.3 steps/s | ETA 00:25:28
        episodes +837 / total 15364
        return 289.27 | W/B/D 33.1% / 1.4% / 65.5%
        MAV survival 98.6% | UAV survivors 2.46
        Red kills 2.74 | Blue kills 0.33 | ep length 61.1
        actor loss [-0.027, -0.022, -0.027, -0.018]
        critic loss 2939.294 | entropy 2.502
[CKPT] milestone 1,000,000 crossed at step 1,001,904 | checkpoint_1001904.pt
[EVAL] step 1,001,904 | nearest_red_aircraft
       win 44.0% | blue 0.0% | draw 56.0%
       return 325.07 | Red kills 2.96 | MAV survival 100.0%
[TRAIN] 1,051,056 / 2,000,000 (52.6%)
        elapsed 00:07:54 | speed 657.9 steps/s | ETA 00:24:02
        episodes +847 / total 16211
        return 311.63 | W/B/D 40.4% / 2.4% / 57.3%
        MAV survival 97.6% | UAV survivors 2.52
        Red kills 2.90 | Blue kills 0.30 | ep length 58.0
        actor loss [-0.022, -0.024, -0.021, -0.027]
        critic loss 3009.116 | entropy 2.458
[TRAIN] 1,100,208 / 2,000,000 (55.0%)
        elapsed 00:09:10 | speed 651.3 steps/s | ETA 00:23:01
        episodes +866 / total 17077
        return 318.68 | W/B/D 43.1% / 6.7% / 50.2%
        MAV survival 93.3% | UAV survivors 2.64
        Red kills 3.02 | Blue kills 0.26 | ep length 56.7
        actor loss [-0.027, -0.027, -0.026, -0.024]
        critic loss 3172.458 | entropy 2.423
[TRAIN] 1,151,408 / 2,000,000 (57.6%)
        elapsed 00:10:29 | speed 647.5 steps/s | ETA 00:21:51
        episodes +893 / total 17970
        return 314.00 | W/B/D 41.5% / 6.5% / 52.0%
        MAV survival 93.5% | UAV survivors 2.67
        Red kills 2.98 | Blue kills 0.24 | ep length 57.2
        actor loss [-0.028, -0.024, -0.028, -0.024]
        critic loss 2927.462 | entropy 2.377
[TRAIN] 1,200,560 / 2,000,000 (60.0%)
        elapsed 00:11:47 | speed 632.2 steps/s | ETA 00:21:05
        episodes +845 / total 18815
        return 315.90 | W/B/D 40.1% / 3.1% / 56.8%
        MAV survival 96.9% | UAV survivors 2.75
        Red kills 2.94 | Blue kills 0.17 | ep length 58.4
        actor loss [-0.022, -0.024, -0.024, -0.020]
        critic loss 2476.312 | entropy 2.316
[TRAIN] 1,251,760 / 2,000,000 (62.6%)
        elapsed 00:13:06 | speed 646.4 steps/s | ETA 00:19:17
        episodes +890 / total 19705
        return 325.90 | W/B/D 42.2% / 1.8% / 56.0%
        MAV survival 98.2% | UAV survivors 2.75
        Red kills 2.99 | Blue kills 0.19 | ep length 57.3
        actor loss [-0.026, -0.021, -0.022, -0.022]
        critic loss 2548.512 | entropy 2.265
[CKPT] milestone 1,250,000 crossed at step 1,251,760 | checkpoint_1251760.pt
[EVAL] step 1,251,760 | nearest_red_aircraft
       win 54.0% | blue 4.0% | draw 42.0%
       return 360.42 | Red kills 3.26 | MAV survival 96.0%
[TRAIN] 1,300,912 / 2,000,000 (65.0%)
        elapsed 00:14:19 | speed 668.7 steps/s | ETA 00:17:25
        episodes +850 / total 20555
        return 324.07 | W/B/D 40.2% / 2.5% / 57.3%
        MAV survival 97.5% | UAV survivors 2.79
        Red kills 3.01 | Blue kills 0.17 | ep length 57.9
        actor loss [-0.025, -0.025, -0.022, -0.024]
        critic loss 2249.410 | entropy 2.220
[TRAIN] 1,350,064 / 2,000,000 (67.5%)
        elapsed 00:15:35 | speed 652.9 steps/s | ETA 00:16:35
        episodes +858 / total 21413
        return 322.67 | W/B/D 41.5% / 2.6% / 55.9%
        MAV survival 97.4% | UAV survivors 2.80
        Red kills 2.98 | Blue kills 0.17 | ep length 57.5
        actor loss [-0.027, -0.021, -0.026, -0.026]
        critic loss 2617.384 | entropy 2.182
[TRAIN] 1,401,264 / 2,000,000 (70.1%)
        elapsed 00:16:55 | speed 640.6 steps/s | ETA 00:15:35
        episodes +898 / total 22311
        return 326.45 | W/B/D 43.0% / 2.7% / 54.3%
        MAV survival 97.3% | UAV survivors 2.80
        Red kills 3.01 | Blue kills 0.18 | ep length 57.1
        actor loss [-0.027, -0.016, -0.027, -0.024]
        critic loss 2740.652 | entropy 2.142
[TRAIN] 1,450,416 / 2,000,000 (72.5%)
        elapsed 00:18:10 | speed 654.8 steps/s | ETA 00:13:59
        episodes +874 / total 23185
        return 340.76 | W/B/D 45.5% / 2.4% / 52.1%
        MAV survival 97.6% | UAV survivors 2.81
        Red kills 3.11 | Blue kills 0.17 | ep length 56.2
        actor loss [-0.029, -0.022, -0.024, -0.023]
        critic loss 2409.240 | entropy 2.110
[TRAIN] 1,501,616 / 2,000,000 (75.1%)
        elapsed 00:19:29 | speed 647.6 steps/s | ETA 00:12:50
        episodes +938 / total 24123
        return 347.28 | W/B/D 48.9% / 2.8% / 48.3%
        MAV survival 97.2% | UAV survivors 2.81
        Red kills 3.15 | Blue kills 0.18 | ep length 54.5
        actor loss [-0.030, -0.022, -0.020, -0.020]
        critic loss 2575.057 | entropy 2.087
[CKPT] milestone 1,500,000 crossed at step 1,501,616 | checkpoint_1501616.pt
[EVAL] step 1,501,616 | nearest_red_aircraft
       win 42.0% | blue 2.0% | draw 56.0%
       return 327.77 | Red kills 3.02 | MAV survival 98.0%
[TRAIN] 1,550,768 / 2,000,000 (77.5%)
        elapsed 00:20:43 | speed 658.0 steps/s | ETA 00:11:23
        episodes +886 / total 25009
        return 339.27 | W/B/D 46.7% / 2.3% / 51.0%
        MAV survival 97.7% | UAV survivors 2.89
        Red kills 3.08 | Blue kills 0.11 | ep length 55.6
        actor loss [-0.024, -0.024, -0.029, -0.024]
        critic loss 2454.644 | entropy 2.051
[TRAIN] 1,601,968 / 2,000,000 (80.1%)
        elapsed 00:22:02 | speed 647.3 steps/s | ETA 00:10:15
        episodes +909 / total 25918
        return 338.71 | W/B/D 45.1% / 1.9% / 53.0%
        MAV survival 98.1% | UAV survivors 2.87
        Red kills 3.08 | Blue kills 0.13 | ep length 56.2
        actor loss [-0.031, -0.019, -0.022, -0.022]
        critic loss 2418.233 | entropy 2.012
[TRAIN] 1,651,120 / 2,000,000 (82.6%)
        elapsed 00:23:19 | speed 641.2 steps/s | ETA 00:09:04
        episodes +893 / total 26811
        return 349.12 | W/B/D 48.8% / 0.6% / 50.6%
        MAV survival 99.4% | UAV survivors 2.80
        Red kills 3.12 | Blue kills 0.20 | ep length 55.2
        actor loss [-0.023, -0.024, -0.020, -0.025]
        critic loss 2414.575 | entropy 1.963
[TRAIN] 1,700,272 / 2,000,000 (85.0%)
        elapsed 00:24:35 | speed 648.2 steps/s | ETA 00:07:42
        episodes +893 / total 27704
        return 345.04 | W/B/D 47.7% / 0.7% / 51.6%
        MAV survival 99.3% | UAV survivors 2.76
        Red kills 3.10 | Blue kills 0.24 | ep length 55.0
        actor loss [-0.020, -0.034, -0.022, -0.022]
        critic loss 2262.774 | entropy 1.935
[TRAIN] 1,751,472 / 2,000,000 (87.6%)
        elapsed 00:25:54 | speed 648.0 steps/s | ETA 00:06:24
        episodes +932 / total 28636
        return 346.14 | W/B/D 48.1% / 0.9% / 51.1%
        MAV survival 99.1% | UAV survivors 2.78
        Red kills 3.11 | Blue kills 0.22 | ep length 54.9
        actor loss [-0.024, -0.023, -0.023, -0.023]
        critic loss 2269.737 | entropy 1.912
[CKPT] milestone 1,750,000 crossed at step 1,751,472 | checkpoint_1751472.pt
[EVAL] step 1,751,472 | nearest_red_aircraft
       win 56.0% | blue 0.0% | draw 44.0%
       return 372.86 | Red kills 3.28 | MAV survival 100.0%
[TRAIN] 1,800,624 / 2,000,000 (90.0%)
        elapsed 00:27:08 | speed 663.3 steps/s | ETA 00:05:01
        episodes +887 / total 29523
        return 348.56 | W/B/D 48.4% / 0.0% / 51.6%
        MAV survival 100.0% | UAV survivors 2.81
        Red kills 3.11 | Blue kills 0.19 | ep length 55.3
        actor loss [-0.023, -0.022, -0.022, -0.024]
        critic loss 2375.619 | entropy 1.879
[TRAIN] 1,851,824 / 2,000,000 (92.6%)
        elapsed 00:28:27 | speed 652.2 steps/s | ETA 00:03:47
        episodes +910 / total 30433
        return 338.58 | W/B/D 45.3% / 0.0% / 54.7%
        MAV survival 100.0% | UAV survivors 2.73
        Red kills 3.05 | Blue kills 0.27 | ep length 56.3
        actor loss [-0.020, -0.026, -0.027, -0.018]
        critic loss 2092.979 | entropy 1.850
[TRAIN] 1,900,976 / 2,000,000 (95.0%)
        elapsed 00:29:43 | speed 643.0 steps/s | ETA 00:02:34
        episodes +801 / total 31234
        return 292.31 | W/B/D 32.3% / 0.0% / 67.7%
        MAV survival 100.0% | UAV survivors 2.68
        Red kills 2.74 | Blue kills 0.32 | ep length 61.5
        actor loss [-0.019, -0.020, -0.029, -0.022]
        critic loss 1945.981 | entropy 1.793
[TRAIN] 1,950,128 / 2,000,000 (97.5%)
        elapsed 00:30:59 | speed 643.8 steps/s | ETA 00:01:17
        episodes +824 / total 32058
        return 310.54 | W/B/D 36.4% / 0.0% / 63.6%
        MAV survival 100.0% | UAV survivors 2.69
        Red kills 2.87 | Blue kills 0.30 | ep length 59.6
        actor loss [-0.028, -0.024, -0.028, -0.021]
        critic loss 1904.847 | entropy 1.736
[TRAIN] 2,000,000 / 2,000,000 (100.0%)
        elapsed 00:32:16 | speed 654.1 steps/s | ETA 00:00:00
        episodes +870 / total 32928
        return 327.46 | W/B/D 42.5% / 0.0% / 57.5%
        MAV survival 100.0% | UAV survivors 2.66
        Red kills 2.98 | Blue kills 0.34 | ep length 57.3
        actor loss [-0.025, -0.025, -0.026, -0.019]
        critic loss 2075.626 | entropy 1.690
[CKPT] milestone 2,000,000 crossed at step 2,000,000 | checkpoint_2000000.pt
[TRAIN] optimization finished at 2,000,000 steps
[FINAL EVAL] step 2,000,000 | nearest_red_aircraft
       win 45.0% | blue 0.0% | draw 55.0%
       return 346.61 | Red kills 3.14 | MAV survival 100.0%
============================================================
TRAINING COMPLETE
Steps: 2,000,000
Elapsed training time: 00:32:16
Final evaluation time: 00:00:48
Completed episodes: 32928
Final checkpoint: checkpoint_final.pt
Run folder: /mnt/c/Users/HPK/Desktop/2_uav/outputs/happo_v39_global_main_seed3_750k_20260917_152129
============================================================
