============================================================
HAPPO TRAINING
Run: happo_v36_pbrs_main_seed4_750k
Profile: main
Seed: 4
Device: cuda
Envs: 16
Method: baseline
Critic: mlp
Rollout: 128
Target steps: 750,000
Checkpoint interval: 250,000
Evaluation interval: 250,000
Log interval: 50,000
============================================================
[TRAIN] 51,200 / 750,000 (6.8%)
        elapsed 00:01:35 | speed 538.1 steps/s | ETA 00:21:39
        episodes +710 / total 710
        return -60.03 | W/B/D 0.0% / 19.6% / 80.4%
        MAV survival 80.4% | UAV survivors 0.98
        Red kills 0.00 | Blue kills 0.02 | ep length 71.3
        actor loss [-0.017, -0.021, -0.029, -0.022]
        critic loss 840.111 | entropy 3.507
[TRAIN] 100,352 / 750,000 (13.4%)
        elapsed 00:03:13 | speed 503.9 steps/s | ETA 00:21:29
        episodes +658 / total 1368
        return -6.38 | W/B/D 0.0% / 1.8% / 98.2%
        MAV survival 98.2% | UAV survivors 2.80
        Red kills 0.00 | Blue kills 0.04 | ep length 74.6
        actor loss [-0.019, -0.023, -0.027, -0.026]
        critic loss 75.647 | entropy 3.506
[TRAIN] 151,552 / 750,000 (20.2%)
        elapsed 00:05:00 | speed 475.8 steps/s | ETA 00:20:58
        episodes +686 / total 2054
        return -2.50 | W/B/D 0.0% / 0.7% / 99.3%
        MAV survival 99.3% | UAV survivors 2.97
        Red kills 0.00 | Blue kills 0.03 | ep length 74.8
        actor loss [-0.017, -0.023, -0.019, -0.021]
        critic loss 31.798 | entropy 3.503
[TRAIN] 200,704 / 750,000 (26.8%)
        elapsed 00:06:44 | speed 473.1 steps/s | ETA 00:19:21
        episodes +663 / total 2717
        return -8.08 | W/B/D 0.0% / 3.3% / 96.7%
        MAV survival 96.7% | UAV survivors 2.93
        Red kills 0.00 | Blue kills 0.08 | ep length 74.1
        actor loss [-0.018, -0.023, -0.024, -0.022]
        critic loss 140.734 | entropy 3.514
[TRAIN] 251,904 / 750,000 (33.6%)
        elapsed 00:08:23 | speed 516.3 steps/s | ETA 00:16:05
        episodes +685 / total 3402
        return -6.19 | W/B/D 0.0% / 2.3% / 97.7%
        MAV survival 97.7% | UAV survivors 2.93
        Red kills 0.00 | Blue kills 0.08 | ep length 74.6
        actor loss [-0.024, -0.019, -0.017, -0.022]
        critic loss 93.148 | entropy 3.554
[CKPT] milestone 250,000 crossed at step 251,904 | checkpoint_251904.pt
[EVAL] step 251,904 | nearest_red_aircraft
       win 0.0% | blue 0.0% | draw 100.0%
       return -3.05 | Red kills 0.00 | MAV survival 100.0%
[TRAIN] 301,056 / 750,000 (40.1%)
        elapsed 00:10:28 | speed 395.4 steps/s | ETA 00:18:55
        episodes +655 / total 4057
        return -1.67 | W/B/D 0.0% / 0.3% / 99.7%
        MAV survival 99.7% | UAV survivors 2.98
        Red kills 0.00 | Blue kills 0.02 | ep length 74.9
        actor loss [-0.020, -0.018, -0.019, -0.026]
        critic loss 13.916 | entropy 3.570
[TRAIN] 350,208 / 750,000 (46.7%)
        elapsed 00:12:05 | speed 503.8 steps/s | ETA 00:13:14
        episodes +656 / total 4713
        return -0.95 | W/B/D 0.0% / 0.0% / 100.0%
        MAV survival 100.0% | UAV survivors 2.98
        Red kills 0.00 | Blue kills 0.01 | ep length 75.0
        actor loss [-0.019, -0.024, -0.024, -0.024]
        critic loss 0.187 | entropy 3.555
[TRAIN] 401,408 / 750,000 (53.5%)
        elapsed 00:13:41 | speed 533.8 steps/s | ETA 00:10:53
        episodes +684 / total 5397
        return -3.31 | W/B/D 0.0% / 1.2% / 98.8%
        MAV survival 98.8% | UAV survivors 2.98
        Red kills 0.00 | Blue kills 0.01 | ep length 75.0
        actor loss [-0.021, -0.021, -0.019, -0.025]
        critic loss 41.986 | entropy 3.543
[TRAIN] 450,560 / 750,000 (60.1%)
        elapsed 00:15:33 | speed 440.6 steps/s | ETA 00:11:20
        episodes +656 / total 6053
        return -1.17 | W/B/D 0.0% / 0.2% / 99.8%
        MAV survival 99.8% | UAV survivors 2.99
        Red kills 0.00 | Blue kills 0.01 | ep length 75.0
        actor loss [-0.021, -0.025, -0.019, -0.019]
        critic loss 7.024 | entropy 3.538
[TRAIN] 501,760 / 750,000 (66.9%)
        elapsed 00:17:23 | speed 464.8 steps/s | ETA 00:08:54
        episodes +683 / total 6736
        return -3.29 | W/B/D 0.0% / 1.2% / 98.8%
        MAV survival 98.8% | UAV survivors 2.98
        Red kills 0.00 | Blue kills 0.03 | ep length 74.8
        actor loss [-0.020, -0.019, -0.023, -0.019]
        critic loss 47.585 | entropy 3.495
[CKPT] milestone 500,000 crossed at step 501,760 | checkpoint_501760.pt
[EVAL] step 501,760 | nearest_red_aircraft
       win 0.0% | blue 2.0% | draw 98.0%
       return -5.78 | Red kills 0.00 | MAV survival 98.0%
[TRAIN] 550,912 / 750,000 (73.5%)
        elapsed 00:19:24 | speed 404.3 steps/s | ETA 00:08:12
        episodes +656 / total 7392
        return -2.06 | W/B/D 0.0% / 0.5% / 99.5%
        MAV survival 99.5% | UAV survivors 2.96
        Red kills 0.00 | Blue kills 0.04 | ep length 74.8
        actor loss [-0.025, -0.020, -0.017, -0.024]
        critic loss 19.720 | entropy 3.500
[TRAIN] 600,064 / 750,000 (80.0%)
        elapsed 00:21:06 | speed 484.0 steps/s | ETA 00:05:10
        episodes +656 / total 8048
        return -1.42 | W/B/D 0.0% / 0.2% / 99.8%
        MAV survival 99.8% | UAV survivors 2.97
        Red kills 0.00 | Blue kills 0.03 | ep length 75.0
        actor loss [-0.019, -0.026, -0.019, -0.019]
        critic loss 7.449 | entropy 3.513
[TRAIN] 651,264 / 750,000 (86.8%)
        elapsed 00:22:50 | speed 491.4 steps/s | ETA 00:03:21
        episodes +686 / total 8734
        return -1.90 | W/B/D 0.0% / 0.4% / 99.6%
        MAV survival 99.6% | UAV survivors 2.98
        Red kills 0.00 | Blue kills 0.03 | ep length 74.9
        actor loss [-0.021, -0.021, -0.019, -0.019]
        critic loss 19.579 | entropy 3.500
[TRAIN] 700,416 / 750,000 (93.4%)
        elapsed 00:24:33 | speed 480.1 steps/s | ETA 00:01:43
        episodes +654 / total 9388
        return -2.31 | W/B/D 0.0% / 0.6% / 99.4%
        MAV survival 99.4% | UAV survivors 2.97
        Red kills 0.00 | Blue kills 0.03 | ep length 75.0
        actor loss [-0.018, -0.022, -0.021, -0.022]
        critic loss 26.389 | entropy 3.497
[TRAIN] 750,000 / 750,000 (100.0%)
        elapsed 00:26:14 | speed 489.5 steps/s | ETA 00:00:00
        episodes +664 / total 10052
        return -2.46 | W/B/D 0.0% / 0.6% / 99.4%
        MAV survival 99.4% | UAV survivors 2.95
        Red kills 0.00 | Blue kills 0.05 | ep length 74.8
        actor loss [-0.026, -0.025, -0.017, -0.020]
        critic loss 20.379 | entropy 3.511
[CKPT] milestone 750,000 crossed at step 750,000 | checkpoint_750000.pt
[TRAIN] optimization finished at 750,000 steps
[FINAL EVAL] step 750,000 | nearest_red_aircraft
       win 0.0% | blue 0.0% | draw 100.0%
       return -0.91 | Red kills 0.00 | MAV survival 100.0%
============================================================
TRAINING COMPLETE
Steps: 750,000
Elapsed training time: 00:26:14
Final evaluation time: 00:01:45
Completed episodes: 10052
Final checkpoint: checkpoint_final.pt
Run folder: /mnt/c/Users/HPK/Desktop/2_uav/outputs/happo_v36_pbrs_main_seed4_750k
============================================================
