============================================================
HAPPO TRAINING
Run: happo_v39_global_main_seed1_750k_20260917_112104
Profile: main
Seed: 1
Device: cuda
Envs: 16
Method: baseline
Critic: mlp
Rollout: 128
Target steps: 2,000,000
Checkpoint interval: 250,000
Evaluation interval: 250,000
Log interval: 50,000
Resume checkpoint: checkpoint_final.pt
Resume steps: 750,000
Target steps: 2,000,000
============================================================
[TRAIN] 801,200 / 2,000,000 (40.1%)
        elapsed 00:01:28 | speed 579.4 steps/s | ETA 00:34:29
        episodes +692 / total 10818
        return 87.93 | W/B/D 1.6% / 1.2% / 97.3%
        MAV survival 98.8% | UAV survivors 2.77
        Red kills 1.08 | Blue kills 0.23 | ep length 73.7
        actor loss [-0.017, -0.015, -0.018, -0.017]
        critic loss 879.512 | entropy 2.902
[TRAIN] 850,352 / 2,000,000 (42.5%)
        elapsed 00:02:53 | speed 577.8 steps/s | ETA 00:33:10
        episodes +666 / total 11484
        return 85.69 | W/B/D 1.7% / 1.2% / 97.1%
        MAV survival 98.8% | UAV survivors 2.71
        Red kills 1.06 | Blue kills 0.29 | ep length 73.7
        actor loss [-0.025, -0.014, -0.016, -0.015]
        critic loss 906.804 | entropy 2.846
[TRAIN] 901,552 / 2,000,000 (45.1%)
        elapsed 00:04:22 | speed 580.3 steps/s | ETA 00:31:33
        episodes +694 / total 12178
        return 91.86 | W/B/D 1.9% / 0.3% / 97.8%
        MAV survival 99.7% | UAV survivors 2.74
        Red kills 1.09 | Blue kills 0.25 | ep length 74.0
        actor loss [-0.023, -0.015, -0.021, -0.020]
        critic loss 852.743 | entropy 2.789
[TRAIN] 950,704 / 2,000,000 (47.5%)
        elapsed 00:05:47 | speed 579.3 steps/s | ETA 00:30:11
        episodes +677 / total 12855
        return 101.00 | W/B/D 2.4% / 3.2% / 94.4%
        MAV survival 96.8% | UAV survivors 2.75
        Red kills 1.23 | Blue kills 0.23 | ep length 72.8
        actor loss [-0.022, -0.016, -0.025, -0.021]
        critic loss 1063.323 | entropy 2.742
[TRAIN] 1,001,904 / 2,000,000 (50.1%)
        elapsed 00:07:23 | speed 528.4 steps/s | ETA 00:31:29
        episodes +692 / total 13547
        return 90.46 | W/B/D 1.4% / 1.0% / 97.5%
        MAV survival 99.0% | UAV survivors 2.68
        Red kills 1.10 | Blue kills 0.29 | ep length 73.9
        actor loss [-0.021, -0.018, -0.024, -0.017]
        critic loss 800.096 | entropy 2.704
[CKPT] milestone 1,000,000 crossed at step 1,001,904 | checkpoint_1001904.pt
[EVAL] step 1,001,904 | nearest_red_aircraft
       win 0.0% | blue 0.0% | draw 100.0%
       return 79.96 | Red kills 0.98 | MAV survival 100.0%
[TRAIN] 1,051,056 / 2,000,000 (52.6%)
        elapsed 00:08:43 | speed 615.2 steps/s | ETA 00:25:42
        episodes +664 / total 14211
        return 102.38 | W/B/D 2.3% / 0.2% / 97.6%
        MAV survival 99.8% | UAV survivors 2.69
        Red kills 1.19 | Blue kills 0.23 | ep length 73.9
        actor loss [-0.021, -0.024, -0.017, -0.017]
        critic loss 803.221 | entropy 2.684
[TRAIN] 1,100,208 / 2,000,000 (55.0%)
        elapsed 00:10:09 | speed 572.0 steps/s | ETA 00:26:13
        episodes +662 / total 14873
        return 102.68 | W/B/D 1.4% / 0.5% / 98.2%
        MAV survival 99.5% | UAV survivors 2.72
        Red kills 1.21 | Blue kills 0.21 | ep length 74.2
        actor loss [-0.023, -0.022, -0.024, -0.014]
        critic loss 753.823 | entropy 2.643
[TRAIN] 1,151,408 / 2,000,000 (57.6%)
        elapsed 00:11:45 | speed 537.2 steps/s | ETA 00:26:20
        episodes +692 / total 15565
        return 107.84 | W/B/D 1.6% / 0.0% / 98.4%
        MAV survival 100.0% | UAV survivors 2.79
        Red kills 1.24 | Blue kills 0.16 | ep length 74.2
        actor loss [-0.017, -0.028, -0.019, -0.019]
        critic loss 651.533 | entropy 2.614
[TRAIN] 1,200,560 / 2,000,000 (60.0%)
        elapsed 00:13:12 | speed 558.8 steps/s | ETA 00:23:51
        episodes +659 / total 16224
        return 109.18 | W/B/D 1.1% / 0.0% / 98.9%
        MAV survival 100.0% | UAV survivors 2.80
        Red kills 1.26 | Blue kills 0.12 | ep length 74.4
        actor loss [-0.018, -0.020, -0.020, -0.023]
        critic loss 623.940 | entropy 2.576
[TRAIN] 1,251,760 / 2,000,000 (62.6%)
        elapsed 00:14:39 | speed 593.2 steps/s | ETA 00:21:01
        episodes +702 / total 16926
        return 127.43 | W/B/D 2.1% / 2.6% / 95.3%
        MAV survival 97.4% | UAV survivors 2.72
        Red kills 1.48 | Blue kills 0.13 | ep length 73.0
        actor loss [-0.022, -0.021, -0.025, -0.025]
        critic loss 897.378 | entropy 2.534
[CKPT] milestone 1,250,000 crossed at step 1,251,760 | checkpoint_1251760.pt
[EVAL] step 1,251,760 | nearest_red_aircraft
       win 0.0% | blue 0.0% | draw 100.0%
       return 134.19 | Red kills 1.54 | MAV survival 100.0%
[TRAIN] 1,300,912 / 2,000,000 (65.0%)
        elapsed 00:16:07 | speed 559.5 steps/s | ETA 00:20:49
        episodes +714 / total 17640
        return 119.02 | W/B/D 1.5% / 13.6% / 84.9%
        MAV survival 86.4% | UAV survivors 2.70
        Red kills 1.62 | Blue kills 0.12 | ep length 68.9
        actor loss [-0.026, -0.026, -0.020, -0.017]
        critic loss 1141.074 | entropy 2.495
[TRAIN] 1,350,064 / 2,000,000 (67.5%)
        elapsed 00:17:38 | speed 540.9 steps/s | ETA 00:20:02
        episodes +672 / total 18312
        return 153.90 | W/B/D 3.7% / 0.1% / 96.1%
        MAV survival 99.9% | UAV survivors 2.60
        Red kills 1.70 | Blue kills 0.27 | ep length 73.2
        actor loss [-0.025, -0.019, -0.022, -0.023]
        critic loss 669.381 | entropy 2.457
[TRAIN] 1,401,264 / 2,000,000 (70.1%)
        elapsed 00:19:06 | speed 581.1 steps/s | ETA 00:17:10
        episodes +700 / total 19012
        return 160.19 | W/B/D 4.4% / 0.6% / 95.0%
        MAV survival 99.4% | UAV survivors 2.57
        Red kills 1.76 | Blue kills 0.31 | ep length 72.9
        actor loss [-0.022, -0.027, -0.024, -0.023]
        critic loss 681.920 | entropy 2.404
[TRAIN] 1,450,416 / 2,000,000 (72.5%)
        elapsed 00:20:34 | speed 559.1 steps/s | ETA 00:16:23
        episodes +687 / total 19699
        return 185.49 | W/B/D 8.2% / 0.0% / 91.8%
        MAV survival 100.0% | UAV survivors 2.63
        Red kills 1.95 | Blue kills 0.22 | ep length 71.9
        actor loss [-0.022, -0.023, -0.024, -0.031]
        critic loss 1068.171 | entropy 2.342
[TRAIN] 1,501,616 / 2,000,000 (75.1%)
        elapsed 00:22:06 | speed 552.4 steps/s | ETA 00:15:02
        episodes +720 / total 20419
        return 198.83 | W/B/D 10.8% / 0.0% / 89.2%
        MAV survival 100.0% | UAV survivors 2.52
        Red kills 2.06 | Blue kills 0.26 | ep length 71.0
        actor loss [-0.025, -0.027, -0.026, -0.022]
        critic loss 1213.936 | entropy 2.281
[CKPT] milestone 1,500,000 crossed at step 1,501,616 | checkpoint_1501616.pt
[EVAL] step 1,501,616 | nearest_red_aircraft
       win 16.0% | blue 0.0% | draw 84.0%
       return 213.67 | Red kills 2.14 | MAV survival 100.0%
[TRAIN] 1,550,768 / 2,000,000 (77.5%)
        elapsed 00:23:35 | speed 554.6 steps/s | ETA 00:13:30
        episodes +704 / total 21123
        return 220.19 | W/B/D 13.4% / 0.3% / 86.4%
        MAV survival 99.7% | UAV survivors 2.54
        Red kills 2.24 | Blue kills 0.19 | ep length 70.0
        actor loss [-0.021, -0.027, -0.030, -0.024]
        critic loss 1497.836 | entropy 2.243
[TRAIN] 1,601,968 / 2,000,000 (80.1%)
        elapsed 00:25:00 | speed 602.2 steps/s | ETA 00:11:01
        episodes +728 / total 21851
        return 217.22 | W/B/D 12.1% / 0.1% / 87.8%
        MAV survival 99.9% | UAV survivors 2.62
        Red kills 2.22 | Blue kills 0.22 | ep length 70.2
        actor loss [-0.025, -0.017, -0.027, -0.027]
        critic loss 1339.339 | entropy 2.189
[TRAIN] 1,651,120 / 2,000,000 (82.6%)
        elapsed 00:26:18 | speed 627.1 steps/s | ETA 00:09:16
        episodes +713 / total 22564
        return 232.65 | W/B/D 16.3% / 0.0% / 83.7%
        MAV survival 100.0% | UAV survivors 2.66
        Red kills 2.33 | Blue kills 0.27 | ep length 68.8
        actor loss [-0.026, -0.020, -0.026, -0.024]
        critic loss 1574.442 | entropy 2.135
[TRAIN] 1,700,272 / 2,000,000 (85.0%)
        elapsed 00:27:36 | speed 635.4 steps/s | ETA 00:07:52
        episodes +707 / total 23271
        return 232.98 | W/B/D 13.7% / 0.1% / 86.1%
        MAV survival 99.9% | UAV survivors 2.69
        Red kills 2.36 | Blue kills 0.22 | ep length 69.5
        actor loss [-0.028, -0.022, -0.024, -0.021]
        critic loss 1379.291 | entropy 2.090
[TRAIN] 1,751,472 / 2,000,000 (87.6%)
        elapsed 00:29:00 | speed 607.0 steps/s | ETA 00:06:49
        episodes +740 / total 24011
        return 236.78 | W/B/D 14.1% / 0.4% / 85.5%
        MAV survival 99.6% | UAV survivors 2.62
        Red kills 2.40 | Blue kills 0.22 | ep length 69.3
        actor loss [-0.027, -0.023, -0.023, -0.022]
        critic loss 1533.315 | entropy 2.044
[CKPT] milestone 1,750,000 crossed at step 1,751,472 | checkpoint_1751472.pt
[EVAL] step 1,751,472 | nearest_red_aircraft
       win 14.0% | blue 0.0% | draw 86.0%
       return 234.08 | Red kills 2.36 | MAV survival 100.0%
[TRAIN] 1,800,624 / 2,000,000 (90.0%)
        elapsed 00:30:18 | speed 629.3 steps/s | ETA 00:05:17
        episodes +736 / total 24747
        return 260.83 | W/B/D 20.2% / 0.7% / 79.1%
        MAV survival 99.3% | UAV survivors 2.69
        Red kills 2.57 | Blue kills 0.22 | ep length 66.8
        actor loss [-0.020, -0.025, -0.029, -0.026]
        critic loss 1702.990 | entropy 1.992
[TRAIN] 1,851,824 / 2,000,000 (92.6%)
        elapsed 00:31:46 | speed 580.1 steps/s | ETA 00:04:15
        episodes +773 / total 25520
        return 266.99 | W/B/D 23.2% / 0.1% / 76.7%
        MAV survival 99.9% | UAV survivors 2.69
        Red kills 2.58 | Blue kills 0.20 | ep length 66.3
        actor loss [-0.028, -0.025, -0.029, -0.019]
        critic loss 1893.244 | entropy 1.932
[TRAIN] 1,900,976 / 2,000,000 (95.0%)
        elapsed 00:33:08 | speed 600.4 steps/s | ETA 00:02:45
        episodes +756 / total 26276
        return 283.41 | W/B/D 28.3% / 0.3% / 71.4%
        MAV survival 99.7% | UAV survivors 2.51
        Red kills 2.70 | Blue kills 0.25 | ep length 64.8
        actor loss [-0.023, -0.025, -0.028, -0.025]
        critic loss 2067.036 | entropy 1.871
[TRAIN] 1,950,128 / 2,000,000 (97.5%)
        elapsed 00:34:27 | speed 621.1 steps/s | ETA 00:01:20
        episodes +747 / total 27023
        return 273.99 | W/B/D 24.8% / 0.1% / 75.1%
        MAV survival 99.9% | UAV survivors 2.39
        Red kills 2.65 | Blue kills 0.30 | ep length 65.8
        actor loss [-0.028, -0.024, -0.029, -0.023]
        critic loss 1997.115 | entropy 1.815
[TRAIN] 2,000,000 / 2,000,000 (100.0%)
        elapsed 00:35:46 | speed 636.6 steps/s | ETA 00:00:00
        episodes +806 / total 27829
        return 310.89 | W/B/D 34.6% / 0.2% / 65.1%
        MAV survival 99.8% | UAV survivors 2.44
        Red kills 2.91 | Blue kills 0.28 | ep length 62.0
        actor loss [-0.026, -0.026, -0.032, -0.021]
        critic loss 2039.789 | entropy 1.779
[CKPT] milestone 2,000,000 crossed at step 2,000,000 | checkpoint_2000000.pt
[TRAIN] optimization finished at 2,000,000 steps
[FINAL EVAL] step 2,000,000 | nearest_red_aircraft
       win 43.0% | blue 0.0% | draw 57.0%
       return 336.94 | Red kills 3.08 | MAV survival 100.0%
============================================================
TRAINING COMPLETE
Steps: 2,000,000
Elapsed training time: 00:35:46
Final evaluation time: 00:00:50
Completed episodes: 27829
Final checkpoint: checkpoint_final.pt
Run folder: /mnt/c/Users/HPK/Desktop/2_uav/outputs/happo_v39_global_main_seed1_750k_20260917_112104
============================================================
