============================================================
HAPPO TRAINING
Run: happo_v39_global_main_seed2_750k_20260917_144949
Profile: main
Seed: 2
Device: cuda
Envs: 16
Method: baseline
Critic: mlp
Rollout: 128
Target steps: 750,000
Checkpoint interval: 250,000
Evaluation interval: 250,000
Log interval: 50,000
============================================================
[TRAIN] 51,200 / 750,000 (6.8%)
        elapsed 00:01:50 | speed 463.8 steps/s | ETA 00:25:07
        episodes +933 / total 933
        return -150.63 | W/B/D 0.0% / 62.8% / 37.2%
        MAV survival 37.2% | UAV survivors 1.44
        Red kills 0.00 | Blue kills 0.01 | ep length 54.2
        actor loss [-0.017, -0.022, -0.022, -0.018]
        critic loss 2905.299 | entropy 3.496
[TRAIN] 100,352 / 750,000 (13.4%)
        elapsed 00:03:19 | speed 553.0 steps/s | ETA 00:19:35
        episodes +658 / total 1591
        return -35.60 | W/B/D 0.0% / 4.4% / 95.6%
        MAV survival 95.6% | UAV survivors 2.10
        Red kills 0.00 | Blue kills 0.01 | ep length 74.6
        actor loss [-0.018, -0.029, -0.023, -0.020]
        critic loss 165.576 | entropy 3.499
[TRAIN] 151,552 / 750,000 (20.2%)
        elapsed 00:05:05 | speed 484.7 steps/s | ETA 00:20:35
        episodes +687 / total 2278
        return -28.02 | W/B/D 0.0% / 3.1% / 96.9%
        MAV survival 96.9% | UAV survivors 2.93
        Red kills 0.00 | Blue kills 0.07 | ep length 74.5
        actor loss [-0.024, -0.023, -0.021, -0.026]
        critic loss 119.652 | entropy 3.480
[TRAIN] 200,704 / 750,000 (26.8%)
        elapsed 00:07:09 | speed 395.8 steps/s | ETA 00:23:08
        episodes +656 / total 2934
        return -24.27 | W/B/D 0.0% / 1.4% / 98.6%
        MAV survival 98.6% | UAV survivors 2.97
        Red kills 0.00 | Blue kills 0.04 | ep length 74.9
        actor loss [-0.021, -0.022, -0.025, -0.027]
        critic loss 54.791 | entropy 3.494
[TRAIN] 251,904 / 750,000 (33.6%)
        elapsed 00:08:56 | speed 480.7 steps/s | ETA 00:17:16
        episodes +688 / total 3622
        return -26.84 | W/B/D 0.0% / 2.5% / 97.5%
        MAV survival 97.5% | UAV survivors 2.88
        Red kills 0.00 | Blue kills 0.09 | ep length 74.9
        actor loss [-0.022, -0.022, -0.028, -0.023]
        critic loss 85.005 | entropy 3.488
[CKPT] milestone 250,000 crossed at step 251,904 | checkpoint_251904.pt
[EVAL] step 251,904 | nearest_red_aircraft
       win 0.0% | blue 8.0% | draw 92.0%
       return -37.70 | Red kills 0.00 | MAV survival 92.0%
[TRAIN] 301,056 / 750,000 (40.1%)
        elapsed 00:10:54 | speed 414.7 steps/s | ETA 00:18:03
        episodes +655 / total 4277
        return -25.40 | W/B/D 0.0% / 2.0% / 98.0%
        MAV survival 98.0% | UAV survivors 2.96
        Red kills 0.00 | Blue kills 0.04 | ep length 74.9
        actor loss [-0.024, -0.014, -0.026, -0.030]
        critic loss 65.331 | entropy 3.468
[TRAIN] 350,208 / 750,000 (46.7%)
        elapsed 00:12:38 | speed 472.5 steps/s | ETA 00:14:06
        episodes +655 / total 4932
        return -21.68 | W/B/D 0.0% / 0.0% / 100.0%
        MAV survival 100.0% | UAV survivors 2.94
        Red kills 0.00 | Blue kills 0.04 | ep length 75.0
        actor loss [-0.021, -0.024, -0.028, -0.023]
        critic loss 0.576 | entropy 3.449
[TRAIN] 401,408 / 750,000 (53.5%)
        elapsed 00:14:24 | speed 485.4 steps/s | ETA 00:11:58
        episodes +684 / total 5616
        return -23.43 | W/B/D 0.0% / 0.9% / 99.1%
        MAV survival 99.1% | UAV survivors 2.94
        Red kills 0.00 | Blue kills 0.06 | ep length 74.8
        actor loss [-0.027, -0.026, -0.028, -0.025]
        critic loss 26.915 | entropy 3.406
[TRAIN] 450,560 / 750,000 (60.1%)
        elapsed 00:16:20 | speed 423.3 steps/s | ETA 00:11:47
        episodes +652 / total 6268
        return -22.08 | W/B/D 0.0% / 0.3% / 99.7%
        MAV survival 99.7% | UAV survivors 2.96
        Red kills 0.00 | Blue kills 0.02 | ep length 74.9
        actor loss [-0.028, -0.024, -0.023, -0.028]
        critic loss 11.747 | entropy 3.384
[TRAIN] 501,760 / 750,000 (66.9%)
        elapsed 00:18:04 | speed 491.7 steps/s | ETA 00:08:25
        episodes +686 / total 6954
        return -21.72 | W/B/D 0.0% / 0.1% / 99.9%
        MAV survival 99.9% | UAV survivors 2.93
        Red kills 0.00 | Blue kills 0.05 | ep length 74.9
        actor loss [-0.022, -0.029, -0.025, -0.019]
        critic loss 1.177 | entropy 3.351
[CKPT] milestone 500,000 crossed at step 501,760 | checkpoint_501760.pt
[EVAL] step 501,760 | nearest_red_aircraft
       win 0.0% | blue 0.0% | draw 100.0%
       return -21.08 | Red kills 0.00 | MAV survival 100.0%
[TRAIN] 550,912 / 750,000 (73.5%)
        elapsed 00:19:43 | speed 495.4 steps/s | ETA 00:06:42
        episodes +655 / total 7609
        return -21.32 | W/B/D 0.0% / 0.0% / 100.0%
        MAV survival 100.0% | UAV survivors 2.95
        Red kills 0.00 | Blue kills 0.04 | ep length 75.0
        actor loss [-0.026, -0.020, -0.025, -0.033]
        critic loss 0.363 | entropy 3.328
[TRAIN] 600,064 / 750,000 (80.0%)
        elapsed 00:21:34 | speed 441.3 steps/s | ETA 00:05:40
        episodes +656 / total 8265
        return -22.81 | W/B/D 0.0% / 0.9% / 99.1%
        MAV survival 99.1% | UAV survivors 2.97
        Red kills 0.00 | Blue kills 0.03 | ep length 75.0
        actor loss [-0.022, -0.017, -0.022, -0.026]
        critic loss 36.379 | entropy 3.324
[TRAIN] 651,264 / 750,000 (86.8%)
        elapsed 00:23:47 | speed 385.6 steps/s | ETA 00:04:16
        episodes +683 / total 8948
        return -21.51 | W/B/D 0.0% / 0.3% / 99.7%
        MAV survival 99.7% | UAV survivors 2.98
        Red kills 0.00 | Blue kills 0.02 | ep length 75.0
        actor loss [-0.021, -0.021, -0.025, -0.021]
        critic loss 12.759 | entropy 3.302
[TRAIN] 700,416 / 750,000 (93.4%)
        elapsed 00:25:26 | speed 497.7 steps/s | ETA 00:01:40
        episodes +656 / total 9604
        return -22.17 | W/B/D 0.0% / 0.6% / 99.4%
        MAV survival 99.4% | UAV survivors 2.98
        Red kills 0.00 | Blue kills 0.01 | ep length 75.0
        actor loss [-0.022, -0.021, -0.021, -0.025]
        critic loss 20.589 | entropy 3.260
[TRAIN] 750,000 / 750,000 (100.0%)
        elapsed 00:27:14 | speed 459.9 steps/s | ETA 00:00:00
        episodes +662 / total 10266
        return -26.36 | W/B/D 0.0% / 2.7% / 97.3%
        MAV survival 97.3% | UAV survivors 2.99
        Red kills 0.00 | Blue kills 0.01 | ep length 74.8
        actor loss [-0.027, -0.018, -0.025, -0.025]
        critic loss 76.463 | entropy 3.233
[CKPT] milestone 750,000 crossed at step 750,000 | checkpoint_750000.pt
[TRAIN] optimization finished at 750,000 steps
[FINAL EVAL] step 750,000 | nearest_red_aircraft
       win 0.0% | blue 0.0% | draw 100.0%
       return -20.78 | Red kills 0.00 | MAV survival 100.0%
============================================================
TRAINING COMPLETE
Steps: 750,000
Elapsed training time: 00:27:14
Final evaluation time: 00:01:21
Completed episodes: 10266
Final checkpoint: checkpoint_final.pt
Run folder: /mnt/c/Users/HPK/Desktop/2_uav/outputs/happo_v39_global_main_seed2_750k_20260917_144949
============================================================
