============================================================
HAPPO TRAINING
Run: happo_v39_global_main_seed2_750k_20260917_144949
Profile: main
Seed: 2
Device: cuda
Envs: 16
Method: baseline
Critic: mlp
Rollout: 128
Target steps: 2,000,000
Checkpoint interval: 250,000
Evaluation interval: 250,000
Log interval: 50,000
Resume checkpoint: checkpoint_final.pt
Resume steps: 750,000
Target steps: 2,000,000
============================================================
[TRAIN] 801,200 / 2,000,000 (40.1%)
        elapsed 00:01:44 | speed 491.7 steps/s | ETA 00:40:38
        episodes +684 / total 10950
        return -21.23 | W/B/D 0.0% / 0.1% / 99.9%
        MAV survival 99.9% | UAV survivors 2.98
        Red kills 0.00 | Blue kills 0.02 | ep length 75.0
        actor loss [-0.020, -0.020, -0.022, -0.017]
        critic loss 4.856 | entropy 3.198
[TRAIN] 850,352 / 2,000,000 (42.5%)
        elapsed 00:03:23 | speed 498.7 steps/s | ETA 00:38:25
        episodes +657 / total 11607
        return -22.99 | W/B/D 0.0% / 1.1% / 98.9%
        MAV survival 98.9% | UAV survivors 2.96
        Red kills 0.00 | Blue kills 0.04 | ep length 74.5
        actor loss [-0.021, -0.016, -0.015, -0.020]
        critic loss 35.291 | entropy 3.173
[TRAIN] 901,552 / 2,000,000 (45.1%)
        elapsed 00:05:26 | speed 416.1 steps/s | ETA 00:44:00
        episodes +685 / total 12292
        return -22.15 | W/B/D 0.0% / 0.6% / 99.4%
        MAV survival 99.4% | UAV survivors 2.97
        Red kills 0.00 | Blue kills 0.03 | ep length 74.9
        actor loss [-0.019, -0.019, -0.020, -0.019]
        critic loss 17.910 | entropy 3.145
[TRAIN] 950,704 / 2,000,000 (47.5%)
        elapsed 00:07:16 | speed 446.5 steps/s | ETA 00:39:10
        episodes +655 / total 12947
        return -21.53 | W/B/D 0.0% / 0.3% / 99.7%
        MAV survival 99.7% | UAV survivors 2.98
        Red kills 0.00 | Blue kills 0.02 | ep length 75.0
        actor loss [-0.018, -0.018, -0.021, -0.024]
        critic loss 11.791 | entropy 3.123
[TRAIN] 1,001,904 / 2,000,000 (50.1%)
        elapsed 00:08:58 | speed 501.9 steps/s | ETA 00:33:09
        episodes +685 / total 13632
        return -21.85 | W/B/D 0.0% / 0.4% / 99.6%
        MAV survival 99.6% | UAV survivors 3.00
        Red kills 0.00 | Blue kills 0.00 | ep length 74.9
        actor loss [-0.020, -0.023, -0.020, -0.020]
        critic loss 17.309 | entropy 3.076
[CKPT] milestone 1,000,000 crossed at step 1,001,904 | checkpoint_1001904.pt
[EVAL] step 1,001,904 | nearest_red_aircraft
       win 0.0% | blue 0.0% | draw 100.0%
       return -20.55 | Red kills 0.00 | MAV survival 100.0%
[TRAIN] 1,051,056 / 2,000,000 (52.6%)
        elapsed 00:10:35 | speed 506.1 steps/s | ETA 00:31:15
        episodes +659 / total 14291
        return -21.98 | W/B/D 0.0% / 0.6% / 99.4%
        MAV survival 99.4% | UAV survivors 2.99
        Red kills 0.00 | Blue kills 0.01 | ep length 74.7
        actor loss [-0.015, -0.022, -0.023, -0.019]
        critic loss 20.730 | entropy 3.030
[TRAIN] 1,100,208 / 2,000,000 (55.0%)
        elapsed 00:12:13 | speed 503.0 steps/s | ETA 00:29:49
        episodes +659 / total 14950
        return -21.68 | W/B/D 0.0% / 0.5% / 99.5%
        MAV survival 99.5% | UAV survivors 2.92
        Red kills 0.00 | Blue kills 0.08 | ep length 74.7
        actor loss [-0.020, -0.018, -0.013, -0.018]
        critic loss 14.806 | entropy 3.017
[TRAIN] 1,151,408 / 2,000,000 (57.6%)
        elapsed 00:14:23 | speed 394.2 steps/s | ETA 00:35:53
        episodes +680 / total 15630
        return -21.72 | W/B/D 0.0% / 0.4% / 99.6%
        MAV survival 99.6% | UAV survivors 2.87
        Red kills 0.00 | Blue kills 0.13 | ep length 74.9
        actor loss [-0.012, -0.019, -0.019, -0.023]
        critic loss 16.790 | entropy 3.007
[TRAIN] 1,200,560 / 2,000,000 (60.0%)
        elapsed 00:16:08 | speed 467.2 steps/s | ETA 00:28:31
        episodes +656 / total 16286
        return -20.69 | W/B/D 0.0% / 0.2% / 99.8%
        MAV survival 99.8% | UAV survivors 2.93
        Red kills 0.00 | Blue kills 0.07 | ep length 75.0
        actor loss [-0.025, -0.017, -0.015, -0.020]
        critic loss 7.027 | entropy 3.001
[TRAIN] 1,251,760 / 2,000,000 (62.6%)
        elapsed 00:17:49 | speed 504.5 steps/s | ETA 00:24:43
        episodes +684 / total 16970
        return -20.10 | W/B/D 0.0% / 0.0% / 100.0%
        MAV survival 100.0% | UAV survivors 2.94
        Red kills 0.00 | Blue kills 0.06 | ep length 75.0
        actor loss [-0.017, -0.019, -0.017, -0.018]
        critic loss 0.387 | entropy 2.996
[CKPT] milestone 1,250,000 crossed at step 1,251,760 | checkpoint_1251760.pt
[EVAL] step 1,251,760 | nearest_red_aircraft
       win 0.0% | blue 0.0% | draw 100.0%
       return -19.01 | Red kills 0.00 | MAV survival 100.0%
[TRAIN] 1,300,912 / 2,000,000 (65.0%)
        elapsed 00:19:27 | speed 501.6 steps/s | ETA 00:23:14
        episodes +654 / total 17624
        return -18.70 | W/B/D 0.0% / 0.3% / 99.7%
        MAV survival 99.7% | UAV survivors 2.86
        Red kills 0.01 | Blue kills 0.14 | ep length 75.0
        actor loss [-0.018, -0.017, -0.017, -0.023]
        critic loss 31.906 | entropy 2.975
[TRAIN] 1,350,064 / 2,000,000 (67.5%)
        elapsed 00:21:37 | speed 378.1 steps/s | ETA 00:28:39
        episodes +655 / total 18279
        return -17.37 | W/B/D 0.0% / 0.8% / 99.2%
        MAV survival 99.2% | UAV survivors 2.86
        Red kills 0.02 | Blue kills 0.14 | ep length 74.9
        actor loss [-0.017, -0.021, -0.023, -0.023]
        critic loss 41.132 | entropy 2.950
[TRAIN] 1,401,264 / 2,000,000 (70.1%)
        elapsed 00:23:30 | speed 453.2 steps/s | ETA 00:22:01
        episodes +686 / total 18965
        return -17.98 | W/B/D 0.0% / 1.2% / 98.8%
        MAV survival 98.8% | UAV survivors 2.95
        Red kills 0.02 | Blue kills 0.05 | ep length 74.8
        actor loss [-0.015, -0.022, -0.021, -0.018]
        critic loss 69.805 | entropy 2.915
[TRAIN] 1,450,416 / 2,000,000 (72.5%)
        elapsed 00:25:24 | speed 432.8 steps/s | ETA 00:21:10
        episodes +654 / total 19619
        return -10.59 | W/B/D 0.0% / 0.3% / 99.7%
        MAV survival 99.7% | UAV survivors 2.83
        Red kills 0.08 | Blue kills 0.17 | ep length 74.9
        actor loss [-0.017, -0.017, -0.013, -0.019]
        critic loss 120.902 | entropy 2.846
[TRAIN] 1,501,616 / 2,000,000 (75.1%)
        elapsed 00:27:38 | speed 382.6 steps/s | ETA 00:21:43
        episodes +684 / total 20303
        return -11.96 | W/B/D 0.0% / 0.4% / 99.6%
        MAV survival 99.6% | UAV survivors 2.80
        Red kills 0.07 | Blue kills 0.20 | ep length 74.9
        actor loss [-0.015, -0.018, -0.017, -0.015]
        critic loss 94.385 | entropy 2.795
[CKPT] milestone 1,500,000 crossed at step 1,501,616 | checkpoint_1501616.pt
[EVAL] step 1,501,616 | nearest_red_aircraft
       win 0.0% | blue 0.0% | draw 100.0%
       return -17.47 | Red kills 0.02 | MAV survival 100.0%
[TRAIN] 1,550,768 / 2,000,000 (77.5%)
        elapsed 00:29:22 | speed 471.5 steps/s | ETA 00:15:53
        episodes +656 / total 20959
        return -13.60 | W/B/D 0.0% / 0.3% / 99.7%
        MAV survival 99.7% | UAV survivors 2.80
        Red kills 0.06 | Blue kills 0.20 | ep length 75.0
        actor loss [-0.019, -0.019, -0.016, -0.010]
        critic loss 91.951 | entropy 2.751
[TRAIN] 1,601,968 / 2,000,000 (80.1%)
        elapsed 00:31:13 | speed 460.6 steps/s | ETA 00:14:24
        episodes +687 / total 21646
        return -12.20 | W/B/D 0.0% / 0.3% / 99.7%
        MAV survival 99.7% | UAV survivors 2.77
        Red kills 0.07 | Blue kills 0.24 | ep length 74.8
        actor loss [-0.017, -0.015, -0.012, -0.017]
        critic loss 84.957 | entropy 2.676
[TRAIN] 1,651,120 / 2,000,000 (82.6%)
        elapsed 00:32:57 | speed 474.4 steps/s | ETA 00:12:15
        episodes +656 / total 22302
        return -11.18 | W/B/D 0.2% / 0.3% / 99.5%
        MAV survival 99.7% | UAV survivors 2.77
        Red kills 0.08 | Blue kills 0.23 | ep length 74.9
        actor loss [-0.021, -0.016, -0.016, -0.020]
        critic loss 113.636 | entropy 2.600
[TRAIN] 1,700,272 / 2,000,000 (85.0%)
        elapsed 00:35:01 | speed 394.1 steps/s | ETA 00:12:41
        episodes +657 / total 22959
        return -12.33 | W/B/D 0.0% / 0.9% / 99.1%
        MAV survival 99.1% | UAV survivors 2.69
        Red kills 0.08 | Blue kills 0.32 | ep length 74.8
        actor loss [-0.016, -0.015, -0.019, -0.014]
        critic loss 146.014 | entropy 2.537
[TRAIN] 1,751,472 / 2,000,000 (87.6%)
        elapsed 00:36:58 | speed 437.4 steps/s | ETA 00:09:28
        episodes +681 / total 23640
        return -8.87 | W/B/D 0.0% / 0.1% / 99.9%
        MAV survival 99.9% | UAV survivors 2.60
        Red kills 0.11 | Blue kills 0.38 | ep length 74.9
        actor loss [-0.014, -0.018, -0.014, -0.018]
        critic loss 133.510 | entropy 2.496
[CKPT] milestone 1,750,000 crossed at step 1,751,472 | checkpoint_1751472.pt
[EVAL] step 1,751,472 | nearest_red_aircraft
       win 0.0% | blue 0.0% | draw 100.0%
       return 6.99 | Red kills 0.26 | MAV survival 100.0%
[TRAIN] 1,800,624 / 2,000,000 (90.0%)
        elapsed 00:39:01 | speed 401.0 steps/s | ETA 00:08:17
        episodes +655 / total 24295
        return -2.58 | W/B/D 0.0% / 0.0% / 100.0%
        MAV survival 100.0% | UAV survivors 2.28
        Red kills 0.18 | Blue kills 0.64 | ep length 75.0
        actor loss [-0.013, -0.016, -0.015, -0.018]
        critic loss 229.458 | entropy 2.416
[TRAIN] 1,851,824 / 2,000,000 (92.6%)
        elapsed 00:40:41 | speed 512.7 steps/s | ETA 00:04:49
        episodes +688 / total 24983
        return 23.15 | W/B/D 0.4% / 0.3% / 99.3%
        MAV survival 99.7% | UAV survivors 2.30
        Red kills 0.43 | Blue kills 0.68 | ep length 74.6
        actor loss [-0.018, -0.017, -0.020, -0.016]
        critic loss 551.742 | entropy 2.342
[TRAIN] 1,900,976 / 2,000,000 (95.0%)
        elapsed 00:42:14 | speed 525.8 steps/s | ETA 00:03:08
        episodes +662 / total 25645
        return 67.23 | W/B/D 1.1% / 0.5% / 98.5%
        MAV survival 99.5% | UAV survivors 2.43
        Red kills 0.85 | Blue kills 0.57 | ep length 74.3
        actor loss [-0.025, -0.023, -0.017, -0.017]
        critic loss 868.274 | entropy 2.258
[TRAIN] 1,950,128 / 2,000,000 (97.5%)
        elapsed 00:43:45 | speed 540.9 steps/s | ETA 00:01:32
        episodes +664 / total 26309
        return 79.39 | W/B/D 0.3% / 1.8% / 97.9%
        MAV survival 98.2% | UAV survivors 2.32
        Red kills 1.01 | Blue kills 0.69 | ep length 73.9
        actor loss [-0.016, -0.021, -0.020, -0.019]
        critic loss 926.626 | entropy 2.194
[TRAIN] 2,000,000 / 2,000,000 (100.0%)
        elapsed 00:45:18 | speed 537.0 steps/s | ETA 00:00:00
        episodes +673 / total 26982
        return 104.67 | W/B/D 1.6% / 0.4% / 97.9%
        MAV survival 99.6% | UAV survivors 2.28
        Red kills 1.22 | Blue kills 0.71 | ep length 74.1
        actor loss [-0.022, -0.021, -0.019, -0.020]
        critic loss 1116.242 | entropy 2.149
[CKPT] milestone 2,000,000 crossed at step 2,000,000 | checkpoint_2000000.pt
[TRAIN] optimization finished at 2,000,000 steps
[FINAL EVAL] step 2,000,000 | nearest_red_aircraft
       win 0.0% | blue 2.0% | draw 98.0%
       return 54.09 | Red kills 0.77 | MAV survival 98.0%
============================================================
TRAINING COMPLETE
Steps: 2,000,000
Elapsed training time: 00:45:18
Final evaluation time: 00:01:36
Completed episodes: 26982
Final checkpoint: checkpoint_final.pt
Run folder: /mnt/c/Users/HPK/Desktop/2_uav/outputs/happo_v39_global_main_seed2_750k_20260917_144949
============================================================
