============================================================
HAPPO TRAINING
Run: happo_v35_4v4_main_seed3_2m_20260912_162659
Profile: main
Seed: 3
Device: cuda
Envs: 16
Method: baseline
Critic: mlp
Rollout: 128
Target steps: 2,000,000
Checkpoint interval: 500,000
Evaluation interval: disabled
Log interval: 100,000
============================================================
[TRAIN] 100,352 / 2,000,000 (5.0%)
        elapsed 00:02:42 | speed 618.5 steps/s | ETA 00:51:11
        episodes +1481 / total 1481
        return -50.39 | W/B/D 0.0% / 28.6% / 71.4%
        MAV survival 71.4% | UAV survivors 1.17
        Red kills 0.00 | Blue kills 0.08 | ep length 67.3
        actor loss [-0.020, -0.027, -0.026, -0.027]
        critic loss 1152.891 | entropy 2.812
[TRAIN] 200,704 / 2,000,000 (10.0%)
        elapsed 00:05:32 | speed 592.2 steps/s | ETA 00:50:39
        episodes +1350 / total 2831
        return 30.55 | W/B/D 0.0% / 1.1% / 98.9%
        MAV survival 98.9% | UAV survivors 2.90
        Red kills 0.00 | Blue kills 0.10 | ep length 74.5
        actor loss [-0.025, -0.029, -0.026, -0.026]
        critic loss 55.338 | entropy 2.927
[TRAIN] 301,056 / 2,000,000 (15.1%)
        elapsed 00:08:20 | speed 597.0 steps/s | ETA 00:47:26
        episodes +1345 / total 4176
        return 35.39 | W/B/D 0.0% / 1.4% / 98.6%
        MAV survival 98.6% | UAV survivors 2.88
        Red kills 0.00 | Blue kills 0.10 | ep length 74.6
        actor loss [-0.025, -0.024, -0.028, -0.024]
        critic loss 65.287 | entropy 3.095
[TRAIN] 401,408 / 2,000,000 (20.1%)
        elapsed 00:11:07 | speed 600.8 steps/s | ETA 00:44:21
        episodes +1340 / total 5516
        return 37.18 | W/B/D 0.0% / 0.6% / 99.4%
        MAV survival 99.4% | UAV survivors 2.77
        Red kills 0.01 | Blue kills 0.20 | ep length 74.9
        actor loss [-0.031, -0.031, -0.021, -0.025]
        critic loss 34.607 | entropy 3.215
[TRAIN] 501,760 / 2,000,000 (25.1%)
        elapsed 00:13:51 | speed 610.3 steps/s | ETA 00:40:55
        episodes +1344 / total 6860
        return 54.90 | W/B/D 0.0% / 0.8% / 99.2%
        MAV survival 99.2% | UAV survivors 2.81
        Red kills 0.37 | Blue kills 0.13 | ep length 74.8
        actor loss [-0.025, -0.026, -0.024, -0.025]
        critic loss 121.621 | entropy 3.263
[CKPT] milestone 500,000 crossed at step 501,760 | checkpoint_501760.pt
[TRAIN] 600,064 / 2,000,000 (30.0%)
        elapsed 00:16:30 | speed 619.3 steps/s | ETA 00:37:41
        episodes +1312 / total 8172
        return 70.31 | W/B/D 0.1% / 2.7% / 97.3%
        MAV survival 97.3% | UAV survivors 2.40
        Red kills 0.86 | Blue kills 0.35 | ep length 74.9
        actor loss [-0.024, -0.028, -0.027, -0.023]
        critic loss 268.494 | entropy 3.293
[TRAIN] 700,416 / 2,000,000 (35.0%)
        elapsed 00:19:12 | speed 621.2 steps/s | ETA 00:34:52
        episodes +1340 / total 9512
        return 79.22 | W/B/D 0.3% / 1.5% / 98.2%
        MAV survival 98.5% | UAV survivors 2.19
        Red kills 1.05 | Blue kills 0.36 | ep length 74.8
        actor loss [-0.019, -0.026, -0.023, -0.027]
        critic loss 244.479 | entropy 3.333
[TRAIN] 800,768 / 2,000,000 (40.0%)
        elapsed 00:22:01 | speed 592.1 steps/s | ETA 00:33:45
        episodes +1343 / total 10855
        return 105.21 | W/B/D 1.4% / 0.9% / 97.7%
        MAV survival 99.1% | UAV survivors 2.39
        Red kills 1.46 | Blue kills 0.52 | ep length 74.8
        actor loss [-0.026, -0.023, -0.022, -0.028]
        critic loss 277.483 | entropy 3.377
[TRAIN] 901,120 / 2,000,000 (45.1%)
        elapsed 00:25:33 | speed 473.6 steps/s | ETA 00:38:40
        episodes +1345 / total 12200
        return 122.23 | W/B/D 1.6% / 1.1% / 97.3%
        MAV survival 98.9% | UAV survivors 2.47
        Red kills 1.80 | Blue kills 0.51 | ep length 74.6
        actor loss [-0.025, -0.023, -0.029, -0.022]
        critic loss 300.798 | entropy 3.403
[TRAIN] 1,001,472 / 2,000,000 (50.1%)
        elapsed 00:28:34 | speed 555.6 steps/s | ETA 00:29:57
        episodes +1404 / total 13604
        return 145.39 | W/B/D 8.6% / 1.1% / 90.2%
        MAV survival 98.9% | UAV survivors 2.60
        Red kills 2.10 | Blue kills 0.40 | ep length 71.6
        actor loss [-0.025, -0.025, -0.024, -0.021]
        critic loss 491.613 | entropy 3.430
[CKPT] milestone 1,000,000 crossed at step 1,001,472 | checkpoint_1001472.pt
[TRAIN] 1,101,824 / 2,000,000 (55.1%)
        elapsed 00:31:32 | speed 561.7 steps/s | ETA 00:26:39
        episodes +1516 / total 15120
        return 163.40 | W/B/D 19.3% / 2.7% / 78.0%
        MAV survival 97.3% | UAV survivors 2.47
        Red kills 2.38 | Blue kills 0.55 | ep length 66.2
        actor loss [-0.024, -0.019, -0.022, -0.026]
        critic loss 984.014 | entropy 3.450
[TRAIN] 1,200,128 / 2,000,000 (60.0%)
        elapsed 00:34:30 | speed 553.8 steps/s | ETA 00:24:04
        episodes +1567 / total 16687
        return 188.19 | W/B/D 29.0% / 2.7% / 68.3%
        MAV survival 97.3% | UAV survivors 2.34
        Red kills 2.76 | Blue kills 0.68 | ep length 62.6
        actor loss [-0.021, -0.023, -0.026, -0.029]
        critic loss 943.258 | entropy 3.492
[TRAIN] 1,300,480 / 2,000,000 (65.0%)
        elapsed 00:37:06 | speed 642.5 steps/s | ETA 00:18:09
        episodes +1628 / total 18315
        return 192.67 | W/B/D 32.8% / 2.8% / 64.4%
        MAV survival 97.2% | UAV survivors 2.27
        Red kills 2.79 | Blue kills 0.73 | ep length 61.7
        actor loss [-0.022, -0.024, -0.026, -0.027]
        critic loss 933.920 | entropy 3.520
[TRAIN] 1,400,832 / 2,000,000 (70.0%)
        elapsed 00:40:08 | speed 550.3 steps/s | ETA 00:18:09
        episodes +1664 / total 19979
        return 196.72 | W/B/D 35.0% / 2.9% / 62.0%
        MAV survival 97.1% | UAV survivors 2.20
        Red kills 2.86 | Blue kills 0.81 | ep length 60.2
        actor loss [-0.025, -0.022, -0.024, -0.025]
        critic loss 960.069 | entropy 3.571
[TRAIN] 1,501,184 / 2,000,000 (75.1%)
        elapsed 00:42:39 | speed 666.5 steps/s | ETA 00:12:28
        episodes +1696 / total 21675
        return 201.18 | W/B/D 37.6% / 3.0% / 59.4%
        MAV survival 97.0% | UAV survivors 2.18
        Red kills 2.92 | Blue kills 0.83 | ep length 59.2
        actor loss [-0.027, -0.022, -0.023, -0.021]
        critic loss 971.438 | entropy 3.625
[CKPT] milestone 1,500,000 crossed at step 1,501,184 | checkpoint_1501184.pt
[TRAIN] 1,601,536 / 2,000,000 (80.1%)
        elapsed 00:45:18 | speed 628.6 steps/s | ETA 00:10:34
        episodes +1742 / total 23417
        return 204.06 | W/B/D 40.1% / 4.1% / 55.7%
        MAV survival 95.9% | UAV survivors 2.14
        Red kills 2.99 | Blue kills 0.88 | ep length 57.6
        actor loss [-0.024, -0.020, -0.021, -0.028]
        critic loss 1026.054 | entropy 3.660
[TRAIN] 1,701,888 / 2,000,000 (85.1%)
        elapsed 00:48:08 | speed 592.1 steps/s | ETA 00:08:23
        episodes +1742 / total 25159
        return 207.26 | W/B/D 40.3% / 2.5% / 57.2%
        MAV survival 97.5% | UAV survivors 2.13
        Red kills 2.99 | Blue kills 0.89 | ep length 57.6
        actor loss [-0.022, -0.022, -0.025, -0.026]
        critic loss 932.169 | entropy 3.709
[TRAIN] 1,800,192 / 2,000,000 (90.0%)
        elapsed 00:50:38 | speed 653.6 steps/s | ETA 00:05:06
        episodes +1724 / total 26883
        return 211.04 | W/B/D 43.0% / 3.0% / 54.0%
        MAV survival 97.0% | UAV survivors 2.12
        Red kills 3.05 | Blue kills 0.88 | ep length 57.0
        actor loss [-0.022, -0.023, -0.023, -0.026]
        critic loss 880.032 | entropy 3.749
[TRAIN] 1,900,544 / 2,000,000 (95.0%)
        elapsed 00:53:17 | speed 633.7 steps/s | ETA 00:02:37
        episodes +1730 / total 28613
        return 210.92 | W/B/D 40.6% / 2.0% / 57.4%
        MAV survival 98.0% | UAV survivors 2.18
        Red kills 3.03 | Blue kills 0.80 | ep length 58.1
        actor loss [-0.030, -0.017, -0.022, -0.028]
        critic loss 801.840 | entropy 3.822
[TRAIN] 2,000,000 / 2,000,000 (100.0%)
        elapsed 00:56:08 | speed 581.0 steps/s | ETA 00:00:00
        episodes +1709 / total 30322
        return 212.45 | W/B/D 40.4% / 1.2% / 58.4%
        MAV survival 98.8% | UAV survivors 2.28
        Red kills 3.02 | Blue kills 0.66 | ep length 58.2
        actor loss [-0.027, -0.021, -0.025, -0.023]
        critic loss 730.075 | entropy 3.869
[CKPT] milestone 2,000,000 crossed at step 2,000,000 | checkpoint_2000000.pt
[TRAIN] optimization finished at 2,000,000 steps
[FINAL EVAL] step 2,000,000 | nearest_red_aircraft
       win 43.0% | blue 0.0% | draw 57.0%
       return 216.93 | Red kills 2.98 | MAV survival 100.0%
============================================================
TRAINING COMPLETE
Steps: 2,000,000
Elapsed training time: 00:56:08
Final evaluation time: 00:01:34
Completed episodes: 30322
Final checkpoint: checkpoint_final.pt
Run folder: /mnt/c/Users/HPK/Desktop/2_uav/outputs/happo_v35_4v4_main_seed3_2m_20260912_162659
============================================================
