============================================================
HAPPO TRAINING
Run: happo_final_v35_main_seed2_2m_20260914_151936
Profile: main
Seed: 2
Device: cuda
Envs: 16
Method: baseline
Critic: mlp
Rollout: 128
Target steps: 2,000,000
Checkpoint interval: 1,000,000
Evaluation interval: disabled
Log interval: 100,000
============================================================
[TRAIN] 100,352 / 2,000,000 (5.0%)
        elapsed 00:03:06 | speed 539.6 steps/s | ETA 00:58:41
        episodes +1572 / total 1572
        return -55.54 | W/B/D 0.0% / 35.1% / 64.9%
        MAV survival 64.9% | UAV survivors 1.95
        Red kills 0.00 | Blue kills 0.03 | ep length 63.5
        actor loss [-0.021, -0.029, -0.026, -0.023]
        critic loss 1311.500 | entropy 3.480
[TRAIN] 200,704 / 2,000,000 (10.0%)
        elapsed 00:06:21 | speed 515.8 steps/s | ETA 00:58:08
        episodes +1338 / total 2910
        return 30.78 | W/B/D 0.0% / 1.0% / 99.0%
        MAV survival 99.0% | UAV survivors 2.87
        Red kills 0.00 | Blue kills 0.12 | ep length 74.9
        actor loss [-0.025, -0.026, -0.024, -0.027]
        critic loss 42.522 | entropy 3.431
[TRAIN] 301,056 / 2,000,000 (15.1%)
        elapsed 00:09:34 | speed 518.7 steps/s | ETA 00:54:36
        episodes +1340 / total 4250
        return 33.16 | W/B/D 0.0% / 0.5% / 99.5%
        MAV survival 99.5% | UAV survivors 2.81
        Red kills 0.00 | Blue kills 0.16 | ep length 74.9
        actor loss [-0.028, -0.020, -0.031, -0.030]
        critic loss 21.348 | entropy 3.441
[TRAIN] 401,408 / 2,000,000 (20.1%)
        elapsed 00:12:45 | speed 524.3 steps/s | ETA 00:50:49
        episodes +1341 / total 5591
        return 33.06 | W/B/D 0.0% / 2.3% / 97.7%
        MAV survival 97.7% | UAV survivors 2.86
        Red kills 0.03 | Blue kills 0.11 | ep length 74.8
        actor loss [-0.023, -0.025, -0.027, -0.022]
        critic loss 91.913 | entropy 3.428
[TRAIN] 501,760 / 2,000,000 (25.1%)
        elapsed 00:15:44 | speed 561.6 steps/s | ETA 00:44:28
        episodes +1350 / total 6941
        return 58.43 | W/B/D 0.2% / 4.1% / 95.7%
        MAV survival 95.9% | UAV survivors 2.52
        Red kills 0.64 | Blue kills 0.28 | ep length 74.4
        actor loss [-0.026, -0.026, -0.025, -0.024]
        critic loss 342.231 | entropy 3.349
[TRAIN] 600,064 / 2,000,000 (30.0%)
        elapsed 00:18:33 | speed 580.6 steps/s | ETA 00:40:11
        episodes +1329 / total 8270
        return 74.30 | W/B/D 1.5% / 5.4% / 93.1%
        MAV survival 94.6% | UAV survivors 2.39
        Red kills 1.01 | Blue kills 0.31 | ep length 74.0
        actor loss [-0.024, -0.021, -0.025, -0.030]
        critic loss 452.895 | entropy 3.269
[TRAIN] 700,416 / 2,000,000 (35.0%)
        elapsed 00:21:26 | speed 581.5 steps/s | ETA 00:37:15
        episodes +1358 / total 9628
        return 85.06 | W/B/D 1.9% / 2.8% / 95.3%
        MAV survival 97.2% | UAV survivors 2.56
        Red kills 1.08 | Blue kills 0.27 | ep length 73.9
        actor loss [-0.024, -0.024, -0.026, -0.024]
        critic loss 365.371 | entropy 3.168
[TRAIN] 800,768 / 2,000,000 (40.0%)
        elapsed 00:24:15 | speed 592.4 steps/s | ETA 00:33:44
        episodes +1366 / total 10994
        return 95.33 | W/B/D 3.0% / 2.0% / 94.9%
        MAV survival 98.0% | UAV survivors 2.14
        Red kills 1.34 | Blue kills 0.34 | ep length 73.5
        actor loss [-0.021, -0.023, -0.024, -0.024]
        critic loss 386.222 | entropy 3.056
[TRAIN] 901,120 / 2,000,000 (45.1%)
        elapsed 00:27:08 | speed 583.0 steps/s | ETA 00:31:25
        episodes +1419 / total 12413
        return 99.23 | W/B/D 5.2% / 7.9% / 86.9%
        MAV survival 92.1% | UAV survivors 2.47
        Red kills 1.55 | Blue kills 0.45 | ep length 70.6
        actor loss [-0.025, -0.026, -0.020, -0.023]
        critic loss 707.428 | entropy 2.992
[TRAIN] 1,001,472 / 2,000,000 (50.1%)
        elapsed 00:29:47 | speed 628.4 steps/s | ETA 00:26:29
        episodes +1424 / total 13837
        return 129.11 | W/B/D 10.7% / 2.0% / 87.3%
        MAV survival 98.0% | UAV survivors 1.91
        Red kills 1.92 | Blue kills 0.52 | ep length 70.6
        actor loss [-0.027, -0.024, -0.019, -0.022]
        critic loss 517.210 | entropy 2.903
[CKPT] milestone 1,000,000 crossed at step 1,001,472 | checkpoint_1001472.pt
[TRAIN] 1,101,824 / 2,000,000 (55.1%)
        elapsed 00:32:24 | speed 642.0 steps/s | ETA 00:23:19
        episodes +1432 / total 15269
        return 143.81 | W/B/D 13.4% / 0.8% / 85.8%
        MAV survival 99.2% | UAV survivors 1.61
        Red kills 2.20 | Blue kills 0.75 | ep length 69.9
        actor loss [-0.022, -0.025, -0.023, -0.024]
        critic loss 497.727 | entropy 2.813
[TRAIN] 1,200,128 / 2,000,000 (60.0%)
        elapsed 00:34:55 | speed 650.5 steps/s | ETA 00:20:30
        episodes +1435 / total 16704
        return 151.49 | W/B/D 17.6% / 1.6% / 80.8%
        MAV survival 98.4% | UAV survivors 1.57
        Red kills 2.33 | Blue kills 0.82 | ep length 68.6
        actor loss [-0.027, -0.024, -0.019, -0.023]
        critic loss 568.846 | entropy 2.723
[TRAIN] 1,300,480 / 2,000,000 (65.0%)
        elapsed 00:37:39 | speed 610.0 steps/s | ETA 00:19:07
        episodes +1477 / total 18181
        return 156.85 | W/B/D 19.7% / 0.9% / 79.4%
        MAV survival 99.1% | UAV survivors 1.52
        Red kills 2.38 | Blue kills 0.90 | ep length 67.9
        actor loss [-0.021, -0.022, -0.019, -0.020]
        critic loss 613.223 | entropy 2.615
[TRAIN] 1,400,832 / 2,000,000 (70.0%)
        elapsed 00:40:10 | speed 665.5 steps/s | ETA 00:15:00
        episodes +1513 / total 19694
        return 173.58 | W/B/D 23.9% / 0.0% / 76.1%
        MAV survival 100.0% | UAV survivors 1.63
        Red kills 2.60 | Blue kills 0.74 | ep length 66.2
        actor loss [-0.019, -0.027, -0.020, -0.024]
        critic loss 569.986 | entropy 2.519
[TRAIN] 1,501,184 / 2,000,000 (75.1%)
        elapsed 00:42:43 | speed 655.9 steps/s | ETA 00:12:40
        episodes +1549 / total 21243
        return 181.77 | W/B/D 28.3% / 0.1% / 71.6%
        MAV survival 99.9% | UAV survivors 1.59
        Red kills 2.69 | Blue kills 0.87 | ep length 65.0
        actor loss [-0.026, -0.022, -0.017, -0.021]
        critic loss 631.957 | entropy 2.401
[TRAIN] 1,601,536 / 2,000,000 (80.1%)
        elapsed 00:45:12 | speed 673.3 steps/s | ETA 00:09:52
        episodes +1546 / total 22789
        return 180.85 | W/B/D 28.8% / 0.1% / 71.1%
        MAV survival 99.9% | UAV survivors 1.57
        Red kills 2.67 | Blue kills 0.77 | ep length 64.8
        actor loss [-0.024, -0.021, -0.020, -0.019]
        critic loss 611.042 | entropy 2.293
[TRAIN] 1,701,888 / 2,000,000 (85.1%)
        elapsed 00:47:40 | speed 676.2 steps/s | ETA 00:07:21
        episodes +1582 / total 24371
        return 189.53 | W/B/D 32.7% / 0.1% / 67.2%
        MAV survival 99.9% | UAV survivors 1.61
        Red kills 2.77 | Blue kills 0.78 | ep length 63.4
        actor loss [-0.021, -0.023, -0.018, -0.019]
        critic loss 603.237 | entropy 2.199
[TRAIN] 1,800,192 / 2,000,000 (90.0%)
        elapsed 00:50:08 | speed 664.8 steps/s | ETA 00:05:01
        episodes +1577 / total 25948
        return 192.90 | W/B/D 35.8% / 0.1% / 64.1%
        MAV survival 99.9% | UAV survivors 1.64
        Red kills 2.77 | Blue kills 0.77 | ep length 62.3
        actor loss [-0.022, -0.021, -0.019, -0.017]
        critic loss 642.512 | entropy 2.118
[TRAIN] 1,900,544 / 2,000,000 (95.0%)
        elapsed 00:52:43 | speed 648.6 steps/s | ETA 00:02:33
        episodes +1607 / total 27555
        return 191.75 | W/B/D 35.3% / 1.1% / 63.5%
        MAV survival 98.9% | UAV survivors 1.66
        Red kills 2.79 | Blue kills 0.78 | ep length 62.4
        actor loss [-0.024, -0.021, -0.019, -0.016]
        critic loss 717.697 | entropy 2.052
[TRAIN] 2,000,000 / 2,000,000 (100.0%)
        elapsed 00:55:17 | speed 644.3 steps/s | ETA 00:00:00
        episodes +1652 / total 29207
        return 204.80 | W/B/D 41.5% / 0.5% / 57.9%
        MAV survival 99.5% | UAV survivors 1.64
        Red kills 2.93 | Blue kills 0.82 | ep length 60.2
        actor loss [-0.023, -0.019, -0.021, -0.015]
        critic loss 671.185 | entropy 1.960
[CKPT] milestone 2,000,000 crossed at step 2,000,000 | checkpoint_2000000.pt
[TRAIN] optimization finished at 2,000,000 steps
[FINAL EVAL] step 2,000,000 | nearest_red_aircraft
       win 46.5% | blue 0.0% | draw 53.5%
       return 214.40 | Red kills 3.00 | MAV survival 100.0%
============================================================
TRAINING COMPLETE
Steps: 2,000,000
Elapsed training time: 00:55:17
Final evaluation time: 00:01:46
Completed episodes: 29207
Final checkpoint: checkpoint_final.pt
Run folder: /mnt/c/Users/HPK/Desktop/2_uav/outputs/happo_final_v35_main_seed2_2m_20260914_151936
============================================================
