nohup: ignoring input
============================================================
HAPPO TRAINING
Run: happo_v35_4v4_main_seed1_2m_20260911_142609
Profile: main
Seed: 1
Device: cuda
Envs: 16
Method: baseline
Critic: mlp
Rollout: 128
Target steps: 2,000,000
Checkpoint interval: 500,000
Evaluation interval: disabled
Log interval: 100,000
============================================================
[TRAIN] 100,352 / 2,000,000 (5.0%)
        elapsed 00:03:38 | speed 461.0 steps/s | ETA 01:08:41
        episodes +1359 / total 1359
        return 4.57 | W/B/D 0.0% / 7.4% / 92.6%
        MAV survival 92.6% | UAV survivors 2.08
        Red kills 0.00 | Blue kills 0.07 | ep length 73.4
        actor loss [-0.025, -0.022, -0.022, -0.023]
        critic loss 303.208 | entropy 2.811
[TRAIN] 200,704 / 2,000,000 (10.0%)
        elapsed 00:07:47 | speed 402.8 steps/s | ETA 01:14:27
        episodes +1358 / total 2717
        return 25.37 | W/B/D 0.0% / 3.5% / 96.5%
        MAV survival 96.5% | UAV survivors 2.77
        Red kills 0.00 | Blue kills 0.25 | ep length 73.9
        actor loss [-0.025, -0.027, -0.027, -0.023]
        critic loss 165.697 | entropy 2.969
[TRAIN] 301,056 / 2,000,000 (15.1%)
        elapsed 00:11:00 | speed 518.3 steps/s | ETA 00:54:38
        episodes +1349 / total 4066
        return 54.85 | W/B/D 0.3% / 4.1% / 95.6%
        MAV survival 95.9% | UAV survivors 2.56
        Red kills 0.57 | Blue kills 0.27 | ep length 74.4
        actor loss [-0.028, -0.024, -0.028, -0.019]
        critic loss 325.631 | entropy 3.118
[TRAIN] 401,408 / 2,000,000 (20.1%)
        elapsed 00:14:24 | speed 493.1 steps/s | ETA 00:54:02
        episodes +1399 / total 5465
        return 110.68 | W/B/D 6.9% / 2.0% / 91.1%
        MAV survival 98.0% | UAV survivors 2.39
        Red kills 1.51 | Blue kills 0.50 | ep length 71.8
        actor loss [-0.024, -0.022, -0.022, -0.024]
        critic loss 625.531 | entropy 3.122
[TRAIN] 501,760 / 2,000,000 (25.1%)
        elapsed 00:18:02 | speed 460.2 steps/s | ETA 00:54:15
        episodes +1442 / total 6907
        return 134.41 | W/B/D 13.0% / 1.5% / 85.6%
        MAV survival 98.5% | UAV survivors 2.32
        Red kills 1.90 | Blue kills 0.51 | ep length 69.7
        actor loss [-0.023, -0.025, -0.025, -0.023]
        critic loss 782.958 | entropy 3.122
[CKPT] milestone 500,000 crossed at step 501,760 | checkpoint_501760.pt
[TRAIN] 600,064 / 2,000,000 (30.0%)
        elapsed 00:20:57 | speed 560.5 steps/s | ETA 00:41:37
        episodes +1480 / total 8387
        return 162.50 | W/B/D 22.0% / 1.4% / 76.6%
        MAV survival 98.6% | UAV survivors 2.41
        Red kills 2.29 | Blue kills 0.47 | ep length 66.5
        actor loss [-0.026, -0.027, -0.019, -0.023]
        critic loss 948.000 | entropy 3.124
[TRAIN] 700,416 / 2,000,000 (35.0%)
        elapsed 00:23:57 | speed 559.9 steps/s | ETA 00:38:41
        episodes +1522 / total 9909
        return 177.33 | W/B/D 25.4% / 2.2% / 72.5%
        MAV survival 97.8% | UAV survivors 2.51
        Red kills 2.54 | Blue kills 0.39 | ep length 65.9
        actor loss [-0.025, -0.028, -0.021, -0.030]
        critic loss 907.735 | entropy 3.175
[TRAIN] 800,768 / 2,000,000 (40.0%)
        elapsed 00:26:58 | speed 554.7 steps/s | ETA 00:36:02
        episodes +1583 / total 11492
        return 183.99 | W/B/D 29.9% / 3.8% / 66.3%
        MAV survival 96.2% | UAV survivors 2.45
        Red kills 2.69 | Blue kills 0.53 | ep length 63.4
        actor loss [-0.027, -0.030, -0.026, -0.022]
        critic loss 1042.221 | entropy 3.200
[TRAIN] 901,120 / 2,000,000 (45.1%)
        elapsed 00:29:47 | speed 593.0 steps/s | ETA 00:30:53
        episodes +1578 / total 13070
        return 179.66 | W/B/D 27.7% / 2.5% / 69.8%
        MAV survival 97.5% | UAV survivors 2.36
        Red kills 2.60 | Blue kills 0.59 | ep length 63.6
        actor loss [-0.023, -0.022, -0.028, -0.025]
        critic loss 916.573 | entropy 3.236
[TRAIN] 1,001,472 / 2,000,000 (50.1%)
        elapsed 00:33:08 | speed 498.4 steps/s | ETA 00:33:23
        episodes +1663 / total 14733
        return 200.30 | W/B/D 36.3% / 1.7% / 61.9%
        MAV survival 98.3% | UAV survivors 2.38
        Red kills 2.84 | Blue kills 0.52 | ep length 60.3
        actor loss [-0.023, -0.031, -0.028, -0.019]
        critic loss 947.504 | entropy 3.250
[CKPT] milestone 1,000,000 crossed at step 1,001,472 | checkpoint_1001472.pt
[TRAIN] 1,101,824 / 2,000,000 (55.1%)
        elapsed 00:36:04 | speed 571.0 steps/s | ETA 00:26:13
        episodes +1657 / total 16390
        return 201.50 | W/B/D 36.9% / 0.7% / 62.3%
        MAV survival 99.3% | UAV survivors 2.22
        Red kills 2.86 | Blue kills 0.50 | ep length 60.7
        actor loss [-0.028, -0.026, -0.025, -0.028]
        critic loss 918.709 | entropy 3.249
[TRAIN] 1,200,128 / 2,000,000 (60.0%)
        elapsed 00:39:02 | speed 550.7 steps/s | ETA 00:24:12
        episodes +1637 / total 18027
        return 203.71 | W/B/D 37.8% / 0.9% / 61.3%
        MAV survival 99.1% | UAV survivors 2.41
        Red kills 2.85 | Blue kills 0.39 | ep length 60.0
        actor loss [-0.027, -0.020, -0.030, -0.024]
        critic loss 1013.064 | entropy 3.299
[TRAIN] 1,300,480 / 2,000,000 (65.0%)
        elapsed 00:41:58 | speed 571.4 steps/s | ETA 00:20:24
        episodes +1711 / total 19738
        return 212.80 | W/B/D 40.1% / 1.5% / 58.4%
        MAV survival 98.5% | UAV survivors 2.66
        Red kills 2.96 | Blue kills 0.29 | ep length 58.7
        actor loss [-0.029, -0.023, -0.024, -0.025]
        critic loss 947.065 | entropy 3.352
[TRAIN] 1,400,832 / 2,000,000 (70.0%)
        elapsed 00:45:23 | speed 489.9 steps/s | ETA 00:20:23
        episodes +1835 / total 21573
        return 223.34 | W/B/D 48.2% / 2.8% / 48.9%
        MAV survival 97.2% | UAV survivors 2.77
        Red kills 3.09 | Blue kills 0.24 | ep length 54.7
        actor loss [-0.023, -0.022, -0.025, -0.026]
        critic loss 1168.186 | entropy 3.393
[TRAIN] 1,501,184 / 2,000,000 (75.1%)
        elapsed 00:48:28 | speed 542.0 steps/s | ETA 00:15:20
        episodes +1836 / total 23409
        return 228.85 | W/B/D 50.3% / 2.0% / 47.7%
        MAV survival 98.0% | UAV survivors 2.81
        Red kills 3.12 | Blue kills 0.21 | ep length 54.6
        actor loss [-0.023, -0.025, -0.026, -0.024]
        critic loss 1065.158 | entropy 3.443
[CKPT] milestone 1,500,000 crossed at step 1,501,184 | checkpoint_1501184.pt
[TRAIN] 1,601,536 / 2,000,000 (80.1%)
        elapsed 00:51:30 | speed 551.6 steps/s | ETA 00:12:02
        episodes +1811 / total 25220
        return 233.62 | W/B/D 49.6% / 0.8% / 49.5%
        MAV survival 99.2% | UAV survivors 2.75
        Red kills 3.19 | Blue kills 0.25 | ep length 55.5
        actor loss [-0.025, -0.021, -0.027, -0.024]
        critic loss 829.769 | entropy 3.497
[TRAIN] 1,701,888 / 2,000,000 (85.1%)
        elapsed 00:54:55 | speed 488.7 steps/s | ETA 00:10:10
        episodes +1797 / total 27017
        return 228.40 | W/B/D 47.4% / 2.0% / 50.6%
        MAV survival 98.0% | UAV survivors 2.74
        Red kills 3.17 | Blue kills 0.25 | ep length 55.8
        actor loss [-0.026, -0.023, -0.022, -0.026]
        critic loss 883.738 | entropy 3.519
[TRAIN] 1,800,192 / 2,000,000 (90.0%)
        elapsed 00:57:52 | speed 555.4 steps/s | ETA 00:06:00
        episodes +1807 / total 28824
        return 226.41 | W/B/D 50.0% / 2.9% / 47.1%
        MAV survival 97.1% | UAV survivors 2.68
        Red kills 3.14 | Blue kills 0.28 | ep length 54.4
        actor loss [-0.024, -0.025, -0.020, -0.026]
        critic loss 1015.651 | entropy 3.553
[TRAIN] 1,900,544 / 2,000,000 (95.0%)
        elapsed 01:00:58 | speed 540.7 steps/s | ETA 00:03:04
        episodes +1823 / total 30647
        return 225.90 | W/B/D 50.3% / 3.2% / 46.5%
        MAV survival 96.8% | UAV survivors 2.66
        Red kills 3.13 | Blue kills 0.33 | ep length 55.0
        actor loss [-0.025, -0.024, -0.025, -0.025]
        critic loss 995.802 | entropy 3.591
[TRAIN] 2,000,000 / 2,000,000 (100.0%)
        elapsed 01:04:41 | speed 446.4 steps/s | ETA 00:00:00
        episodes +1856 / total 32503
        return 231.06 | W/B/D 53.0% / 4.1% / 42.9%
        MAV survival 95.9% | UAV survivors 2.65
        Red kills 3.22 | Blue kills 0.36 | ep length 53.6
        actor loss [-0.027, -0.031, -0.029, -0.022]
        critic loss 1047.103 | entropy 3.610
[CKPT] milestone 2,000,000 crossed at step 2,000,000 | checkpoint_2000000.pt
[TRAIN] optimization finished at 2,000,000 steps
[FINAL EVAL] step 2,000,000 | nearest_red_aircraft
       win 39.5% | blue 1.5% | draw 59.0%
       return 205.27 | Red kills 2.82 | MAV survival 98.5%
============================================================
TRAINING COMPLETE
Steps: 2,000,000
Elapsed training time: 01:04:41
Final evaluation time: 00:01:57
Completed episodes: 32503
Final checkpoint: checkpoint_final.pt
Run folder: /mnt/c/Users/HPK/Desktop/2_uav/outputs/happo_v35_4v4_main_seed1_2m_20260911_142609
============================================================
