============================================================
HAPPO TRAINING
Run: happo_final_v35_main_seed5_2m_20260914_231155
Profile: main
Seed: 5
Device: cuda
Envs: 16
Method: baseline
Critic: mlp
Rollout: 128
Target steps: 2,000,000
Checkpoint interval: 1,000,000
Evaluation interval: disabled
Log interval: 100,000
============================================================
[TRAIN] 100,352 / 2,000,000 (5.0%)
        elapsed 00:02:56 | speed 571.1 steps/s | ETA 00:55:26
        episodes +1346 / total 1346
        return 8.95 | W/B/D 0.0% / 5.0% / 95.0%
        MAV survival 95.0% | UAV survivors 1.98
        Red kills 0.00 | Blue kills 0.05 | ep length 74.1
        actor loss [-0.024, -0.027, -0.025, -0.028]
        critic loss 214.555 | entropy 3.480
[TRAIN] 200,704 / 2,000,000 (10.0%)
        elapsed 00:06:26 | speed 476.5 steps/s | ETA 01:02:56
        episodes +1340 / total 2686
        return 33.62 | W/B/D 0.0% / 0.7% / 99.3%
        MAV survival 99.3% | UAV survivors 2.87
        Red kills 0.00 | Blue kills 0.08 | ep length 74.9
        actor loss [-0.029, -0.028, -0.021, -0.026]
        critic loss 34.771 | entropy 3.460
[TRAIN] 301,056 / 2,000,000 (15.1%)
        elapsed 00:09:40 | speed 519.0 steps/s | ETA 00:54:33
        episodes +1344 / total 4030
        return 32.16 | W/B/D 0.0% / 1.8% / 98.2%
        MAV survival 98.2% | UAV survivors 2.96
        Red kills 0.00 | Blue kills 0.04 | ep length 74.6
        actor loss [-0.022, -0.027, -0.023, -0.028]
        critic loss 76.901 | entropy 3.441
[TRAIN] 401,408 / 2,000,000 (20.1%)
        elapsed 00:12:50 | speed 527.1 steps/s | ETA 00:50:33
        episodes +1338 / total 5368
        return 37.13 | W/B/D 0.0% / 0.0% / 100.0%
        MAV survival 100.0% | UAV survivors 2.86
        Red kills 0.00 | Blue kills 0.13 | ep length 75.0
        actor loss [-0.023, -0.026, -0.023, -0.024]
        critic loss 2.442 | entropy 3.472
[TRAIN] 501,760 / 2,000,000 (25.1%)
        elapsed 00:16:00 | speed 527.4 steps/s | ETA 00:47:21
        episodes +1339 / total 6707
        return 37.34 | W/B/D 0.0% / 0.3% / 99.7%
        MAV survival 99.7% | UAV survivors 2.88
        Red kills 0.00 | Blue kills 0.10 | ep length 75.0
        actor loss [-0.021, -0.025, -0.022, -0.024]
        critic loss 15.471 | entropy 3.470
[TRAIN] 600,064 / 2,000,000 (30.0%)
        elapsed 00:19:04 | speed 533.9 steps/s | ETA 00:43:42
        episodes +1315 / total 8022
        return 35.40 | W/B/D 0.0% / 1.2% / 98.8%
        MAV survival 98.8% | UAV survivors 2.91
        Red kills 0.00 | Blue kills 0.09 | ep length 74.8
        actor loss [-0.027, -0.018, -0.022, -0.026]
        critic loss 47.445 | entropy 3.483
[TRAIN] 700,416 / 2,000,000 (35.0%)
        elapsed 00:22:39 | speed 466.9 steps/s | ETA 00:46:23
        episodes +1338 / total 9360
        return 33.19 | W/B/D 0.0% / 2.1% / 97.9%
        MAV survival 97.9% | UAV survivors 2.73
        Red kills 0.00 | Blue kills 0.27 | ep length 75.0
        actor loss [-0.020, -0.023, -0.027, -0.020]
        critic loss 81.112 | entropy 3.499
[TRAIN] 800,768 / 2,000,000 (40.0%)
        elapsed 00:25:43 | speed 547.0 steps/s | ETA 00:36:32
        episodes +1338 / total 10698
        return 35.72 | W/B/D 0.0% / 1.0% / 99.0%
        MAV survival 99.0% | UAV survivors 2.73
        Red kills 0.00 | Blue kills 0.27 | ep length 74.9
        actor loss [-0.026, -0.024, -0.028, -0.019]
        critic loss 35.722 | entropy 3.518
[TRAIN] 901,120 / 2,000,000 (45.1%)
        elapsed 00:28:48 | speed 543.0 steps/s | ETA 00:33:44
        episodes +1340 / total 12038
        return 38.41 | W/B/D 0.0% / 0.1% / 99.9%
        MAV survival 99.9% | UAV survivors 2.83
        Red kills 0.00 | Blue kills 0.17 | ep length 75.0
        actor loss [-0.022, -0.021, -0.023, -0.023]
        critic loss 8.602 | entropy 3.529
[TRAIN] 1,001,472 / 2,000,000 (50.1%)
        elapsed 00:31:56 | speed 532.7 steps/s | ETA 00:31:14
        episodes +1339 / total 13377
        return 39.01 | W/B/D 0.0% / 0.4% / 99.6%
        MAV survival 99.6% | UAV survivors 2.90
        Red kills 0.00 | Blue kills 0.09 | ep length 74.9
        actor loss [-0.021, -0.017, -0.027, -0.021]
        critic loss 18.408 | entropy 3.545
[CKPT] milestone 1,000,000 crossed at step 1,001,472 | checkpoint_1001472.pt
[TRAIN] 1,101,824 / 2,000,000 (55.1%)
        elapsed 00:35:29 | speed 472.3 steps/s | ETA 00:31:42
        episodes +1339 / total 14716
        return 40.04 | W/B/D 0.0% / 0.1% / 99.9%
        MAV survival 99.9% | UAV survivors 2.92
        Red kills 0.00 | Blue kills 0.06 | ep length 75.0
        actor loss [-0.022, -0.022, -0.022, -0.026]
        critic loss 8.388 | entropy 3.556
[TRAIN] 1,200,128 / 2,000,000 (60.0%)
        elapsed 00:38:38 | speed 518.3 steps/s | ETA 00:25:43
        episodes +1312 / total 16028
        return 38.51 | W/B/D 0.0% / 0.8% / 99.2%
        MAV survival 99.2% | UAV survivors 2.90
        Red kills 0.01 | Blue kills 0.09 | ep length 74.9
        actor loss [-0.019, -0.025, -0.029, -0.020]
        critic loss 34.990 | entropy 3.540
[TRAIN] 1,300,480 / 2,000,000 (65.0%)
        elapsed 00:41:57 | speed 504.4 steps/s | ETA 00:23:07
        episodes +1342 / total 17370
        return 34.79 | W/B/D 0.0% / 2.0% / 98.0%
        MAV survival 98.0% | UAV survivors 2.79
        Red kills 0.01 | Blue kills 0.15 | ep length 74.8
        actor loss [-0.023, -0.019, -0.022, -0.016]
        critic loss 95.187 | entropy 3.533
[TRAIN] 1,400,832 / 2,000,000 (70.0%)
        elapsed 00:45:25 | speed 482.1 steps/s | ETA 00:20:43
        episodes +1339 / total 18709
        return 36.54 | W/B/D 0.0% / 1.0% / 99.0%
        MAV survival 99.0% | UAV survivors 2.72
        Red kills 0.00 | Blue kills 0.21 | ep length 74.9
        actor loss [-0.023, -0.028, -0.022, -0.028]
        critic loss 42.681 | entropy 3.533
[TRAIN] 1,501,184 / 2,000,000 (75.1%)
        elapsed 00:48:29 | speed 545.7 steps/s | ETA 00:15:14
        episodes +1336 / total 20045
        return 39.56 | W/B/D 0.0% / 0.0% / 100.0%
        MAV survival 100.0% | UAV survivors 2.87
        Red kills 0.00 | Blue kills 0.10 | ep length 75.0
        actor loss [-0.022, -0.025, -0.023, -0.020]
        critic loss 2.118 | entropy 3.494
[TRAIN] 1,601,536 / 2,000,000 (80.1%)
        elapsed 00:52:02 | speed 472.1 steps/s | ETA 00:14:04
        episodes +1341 / total 21386
        return 37.22 | W/B/D 0.0% / 1.2% / 98.8%
        MAV survival 98.8% | UAV survivors 2.92
        Red kills 0.00 | Blue kills 0.06 | ep length 75.0
        actor loss [-0.021, -0.025, -0.024, -0.023]
        critic loss 51.391 | entropy 3.498
[TRAIN] 1,701,888 / 2,000,000 (85.1%)
        elapsed 00:55:08 | speed 539.3 steps/s | ETA 00:09:13
        episodes +1337 / total 22723
        return 38.83 | W/B/D 0.0% / 0.6% / 99.4%
        MAV survival 99.4% | UAV survivors 2.91
        Red kills 0.01 | Blue kills 0.07 | ep length 75.0
        actor loss [-0.022, -0.022, -0.023, -0.021]
        critic loss 28.739 | entropy 3.523
[TRAIN] 1,800,192 / 2,000,000 (90.0%)
        elapsed 00:58:12 | speed 535.2 steps/s | ETA 00:06:13
        episodes +1313 / total 24036
        return 39.51 | W/B/D 0.0% / 0.3% / 99.7%
        MAV survival 99.7% | UAV survivors 2.90
        Red kills 0.00 | Blue kills 0.09 | ep length 74.9
        actor loss [-0.021, -0.022, -0.024, -0.022]
        critic loss 15.309 | entropy 3.494
[TRAIN] 1,900,544 / 2,000,000 (95.0%)
        elapsed 01:01:49 | speed 461.8 steps/s | ETA 00:03:35
        episodes +1338 / total 25374
        return 38.21 | W/B/D 0.0% / 0.8% / 99.2%
        MAV survival 99.2% | UAV survivors 2.92
        Red kills 0.00 | Blue kills 0.08 | ep length 75.0
        actor loss [-0.022, -0.025, -0.019, -0.023]
        critic loss 34.109 | entropy 3.512
[TRAIN] 2,000,000 / 2,000,000 (100.0%)
        elapsed 01:04:58 | speed 525.3 steps/s | ETA 00:00:00
        episodes +1326 / total 26700
        return 38.80 | W/B/D 0.0% / 0.6% / 99.4%
        MAV survival 99.4% | UAV survivors 2.94
        Red kills 0.00 | Blue kills 0.05 | ep length 74.9
        actor loss [-0.020, -0.025, -0.022, -0.021]
        critic loss 26.279 | entropy 3.529
[CKPT] milestone 2,000,000 crossed at step 2,000,000 | checkpoint_2000000.pt
[TRAIN] optimization finished at 2,000,000 steps
[FINAL EVAL] step 2,000,000 | nearest_red_aircraft
       win 0.0% | blue 0.0% | draw 100.0%
       return 39.52 | Red kills 0.00 | MAV survival 100.0%
============================================================
TRAINING COMPLETE
Steps: 2,000,000
Elapsed training time: 01:04:58
Final evaluation time: 00:02:46
Completed episodes: 26700
Final checkpoint: checkpoint_final.pt
Run folder: /mnt/c/Users/HPK/Desktop/2_uav/outputs/happo_final_v35_main_seed5_2m_20260914_231155
============================================================
