============================================================
HAPPO TRAINING
Run: happo_e001_screen_main_seed2_1m_20260913_100852
Profile: main
Seed: 2
Device: cuda
Envs: 16
Method: baseline
Critic: mlp
Rollout: 128
Target steps: 1,000,000
Checkpoint interval: 500,000
Evaluation interval: disabled
Log interval: 100,000
============================================================
[TRAIN] 100,352 / 1,000,000 (10.0%)
        elapsed 00:02:38 | speed 633.4 steps/s | ETA 00:23:40
        episodes +1527 / total 1527
        return -50.24 | W/B/D 0.0% / 33.0% / 67.0%
        MAV survival 67.0% | UAV survivors 1.97
        Red kills 0.00 | Blue kills 0.04 | ep length 65.3
        actor loss [-0.019, -0.030, -0.026, -0.022]
        critic loss 1219.834 | entropy 2.730
[TRAIN] 200,704 / 1,000,000 (20.1%)
        elapsed 00:05:31 | speed 583.1 steps/s | ETA 00:22:51
        episodes +1354 / total 2881
        return 27.87 | W/B/D 0.0% / 2.6% / 97.4%
        MAV survival 97.4% | UAV survivors 2.90
        Red kills 0.00 | Blue kills 0.06 | ep length 74.2
        actor loss [-0.024, -0.024, -0.024, -0.026]
        critic loss 110.885 | entropy 2.730
[TRAIN] 301,056 / 1,000,000 (30.1%)
        elapsed 00:08:30 | speed 559.7 steps/s | ETA 00:20:49
        episodes +1344 / total 4225
        return 34.78 | W/B/D 0.0% / 0.8% / 99.2%
        MAV survival 99.2% | UAV survivors 2.93
        Red kills 0.00 | Blue kills 0.07 | ep length 74.6
        actor loss [-0.024, -0.019, -0.027, -0.026]
        critic loss 41.161 | entropy 2.727
[TRAIN] 401,408 / 1,000,000 (40.1%)
        elapsed 00:11:37 | speed 535.1 steps/s | ETA 00:18:39
        episodes +1344 / total 5569
        return 35.68 | W/B/D 0.0% / 1.0% / 99.0%
        MAV survival 99.0% | UAV survivors 2.90
        Red kills 0.00 | Blue kills 0.10 | ep length 74.7
        actor loss [-0.024, -0.025, -0.027, -0.023]
        critic loss 47.386 | entropy 2.744
[TRAIN] 501,760 / 1,000,000 (50.2%)
        elapsed 00:14:59 | speed 497.7 steps/s | ETA 00:16:41
        episodes +1345 / total 6914
        return 37.64 | W/B/D 0.0% / 0.7% / 99.3%
        MAV survival 99.3% | UAV survivors 2.96
        Red kills 0.00 | Blue kills 0.03 | ep length 74.7
        actor loss [-0.025, -0.026, -0.023, -0.024]
        critic loss 28.978 | entropy 2.749
[CKPT] milestone 500,000 crossed at step 501,760 | checkpoint_501760.pt
[TRAIN] 600,064 / 1,000,000 (60.0%)
        elapsed 00:18:15 | speed 501.4 steps/s | ETA 00:13:18
        episodes +1312 / total 8226
        return 39.71 | W/B/D 0.0% / 0.3% / 99.7%
        MAV survival 99.7% | UAV survivors 2.93
        Red kills 0.00 | Blue kills 0.06 | ep length 74.9
        actor loss [-0.024, -0.020, -0.025, -0.032]
        critic loss 14.933 | entropy 2.721
[TRAIN] 700,416 / 1,000,000 (70.0%)
        elapsed 00:21:33 | speed 507.8 steps/s | ETA 00:09:50
        episodes +1338 / total 9564
        return 40.08 | W/B/D 0.0% / 0.4% / 99.6%
        MAV survival 99.6% | UAV survivors 2.95
        Red kills 0.00 | Blue kills 0.03 | ep length 74.9
        actor loss [-0.023, -0.023, -0.024, -0.025]
        critic loss 18.590 | entropy 2.691
[TRAIN] 800,768 / 1,000,000 (80.1%)
        elapsed 00:24:53 | speed 501.6 steps/s | ETA 00:06:37
        episodes +1340 / total 10904
        return 40.76 | W/B/D 0.0% / 0.4% / 99.6%
        MAV survival 99.6% | UAV survivors 2.97
        Red kills 0.00 | Blue kills 0.03 | ep length 74.9
        actor loss [-0.021, -0.021, -0.022, -0.024]
        critic loss 16.495 | entropy 2.656
[TRAIN] 901,120 / 1,000,000 (90.1%)
        elapsed 00:28:30 | speed 462.6 steps/s | ETA 00:03:34
        episodes +1343 / total 12247
        return 41.64 | W/B/D 0.0% / 0.3% / 99.7%
        MAV survival 99.7% | UAV survivors 2.96
        Red kills 0.00 | Blue kills 0.05 | ep length 74.9
        actor loss [-0.027, -0.027, -0.022, -0.024]
        critic loss 15.678 | entropy 2.633
[TRAIN] 1,000,000 / 1,000,000 (100.0%)
        elapsed 00:31:38 | speed 525.3 steps/s | ETA 00:00:00
        episodes +1321 / total 13568
        return 41.11 | W/B/D 0.0% / 0.9% / 99.1%
        MAV survival 99.1% | UAV survivors 2.96
        Red kills 0.00 | Blue kills 0.04 | ep length 74.7
        actor loss [-0.028, -0.021, -0.019, -0.023]
        critic loss 37.013 | entropy 2.634
[CKPT] milestone 1,000,000 crossed at step 1,000,000 | checkpoint_1000000.pt
[TRAIN] optimization finished at 1,000,000 steps
[FINAL EVAL] step 1,000,000 | nearest_red_aircraft
       win 0.0% | blue 2.0% | draw 98.0%
       return 38.46 | Red kills 0.00 | MAV survival 98.0%
============================================================
TRAINING COMPLETE
Steps: 1,000,000
Elapsed training time: 00:31:38
Final evaluation time: 00:02:40
Completed episodes: 13568
Final checkpoint: checkpoint_final.pt
Run folder: /mnt/c/Users/HPK/Desktop/2_uav/outputs/happo_e001_screen_main_seed2_1m_20260913_100852
============================================================
