============================================================
HAPPO TRAINING
Run: happo_v35_4v4_main_seed2_2m_20260912_140601
Profile: main
Seed: 2
Device: cuda
Envs: 16
Method: baseline
Critic: mlp
Rollout: 128
Target steps: 2,000,000
Checkpoint interval: 500,000
Evaluation interval: disabled
Log interval: 100,000
============================================================
[TRAIN] 100,352 / 2,000,000 (5.0%)
        elapsed 00:02:43 | speed 616.1 steps/s | ETA 00:51:24
        episodes +1573 / total 1573
        return -62.03 | W/B/D 0.0% / 38.9% / 61.1%
        MAV survival 61.1% | UAV survivors 2.05
        Red kills 0.00 | Blue kills 0.02 | ep length 63.3
        actor loss [-0.022, -0.028, -0.026, -0.022]
        critic loss 1408.422 | entropy 2.809
[TRAIN] 200,704 / 2,000,000 (10.0%)
        elapsed 00:05:42 | speed 558.8 steps/s | ETA 00:53:40
        episodes +1344 / total 2917
        return 31.33 | W/B/D 0.0% / 1.0% / 99.0%
        MAV survival 99.0% | UAV survivors 2.84
        Red kills 0.00 | Blue kills 0.14 | ep length 74.8
        actor loss [-0.025, -0.026, -0.024, -0.028]
        critic loss 46.472 | entropy 2.923
[TRAIN] 301,056 / 2,000,000 (15.1%)
        elapsed 00:08:47 | speed 542.9 steps/s | ETA 00:52:09
        episodes +1338 / total 4255
        return 37.29 | W/B/D 0.0% / 0.2% / 99.8%
        MAV survival 99.8% | UAV survivors 2.90
        Red kills 0.00 | Blue kills 0.08 | ep length 74.9
        actor loss [-0.024, -0.018, -0.029, -0.028]
        critic loss 10.041 | entropy 3.051
[TRAIN] 401,408 / 2,000,000 (20.1%)
        elapsed 00:11:54 | speed 538.9 steps/s | ETA 00:49:27
        episodes +1340 / total 5595
        return 38.50 | W/B/D 0.0% / 0.3% / 99.7%
        MAV survival 99.7% | UAV survivors 2.87
        Red kills 0.00 | Blue kills 0.11 | ep length 74.9
        actor loss [-0.024, -0.026, -0.029, -0.024]
        critic loss 14.711 | entropy 3.221
[TRAIN] 501,760 / 2,000,000 (25.1%)
        elapsed 00:15:04 | speed 528.1 steps/s | ETA 00:47:17
        episodes +1344 / total 6939
        return 38.21 | W/B/D 0.0% / 1.0% / 99.0%
        MAV survival 99.0% | UAV survivors 2.90
        Red kills 0.00 | Blue kills 0.06 | ep length 74.8
        actor loss [-0.026, -0.026, -0.024, -0.024]
        critic loss 46.032 | entropy 3.366
[CKPT] milestone 500,000 crossed at step 501,760 | checkpoint_501760.pt
[TRAIN] 600,064 / 2,000,000 (30.0%)
        elapsed 00:18:01 | speed 553.2 steps/s | ETA 00:42:11
        episodes +1312 / total 8251
        return 38.61 | W/B/D 0.0% / 1.0% / 99.0%
        MAV survival 99.0% | UAV survivors 2.91
        Red kills 0.00 | Blue kills 0.08 | ep length 74.8
        actor loss [-0.023, -0.020, -0.024, -0.029]
        critic loss 43.317 | entropy 3.523
[TRAIN] 700,416 / 2,000,000 (35.0%)
        elapsed 00:21:05 | speed 547.0 steps/s | ETA 00:39:36
        episodes +1341 / total 9592
        return 38.05 | W/B/D 0.0% / 1.6% / 98.4%
        MAV survival 98.4% | UAV survivors 2.92
        Red kills 0.00 | Blue kills 0.08 | ep length 74.8
        actor loss [-0.022, -0.022, -0.023, -0.022]
        critic loss 66.504 | entropy 3.647
[TRAIN] 800,768 / 2,000,000 (40.0%)
        elapsed 00:24:13 | speed 533.9 steps/s | ETA 00:37:26
        episodes +1348 / total 10940
        return 35.59 | W/B/D 0.0% / 2.8% / 97.2%
        MAV survival 97.2% | UAV survivors 2.97
        Red kills 0.00 | Blue kills 0.04 | ep length 74.4
        actor loss [-0.019, -0.018, -0.020, -0.020]
        critic loss 121.038 | entropy 3.791
[TRAIN] 901,120 / 2,000,000 (45.1%)
        elapsed 00:27:16 | speed 547.0 steps/s | ETA 00:33:29
        episodes +1348 / total 12288
        return 38.94 | W/B/D 0.0% / 1.3% / 98.7%
        MAV survival 98.7% | UAV survivors 2.95
        Red kills 0.00 | Blue kills 0.05 | ep length 74.5
        actor loss [-0.021, -0.021, -0.018, -0.019]
        critic loss 57.141 | entropy 3.934
[TRAIN] 1,001,472 / 2,000,000 (50.1%)
        elapsed 00:30:20 | speed 544.4 steps/s | ETA 00:30:34
        episodes +1345 / total 13633
        return 40.21 | W/B/D 0.0% / 1.0% / 99.0%
        MAV survival 99.0% | UAV survivors 2.94
        Red kills 0.00 | Blue kills 0.05 | ep length 74.6
        actor loss [-0.023, -0.020, -0.016, -0.018]
        critic loss 42.193 | entropy 4.047
[CKPT] milestone 1,000,000 crossed at step 1,001,472 | checkpoint_1001472.pt
[TRAIN] 1,101,824 / 2,000,000 (55.1%)
        elapsed 00:33:32 | speed 523.0 steps/s | ETA 00:28:37
        episodes +1341 / total 14974
        return 40.77 | W/B/D 0.0% / 0.7% / 99.3%
        MAV survival 99.3% | UAV survivors 2.90
        Red kills 0.00 | Blue kills 0.09 | ep length 74.8
        actor loss [-0.019, -0.019, -0.021, -0.021]
        critic loss 31.321 | entropy 4.168
[TRAIN] 1,200,128 / 2,000,000 (60.0%)
        elapsed 00:36:50 | speed 498.4 steps/s | ETA 00:26:45
        episodes +1314 / total 16288
        return 42.21 | W/B/D 0.0% / 0.6% / 99.4%
        MAV survival 99.4% | UAV survivors 2.95
        Red kills 0.00 | Blue kills 0.05 | ep length 74.9
        actor loss [-0.022, -0.020, -0.018, -0.019]
        critic loss 27.468 | entropy 4.316
[TRAIN] 1,300,480 / 2,000,000 (65.0%)
        elapsed 00:40:05 | speed 512.7 steps/s | ETA 00:22:44
        episodes +1341 / total 17629
        return 42.53 | W/B/D 0.0% / 0.4% / 99.6%
        MAV survival 99.6% | UAV survivors 2.95
        Red kills 0.00 | Blue kills 0.04 | ep length 74.9
        actor loss [-0.018, -0.020, -0.018, -0.018]
        critic loss 19.799 | entropy 4.435
[TRAIN] 1,400,832 / 2,000,000 (70.0%)
        elapsed 00:43:29 | speed 492.4 steps/s | ETA 00:20:17
        episodes +1340 / total 18969
        return 42.63 | W/B/D 0.0% / 0.6% / 99.4%
        MAV survival 99.4% | UAV survivors 2.95
        Red kills 0.00 | Blue kills 0.04 | ep length 74.9
        actor loss [-0.017, -0.024, -0.022, -0.020]
        critic loss 27.480 | entropy 4.558
[TRAIN] 1,501,184 / 2,000,000 (75.1%)
        elapsed 00:46:51 | speed 498.0 steps/s | ETA 00:16:42
        episodes +1340 / total 20309
        return 41.27 | W/B/D 0.0% / 0.8% / 99.2%
        MAV survival 99.2% | UAV survivors 2.90
        Red kills 0.00 | Blue kills 0.09 | ep length 74.8
        actor loss [-0.022, -0.018, -0.017, -0.020]
        critic loss 32.797 | entropy 4.667
[CKPT] milestone 1,500,000 crossed at step 1,501,184 | checkpoint_1501184.pt
[TRAIN] 1,601,536 / 2,000,000 (80.1%)
        elapsed 00:50:07 | speed 512.1 steps/s | ETA 00:12:58
        episodes +1345 / total 21654
        return 41.21 | W/B/D 0.0% / 1.0% / 99.0%
        MAV survival 99.0% | UAV survivors 2.94
        Red kills 0.00 | Blue kills 0.07 | ep length 74.7
        actor loss [-0.021, -0.019, -0.021, 0.014]
        critic loss 43.923 | entropy 4.751
[TRAIN] 1,701,888 / 2,000,000 (85.1%)
        elapsed 00:53:01 | speed 577.0 steps/s | ETA 00:08:37
        episodes +1341 / total 22995
        return 40.06 | W/B/D 0.0% / 1.3% / 98.7%
        MAV survival 98.7% | UAV survivors 2.96
        Red kills 0.00 | Blue kills 0.05 | ep length 74.8
        actor loss [-0.019, -0.020, -0.018, -0.020]
        critic loss 60.469 | entropy 4.874
[TRAIN] 1,800,192 / 2,000,000 (90.0%)
        elapsed 00:55:49 | speed 583.6 steps/s | ETA 00:05:42
        episodes +1315 / total 24310
        return 41.76 | W/B/D 0.0% / 0.6% / 99.4%
        MAV survival 99.4% | UAV survivors 2.99
        Red kills 0.00 | Blue kills 0.02 | ep length 74.7
        actor loss [-0.020, -0.017, -0.020, -0.016]
        critic loss 26.144 | entropy 4.997
[TRAIN] 1,900,544 / 2,000,000 (95.0%)
        elapsed 00:58:49 | speed 556.7 steps/s | ETA 00:02:59
        episodes +1344 / total 25654
        return 41.09 | W/B/D 0.0% / 1.1% / 98.9%
        MAV survival 98.9% | UAV survivors 2.96
        Red kills 0.00 | Blue kills 0.05 | ep length 74.7
        actor loss [-0.019, -0.019, -0.019, -0.018]
        critic loss 46.124 | entropy 5.109
[TRAIN] 2,000,000 / 2,000,000 (100.0%)
        elapsed 01:01:50 | speed 551.2 steps/s | ETA 00:00:00
        episodes +1330 / total 26984
        return 41.85 | W/B/D 0.0% / 0.8% / 99.2%
        MAV survival 99.2% | UAV survivors 2.96
        Red kills 0.00 | Blue kills 0.04 | ep length 74.7
        actor loss [-0.022, -0.021, -0.024, -0.015]
        critic loss 37.310 | entropy 5.193
[CKPT] milestone 2,000,000 crossed at step 2,000,000 | checkpoint_2000000.pt
[TRAIN] optimization finished at 2,000,000 steps
[FINAL EVAL] step 2,000,000 | nearest_red_aircraft
       win 0.0% | blue 0.0% | draw 100.0%
       return 41.38 | Red kills 0.00 | MAV survival 100.0%
============================================================
TRAINING COMPLETE
Steps: 2,000,000
Elapsed training time: 01:01:50
Final evaluation time: 00:02:45
Completed episodes: 26984
Final checkpoint: checkpoint_final.pt
Run folder: /mnt/c/Users/HPK/Desktop/2_uav/outputs/happo_v35_4v4_main_seed2_2m_20260912_140601
============================================================
