============================================================
HAPPO TRAINING
Run: happo_v35_4v4_main_seed5_2m_20260912_211121
Profile: main
Seed: 5
Device: cuda
Envs: 16
Method: baseline
Critic: mlp
Rollout: 128
Target steps: 2,000,000
Checkpoint interval: 500,000
Evaluation interval: disabled
Log interval: 100,000
============================================================
[TRAIN] 100,352 / 2,000,000 (5.0%)
        elapsed 00:03:22 | speed 497.3 steps/s | ETA 01:03:40
        episodes +1339 / total 1339
        return 11.59 | W/B/D 0.0% / 3.8% / 96.2%
        MAV survival 96.2% | UAV survivors 2.03
        Red kills 0.00 | Blue kills 0.06 | ep length 74.5
        actor loss [-0.025, -0.028, -0.024, -0.028]
        critic loss 164.665 | entropy 2.800
[TRAIN] 200,704 / 2,000,000 (10.0%)
        elapsed 00:06:30 | speed 533.3 steps/s | ETA 00:56:14
        episodes +1342 / total 2681
        return 32.62 | W/B/D 0.0% / 1.3% / 98.7%
        MAV survival 98.7% | UAV survivors 2.91
        Red kills 0.00 | Blue kills 0.08 | ep length 74.8
        actor loss [-0.028, -0.028, -0.022, -0.027]
        critic loss 52.916 | entropy 2.909
[TRAIN] 301,056 / 2,000,000 (15.1%)
        elapsed 00:09:42 | speed 521.8 steps/s | ETA 00:54:16
        episodes +1347 / total 4028
        return 36.02 | W/B/D 0.0% / 1.2% / 98.8%
        MAV survival 98.8% | UAV survivors 2.94
        Red kills 0.00 | Blue kills 0.04 | ep length 74.5
        actor loss [-0.021, -0.025, -0.023, -0.025]
        critic loss 57.009 | entropy 3.053
[TRAIN] 401,408 / 2,000,000 (20.1%)
        elapsed 00:13:09 | speed 484.9 steps/s | ETA 00:54:57
        episodes +1348 / total 5376
        return 34.99 | W/B/D 0.0% / 1.9% / 98.1%
        MAV survival 98.1% | UAV survivors 2.94
        Red kills 0.00 | Blue kills 0.04 | ep length 74.4
        actor loss [-0.023, -0.025, -0.022, -0.023]
        critic loss 83.702 | entropy 3.213
[TRAIN] 501,760 / 2,000,000 (25.1%)
        elapsed 00:16:08 | speed 561.9 steps/s | ETA 00:44:27
        episodes +1340 / total 6716
        return 40.34 | W/B/D 0.0% / 0.3% / 99.7%
        MAV survival 99.7% | UAV survivors 2.93
        Red kills 0.00 | Blue kills 0.05 | ep length 74.9
        actor loss [-0.022, -0.027, -0.024, -0.027]
        critic loss 16.255 | entropy 3.343
[CKPT] milestone 500,000 crossed at step 501,760 | checkpoint_501760.pt
[TRAIN] 600,064 / 2,000,000 (30.0%)
        elapsed 00:19:30 | speed 486.9 steps/s | ETA 00:47:55
        episodes +1324 / total 8040
        return 34.59 | W/B/D 0.0% / 2.0% / 98.0%
        MAV survival 98.0% | UAV survivors 2.67
        Red kills 0.00 | Blue kills 0.31 | ep length 74.3
        actor loss [-0.025, -0.017, -0.022, -0.022]
        critic loss 90.989 | entropy 3.481
[TRAIN] 700,416 / 2,000,000 (35.0%)
        elapsed 00:22:30 | speed 556.8 steps/s | ETA 00:38:54
        episodes +1342 / total 9382
        return 39.55 | W/B/D 0.0% / 0.2% / 99.8%
        MAV survival 99.8% | UAV survivors 2.81
        Red kills 0.00 | Blue kills 0.17 | ep length 74.9
        actor loss [-0.020, -0.024, -0.025, -0.022]
        critic loss 11.061 | entropy 3.618
[TRAIN] 800,768 / 2,000,000 (40.0%)
        elapsed 00:25:38 | speed 532.9 steps/s | ETA 00:37:30
        episodes +1336 / total 10718
        return 41.00 | W/B/D 0.0% / 0.1% / 99.9%
        MAV survival 99.9% | UAV survivors 2.91
        Red kills 0.00 | Blue kills 0.08 | ep length 74.9
        actor loss [-0.023, -0.021, -0.026, -0.020]
        critic loss 8.365 | entropy 3.768
[TRAIN] 901,120 / 2,000,000 (45.1%)
        elapsed 00:29:08 | speed 477.9 steps/s | ETA 00:38:19
        episodes +1346 / total 12064
        return 40.79 | W/B/D 0.0% / 1.3% / 98.7%
        MAV survival 98.7% | UAV survivors 2.94
        Red kills 0.00 | Blue kills 0.06 | ep length 74.7
        actor loss [-0.020, -0.021, -0.021, -0.021]
        critic loss 53.659 | entropy 3.900
[TRAIN] 1,001,472 / 2,000,000 (50.1%)
        elapsed 00:32:11 | speed 548.1 steps/s | ETA 00:30:22
        episodes +1340 / total 13404
        return 42.31 | W/B/D 0.0% / 0.5% / 99.5%
        MAV survival 99.5% | UAV survivors 2.95
        Red kills 0.00 | Blue kills 0.04 | ep length 74.8
        actor loss [-0.022, -0.018, -0.028, -0.021]
        critic loss 24.533 | entropy 4.054
[CKPT] milestone 1,000,000 crossed at step 1,001,472 | checkpoint_1001472.pt
[TRAIN] 1,101,824 / 2,000,000 (55.1%)
        elapsed 00:35:34 | speed 496.2 steps/s | ETA 00:30:10
        episodes +1344 / total 14748
        return 42.81 | W/B/D 0.0% / 0.6% / 99.4%
        MAV survival 99.4% | UAV survivors 2.94
        Red kills 0.00 | Blue kills 0.06 | ep length 74.7
        actor loss [-0.020, -0.020, -0.019, -0.023]
        critic loss 28.264 | entropy 4.231
[TRAIN] 1,200,128 / 2,000,000 (60.0%)
        elapsed 00:38:34 | speed 545.8 steps/s | ETA 00:24:26
        episodes +1320 / total 16068
        return 41.22 | W/B/D 0.0% / 1.3% / 98.7%
        MAV survival 98.7% | UAV survivors 2.96
        Red kills 0.00 | Blue kills 0.05 | ep length 74.5
        actor loss [-0.017, -0.022, -0.024, -0.019]
        critic loss 60.419 | entropy 4.365
[TRAIN] 1,300,480 / 2,000,000 (65.0%)
        elapsed 00:41:51 | speed 509.5 steps/s | ETA 00:22:53
        episodes +1343 / total 17411
        return 41.75 | W/B/D 0.0% / 0.8% / 99.2%
        MAV survival 99.2% | UAV survivors 2.95
        Red kills 0.00 | Blue kills 0.05 | ep length 74.7
        actor loss [-0.024, -0.020, -0.021, -0.016]
        critic loss 36.952 | entropy 4.494
[TRAIN] 1,400,832 / 2,000,000 (70.0%)
        elapsed 00:45:05 | speed 516.3 steps/s | ETA 00:19:20
        episodes +1344 / total 18755
        return 42.74 | W/B/D 0.0% / 0.7% / 99.3%
        MAV survival 99.3% | UAV survivors 2.95
        Red kills 0.00 | Blue kills 0.03 | ep length 74.9
        actor loss [-0.019, -0.023, -0.020, -0.023]
        critic loss 29.313 | entropy 4.623
[TRAIN] 1,501,184 / 2,000,000 (75.1%)
        elapsed 00:48:10 | speed 541.0 steps/s | ETA 00:15:22
        episodes +1337 / total 20092
        return 41.49 | W/B/D 0.0% / 1.1% / 98.9%
        MAV survival 98.9% | UAV survivors 2.95
        Red kills 0.00 | Blue kills 0.05 | ep length 74.8
        actor loss [-0.014, -0.017, -0.022, -0.018]
        critic loss 48.387 | entropy 4.740
[CKPT] milestone 1,500,000 crossed at step 1,501,184 | checkpoint_1501184.pt
[TRAIN] 1,601,536 / 2,000,000 (80.1%)
        elapsed 00:51:46 | speed 466.7 steps/s | ETA 00:14:14
        episodes +1344 / total 21436
        return 42.22 | W/B/D 0.0% / 0.7% / 99.3%
        MAV survival 99.3% | UAV survivors 2.96
        Red kills 0.00 | Blue kills 0.04 | ep length 74.7
        actor loss [-0.018, -0.021, -0.020, -0.020]
        critic loss 32.109 | entropy 4.852
[TRAIN] 1,701,888 / 2,000,000 (85.1%)
        elapsed 00:54:50 | speed 544.1 steps/s | ETA 00:09:08
        episodes +1343 / total 22779
        return 42.26 | W/B/D 0.0% / 0.5% / 99.5%
        MAV survival 99.5% | UAV survivors 2.95
        Red kills 0.00 | Blue kills 0.05 | ep length 74.9
        actor loss [-0.021, -0.020, -0.022, -0.018]
        critic loss 21.218 | entropy 4.992
[TRAIN] 1,800,192 / 2,000,000 (90.0%)
        elapsed 00:58:14 | speed 482.9 steps/s | ETA 00:06:54
        episodes +1310 / total 24089
        return 43.11 | W/B/D 0.0% / 0.3% / 99.7%
        MAV survival 99.7% | UAV survivors 2.93
        Red kills 0.00 | Blue kills 0.04 | ep length 74.9
        actor loss [-0.018, -0.018, -0.021, -0.018]
        critic loss 15.315 | entropy 5.147
[TRAIN] 1,900,544 / 2,000,000 (95.0%)
        elapsed 01:01:26 | speed 521.5 steps/s | ETA 00:03:11
        episodes +1340 / total 25429
        return 43.23 | W/B/D 0.0% / 0.7% / 99.3%
        MAV survival 99.3% | UAV survivors 2.97
        Red kills 0.00 | Blue kills 0.03 | ep length 74.9
        actor loss [-0.019, -0.020, -0.016, -0.019]
        critic loss 26.066 | entropy 5.252
[TRAIN] 2,000,000 / 2,000,000 (100.0%)
        elapsed 01:04:38 | speed 517.5 steps/s | ETA 00:00:00
        episodes +1335 / total 26764
        return 41.93 | W/B/D 0.0% / 1.0% / 99.0%
        MAV survival 99.0% | UAV survivors 2.94
        Red kills 0.00 | Blue kills 0.06 | ep length 74.6
        actor loss [-0.018, -0.019, -0.019, -0.017]
        critic loss 44.480 | entropy 5.333
[CKPT] milestone 2,000,000 crossed at step 2,000,000 | checkpoint_2000000.pt
[TRAIN] optimization finished at 2,000,000 steps
[FINAL EVAL] step 2,000,000 | nearest_red_aircraft
       win 0.0% | blue 0.0% | draw 100.0%
       return 40.78 | Red kills 0.00 | MAV survival 100.0%
============================================================
TRAINING COMPLETE
Steps: 2,000,000
Elapsed training time: 01:04:38
Final evaluation time: 00:02:47
Completed episodes: 26764
Final checkpoint: checkpoint_final.pt
Run folder: /mnt/c/Users/HPK/Desktop/2_uav/outputs/happo_v35_4v4_main_seed5_2m_20260912_211121
============================================================
