============================================================
HAPPO TRAINING
Run: happo_final_v35_main_seed1_2m_20260914_124502
Profile: main
Seed: 1
Device: cuda
Envs: 16
Method: baseline
Critic: mlp
Rollout: 128
Target steps: 2,000,000
Checkpoint interval: 1,000,000
Evaluation interval: disabled
Log interval: 100,000
============================================================
[TRAIN] 100,352 / 2,000,000 (5.0%)
        elapsed 00:02:48 | speed 597.9 steps/s | ETA 00:52:57
        episodes +1360 / total 1360
        return 4.75 | W/B/D 0.0% / 7.1% / 92.9%
        MAV survival 92.9% | UAV survivors 2.02
        Red kills 0.00 | Blue kills 0.08 | ep length 73.4
        actor loss [-0.025, -0.021, -0.022, -0.023]
        critic loss 303.607 | entropy 3.477
[TRAIN] 200,704 / 2,000,000 (10.0%)
        elapsed 00:05:50 | speed 549.9 steps/s | ETA 00:54:32
        episodes +1344 / total 2704
        return 31.09 | W/B/D 0.0% / 1.0% / 99.0%
        MAV survival 99.0% | UAV survivors 2.79
        Red kills 0.00 | Blue kills 0.16 | ep length 74.7
        actor loss [-0.023, -0.026, -0.025, -0.023]
        critic loss 45.454 | entropy 3.467
[TRAIN] 301,056 / 2,000,000 (15.1%)
        elapsed 00:08:59 | speed 531.8 steps/s | ETA 00:53:15
        episodes +1337 / total 4041
        return 36.16 | W/B/D 0.0% / 0.4% / 99.6%
        MAV survival 99.6% | UAV survivors 2.91
        Red kills 0.00 | Blue kills 0.08 | ep length 75.0
        actor loss [-0.027, -0.024, -0.027, -0.020]
        critic loss 21.253 | entropy 3.435
[TRAIN] 401,408 / 2,000,000 (20.1%)
        elapsed 00:12:09 | speed 528.2 steps/s | ETA 00:50:27
        episodes +1345 / total 5386
        return 35.54 | W/B/D 0.0% / 1.6% / 98.4%
        MAV survival 98.4% | UAV survivors 2.85
        Red kills 0.00 | Blue kills 0.14 | ep length 74.6
        actor loss [-0.025, -0.023, -0.022, -0.026]
        critic loss 69.255 | entropy 3.421
[TRAIN] 501,760 / 2,000,000 (25.1%)
        elapsed 00:15:18 | speed 531.3 steps/s | ETA 00:47:00
        episodes +1343 / total 6729
        return 36.33 | W/B/D 0.0% / 1.4% / 98.6%
        MAV survival 98.6% | UAV survivors 2.86
        Red kills 0.00 | Blue kills 0.10 | ep length 74.7
        actor loss [-0.022, -0.026, -0.023, -0.024]
        critic loss 65.196 | entropy 3.415
[TRAIN] 600,064 / 2,000,000 (30.0%)
        elapsed 00:18:15 | speed 554.9 steps/s | ETA 00:42:03
        episodes +1316 / total 8045
        return 70.81 | W/B/D 0.7% / 0.6% / 98.7%
        MAV survival 99.4% | UAV survivors 2.64
        Red kills 0.66 | Blue kills 0.29 | ep length 74.8
        actor loss [-0.025, -0.026, -0.017, -0.020]
        critic loss 216.380 | entropy 3.324
[TRAIN] 700,416 / 2,000,000 (35.0%)
        elapsed 00:21:07 | speed 583.6 steps/s | ETA 00:37:07
        episodes +1370 / total 9415
        return 109.82 | W/B/D 3.4% / 1.1% / 95.5%
        MAV survival 98.9% | UAV survivors 2.56
        Red kills 1.44 | Blue kills 0.21 | ep length 73.2
        actor loss [-0.021, -0.023, -0.018, -0.024]
        critic loss 445.101 | entropy 3.209
[TRAIN] 800,768 / 2,000,000 (40.0%)
        elapsed 00:23:50 | speed 617.1 steps/s | ETA 00:32:23
        episodes +1407 / total 10822
        return 125.26 | W/B/D 7.2% / 1.5% / 91.3%
        MAV survival 98.5% | UAV survivors 2.18
        Red kills 1.79 | Blue kills 0.16 | ep length 71.4
        actor loss [-0.026, -0.026, -0.023, -0.020]
        critic loss 552.312 | entropy 3.088
[TRAIN] 901,120 / 2,000,000 (45.1%)
        elapsed 00:26:30 | speed 627.5 steps/s | ETA 00:29:11
        episodes +1509 / total 12331
        return 156.72 | W/B/D 19.9% / 1.1% / 79.0%
        MAV survival 98.9% | UAV survivors 1.78
        Red kills 2.31 | Blue kills 0.24 | ep length 66.4
        actor loss [-0.021, -0.017, -0.023, -0.025]
        critic loss 781.817 | entropy 2.949
[TRAIN] 1,001,472 / 2,000,000 (50.1%)
        elapsed 00:29:09 | speed 628.5 steps/s | ETA 00:26:29
        episodes +1621 / total 13952
        return 165.73 | W/B/D 26.7% / 4.9% / 68.4%
        MAV survival 95.1% | UAV survivors 1.73
        Red kills 2.56 | Blue kills 0.26 | ep length 62.0
        actor loss [-0.020, -0.026, -0.022, -0.018]
        critic loss 1219.854 | entropy 2.854
[CKPT] milestone 1,000,000 crossed at step 1,001,472 | checkpoint_1001472.pt
[TRAIN] 1,101,824 / 2,000,000 (55.1%)
        elapsed 00:31:51 | speed 618.8 steps/s | ETA 00:24:12
        episodes +1623 / total 15575
        return 181.62 | W/B/D 29.6% / 2.0% / 68.5%
        MAV survival 98.0% | UAV survivors 1.68
        Red kills 2.72 | Blue kills 0.21 | ep length 61.8
        actor loss [-0.025, -0.019, -0.021, -0.024]
        critic loss 959.482 | entropy 2.802
[TRAIN] 1,200,128 / 2,000,000 (60.0%)
        elapsed 00:34:31 | speed 614.5 steps/s | ETA 00:21:42
        episodes +1606 / total 17181
        return 183.99 | W/B/D 31.3% / 2.1% / 66.6%
        MAV survival 97.9% | UAV survivors 1.52
        Red kills 2.77 | Blue kills 0.31 | ep length 61.3
        actor loss [-0.025, -0.017, -0.028, -0.026]
        critic loss 955.667 | entropy 2.723
[TRAIN] 1,300,480 / 2,000,000 (65.0%)
        elapsed 00:37:14 | speed 617.4 steps/s | ETA 00:18:53
        episodes +1706 / total 18887
        return 196.23 | W/B/D 37.2% / 1.1% / 61.7%
        MAV survival 98.9% | UAV survivors 1.43
        Red kills 2.93 | Blue kills 0.53 | ep length 58.8
        actor loss [-0.026, -0.018, -0.024, -0.028]
        critic loss 918.850 | entropy 2.637
[TRAIN] 1,400,832 / 2,000,000 (70.0%)
        elapsed 00:40:02 | speed 597.7 steps/s | ETA 00:16:42
        episodes +1728 / total 20615
        return 197.25 | W/B/D 38.8% / 1.2% / 60.1%
        MAV survival 98.8% | UAV survivors 1.31
        Red kills 2.95 | Blue kills 0.65 | ep length 58.1
        actor loss [-0.023, -0.019, -0.025, -0.030]
        critic loss 835.213 | entropy 2.525
[TRAIN] 1,501,184 / 2,000,000 (75.1%)
        elapsed 00:42:51 | speed 592.2 steps/s | ETA 00:14:02
        episodes +1863 / total 22478
        return 201.79 | W/B/D 45.7% / 4.2% / 50.1%
        MAV survival 95.8% | UAV survivors 1.24
        Red kills 3.08 | Blue kills 0.71 | ep length 53.9
        actor loss [-0.021, -0.019, -0.025, -0.027]
        critic loss 1177.396 | entropy 2.452
[TRAIN] 1,601,536 / 2,000,000 (80.1%)
        elapsed 00:45:47 | speed 571.5 steps/s | ETA 00:11:37
        episodes +1843 / total 24321
        return 207.66 | W/B/D 46.5% / 4.3% / 49.2%
        MAV survival 95.7% | UAV survivors 1.42
        Red kills 3.16 | Blue kills 0.71 | ep length 54.4
        actor loss [-0.026, -0.018, -0.029, -0.029]
        critic loss 1081.597 | entropy 2.383
[TRAIN] 1,701,888 / 2,000,000 (85.1%)
        elapsed 00:48:48 | speed 554.6 steps/s | ETA 00:08:57
        episodes +1894 / total 26215
        return 215.16 | W/B/D 49.3% / 2.7% / 48.0%
        MAV survival 97.3% | UAV survivors 1.50
        Red kills 3.18 | Blue kills 0.77 | ep length 53.0
        actor loss [-0.024, -0.016, -0.020, -0.027]
        critic loss 933.632 | entropy 2.313
[TRAIN] 1,800,192 / 2,000,000 (90.0%)
        elapsed 00:51:28 | speed 615.2 steps/s | ETA 00:05:25
        episodes +1834 / total 28049
        return 212.28 | W/B/D 48.1% / 1.8% / 50.1%
        MAV survival 98.2% | UAV survivors 1.19
        Red kills 3.16 | Blue kills 0.93 | ep length 53.6
        actor loss [-0.023, -0.019, -0.022, -0.030]
        critic loss 863.535 | entropy 2.239
[TRAIN] 1,900,544 / 2,000,000 (95.0%)
        elapsed 00:54:11 | speed 612.4 steps/s | ETA 00:02:42
        episodes +1934 / total 29983
        return 218.45 | W/B/D 51.6% / 1.3% / 47.1%
        MAV survival 98.7% | UAV survivors 1.08
        Red kills 3.23 | Blue kills 0.90 | ep length 51.9
        actor loss [-0.026, -0.018, -0.027, -0.028]
        critic loss 796.080 | entropy 2.170
[TRAIN] 2,000,000 / 2,000,000 (100.0%)
        elapsed 00:56:55 | speed 609.0 steps/s | ETA 00:00:00
        episodes +1877 / total 31860
        return 217.61 | W/B/D 49.8% / 0.6% / 49.6%
        MAV survival 99.4% | UAV survivors 1.06
        Red kills 3.21 | Blue kills 0.92 | ep length 53.0
        actor loss [-0.023, -0.021, -0.026, -0.024]
        critic loss 725.263 | entropy 2.079
[CKPT] milestone 2,000,000 crossed at step 2,000,000 | checkpoint_2000000.pt
[TRAIN] optimization finished at 2,000,000 steps
[FINAL EVAL] step 2,000,000 | nearest_red_aircraft
       win 51.0% | blue 0.5% | draw 48.5%
       return 220.17 | Red kills 3.29 | MAV survival 99.5%
============================================================
TRAINING COMPLETE
Steps: 2,000,000
Elapsed training time: 00:56:55
Final evaluation time: 00:01:26
Completed episodes: 31860
Final checkpoint: checkpoint_final.pt
Run folder: /mnt/c/Users/HPK/Desktop/2_uav/outputs/happo_final_v35_main_seed1_2m_20260914_124502
============================================================
