============================================================
HAPPO TRAINING
Run: happo_final_v35_main_seed3_2m_20260914_174951
Profile: main
Seed: 3
Device: cuda
Envs: 16
Method: baseline
Critic: mlp
Rollout: 128
Target steps: 2,000,000
Checkpoint interval: 1,000,000
Evaluation interval: disabled
Log interval: 100,000
============================================================
[TRAIN] 100,352 / 2,000,000 (5.0%)
        elapsed 00:02:40 | speed 629.1 steps/s | ETA 00:50:20
        episodes +1435 / total 1435
        return -28.74 | W/B/D 0.0% / 20.4% / 79.6%
        MAV survival 79.6% | UAV survivors 1.57
        Red kills 0.00 | Blue kills 0.02 | ep length 69.6
        actor loss [-0.021, -0.026, -0.024, -0.026]
        critic loss 835.963 | entropy 3.486
[TRAIN] 200,704 / 2,000,000 (10.0%)
        elapsed 00:05:33 | speed 578.3 steps/s | ETA 00:51:51
        episodes +1343 / total 2778
        return 33.60 | W/B/D 0.0% / 1.0% / 99.0%
        MAV survival 99.0% | UAV survivors 2.92
        Red kills 0.00 | Blue kills 0.08 | ep length 74.7
        actor loss [-0.026, -0.028, -0.025, -0.023]
        critic loss 49.424 | entropy 3.455
[TRAIN] 301,056 / 2,000,000 (15.1%)
        elapsed 00:08:29 | speed 570.5 steps/s | ETA 00:49:38
        episodes +1343 / total 4121
        return 34.10 | W/B/D 0.0% / 1.0% / 99.0%
        MAV survival 99.0% | UAV survivors 2.83
        Red kills 0.00 | Blue kills 0.17 | ep length 74.7
        actor loss [-0.023, -0.023, -0.024, -0.021]
        critic loss 42.243 | entropy 3.456
[TRAIN] 401,408 / 2,000,000 (20.1%)
        elapsed 00:11:27 | speed 565.2 steps/s | ETA 00:47:08
        episodes +1340 / total 5461
        return 38.90 | W/B/D 0.0% / 1.0% / 99.0%
        MAV survival 99.0% | UAV survivors 2.89
        Red kills 0.06 | Blue kills 0.09 | ep length 74.9
        actor loss [-0.027, -0.025, -0.015, -0.021]
        critic loss 58.829 | entropy 3.463
[TRAIN] 501,760 / 2,000,000 (25.1%)
        elapsed 00:14:16 | speed 592.5 steps/s | ETA 00:42:09
        episodes +1346 / total 6807
        return 60.47 | W/B/D 0.1% / 1.0% / 99.0%
        MAV survival 99.0% | UAV survivors 2.70
        Red kills 0.49 | Blue kills 0.22 | ep length 74.7
        actor loss [-0.023, -0.025, -0.024, -0.024]
        critic loss 184.355 | entropy 3.355
[TRAIN] 600,064 / 2,000,000 (30.0%)
        elapsed 00:17:01 | speed 595.3 steps/s | ETA 00:39:12
        episodes +1313 / total 8120
        return 79.50 | W/B/D 0.7% / 0.4% / 98.9%
        MAV survival 99.6% | UAV survivors 2.54
        Red kills 0.85 | Blue kills 0.43 | ep length 74.8
        actor loss [-0.021, -0.026, -0.025, -0.021]
        critic loss 244.388 | entropy 3.238
[TRAIN] 700,416 / 2,000,000 (35.0%)
        elapsed 00:19:44 | speed 616.1 steps/s | ETA 00:35:09
        episodes +1344 / total 9464
        return 82.88 | W/B/D 0.7% / 0.5% / 98.7%
        MAV survival 99.5% | UAV survivors 2.34
        Red kills 0.97 | Blue kills 0.38 | ep length 74.7
        actor loss [-0.018, -0.024, -0.022, -0.025]
        critic loss 297.660 | entropy 3.123
[TRAIN] 800,768 / 2,000,000 (40.0%)
        elapsed 00:22:27 | speed 617.1 steps/s | ETA 00:32:23
        episodes +1347 / total 10811
        return 94.35 | W/B/D 2.2% / 0.5% / 97.3%
        MAV survival 99.5% | UAV survivors 2.13
        Red kills 1.21 | Blue kills 0.35 | ep length 74.4
        actor loss [-0.024, -0.024, -0.023, -0.028]
        critic loss 382.502 | entropy 2.978
[TRAIN] 901,120 / 2,000,000 (45.1%)
        elapsed 00:25:03 | speed 641.8 steps/s | ETA 00:28:32
        episodes +1387 / total 12198
        return 124.92 | W/B/D 7.9% / 0.6% / 91.5%
        MAV survival 99.4% | UAV survivors 2.02
        Red kills 1.76 | Blue kills 0.44 | ep length 72.3
        actor loss [-0.025, -0.025, -0.027, -0.022]
        critic loss 590.703 | entropy 2.826
[TRAIN] 1,001,472 / 2,000,000 (50.1%)
        elapsed 00:27:35 | speed 659.1 steps/s | ETA 00:25:15
        episodes +1440 / total 13638
        return 144.72 | W/B/D 14.2% / 0.2% / 85.6%
        MAV survival 99.8% | UAV survivors 1.84
        Red kills 2.07 | Blue kills 0.46 | ep length 69.8
        actor loss [-0.026, -0.030, -0.023, -0.021]
        critic loss 680.241 | entropy 2.684
[CKPT] milestone 1,000,000 crossed at step 1,001,472 | checkpoint_1001472.pt
[TRAIN] 1,101,824 / 2,000,000 (55.1%)
        elapsed 00:30:05 | speed 670.9 steps/s | ETA 00:22:19
        episodes +1532 / total 15170
        return 174.54 | W/B/D 25.8% / 0.7% / 73.5%
        MAV survival 99.3% | UAV survivors 1.98
        Red kills 2.49 | Blue kills 0.52 | ep length 65.5
        actor loss [-0.025, -0.022, -0.022, -0.030]
        critic loss 859.073 | entropy 2.547
[TRAIN] 1,200,128 / 2,000,000 (60.0%)
        elapsed 00:32:27 | speed 692.1 steps/s | ETA 00:19:16
        episodes +1534 / total 16704
        return 184.18 | W/B/D 30.4% / 2.5% / 67.1%
        MAV survival 97.5% | UAV survivors 1.84
        Red kills 2.70 | Blue kills 0.52 | ep length 64.0
        actor loss [-0.021, -0.023, -0.024, -0.030]
        critic loss 915.151 | entropy 2.417
[TRAIN] 1,300,480 / 2,000,000 (65.0%)
        elapsed 00:34:56 | speed 670.0 steps/s | ETA 00:17:24
        episodes +1609 / total 18313
        return 198.78 | W/B/D 34.1% / 0.2% / 65.8%
        MAV survival 99.8% | UAV survivors 1.84
        Red kills 2.85 | Blue kills 0.49 | ep length 62.4
        actor loss [-0.020, -0.026, -0.024, -0.026]
        critic loss 760.911 | entropy 2.294
[TRAIN] 1,400,832 / 2,000,000 (70.0%)
        elapsed 00:37:22 | speed 688.5 steps/s | ETA 00:14:30
        episodes +1653 / total 19966
        return 207.10 | W/B/D 38.4% / 0.3% / 61.3%
        MAV survival 99.7% | UAV survivors 1.79
        Red kills 2.96 | Blue kills 0.49 | ep length 60.7
        actor loss [-0.023, -0.022, -0.022, -0.025]
        critic loss 811.672 | entropy 2.167
[TRAIN] 1,501,184 / 2,000,000 (75.1%)
        elapsed 00:39:48 | speed 689.4 steps/s | ETA 00:12:04
        episodes +1717 / total 21683
        return 219.11 | W/B/D 44.8% / 0.6% / 54.5%
        MAV survival 99.4% | UAV survivors 1.82
        Red kills 3.10 | Blue kills 0.52 | ep length 58.5
        actor loss [-0.028, -0.023, -0.022, -0.021]
        critic loss 808.881 | entropy 2.072
[TRAIN] 1,601,536 / 2,000,000 (80.1%)
        elapsed 00:42:12 | speed 697.5 steps/s | ETA 00:09:31
        episodes +1790 / total 23473
        return 228.24 | W/B/D 50.7% / 0.1% / 49.3%
        MAV survival 99.9% | UAV survivors 1.78
        Red kills 3.19 | Blue kills 0.53 | ep length 56.1
        actor loss [-0.024, -0.022, -0.018, -0.027]
        critic loss 802.066 | entropy 2.005
[TRAIN] 1,701,888 / 2,000,000 (85.1%)
        elapsed 00:44:38 | speed 685.5 steps/s | ETA 00:07:15
        episodes +1827 / total 25300
        return 236.25 | W/B/D 53.8% / 0.2% / 46.0%
        MAV survival 99.8% | UAV survivors 1.83
        Red kills 3.29 | Blue kills 0.52 | ep length 55.0
        actor loss [-0.020, -0.023, -0.022, -0.027]
        critic loss 808.270 | entropy 1.937
[TRAIN] 1,800,192 / 2,000,000 (90.0%)
        elapsed 00:47:00 | speed 692.2 steps/s | ETA 00:04:49
        episodes +1835 / total 27135
        return 240.10 | W/B/D 56.5% / 0.1% / 43.4%
        MAV survival 99.9% | UAV survivors 1.83
        Red kills 3.32 | Blue kills 0.50 | ep length 53.6
        actor loss [-0.023, -0.024, -0.020, -0.026]
        critic loss 767.906 | entropy 1.882
[TRAIN] 1,900,544 / 2,000,000 (95.0%)
        elapsed 00:49:24 | speed 699.1 steps/s | ETA 00:02:22
        episodes +1819 / total 28954
        return 231.21 | W/B/D 51.2% / 0.1% / 48.7%
        MAV survival 99.9% | UAV survivors 1.83
        Red kills 3.23 | Blue kills 0.47 | ep length 55.1
        actor loss [-0.028, -0.023, -0.016, -0.025]
        critic loss 766.038 | entropy 1.798
[TRAIN] 2,000,000 / 2,000,000 (100.0%)
        elapsed 00:51:48 | speed 687.4 steps/s | ETA 00:00:00
        episodes +1862 / total 30816
        return 238.93 | W/B/D 55.9% / 0.1% / 44.0%
        MAV survival 99.9% | UAV survivors 1.84
        Red kills 3.31 | Blue kills 0.38 | ep length 53.4
        actor loss [-0.028, -0.025, -0.022, -0.022]
        critic loss 768.187 | entropy 1.720
[CKPT] milestone 2,000,000 crossed at step 2,000,000 | checkpoint_2000000.pt
[TRAIN] optimization finished at 2,000,000 steps
[FINAL EVAL] step 2,000,000 | nearest_red_aircraft
       win 64.5% | blue 0.0% | draw 35.5%
       return 252.90 | Red kills 3.46 | MAV survival 100.0%
============================================================
TRAINING COMPLETE
Steps: 2,000,000
Elapsed training time: 00:51:48
Final evaluation time: 00:01:27
Completed episodes: 30816
Final checkpoint: checkpoint_final.pt
Run folder: /mnt/c/Users/HPK/Desktop/2_uav/outputs/happo_final_v35_main_seed3_2m_20260914_174951
============================================================
