nohup: ignoring input
============================================================
Vanilla HAPPO | seed2 | entropy=0.001 | log_std_init=-0.25
Start: Sun Sep 13 20:00:51 CST 2026
============================================================
============================================================
HAPPO TRAINING
Run: happo_e001_ls025_screen_main_seed2_1m_20260913_200051
Profile: main
Seed: 2
Device: cuda
Envs: 16
Method: baseline
Critic: mlp
Rollout: 128
Target steps: 1,000,000
Checkpoint interval: 500,000
Evaluation interval: disabled
Log interval: 100,000
============================================================
[TRAIN] 100,352 / 1,000,000 (10.0%)
        elapsed 00:03:40 | speed 455.8 steps/s | ETA 00:32:54
        episodes +1572 / total 1572
        return -55.54 | W/B/D 0.0% / 35.1% / 64.9%
        MAV survival 64.9% | UAV survivors 1.95
        Red kills 0.00 | Blue kills 0.03 | ep length 63.5
        actor loss [-0.021, -0.029, -0.026, -0.023]
        critic loss 1311.500 | entropy 3.480
[TRAIN] 200,704 / 1,000,000 (20.1%)
        elapsed 00:07:53 | speed 396.5 steps/s | ETA 00:33:36
        episodes +1338 / total 2910
        return 30.78 | W/B/D 0.0% / 1.0% / 99.0%
        MAV survival 99.0% | UAV survivors 2.87
        Red kills 0.00 | Blue kills 0.12 | ep length 74.9
        actor loss [-0.025, -0.026, -0.024, -0.027]
        critic loss 42.522 | entropy 3.431
[TRAIN] 301,056 / 1,000,000 (30.1%)
        elapsed 00:11:10 | speed 509.0 steps/s | ETA 00:22:53
        episodes +1340 / total 4250
        return 33.16 | W/B/D 0.0% / 0.5% / 99.5%
        MAV survival 99.5% | UAV survivors 2.81
        Red kills 0.00 | Blue kills 0.16 | ep length 74.9
        actor loss [-0.028, -0.020, -0.031, -0.030]
        critic loss 21.348 | entropy 3.441
[TRAIN] 401,408 / 1,000,000 (40.1%)
        elapsed 00:14:47 | speed 464.1 steps/s | ETA 00:21:30
        episodes +1341 / total 5591
        return 33.06 | W/B/D 0.0% / 2.3% / 97.7%
        MAV survival 97.7% | UAV survivors 2.86
        Red kills 0.03 | Blue kills 0.11 | ep length 74.8
        actor loss [-0.023, -0.025, -0.027, -0.022]
        critic loss 91.913 | entropy 3.428
[TRAIN] 501,760 / 1,000,000 (50.2%)
        elapsed 00:18:39 | speed 432.7 steps/s | ETA 00:19:11
        episodes +1350 / total 6941
        return 58.43 | W/B/D 0.2% / 4.1% / 95.7%
        MAV survival 95.9% | UAV survivors 2.52
        Red kills 0.64 | Blue kills 0.28 | ep length 74.4
        actor loss [-0.026, -0.026, -0.025, -0.024]
        critic loss 342.231 | entropy 3.349
[CKPT] milestone 500,000 crossed at step 501,760 | checkpoint_501760.pt
[TRAIN] 600,064 / 1,000,000 (60.0%)
        elapsed 00:22:05 | speed 475.8 steps/s | ETA 00:14:01
        episodes +1329 / total 8270
        return 74.30 | W/B/D 1.5% / 5.4% / 93.1%
        MAV survival 94.6% | UAV survivors 2.39
        Red kills 1.01 | Blue kills 0.31 | ep length 74.0
        actor loss [-0.024, -0.021, -0.025, -0.030]
        critic loss 452.895 | entropy 3.269
[TRAIN] 700,416 / 1,000,000 (70.0%)
        elapsed 00:25:04 | speed 561.8 steps/s | ETA 00:08:53
        episodes +1358 / total 9628
        return 85.06 | W/B/D 1.9% / 2.8% / 95.3%
        MAV survival 97.2% | UAV survivors 2.56
        Red kills 1.08 | Blue kills 0.27 | ep length 73.9
        actor loss [-0.024, -0.024, -0.026, -0.024]
        critic loss 365.371 | entropy 3.168
[TRAIN] 800,768 / 1,000,000 (80.1%)
        elapsed 00:28:28 | speed 491.0 steps/s | ETA 00:06:46
        episodes +1366 / total 10994
        return 95.33 | W/B/D 3.0% / 2.0% / 94.9%
        MAV survival 98.0% | UAV survivors 2.14
        Red kills 1.34 | Blue kills 0.34 | ep length 73.5
        actor loss [-0.021, -0.023, -0.024, -0.024]
        critic loss 386.222 | entropy 3.056
[TRAIN] 901,120 / 1,000,000 (90.1%)
        elapsed 00:32:03 | speed 466.6 steps/s | ETA 00:03:32
        episodes +1419 / total 12413
        return 99.23 | W/B/D 5.2% / 7.9% / 86.9%
        MAV survival 92.1% | UAV survivors 2.47
        Red kills 1.55 | Blue kills 0.45 | ep length 70.6
        actor loss [-0.025, -0.026, -0.020, -0.023]
        critic loss 707.428 | entropy 2.992
[TRAIN] 1,000,000 / 1,000,000 (100.0%)
        elapsed 00:34:59 | speed 563.3 steps/s | ETA 00:00:00
        episodes +1403 / total 13816
        return 129.91 | W/B/D 10.9% / 1.9% / 87.2%
        MAV survival 98.1% | UAV survivors 1.92
        Red kills 1.93 | Blue kills 0.51 | ep length 70.6
        actor loss [-0.028, -0.024, -0.019, -0.023]
        critic loss 515.502 | entropy 2.903
[CKPT] milestone 1,000,000 crossed at step 1,000,000 | checkpoint_1000000.pt
[TRAIN] optimization finished at 1,000,000 steps
[FINAL EVAL] step 1,000,000 | nearest_red_aircraft
       win 6.5% | blue 3.0% | draw 90.5%
       return 120.93 | Red kills 2.00 | MAV survival 97.0%
============================================================
TRAINING COMPLETE
Steps: 1,000,000
Elapsed training time: 00:34:59
Final evaluation time: 00:02:03
Completed episodes: 13816
Final checkpoint: checkpoint_final.pt
Run folder: /mnt/c/Users/HPK/Desktop/2_uav/outputs/happo_e001_ls025_screen_main_seed2_1m_20260913_200051
============================================================
============================================================
Finished Vanilla seed2: Sun Sep 13 20:39:31 CST 2026
============================================================
============================================================
Full PCTA-HAPPO | seed3 | entropy=0.001 | log_std_init=-0.25
Start: Sun Sep 13 20:39:31 CST 2026
============================================================
============================================================
PCTA-HAPPO TRAINING
Run: pcta_happo_e001_ls025_screen_main_seed3_1m_20260913_203931
Profile: main
Seed: 3
Device: cuda
Envs: 16
Method: baseline
Critic: mlp
Rollout: 128
Target steps: 1,000,000
Checkpoint interval: 500,000
Evaluation interval: disabled
Log interval: 100,000
============================================================
[TRAIN] 100,352 / 1,000,000 (10.0%)
        elapsed 00:04:24 | speed 380.0 steps/s | ETA 00:39:28
        episodes +1367 / total 1367
        return -2.16 | W/B/D 0.0% / 9.9% / 90.1%
        MAV survival 90.1% | UAV survivors 2.03
        Red kills 0.00 | Blue kills 0.04 | ep length 72.9
        actor loss [-0.014, -0.016, -0.016, -0.017]
        critic loss 420.825 | entropy 3.491
        PCTA consistency 0.001429 (weighted 0.000071) | valid pairs 329609 | attention entropy 1.127 | target switch 6.9%
[TRAIN] 200,704 / 1,000,000 (20.1%)
        elapsed 00:08:56 | speed 369.0 steps/s | ETA 00:36:06
        episodes +1346 / total 2713
        return 28.46 | W/B/D 0.0% / 1.9% / 98.1%
        MAV survival 98.1% | UAV survivors 2.84
        Red kills 0.00 | Blue kills 0.16 | ep length 74.6
        actor loss [-0.017, -0.017, -0.016, -0.015]
        critic loss 84.084 | entropy 3.487
        PCTA consistency 0.000957 (weighted 0.000048) | valid pairs 375485 | attention entropy 1.130 | target switch 6.2%
[TRAIN] 301,056 / 1,000,000 (30.1%)
        elapsed 00:12:45 | speed 439.1 steps/s | ETA 00:26:32
        episodes +1344 / total 4057
        return 31.64 | W/B/D 0.0% / 1.6% / 98.4%
        MAV survival 98.4% | UAV survivors 2.88
        Red kills 0.00 | Blue kills 0.11 | ep length 74.7
        actor loss [-0.015, -0.015, -0.015, -0.013]
        critic loss 73.071 | entropy 3.514
        PCTA consistency 0.000796 (weighted 0.000040) | valid pairs 379553 | attention entropy 1.131 | target switch 6.5%
[TRAIN] 401,408 / 1,000,000 (40.1%)
        elapsed 00:17:11 | speed 376.2 steps/s | ETA 00:26:31
        episodes +1342 / total 5399
        return 31.19 | W/B/D 0.0% / 2.1% / 97.9%
        MAV survival 97.9% | UAV survivors 2.93
        Red kills 0.00 | Blue kills 0.06 | ep length 74.7
        actor loss [-0.019, -0.017, -0.011, -0.014]
        critic loss 92.565 | entropy 3.507
        PCTA consistency 0.000738 (weighted 0.000037) | valid pairs 380833 | attention entropy 1.114 | target switch 5.9%
[TRAIN] 501,760 / 1,000,000 (50.2%)
        elapsed 00:21:50 | speed 360.4 steps/s | ETA 00:23:03
        episodes +1343 / total 6742
        return 36.09 | W/B/D 0.0% / 0.8% / 99.2%
        MAV survival 99.2% | UAV survivors 2.95
        Red kills 0.00 | Blue kills 0.05 | ep length 74.8
        actor loss [-0.016, -0.016, -0.015, -0.016]
        critic loss 37.613 | entropy 3.474
        PCTA consistency 0.000630 (weighted 0.000032) | valid pairs 385522 | attention entropy 1.239 | target switch 6.0%
[CKPT] milestone 500,000 crossed at step 501,760 | checkpoint_501760.pt
[TRAIN] 600,064 / 1,000,000 (60.0%)
        elapsed 00:25:18 | speed 471.8 steps/s | ETA 00:14:08
        episodes +1315 / total 8057
        return 38.01 | W/B/D 0.0% / 0.9% / 99.1%
        MAV survival 99.1% | UAV survivors 2.93
        Red kills 0.00 | Blue kills 0.05 | ep length 74.6
        actor loss [-0.015, -0.017, -0.016, -0.014]
        critic loss 40.363 | entropy 3.461
        PCTA consistency 0.000608 (weighted 0.000030) | valid pairs 380447 | attention entropy 1.278 | target switch 6.1%
[TRAIN] 700,416 / 1,000,000 (70.0%)
        elapsed 00:29:16 | speed 421.5 steps/s | ETA 00:11:51
        episodes +1345 / total 9402
        return 39.17 | W/B/D 0.0% / 0.7% / 99.3%
        MAV survival 99.3% | UAV survivors 2.88
        Red kills 0.00 | Blue kills 0.10 | ep length 74.7
        actor loss [-0.012, -0.016, -0.014, -0.016]
        critic loss 38.147 | entropy 3.463
        PCTA consistency 0.000712 (weighted 0.000036) | valid pairs 386066 | attention entropy 1.262 | target switch 6.5%
[TRAIN] 800,768 / 1,000,000 (80.1%)
        elapsed 00:33:30 | speed 395.5 steps/s | ETA 00:08:24
        episodes +1339 / total 10741
        return 40.56 | W/B/D 0.0% / 0.5% / 99.5%
        MAV survival 99.5% | UAV survivors 2.94
        Red kills 0.00 | Blue kills 0.06 | ep length 74.9
        actor loss [-0.016, -0.016, -0.014, -0.016]
        critic loss 24.311 | entropy 3.435
        PCTA consistency 0.000534 (weighted 0.000027) | valid pairs 389149 | attention entropy 1.281 | target switch 6.5%
[TRAIN] 901,120 / 1,000,000 (90.1%)
        elapsed 00:37:02 | speed 474.4 steps/s | ETA 00:03:28
        episodes +1343 / total 12084
        return 39.85 | W/B/D 0.0% / 0.9% / 99.1%
        MAV survival 99.1% | UAV survivors 2.93
        Red kills 0.00 | Blue kills 0.06 | ep length 74.8
        actor loss [-0.017, -0.017, -0.019, -0.014]
        critic loss 38.919 | entropy 3.421
        PCTA consistency 0.000558 (weighted 0.000028) | valid pairs 388371 | attention entropy 1.263 | target switch 6.6%
[TRAIN] 1,000,000 / 1,000,000 (100.0%)
        elapsed 00:41:00 | speed 415.3 steps/s | ETA 00:00:00
        episodes +1321 / total 13405
        return 40.49 | W/B/D 0.0% / 0.7% / 99.3%
        MAV survival 99.3% | UAV survivors 2.96
        Red kills 0.00 | Blue kills 0.05 | ep length 74.7
        actor loss [-0.016, -0.019, -0.016, -0.011]
        critic loss 32.925 | entropy 3.396
        PCTA consistency 0.000441 (weighted 0.000022) | valid pairs 384191 | attention entropy 1.272 | target switch 6.8%
[CKPT] milestone 1,000,000 crossed at step 1,000,000 | checkpoint_1000000.pt
[TRAIN] optimization finished at 1,000,000 steps
[FINAL EVAL] step 1,000,000 | nearest_red_aircraft
       win 0.0% | blue 0.0% | draw 100.0%
       return 41.76 | Red kills 0.00 | MAV survival 100.0%
============================================================
TRAINING COMPLETE
Steps: 1,000,000
Elapsed training time: 00:41:00
Final evaluation time: 00:03:32
Completed episodes: 13405
Final checkpoint: checkpoint_final.pt
Run folder: /mnt/c/Users/HPK/Desktop/2_uav/outputs/pcta_happo_e001_ls025_screen_main_seed3_1m_20260913_203931
============================================================
============================================================
Finished PCTA seed3: Sun Sep 13 21:25:53 CST 2026
============================================================
============================================================
LOG_STD_INIT=-0.25 SCREENING FINISHED
Time: Sun Sep 13 21:25:53 CST 2026
============================================================
