nohup: ignoring input
============================================================
Starting Vanilla HAPPO seed 2
Time: Sat Sep 12 14:06:01 CST 2026
============================================================
============================================================
HAPPO TRAINING
Run: happo_v35_4v4_main_seed2_2m_20260912_140601
Profile: main
Seed: 2
Device: cuda
Envs: 16
Method: baseline
Critic: mlp
Rollout: 128
Target steps: 2,000,000
Checkpoint interval: 500,000
Evaluation interval: disabled
Log interval: 100,000
============================================================
[TRAIN] 100,352 / 2,000,000 (5.0%)
        elapsed 00:02:43 | speed 616.1 steps/s | ETA 00:51:24
        episodes +1573 / total 1573
        return -62.03 | W/B/D 0.0% / 38.9% / 61.1%
        MAV survival 61.1% | UAV survivors 2.05
        Red kills 0.00 | Blue kills 0.02 | ep length 63.3
        actor loss [-0.022, -0.028, -0.026, -0.022]
        critic loss 1408.422 | entropy 2.809
[TRAIN] 200,704 / 2,000,000 (10.0%)
        elapsed 00:05:42 | speed 558.8 steps/s | ETA 00:53:40
        episodes +1344 / total 2917
        return 31.33 | W/B/D 0.0% / 1.0% / 99.0%
        MAV survival 99.0% | UAV survivors 2.84
        Red kills 0.00 | Blue kills 0.14 | ep length 74.8
        actor loss [-0.025, -0.026, -0.024, -0.028]
        critic loss 46.472 | entropy 2.923
[TRAIN] 301,056 / 2,000,000 (15.1%)
        elapsed 00:08:47 | speed 542.9 steps/s | ETA 00:52:09
        episodes +1338 / total 4255
        return 37.29 | W/B/D 0.0% / 0.2% / 99.8%
        MAV survival 99.8% | UAV survivors 2.90
        Red kills 0.00 | Blue kills 0.08 | ep length 74.9
        actor loss [-0.024, -0.018, -0.029, -0.028]
        critic loss 10.041 | entropy 3.051
[TRAIN] 401,408 / 2,000,000 (20.1%)
        elapsed 00:11:54 | speed 538.9 steps/s | ETA 00:49:27
        episodes +1340 / total 5595
        return 38.50 | W/B/D 0.0% / 0.3% / 99.7%
        MAV survival 99.7% | UAV survivors 2.87
        Red kills 0.00 | Blue kills 0.11 | ep length 74.9
        actor loss [-0.024, -0.026, -0.029, -0.024]
        critic loss 14.711 | entropy 3.221
[TRAIN] 501,760 / 2,000,000 (25.1%)
        elapsed 00:15:04 | speed 528.1 steps/s | ETA 00:47:17
        episodes +1344 / total 6939
        return 38.21 | W/B/D 0.0% / 1.0% / 99.0%
        MAV survival 99.0% | UAV survivors 2.90
        Red kills 0.00 | Blue kills 0.06 | ep length 74.8
        actor loss [-0.026, -0.026, -0.024, -0.024]
        critic loss 46.032 | entropy 3.366
[CKPT] milestone 500,000 crossed at step 501,760 | checkpoint_501760.pt
[TRAIN] 600,064 / 2,000,000 (30.0%)
        elapsed 00:18:01 | speed 553.2 steps/s | ETA 00:42:11
        episodes +1312 / total 8251
        return 38.61 | W/B/D 0.0% / 1.0% / 99.0%
        MAV survival 99.0% | UAV survivors 2.91
        Red kills 0.00 | Blue kills 0.08 | ep length 74.8
        actor loss [-0.023, -0.020, -0.024, -0.029]
        critic loss 43.317 | entropy 3.523
[TRAIN] 700,416 / 2,000,000 (35.0%)
        elapsed 00:21:05 | speed 547.0 steps/s | ETA 00:39:36
        episodes +1341 / total 9592
        return 38.05 | W/B/D 0.0% / 1.6% / 98.4%
        MAV survival 98.4% | UAV survivors 2.92
        Red kills 0.00 | Blue kills 0.08 | ep length 74.8
        actor loss [-0.022, -0.022, -0.023, -0.022]
        critic loss 66.504 | entropy 3.647
[TRAIN] 800,768 / 2,000,000 (40.0%)
        elapsed 00:24:13 | speed 533.9 steps/s | ETA 00:37:26
        episodes +1348 / total 10940
        return 35.59 | W/B/D 0.0% / 2.8% / 97.2%
        MAV survival 97.2% | UAV survivors 2.97
        Red kills 0.00 | Blue kills 0.04 | ep length 74.4
        actor loss [-0.019, -0.018, -0.020, -0.020]
        critic loss 121.038 | entropy 3.791
[TRAIN] 901,120 / 2,000,000 (45.1%)
        elapsed 00:27:16 | speed 547.0 steps/s | ETA 00:33:29
        episodes +1348 / total 12288
        return 38.94 | W/B/D 0.0% / 1.3% / 98.7%
        MAV survival 98.7% | UAV survivors 2.95
        Red kills 0.00 | Blue kills 0.05 | ep length 74.5
        actor loss [-0.021, -0.021, -0.018, -0.019]
        critic loss 57.141 | entropy 3.934
[TRAIN] 1,001,472 / 2,000,000 (50.1%)
        elapsed 00:30:20 | speed 544.4 steps/s | ETA 00:30:34
        episodes +1345 / total 13633
        return 40.21 | W/B/D 0.0% / 1.0% / 99.0%
        MAV survival 99.0% | UAV survivors 2.94
        Red kills 0.00 | Blue kills 0.05 | ep length 74.6
        actor loss [-0.023, -0.020, -0.016, -0.018]
        critic loss 42.193 | entropy 4.047
[CKPT] milestone 1,000,000 crossed at step 1,001,472 | checkpoint_1001472.pt
[TRAIN] 1,101,824 / 2,000,000 (55.1%)
        elapsed 00:33:32 | speed 523.0 steps/s | ETA 00:28:37
        episodes +1341 / total 14974
        return 40.77 | W/B/D 0.0% / 0.7% / 99.3%
        MAV survival 99.3% | UAV survivors 2.90
        Red kills 0.00 | Blue kills 0.09 | ep length 74.8
        actor loss [-0.019, -0.019, -0.021, -0.021]
        critic loss 31.321 | entropy 4.168
[TRAIN] 1,200,128 / 2,000,000 (60.0%)
        elapsed 00:36:50 | speed 498.4 steps/s | ETA 00:26:45
        episodes +1314 / total 16288
        return 42.21 | W/B/D 0.0% / 0.6% / 99.4%
        MAV survival 99.4% | UAV survivors 2.95
        Red kills 0.00 | Blue kills 0.05 | ep length 74.9
        actor loss [-0.022, -0.020, -0.018, -0.019]
        critic loss 27.468 | entropy 4.316
[TRAIN] 1,300,480 / 2,000,000 (65.0%)
        elapsed 00:40:05 | speed 512.7 steps/s | ETA 00:22:44
        episodes +1341 / total 17629
        return 42.53 | W/B/D 0.0% / 0.4% / 99.6%
        MAV survival 99.6% | UAV survivors 2.95
        Red kills 0.00 | Blue kills 0.04 | ep length 74.9
        actor loss [-0.018, -0.020, -0.018, -0.018]
        critic loss 19.799 | entropy 4.435
[TRAIN] 1,400,832 / 2,000,000 (70.0%)
        elapsed 00:43:29 | speed 492.4 steps/s | ETA 00:20:17
        episodes +1340 / total 18969
        return 42.63 | W/B/D 0.0% / 0.6% / 99.4%
        MAV survival 99.4% | UAV survivors 2.95
        Red kills 0.00 | Blue kills 0.04 | ep length 74.9
        actor loss [-0.017, -0.024, -0.022, -0.020]
        critic loss 27.480 | entropy 4.558
[TRAIN] 1,501,184 / 2,000,000 (75.1%)
        elapsed 00:46:51 | speed 498.0 steps/s | ETA 00:16:42
        episodes +1340 / total 20309
        return 41.27 | W/B/D 0.0% / 0.8% / 99.2%
        MAV survival 99.2% | UAV survivors 2.90
        Red kills 0.00 | Blue kills 0.09 | ep length 74.8
        actor loss [-0.022, -0.018, -0.017, -0.020]
        critic loss 32.797 | entropy 4.667
[CKPT] milestone 1,500,000 crossed at step 1,501,184 | checkpoint_1501184.pt
[TRAIN] 1,601,536 / 2,000,000 (80.1%)
        elapsed 00:50:07 | speed 512.1 steps/s | ETA 00:12:58
        episodes +1345 / total 21654
        return 41.21 | W/B/D 0.0% / 1.0% / 99.0%
        MAV survival 99.0% | UAV survivors 2.94
        Red kills 0.00 | Blue kills 0.07 | ep length 74.7
        actor loss [-0.021, -0.019, -0.021, 0.014]
        critic loss 43.923 | entropy 4.751
[TRAIN] 1,701,888 / 2,000,000 (85.1%)
        elapsed 00:53:01 | speed 577.0 steps/s | ETA 00:08:37
        episodes +1341 / total 22995
        return 40.06 | W/B/D 0.0% / 1.3% / 98.7%
        MAV survival 98.7% | UAV survivors 2.96
        Red kills 0.00 | Blue kills 0.05 | ep length 74.8
        actor loss [-0.019, -0.020, -0.018, -0.020]
        critic loss 60.469 | entropy 4.874
[TRAIN] 1,800,192 / 2,000,000 (90.0%)
        elapsed 00:55:49 | speed 583.6 steps/s | ETA 00:05:42
        episodes +1315 / total 24310
        return 41.76 | W/B/D 0.0% / 0.6% / 99.4%
        MAV survival 99.4% | UAV survivors 2.99
        Red kills 0.00 | Blue kills 0.02 | ep length 74.7
        actor loss [-0.020, -0.017, -0.020, -0.016]
        critic loss 26.144 | entropy 4.997
[TRAIN] 1,900,544 / 2,000,000 (95.0%)
        elapsed 00:58:49 | speed 556.7 steps/s | ETA 00:02:59
        episodes +1344 / total 25654
        return 41.09 | W/B/D 0.0% / 1.1% / 98.9%
        MAV survival 98.9% | UAV survivors 2.96
        Red kills 0.00 | Blue kills 0.05 | ep length 74.7
        actor loss [-0.019, -0.019, -0.019, -0.018]
        critic loss 46.124 | entropy 5.109
[TRAIN] 2,000,000 / 2,000,000 (100.0%)
        elapsed 01:01:50 | speed 551.2 steps/s | ETA 00:00:00
        episodes +1330 / total 26984
        return 41.85 | W/B/D 0.0% / 0.8% / 99.2%
        MAV survival 99.2% | UAV survivors 2.96
        Red kills 0.00 | Blue kills 0.04 | ep length 74.7
        actor loss [-0.022, -0.021, -0.024, -0.015]
        critic loss 37.310 | entropy 5.193
[CKPT] milestone 2,000,000 crossed at step 2,000,000 | checkpoint_2000000.pt
[TRAIN] optimization finished at 2,000,000 steps
[FINAL EVAL] step 2,000,000 | nearest_red_aircraft
       win 0.0% | blue 0.0% | draw 100.0%
       return 41.38 | Red kills 0.00 | MAV survival 100.0%
============================================================
TRAINING COMPLETE
Steps: 2,000,000
Elapsed training time: 01:01:50
Final evaluation time: 00:02:45
Completed episodes: 26984
Final checkpoint: checkpoint_final.pt
Run folder: /mnt/c/Users/HPK/Desktop/2_uav/outputs/happo_v35_4v4_main_seed2_2m_20260912_140601
============================================================
============================================================
Finished Vanilla HAPPO seed 2
Time: Sat Sep 12 15:12:10 CST 2026
============================================================
============================================================
Starting Full PCTA-HAPPO seed 2
Time: Sat Sep 12 15:12:10 CST 2026
============================================================
============================================================
PCTA-HAPPO TRAINING
Run: pcta_happo_v35_4v4_main_seed2_2m_20260912_151210
Profile: main
Seed: 2
Device: cuda
Envs: 16
Method: baseline
Critic: mlp
Rollout: 128
Target steps: 2,000,000
Checkpoint interval: 500,000
Evaluation interval: disabled
Log interval: 100,000
============================================================
[TRAIN] 100,352 / 2,000,000 (5.0%)
        elapsed 00:03:11 | speed 525.0 steps/s | ETA 01:00:18
        episodes +1359 / total 1359
        return 1.18 | W/B/D 0.0% / 8.6% / 91.4%
        MAV survival 91.4% | UAV survivors 2.16
        Red kills 0.00 | Blue kills 0.02 | ep length 73.4
        actor loss [-0.017, -0.023, -0.020, -0.016]
        critic loss 359.903 | entropy 2.816
        PCTA consistency 0.001971 (weighted 0.000099) | valid pairs 319185 | attention entropy 1.038 | target switch 6.9%
[TRAIN] 200,704 / 2,000,000 (10.0%)
        elapsed 00:06:37 | speed 487.8 steps/s | ETA 01:01:28
        episodes +1343 / total 2702
        return 31.15 | W/B/D 0.0% / 1.3% / 98.7%
        MAV survival 98.7% | UAV survivors 2.91
        Red kills 0.00 | Blue kills 0.09 | ep length 74.7
        actor loss [-0.016, -0.016, -0.016, -0.018]
        critic loss 56.614 | entropy 2.936
        PCTA consistency 0.000999 (weighted 0.000050) | valid pairs 386549 | attention entropy 1.184 | target switch 5.3%
[TRAIN] 301,056 / 2,000,000 (15.1%)
        elapsed 00:10:09 | speed 472.2 steps/s | ETA 00:59:58
        episodes +1342 / total 4044
        return 36.91 | W/B/D 0.0% / 1.1% / 98.9%
        MAV survival 98.9% | UAV survivors 2.96
        Red kills 0.00 | Blue kills 0.03 | ep length 74.8
        actor loss [-0.016, -0.012, -0.020, -0.019]
        critic loss 41.561 | entropy 3.064
        PCTA consistency 0.000610 (weighted 0.000031) | valid pairs 390536 | attention entropy 1.254 | target switch 4.5%
[TRAIN] 401,408 / 2,000,000 (20.1%)
        elapsed 00:13:43 | speed 470.0 steps/s | ETA 00:56:41
        episodes +1340 / total 5384
        return 39.84 | W/B/D 0.0% / 0.4% / 99.6%
        MAV survival 99.6% | UAV survivors 2.95
        Red kills 0.00 | Blue kills 0.04 | ep length 74.9
        actor loss [-0.017, -0.018, -0.020, -0.017]
        critic loss 17.729 | entropy 3.208
        PCTA consistency 0.000899 (weighted 0.000045) | valid pairs 389485 | attention entropy 1.212 | target switch 5.0%
[TRAIN] 501,760 / 2,000,000 (25.1%)
        elapsed 00:17:17 | speed 468.5 steps/s | ETA 00:53:18
        episodes +1341 / total 6725
        return 39.81 | W/B/D 0.0% / 0.8% / 99.2%
        MAV survival 99.2% | UAV survivors 2.98
        Red kills 0.00 | Blue kills 0.02 | ep length 74.7
        actor loss [-0.016, -0.016, -0.015, -0.015]
        critic loss 36.912 | entropy 3.337
        PCTA consistency 0.000578 (weighted 0.000029) | valid pairs 391226 | attention entropy 1.279 | target switch 5.6%
[CKPT] milestone 500,000 crossed at step 501,760 | checkpoint_501760.pt
[TRAIN] 600,064 / 2,000,000 (30.0%)
        elapsed 00:20:59 | speed 443.9 steps/s | ETA 00:52:34
        episodes +1317 / total 8042
        return 40.73 | W/B/D 0.0% / 0.8% / 99.2%
        MAV survival 99.2% | UAV survivors 2.95
        Red kills 0.00 | Blue kills 0.04 | ep length 74.8
        actor loss [-0.017, -0.013, -0.016, -0.020]
        critic loss 32.745 | entropy 3.470
        PCTA consistency 0.000562 (weighted 0.000028) | valid pairs 381266 | attention entropy 1.259 | target switch 5.8%
[TRAIN] 700,416 / 2,000,000 (35.0%)
        elapsed 00:24:28 | speed 479.6 steps/s | ETA 00:45:09
        episodes +1339 / total 9381
        return 40.30 | W/B/D 0.0% / 0.2% / 99.8%
        MAV survival 99.8% | UAV survivors 2.86
        Red kills 0.00 | Blue kills 0.12 | ep length 74.9
        actor loss [-0.018, -0.016, -0.018, -0.017]
        critic loss 11.822 | entropy 3.580
        PCTA consistency 0.000570 (weighted 0.000028) | valid pairs 385534 | attention entropy 1.249 | target switch 5.7%
[TRAIN] 800,768 / 2,000,000 (40.0%)
        elapsed 00:28:01 | speed 470.9 steps/s | ETA 00:42:27
        episodes +1336 / total 10717
        return 42.51 | W/B/D 0.0% / 0.1% / 99.9%
        MAV survival 99.9% | UAV survivors 2.96
        Red kills 0.00 | Blue kills 0.04 | ep length 75.0
        actor loss [-0.016, -0.017, -0.017, -0.018]
        critic loss 8.174 | entropy 3.716
        PCTA consistency 0.000483 (weighted 0.000024) | valid pairs 389643 | attention entropy 1.266 | target switch 5.9%
[TRAIN] 901,120 / 2,000,000 (45.1%)
        elapsed 00:31:33 | speed 472.2 steps/s | ETA 00:38:47
        episodes +1345 / total 12062
        return 41.86 | W/B/D 0.0% / 0.3% / 99.7%
        MAV survival 99.7% | UAV survivors 2.94
        Red kills 0.00 | Blue kills 0.05 | ep length 74.8
        actor loss [-0.018, -0.020, -0.015, -0.017]
        critic loss 14.632 | entropy 3.841
        PCTA consistency 0.000498 (weighted 0.000025) | valid pairs 389282 | attention entropy 1.268 | target switch 5.9%
[TRAIN] 1,001,472 / 2,000,000 (50.1%)
        elapsed 00:35:03 | speed 479.0 steps/s | ETA 00:34:45
        episodes +1337 / total 13399
        return 43.09 | W/B/D 0.0% / 0.1% / 99.9%
        MAV survival 99.9% | UAV survivors 2.96
        Red kills 0.00 | Blue kills 0.02 | ep length 75.0
        actor loss [-0.019, -0.017, -0.015, -0.016]
        critic loss 2.370 | entropy 3.984
        PCTA consistency 0.000533 (weighted 0.000027) | valid pairs 390325 | attention entropy 1.263 | target switch 6.1%
[CKPT] milestone 1,000,000 crossed at step 1,001,472 | checkpoint_1001472.pt
[TRAIN] 1,101,824 / 2,000,000 (55.1%)
        elapsed 00:38:31 | speed 482.7 steps/s | ETA 00:31:01
        episodes +1339 / total 14738
        return 43.78 | W/B/D 0.0% / 0.1% / 99.9%
        MAV survival 99.9% | UAV survivors 2.95
        Red kills 0.00 | Blue kills 0.03 | ep length 75.0
        actor loss [-0.016, -0.015, -0.018, -0.017]
        critic loss 8.337 | entropy 4.083
        PCTA consistency 0.000485 (weighted 0.000024) | valid pairs 390454 | attention entropy 1.271 | target switch 6.2%
[TRAIN] 1,200,128 / 2,000,000 (60.0%)
        elapsed 00:41:58 | speed 474.3 steps/s | ETA 00:28:06
        episodes +1316 / total 16054
        return 42.81 | W/B/D 0.0% / 0.7% / 99.3%
        MAV survival 99.3% | UAV survivors 2.92
        Red kills 0.00 | Blue kills 0.06 | ep length 74.7
        actor loss [-0.020, -0.016, -0.014, -0.016]
        critic loss 34.216 | entropy 4.199
        PCTA consistency 0.000368 (weighted 0.000018) | valid pairs 381962 | attention entropy 1.283 | target switch 6.7%
[TRAIN] 1,300,480 / 2,000,000 (65.0%)
        elapsed 00:45:31 | speed 470.8 steps/s | ETA 00:24:46
        episodes +1341 / total 17395
        return 43.57 | W/B/D 0.0% / 0.4% / 99.6%
        MAV survival 99.6% | UAV survivors 2.96
        Red kills 0.00 | Blue kills 0.03 | ep length 74.8
        actor loss [-0.017, -0.017, -0.017, -0.016]
        critic loss 19.270 | entropy 4.356
        PCTA consistency 0.000396 (weighted 0.000020) | valid pairs 390901 | attention entropy 1.284 | target switch 5.9%
[TRAIN] 1,400,832 / 2,000,000 (70.0%)
        elapsed 00:48:57 | speed 488.6 steps/s | ETA 00:20:26
        episodes +1342 / total 18737
        return 44.27 | W/B/D 0.0% / 0.3% / 99.7%
        MAV survival 99.7% | UAV survivors 2.94
        Red kills 0.00 | Blue kills 0.04 | ep length 74.9
        actor loss [-0.014, -0.019, -0.017, -0.017]
        critic loss 15.083 | entropy 4.485
        PCTA consistency 0.000364 (weighted 0.000018) | valid pairs 391076 | attention entropy 1.290 | target switch 6.2%
[TRAIN] 1,501,184 / 2,000,000 (75.1%)
        elapsed 00:52:23 | speed 484.9 steps/s | ETA 00:17:09
        episodes +1339 / total 20076
        return 43.98 | W/B/D 0.0% / 0.4% / 99.6%
        MAV survival 99.6% | UAV survivors 2.96
        Red kills 0.00 | Blue kills 0.03 | ep length 74.9
        actor loss [-0.019, -0.014, -0.013, -0.017]
        critic loss 17.384 | entropy 4.602
        PCTA consistency 0.000428 (weighted 0.000021) | valid pairs 390471 | attention entropy 1.277 | target switch 5.6%
[CKPT] milestone 1,500,000 crossed at step 1,501,184 | checkpoint_1501184.pt
[TRAIN] 1,601,536 / 2,000,000 (80.1%)
        elapsed 00:55:50 | speed 486.0 steps/s | ETA 00:13:40
        episodes +1339 / total 21415
        return 44.40 | W/B/D 0.0% / 0.4% / 99.6%
        MAV survival 99.6% | UAV survivors 2.96
        Red kills 0.00 | Blue kills 0.04 | ep length 74.8
        actor loss [-0.018, -0.014, -0.016, -0.015]
        critic loss 19.940 | entropy 4.720
        PCTA consistency 0.000338 (weighted 0.000017) | valid pairs 390806 | attention entropy 1.293 | target switch 6.0%
[TRAIN] 1,701,888 / 2,000,000 (85.1%)
        elapsed 00:59:26 | speed 464.2 steps/s | ETA 00:10:42
        episodes +1341 / total 22756
        return 44.28 | W/B/D 0.0% / 0.5% / 99.5%
        MAV survival 99.5% | UAV survivors 2.95
        Red kills 0.00 | Blue kills 0.05 | ep length 74.8
        actor loss [-0.016, -0.017, -0.016, -0.019]
        critic loss 20.904 | entropy 4.843
        PCTA consistency 0.000362 (weighted 0.000018) | valid pairs 391116 | attention entropy 1.265 | target switch 6.0%
[TRAIN] 1,800,192 / 2,000,000 (90.0%)
        elapsed 01:02:47 | speed 490.2 steps/s | ETA 00:06:48
        episodes +1312 / total 24068
        return 45.00 | W/B/D 0.0% / 0.3% / 99.7%
        MAV survival 99.7% | UAV survivors 2.97
        Red kills 0.00 | Blue kills 0.03 | ep length 74.9
        actor loss [-0.020, -0.017, -0.018, -0.015]
        critic loss 15.179 | entropy 4.968
        PCTA consistency 0.000370 (weighted 0.000019) | valid pairs 382896 | attention entropy 1.262 | target switch 6.1%
[TRAIN] 1,900,544 / 2,000,000 (95.0%)
        elapsed 01:06:11 | speed 492.0 steps/s | ETA 00:03:22
        episodes +1342 / total 25410
        return 45.34 | W/B/D 0.0% / 0.1% / 99.9%
        MAV survival 99.9% | UAV survivors 2.98
        Red kills 0.00 | Blue kills 0.02 | ep length 75.0
        actor loss [-0.021, -0.019, -0.019, -0.016]
        critic loss 6.949 | entropy 5.078
        PCTA consistency 0.000359 (weighted 0.000018) | valid pairs 391178 | attention entropy 1.270 | target switch 6.4%
[TRAIN] 2,000,000 / 2,000,000 (100.0%)
        elapsed 01:09:38 | speed 480.5 steps/s | ETA 00:00:00
        episodes +1328 / total 26738
        return 43.68 | W/B/D 0.0% / 0.8% / 99.2%
        MAV survival 99.2% | UAV survivors 2.98
        Red kills 0.00 | Blue kills 0.02 | ep length 74.8
        actor loss [-0.013, -0.011, -0.015, -0.006]
        critic loss 35.905 | entropy 5.177
        PCTA consistency 0.000345 (weighted 0.000017) | valid pairs 387577 | attention entropy 1.281 | target switch 6.1%
[CKPT] milestone 2,000,000 crossed at step 2,000,000 | checkpoint_2000000.pt
[TRAIN] optimization finished at 2,000,000 steps
[FINAL EVAL] step 2,000,000 | nearest_red_aircraft
       win 0.0% | blue 0.0% | draw 100.0%
       return 43.90 | Red kills 0.00 | MAV survival 100.0%
============================================================
TRAINING COMPLETE
Steps: 2,000,000
Elapsed training time: 01:09:38
Final evaluation time: 00:03:12
Completed episodes: 26738
Final checkpoint: checkpoint_final.pt
Run folder: /mnt/c/Users/HPK/Desktop/2_uav/outputs/pcta_happo_v35_4v4_main_seed2_2m_20260912_151210
============================================================
============================================================
Finished Full PCTA-HAPPO seed 2
Time: Sat Sep 12 16:26:59 CST 2026
============================================================
============================================================
Starting Vanilla HAPPO seed 3
Time: Sat Sep 12 16:26:59 CST 2026
============================================================
============================================================
HAPPO TRAINING
Run: happo_v35_4v4_main_seed3_2m_20260912_162659
Profile: main
Seed: 3
Device: cuda
Envs: 16
Method: baseline
Critic: mlp
Rollout: 128
Target steps: 2,000,000
Checkpoint interval: 500,000
Evaluation interval: disabled
Log interval: 100,000
============================================================
[TRAIN] 100,352 / 2,000,000 (5.0%)
        elapsed 00:02:42 | speed 618.5 steps/s | ETA 00:51:11
        episodes +1481 / total 1481
        return -50.39 | W/B/D 0.0% / 28.6% / 71.4%
        MAV survival 71.4% | UAV survivors 1.17
        Red kills 0.00 | Blue kills 0.08 | ep length 67.3
        actor loss [-0.020, -0.027, -0.026, -0.027]
        critic loss 1152.891 | entropy 2.812
[TRAIN] 200,704 / 2,000,000 (10.0%)
        elapsed 00:05:32 | speed 592.2 steps/s | ETA 00:50:39
        episodes +1350 / total 2831
        return 30.55 | W/B/D 0.0% / 1.1% / 98.9%
        MAV survival 98.9% | UAV survivors 2.90
        Red kills 0.00 | Blue kills 0.10 | ep length 74.5
        actor loss [-0.025, -0.029, -0.026, -0.026]
        critic loss 55.338 | entropy 2.927
[TRAIN] 301,056 / 2,000,000 (15.1%)
        elapsed 00:08:20 | speed 597.0 steps/s | ETA 00:47:26
        episodes +1345 / total 4176
        return 35.39 | W/B/D 0.0% / 1.4% / 98.6%
        MAV survival 98.6% | UAV survivors 2.88
        Red kills 0.00 | Blue kills 0.10 | ep length 74.6
        actor loss [-0.025, -0.024, -0.028, -0.024]
        critic loss 65.287 | entropy 3.095
[TRAIN] 401,408 / 2,000,000 (20.1%)
        elapsed 00:11:07 | speed 600.8 steps/s | ETA 00:44:21
        episodes +1340 / total 5516
        return 37.18 | W/B/D 0.0% / 0.6% / 99.4%
        MAV survival 99.4% | UAV survivors 2.77
        Red kills 0.01 | Blue kills 0.20 | ep length 74.9
        actor loss [-0.031, -0.031, -0.021, -0.025]
        critic loss 34.607 | entropy 3.215
[TRAIN] 501,760 / 2,000,000 (25.1%)
        elapsed 00:13:51 | speed 610.3 steps/s | ETA 00:40:55
        episodes +1344 / total 6860
        return 54.90 | W/B/D 0.0% / 0.8% / 99.2%
        MAV survival 99.2% | UAV survivors 2.81
        Red kills 0.37 | Blue kills 0.13 | ep length 74.8
        actor loss [-0.025, -0.026, -0.024, -0.025]
        critic loss 121.621 | entropy 3.263
[CKPT] milestone 500,000 crossed at step 501,760 | checkpoint_501760.pt
[TRAIN] 600,064 / 2,000,000 (30.0%)
        elapsed 00:16:30 | speed 619.3 steps/s | ETA 00:37:41
        episodes +1312 / total 8172
        return 70.31 | W/B/D 0.1% / 2.7% / 97.3%
        MAV survival 97.3% | UAV survivors 2.40
        Red kills 0.86 | Blue kills 0.35 | ep length 74.9
        actor loss [-0.024, -0.028, -0.027, -0.023]
        critic loss 268.494 | entropy 3.293
[TRAIN] 700,416 / 2,000,000 (35.0%)
        elapsed 00:19:12 | speed 621.2 steps/s | ETA 00:34:52
        episodes +1340 / total 9512
        return 79.22 | W/B/D 0.3% / 1.5% / 98.2%
        MAV survival 98.5% | UAV survivors 2.19
        Red kills 1.05 | Blue kills 0.36 | ep length 74.8
        actor loss [-0.019, -0.026, -0.023, -0.027]
        critic loss 244.479 | entropy 3.333
[TRAIN] 800,768 / 2,000,000 (40.0%)
        elapsed 00:22:01 | speed 592.1 steps/s | ETA 00:33:45
        episodes +1343 / total 10855
        return 105.21 | W/B/D 1.4% / 0.9% / 97.7%
        MAV survival 99.1% | UAV survivors 2.39
        Red kills 1.46 | Blue kills 0.52 | ep length 74.8
        actor loss [-0.026, -0.023, -0.022, -0.028]
        critic loss 277.483 | entropy 3.377
[TRAIN] 901,120 / 2,000,000 (45.1%)
        elapsed 00:25:33 | speed 473.6 steps/s | ETA 00:38:40
        episodes +1345 / total 12200
        return 122.23 | W/B/D 1.6% / 1.1% / 97.3%
        MAV survival 98.9% | UAV survivors 2.47
        Red kills 1.80 | Blue kills 0.51 | ep length 74.6
        actor loss [-0.025, -0.023, -0.029, -0.022]
        critic loss 300.798 | entropy 3.403
[TRAIN] 1,001,472 / 2,000,000 (50.1%)
        elapsed 00:28:34 | speed 555.6 steps/s | ETA 00:29:57
        episodes +1404 / total 13604
        return 145.39 | W/B/D 8.6% / 1.1% / 90.2%
        MAV survival 98.9% | UAV survivors 2.60
        Red kills 2.10 | Blue kills 0.40 | ep length 71.6
        actor loss [-0.025, -0.025, -0.024, -0.021]
        critic loss 491.613 | entropy 3.430
[CKPT] milestone 1,000,000 crossed at step 1,001,472 | checkpoint_1001472.pt
[TRAIN] 1,101,824 / 2,000,000 (55.1%)
        elapsed 00:31:32 | speed 561.7 steps/s | ETA 00:26:39
        episodes +1516 / total 15120
        return 163.40 | W/B/D 19.3% / 2.7% / 78.0%
        MAV survival 97.3% | UAV survivors 2.47
        Red kills 2.38 | Blue kills 0.55 | ep length 66.2
        actor loss [-0.024, -0.019, -0.022, -0.026]
        critic loss 984.014 | entropy 3.450
[TRAIN] 1,200,128 / 2,000,000 (60.0%)
        elapsed 00:34:30 | speed 553.8 steps/s | ETA 00:24:04
        episodes +1567 / total 16687
        return 188.19 | W/B/D 29.0% / 2.7% / 68.3%
        MAV survival 97.3% | UAV survivors 2.34
        Red kills 2.76 | Blue kills 0.68 | ep length 62.6
        actor loss [-0.021, -0.023, -0.026, -0.029]
        critic loss 943.258 | entropy 3.492
[TRAIN] 1,300,480 / 2,000,000 (65.0%)
        elapsed 00:37:06 | speed 642.5 steps/s | ETA 00:18:09
        episodes +1628 / total 18315
        return 192.67 | W/B/D 32.8% / 2.8% / 64.4%
        MAV survival 97.2% | UAV survivors 2.27
        Red kills 2.79 | Blue kills 0.73 | ep length 61.7
        actor loss [-0.022, -0.024, -0.026, -0.027]
        critic loss 933.920 | entropy 3.520
[TRAIN] 1,400,832 / 2,000,000 (70.0%)
        elapsed 00:40:08 | speed 550.3 steps/s | ETA 00:18:09
        episodes +1664 / total 19979
        return 196.72 | W/B/D 35.0% / 2.9% / 62.0%
        MAV survival 97.1% | UAV survivors 2.20
        Red kills 2.86 | Blue kills 0.81 | ep length 60.2
        actor loss [-0.025, -0.022, -0.024, -0.025]
        critic loss 960.069 | entropy 3.571
[TRAIN] 1,501,184 / 2,000,000 (75.1%)
        elapsed 00:42:39 | speed 666.5 steps/s | ETA 00:12:28
        episodes +1696 / total 21675
        return 201.18 | W/B/D 37.6% / 3.0% / 59.4%
        MAV survival 97.0% | UAV survivors 2.18
        Red kills 2.92 | Blue kills 0.83 | ep length 59.2
        actor loss [-0.027, -0.022, -0.023, -0.021]
        critic loss 971.438 | entropy 3.625
[CKPT] milestone 1,500,000 crossed at step 1,501,184 | checkpoint_1501184.pt
[TRAIN] 1,601,536 / 2,000,000 (80.1%)
        elapsed 00:45:18 | speed 628.6 steps/s | ETA 00:10:34
        episodes +1742 / total 23417
        return 204.06 | W/B/D 40.1% / 4.1% / 55.7%
        MAV survival 95.9% | UAV survivors 2.14
        Red kills 2.99 | Blue kills 0.88 | ep length 57.6
        actor loss [-0.024, -0.020, -0.021, -0.028]
        critic loss 1026.054 | entropy 3.660
[TRAIN] 1,701,888 / 2,000,000 (85.1%)
        elapsed 00:48:08 | speed 592.1 steps/s | ETA 00:08:23
        episodes +1742 / total 25159
        return 207.26 | W/B/D 40.3% / 2.5% / 57.2%
        MAV survival 97.5% | UAV survivors 2.13
        Red kills 2.99 | Blue kills 0.89 | ep length 57.6
        actor loss [-0.022, -0.022, -0.025, -0.026]
        critic loss 932.169 | entropy 3.709
[TRAIN] 1,800,192 / 2,000,000 (90.0%)
        elapsed 00:50:38 | speed 653.6 steps/s | ETA 00:05:06
        episodes +1724 / total 26883
        return 211.04 | W/B/D 43.0% / 3.0% / 54.0%
        MAV survival 97.0% | UAV survivors 2.12
        Red kills 3.05 | Blue kills 0.88 | ep length 57.0
        actor loss [-0.022, -0.023, -0.023, -0.026]
        critic loss 880.032 | entropy 3.749
[TRAIN] 1,900,544 / 2,000,000 (95.0%)
        elapsed 00:53:17 | speed 633.7 steps/s | ETA 00:02:37
        episodes +1730 / total 28613
        return 210.92 | W/B/D 40.6% / 2.0% / 57.4%
        MAV survival 98.0% | UAV survivors 2.18
        Red kills 3.03 | Blue kills 0.80 | ep length 58.1
        actor loss [-0.030, -0.017, -0.022, -0.028]
        critic loss 801.840 | entropy 3.822
[TRAIN] 2,000,000 / 2,000,000 (100.0%)
        elapsed 00:56:08 | speed 581.0 steps/s | ETA 00:00:00
        episodes +1709 / total 30322
        return 212.45 | W/B/D 40.4% / 1.2% / 58.4%
        MAV survival 98.8% | UAV survivors 2.28
        Red kills 3.02 | Blue kills 0.66 | ep length 58.2
        actor loss [-0.027, -0.021, -0.025, -0.023]
        critic loss 730.075 | entropy 3.869
[CKPT] milestone 2,000,000 crossed at step 2,000,000 | checkpoint_2000000.pt
[TRAIN] optimization finished at 2,000,000 steps
[FINAL EVAL] step 2,000,000 | nearest_red_aircraft
       win 43.0% | blue 0.0% | draw 57.0%
       return 216.93 | Red kills 2.98 | MAV survival 100.0%
============================================================
TRAINING COMPLETE
Steps: 2,000,000
Elapsed training time: 00:56:08
Final evaluation time: 00:01:34
Completed episodes: 30322
Final checkpoint: checkpoint_final.pt
Run folder: /mnt/c/Users/HPK/Desktop/2_uav/outputs/happo_v35_4v4_main_seed3_2m_20260912_162659
============================================================
============================================================
Finished Vanilla HAPPO seed 3
Time: Sat Sep 12 17:26:23 CST 2026
============================================================
============================================================
Starting Full PCTA-HAPPO seed 3
Time: Sat Sep 12 17:26:23 CST 2026
============================================================
============================================================
PCTA-HAPPO TRAINING
Run: pcta_happo_v35_4v4_main_seed3_2m_20260912_172623
Profile: main
Seed: 3
Device: cuda
Envs: 16
Method: baseline
Critic: mlp
Rollout: 128
Target steps: 2,000,000
Checkpoint interval: 500,000
Evaluation interval: disabled
Log interval: 100,000
============================================================
[TRAIN] 100,352 / 2,000,000 (5.0%)
        elapsed 00:03:28 | speed 482.6 steps/s | ETA 01:05:36
        episodes +1342 / total 1342
        return 17.21 | W/B/D 0.0% / 3.1% / 96.9%
        MAV survival 96.9% | UAV survivors 2.44
        Red kills 0.00 | Blue kills 0.04 | ep length 74.3
        actor loss [-0.016, -0.017, -0.018, -0.018]
        critic loss 132.419 | entropy 2.824
        PCTA consistency 0.001569 (weighted 0.000078) | valid pairs 347731 | attention entropy 1.074 | target switch 7.0%
[TRAIN] 200,704 / 2,000,000 (10.0%)
        elapsed 00:06:54 | speed 486.5 steps/s | ETA 01:01:39
        episodes +1341 / total 2683
        return 34.01 | W/B/D 0.0% / 0.6% / 99.4%
        MAV survival 99.4% | UAV survivors 2.90
        Red kills 0.00 | Blue kills 0.09 | ep length 74.8
        actor loss [-0.017, -0.019, -0.017, -0.016]
        critic loss 30.517 | entropy 2.930
        PCTA consistency 0.001028 (weighted 0.000051) | valid pairs 382579 | attention entropy 1.184 | target switch 7.0%
[TRAIN] 301,056 / 2,000,000 (15.1%)
        elapsed 00:10:55 | speed 417.5 steps/s | ETA 01:07:49
        episodes +1342 / total 4025
        return 36.27 | W/B/D 0.0% / 0.7% / 99.3%
        MAV survival 99.3% | UAV survivors 2.88
        Red kills 0.00 | Blue kills 0.12 | ep length 74.7
        actor loss [-0.015, -0.015, -0.018, -0.016]
        critic loss 33.282 | entropy 3.037
        PCTA consistency 0.000860 (weighted 0.000043) | valid pairs 384751 | attention entropy 1.242 | target switch 7.6%
[TRAIN] 401,408 / 2,000,000 (20.1%)
        elapsed 00:14:23 | speed 481.5 steps/s | ETA 00:55:20
        episodes +1344 / total 5369
        return 38.34 | W/B/D 0.0% / 0.4% / 99.6%
        MAV survival 99.6% | UAV survivors 2.94
        Red kills 0.00 | Blue kills 0.06 | ep length 74.8
        actor loss [-0.019, -0.019, -0.012, -0.015]
        critic loss 22.362 | entropy 3.175
        PCTA consistency 0.001037 (weighted 0.000052) | valid pairs 384717 | attention entropy 1.208 | target switch 8.0%
[TRAIN] 501,760 / 2,000,000 (25.1%)
        elapsed 00:17:56 | speed 471.9 steps/s | ETA 00:52:55
        episodes +1340 / total 6709
        return 39.08 | W/B/D 0.0% / 0.7% / 99.3%
        MAV survival 99.3% | UAV survivors 2.89
        Red kills 0.00 | Blue kills 0.07 | ep length 74.8
        actor loss [-0.018, -0.017, -0.017, -0.018]
        critic loss 30.710 | entropy 3.321
        PCTA consistency 0.000673 (weighted 0.000034) | valid pairs 383083 | attention entropy 1.184 | target switch 7.0%
[CKPT] milestone 500,000 crossed at step 501,760 | checkpoint_501760.pt
[TRAIN] 600,064 / 2,000,000 (30.0%)
        elapsed 00:21:52 | speed 416.6 steps/s | ETA 00:56:01
        episodes +1315 / total 8024
        return 39.75 | W/B/D 0.0% / 0.8% / 99.2%
        MAV survival 99.2% | UAV survivors 2.93
        Red kills 0.00 | Blue kills 0.06 | ep length 74.8
        actor loss [-0.017, -0.017, -0.017, -0.016]
        critic loss 35.365 | entropy 3.467
        PCTA consistency 0.000551 (weighted 0.000028) | valid pairs 377829 | attention entropy 1.215 | target switch 7.0%
[TRAIN] 700,416 / 2,000,000 (35.0%)
        elapsed 00:25:24 | speed 473.6 steps/s | ETA 00:45:44
        episodes +1339 / total 9363
        return 40.42 | W/B/D 0.0% / 0.5% / 99.5%
        MAV survival 99.5% | UAV survivors 2.92
        Red kills 0.00 | Blue kills 0.07 | ep length 74.9
        actor loss [-0.013, -0.017, -0.014, -0.017]
        critic loss 24.004 | entropy 3.624
        PCTA consistency 0.000539 (weighted 0.000027) | valid pairs 384849 | attention entropy 1.227 | target switch 6.8%
[TRAIN] 800,768 / 2,000,000 (40.0%)
        elapsed 00:29:16 | speed 432.0 steps/s | ETA 00:46:16
        episodes +1343 / total 10706
        return 41.65 | W/B/D 0.0% / 0.5% / 99.5%
        MAV survival 99.5% | UAV survivors 2.94
        Red kills 0.00 | Blue kills 0.04 | ep length 74.8
        actor loss [-0.020, -0.018, -0.017, -0.020]
        critic loss 23.365 | entropy 3.786
        PCTA consistency 0.000673 (weighted 0.000034) | valid pairs 386687 | attention entropy 1.199 | target switch 7.6%
[TRAIN] 901,120 / 2,000,000 (45.1%)
        elapsed 00:32:44 | speed 481.6 steps/s | ETA 00:38:02
        episodes +1341 / total 12047
        return 41.96 | W/B/D 0.0% / 0.8% / 99.2%
        MAV survival 99.2% | UAV survivors 2.94
        Red kills 0.00 | Blue kills 0.05 | ep length 74.9
        actor loss [-0.018, -0.018, -0.020, -0.015]
        critic loss 35.136 | entropy 3.926
        PCTA consistency 0.000697 (weighted 0.000035) | valid pairs 388620 | attention entropy 1.217 | target switch 7.6%
[TRAIN] 1,001,472 / 2,000,000 (50.1%)
        elapsed 00:36:33 | speed 438.0 steps/s | ETA 00:38:00
        episodes +1344 / total 13391
        return 40.27 | W/B/D 0.0% / 1.6% / 98.4%
        MAV survival 98.4% | UAV survivors 2.97
        Red kills 0.00 | Blue kills 0.04 | ep length 74.6
        actor loss [-0.015, -0.017, -0.016, -0.013]
        critic loss 67.208 | entropy 4.096
        PCTA consistency 0.001118 (weighted 0.000056) | valid pairs 387646 | attention entropy 1.181 | target switch 8.1%
[CKPT] milestone 1,000,000 crossed at step 1,001,472 | checkpoint_1001472.pt
[TRAIN] 1,101,824 / 2,000,000 (55.1%)
        elapsed 00:40:11 | speed 461.4 steps/s | ETA 00:32:27
        episodes +1341 / total 14732
        return 40.01 | W/B/D 0.0% / 1.1% / 98.9%
        MAV survival 98.9% | UAV survivors 2.92
        Red kills 0.00 | Blue kills 0.08 | ep length 74.7
        actor loss [-0.016, -0.015, -0.017, -0.018]
        critic loss 49.239 | entropy 4.249
        PCTA consistency 0.000939 (weighted 0.000047) | valid pairs 385888 | attention entropy 1.179 | target switch 6.8%
[TRAIN] 1,200,128 / 2,000,000 (60.0%)
        elapsed 00:43:37 | speed 477.8 steps/s | ETA 00:27:54
        episodes +1317 / total 16049
        return 41.94 | W/B/D 0.0% / 0.7% / 99.3%
        MAV survival 99.3% | UAV survivors 2.97
        Red kills 0.00 | Blue kills 0.03 | ep length 74.7
        actor loss [-0.014, -0.016, -0.017, -0.019]
        critic loss 33.783 | entropy 4.384
        PCTA consistency 0.000745 (weighted 0.000037) | valid pairs 380023 | attention entropy 1.183 | target switch 5.9%
[TRAIN] 1,300,480 / 2,000,000 (65.0%)
        elapsed 00:47:32 | speed 425.9 steps/s | ETA 00:27:23
        episodes +1342 / total 17391
        return 43.31 | W/B/D 0.0% / 0.4% / 99.6%
        MAV survival 99.6% | UAV survivors 2.94
        Red kills 0.00 | Blue kills 0.03 | ep length 74.9
        actor loss [-0.014, -0.019, -0.019, -0.018]
        critic loss 17.405 | entropy 4.506
        PCTA consistency 0.000811 (weighted 0.000041) | valid pairs 387666 | attention entropy 1.193 | target switch 7.1%
[TRAIN] 1,400,832 / 2,000,000 (70.0%)
        elapsed 00:51:01 | speed 480.6 steps/s | ETA 00:20:47
        episodes +1336 / total 18727
        return 42.47 | W/B/D 0.0% / 0.7% / 99.3%
        MAV survival 99.3% | UAV survivors 2.88
        Red kills 0.00 | Blue kills 0.08 | ep length 74.9
        actor loss [-0.018, -0.017, -0.015, -0.018]
        critic loss 31.349 | entropy 4.649
        PCTA consistency 0.000741 (weighted 0.000037) | valid pairs 386785 | attention entropy 1.211 | target switch 7.8%
[TRAIN] 1,501,184 / 2,000,000 (75.1%)
        elapsed 00:54:33 | speed 472.9 steps/s | ETA 00:17:35
        episodes +1343 / total 20070
        return 42.04 | W/B/D 0.0% / 0.4% / 99.6%
        MAV survival 99.6% | UAV survivors 2.94
        Red kills 0.00 | Blue kills 0.06 | ep length 74.9
        actor loss [-0.020, -0.020, -0.017, -0.016]
        critic loss 21.731 | entropy 4.815
        PCTA consistency 0.001097 (weighted 0.000055) | valid pairs 386106 | attention entropy 1.192 | target switch 8.1%
[CKPT] milestone 1,500,000 crossed at step 1,501,184 | checkpoint_1501184.pt
[TRAIN] 1,601,536 / 2,000,000 (80.1%)
        elapsed 00:58:30 | speed 423.7 steps/s | ETA 00:15:40
        episodes +1341 / total 21411
        return 41.72 | W/B/D 0.0% / 0.7% / 99.3%
        MAV survival 99.3% | UAV survivors 2.91
        Red kills 0.00 | Blue kills 0.09 | ep length 74.7
        actor loss [-0.018, -0.018, -0.014, -0.020]
        critic loss 34.086 | entropy 4.937
        PCTA consistency 0.000759 (weighted 0.000038) | valid pairs 387807 | attention entropy 1.252 | target switch 8.0%
[TRAIN] 1,701,888 / 2,000,000 (85.1%)
        elapsed 01:01:58 | speed 482.6 steps/s | ETA 00:10:18
        episodes +1338 / total 22749
        return 43.10 | W/B/D 0.0% / 0.2% / 99.8%
        MAV survival 99.8% | UAV survivors 2.96
        Red kills 0.00 | Blue kills 0.02 | ep length 74.9
        actor loss [-0.016, -0.019, -0.019, -0.019]
        critic loss 11.095 | entropy 5.048
        PCTA consistency 0.000676 (weighted 0.000034) | valid pairs 389136 | attention entropy 1.235 | target switch 8.1%
[TRAIN] 1,800,192 / 2,000,000 (90.0%)
        elapsed 01:05:45 | speed 432.3 steps/s | ETA 00:07:42
        episodes +1314 / total 24063
        return 42.39 | W/B/D 0.0% / 0.2% / 99.8%
        MAV survival 99.8% | UAV survivors 2.95
        Red kills 0.00 | Blue kills 0.03 | ep length 74.9
        actor loss [-0.025, -0.017, -0.014, -0.027]
        critic loss 12.269 | entropy 5.149
        PCTA consistency 0.000886 (weighted 0.000044) | valid pairs 380707 | attention entropy 1.184 | target switch 8.4%
[TRAIN] 1,900,544 / 2,000,000 (95.0%)
        elapsed 01:09:22 | speed 463.8 steps/s | ETA 00:03:34
        episodes +1339 / total 25402
        return 42.31 | W/B/D 0.0% / 0.1% / 99.9%
        MAV survival 99.9% | UAV survivors 2.88
        Red kills 0.00 | Blue kills 0.08 | ep length 75.0
        actor loss [-0.021, -0.017, -0.015, -0.019]
        critic loss 9.433 | entropy 5.258
        PCTA consistency 0.000704 (weighted 0.000035) | valid pairs 386199 | attention entropy 1.217 | target switch 8.4%
[TRAIN] 2,000,000 / 2,000,000 (100.0%)
        elapsed 01:12:59 | speed 457.7 steps/s | ETA 00:00:00
        episodes +1328 / total 26730
        return 42.53 | W/B/D 0.0% / 0.6% / 99.4%
        MAV survival 99.4% | UAV survivors 2.91
        Red kills 0.00 | Blue kills 0.07 | ep length 74.9
        actor loss [-0.022, -0.021, -0.016, -0.019]
        critic loss 30.224 | entropy 5.413
        PCTA consistency 0.000763 (weighted 0.000038) | valid pairs 383208 | attention entropy 1.219 | target switch 8.1%
[CKPT] milestone 2,000,000 crossed at step 2,000,000 | checkpoint_2000000.pt
[TRAIN] optimization finished at 2,000,000 steps
[FINAL EVAL] step 2,000,000 | nearest_red_aircraft
       win 0.0% | blue 0.0% | draw 100.0%
       return 43.40 | Red kills 0.00 | MAV survival 100.0%
============================================================
TRAINING COMPLETE
Steps: 2,000,000
Elapsed training time: 01:12:59
Final evaluation time: 00:03:23
Completed episodes: 26730
Final checkpoint: checkpoint_final.pt
Run folder: /mnt/c/Users/HPK/Desktop/2_uav/outputs/pcta_happo_v35_4v4_main_seed3_2m_20260912_172623
============================================================
============================================================
Finished Full PCTA-HAPPO seed 3
Time: Sat Sep 12 18:45:22 CST 2026
============================================================
============================================================
Starting Vanilla HAPPO seed 4
Time: Sat Sep 12 18:45:22 CST 2026
============================================================
============================================================
HAPPO TRAINING
Run: happo_v35_4v4_main_seed4_2m_20260912_184522
Profile: main
Seed: 4
Device: cuda
Envs: 16
Method: baseline
Critic: mlp
Rollout: 128
Target steps: 2,000,000
Checkpoint interval: 500,000
Evaluation interval: disabled
Log interval: 100,000
============================================================
[TRAIN] 100,352 / 2,000,000 (5.0%)
        elapsed 00:02:51 | speed 588.1 steps/s | ETA 00:53:50
        episodes +1364 / total 1364
        return -4.50 | W/B/D 0.0% / 10.0% / 90.0%
        MAV survival 90.0% | UAV survivors 1.76
        Red kills 0.00 | Blue kills 0.03 | ep length 73.2
        actor loss [-0.020, -0.023, -0.030, -0.026]
        critic loss 414.921 | entropy 2.800
[TRAIN] 200,704 / 2,000,000 (10.0%)
        elapsed 00:05:47 | speed 570.4 steps/s | ETA 00:52:35
        episodes +1345 / total 2709
        return 26.27 | W/B/D 0.0% / 2.5% / 97.5%
        MAV survival 97.5% | UAV survivors 2.86
        Red kills 0.00 | Blue kills 0.14 | ep length 74.6
        actor loss [-0.022, -0.029, -0.026, -0.024]
        critic loss 103.960 | entropy 2.940
[TRAIN] 301,056 / 2,000,000 (15.1%)
        elapsed 00:09:21 | speed 468.7 steps/s | ETA 01:00:25
        episodes +1338 / total 4047
        return 33.73 | W/B/D 0.0% / 0.4% / 99.6%
        MAV survival 99.6% | UAV survivors 2.85
        Red kills 0.00 | Blue kills 0.15 | ep length 74.9
        actor loss [-0.027, -0.022, -0.022, -0.027]
        critic loss 19.579 | entropy 3.082
[TRAIN] 401,408 / 2,000,000 (20.1%)
        elapsed 00:12:20 | speed 559.5 steps/s | ETA 00:47:37
        episodes +1340 / total 5387
        return 32.70 | W/B/D 0.0% / 0.6% / 99.4%
        MAV survival 99.4% | UAV survivors 2.63
        Red kills 0.00 | Blue kills 0.27 | ep length 75.0
        actor loss [-0.023, -0.025, -0.024, -0.029]
        critic loss 30.178 | entropy 3.191
[TRAIN] 501,760 / 2,000,000 (25.1%)
        elapsed 00:15:22 | speed 552.8 steps/s | ETA 00:45:10
        episodes +1339 / total 6726
        return 35.87 | W/B/D 0.0% / 0.9% / 99.1%
        MAV survival 99.1% | UAV survivors 2.93
        Red kills 0.00 | Blue kills 0.07 | ep length 75.0
        actor loss [-0.023, -0.026, -0.025, -0.022]
        critic loss 38.138 | entropy 3.284
[CKPT] milestone 500,000 crossed at step 501,760 | checkpoint_501760.pt
[TRAIN] 600,064 / 2,000,000 (30.0%)
        elapsed 00:18:47 | speed 478.0 steps/s | ETA 00:48:49
        episodes +1314 / total 8040
        return 34.68 | W/B/D 0.0% / 2.1% / 97.9%
        MAV survival 97.9% | UAV survivors 2.90
        Red kills 0.01 | Blue kills 0.11 | ep length 74.7
        actor loss [-0.023, -0.023, -0.018, -0.021]
        critic loss 99.476 | entropy 3.437
[TRAIN] 700,416 / 2,000,000 (35.0%)
        elapsed 00:21:49 | speed 551.2 steps/s | ETA 00:39:18
        episodes +1338 / total 9378
        return 37.54 | W/B/D 0.0% / 1.1% / 98.9%
        MAV survival 98.9% | UAV survivors 2.93
        Red kills 0.01 | Blue kills 0.05 | ep length 74.9
        actor loss [-0.021, -0.023, -0.021, -0.023]
        critic loss 52.522 | entropy 3.558
[TRAIN] 800,768 / 2,000,000 (40.0%)
        elapsed 00:25:06 | speed 509.4 steps/s | ETA 00:39:14
        episodes +1343 / total 10721
        return 39.72 | W/B/D 0.0% / 0.8% / 99.2%
        MAV survival 99.2% | UAV survivors 2.89
        Red kills 0.03 | Blue kills 0.10 | ep length 74.8
        actor loss [-0.022, -0.019, -0.022, -0.020]
        critic loss 47.946 | entropy 3.630
[TRAIN] 901,120 / 2,000,000 (45.1%)
        elapsed 00:28:16 | speed 529.1 steps/s | ETA 00:34:37
        episodes +1340 / total 12061
        return 37.86 | W/B/D 0.0% / 1.0% / 99.0%
        MAV survival 99.0% | UAV survivors 2.80
        Red kills 0.03 | Blue kills 0.19 | ep length 74.9
        actor loss [-0.023, -0.021, -0.022, -0.021]
        critic loss 57.605 | entropy 3.718
[TRAIN] 1,001,472 / 2,000,000 (50.1%)
        elapsed 00:31:15 | speed 561.5 steps/s | ETA 00:29:38
        episodes +1338 / total 13399
        return 38.58 | W/B/D 0.0% / 0.4% / 99.6%
        MAV survival 99.6% | UAV survivors 2.86
        Red kills 0.01 | Blue kills 0.14 | ep length 75.0
        actor loss [-0.021, -0.021, -0.021, -0.025]
        critic loss 22.263 | entropy 3.814
[CKPT] milestone 1,000,000 crossed at step 1,001,472 | checkpoint_1001472.pt
[TRAIN] 1,101,824 / 2,000,000 (55.1%)
        elapsed 00:34:43 | speed 481.6 steps/s | ETA 00:31:05
        episodes +1339 / total 14738
        return 37.33 | W/B/D 0.0% / 0.9% / 99.1%
        MAV survival 99.1% | UAV survivors 2.88
        Red kills 0.01 | Blue kills 0.12 | ep length 75.0
        actor loss [-0.025, -0.026, -0.020, -0.022]
        critic loss 39.728 | entropy 3.948
[TRAIN] 1,200,128 / 2,000,000 (60.0%)
        elapsed 00:37:38 | speed 561.9 steps/s | ETA 00:23:44
        episodes +1311 / total 16049
        return 36.74 | W/B/D 0.0% / 0.8% / 99.2%
        MAV survival 99.2% | UAV survivors 2.95
        Red kills 0.00 | Blue kills 0.05 | ep length 75.0
        actor loss [-0.026, -0.023, -0.023, -0.018]
        critic loss 37.581 | entropy 4.066
[TRAIN] 1,300,480 / 2,000,000 (65.0%)
        elapsed 00:40:54 | speed 511.2 steps/s | ETA 00:22:48
        episodes +1338 / total 17387
        return 39.12 | W/B/D 0.0% / 0.4% / 99.6%
        MAV survival 99.6% | UAV survivors 2.93
        Red kills 0.00 | Blue kills 0.07 | ep length 75.0
        actor loss [-0.020, -0.020, -0.019, -0.021]
        critic loss 20.451 | entropy 4.176
[TRAIN] 1,400,832 / 2,000,000 (70.0%)
        elapsed 00:44:07 | speed 522.1 steps/s | ETA 00:19:08
        episodes +1339 / total 18726
        return 40.14 | W/B/D 0.0% / 0.1% / 99.9%
        MAV survival 99.9% | UAV survivors 2.93
        Red kills 0.00 | Blue kills 0.06 | ep length 75.0
        actor loss [-0.019, -0.021, -0.022, -0.022]
        critic loss 7.535 | entropy 4.284
[TRAIN] 1,501,184 / 2,000,000 (75.1%)
        elapsed 00:47:05 | speed 563.3 steps/s | ETA 00:14:45
        episodes +1338 / total 20064
        return 41.16 | W/B/D 0.0% / 0.1% / 99.9%
        MAV survival 99.9% | UAV survivors 2.92
        Red kills 0.00 | Blue kills 0.08 | ep length 75.0
        actor loss [-0.021, -0.021, -0.020, -0.020]
        critic loss 4.409 | entropy 4.395
[CKPT] milestone 1,500,000 crossed at step 1,501,184 | checkpoint_1501184.pt
[TRAIN] 1,601,536 / 2,000,000 (80.1%)
        elapsed 00:50:32 | speed 483.4 steps/s | ETA 00:13:44
        episodes +1337 / total 21401
        return 41.09 | W/B/D 0.0% / 0.1% / 99.9%
        MAV survival 99.9% | UAV survivors 2.91
        Red kills 0.00 | Blue kills 0.09 | ep length 75.0
        actor loss [-0.023, -0.022, -0.024, -0.021]
        critic loss 5.086 | entropy 4.513
[TRAIN] 1,701,888 / 2,000,000 (85.1%)
        elapsed 00:53:31 | speed 562.8 steps/s | ETA 00:08:50
        episodes +1339 / total 22740
        return 41.64 | W/B/D 0.0% / 0.5% / 99.5%
        MAV survival 99.5% | UAV survivors 2.95
        Red kills 0.02 | Blue kills 0.06 | ep length 74.9
        actor loss [-0.021, -0.017, -0.016, -0.018]
        critic loss 28.851 | entropy 4.643
[TRAIN] 1,800,192 / 2,000,000 (90.0%)
        elapsed 00:56:48 | speed 499.0 steps/s | ETA 00:06:40
        episodes +1312 / total 24052
        return 41.29 | W/B/D 0.0% / 0.6% / 99.4%
        MAV survival 99.4% | UAV survivors 2.95
        Red kills 0.02 | Blue kills 0.06 | ep length 75.0
        actor loss [-0.015, -0.023, -0.017, -0.018]
        critic loss 33.727 | entropy 4.731
[TRAIN] 1,900,544 / 2,000,000 (95.0%)
        elapsed 00:59:44 | speed 567.8 steps/s | ETA 00:02:55
        episodes +1342 / total 25394
        return 42.65 | W/B/D 0.0% / 2.3% / 97.7%
        MAV survival 97.7% | UAV survivors 2.88
        Red kills 0.15 | Blue kills 0.14 | ep length 74.7
        actor loss [-0.015, -0.017, -0.019, -0.022]
        critic loss 149.658 | entropy 4.791
[TRAIN] 2,000,000 / 2,000,000 (100.0%)
        elapsed 01:03:03 | speed 501.2 steps/s | ETA 00:00:00
        episodes +1331 / total 26725
        return 47.88 | W/B/D 0.0% / 2.0% / 98.0%
        MAV survival 98.0% | UAV survivors 2.84
        Red kills 0.23 | Blue kills 0.18 | ep length 74.8
        actor loss [-0.016, -0.020, -0.018, -0.018]
        critic loss 175.707 | entropy 4.856
[CKPT] milestone 2,000,000 crossed at step 2,000,000 | checkpoint_2000000.pt
[TRAIN] optimization finished at 2,000,000 steps
[FINAL EVAL] step 2,000,000 | nearest_red_aircraft
       win 0.0% | blue 0.0% | draw 100.0%
       return 56.38 | Red kills 0.34 | MAV survival 100.0%
============================================================
TRAINING COMPLETE
Steps: 2,000,000
Elapsed training time: 01:03:03
Final evaluation time: 00:02:24
Completed episodes: 26725
Final checkpoint: checkpoint_final.pt
Run folder: /mnt/c/Users/HPK/Desktop/2_uav/outputs/happo_v35_4v4_main_seed4_2m_20260912_184522
============================================================
============================================================
Finished Vanilla HAPPO seed 4
Time: Sat Sep 12 19:52:47 CST 2026
============================================================
============================================================
Starting Full PCTA-HAPPO seed 4
Time: Sat Sep 12 19:52:47 CST 2026
============================================================
============================================================
PCTA-HAPPO TRAINING
Run: pcta_happo_v35_4v4_main_seed4_2m_20260912_195247
Profile: main
Seed: 4
Device: cuda
Envs: 16
Method: baseline
Critic: mlp
Rollout: 128
Target steps: 2,000,000
Checkpoint interval: 500,000
Evaluation interval: disabled
Log interval: 100,000
============================================================
[TRAIN] 100,352 / 2,000,000 (5.0%)
        elapsed 00:03:47 | speed 441.8 steps/s | ETA 01:11:40
        episodes +1379 / total 1379
        return -5.40 | W/B/D 0.0% / 12.5% / 87.5%
        MAV survival 87.5% | UAV survivors 2.07
        Red kills 0.00 | Blue kills 0.06 | ep length 72.4
        actor loss [-0.016, -0.016, -0.020, -0.018]
        critic loss 515.418 | entropy 2.790
        PCTA consistency 0.001616 (weighted 0.000081) | valid pairs 343625 | attention entropy 1.140 | target switch 7.7%
[TRAIN] 200,704 / 2,000,000 (10.0%)
        elapsed 00:07:12 | speed 490.5 steps/s | ETA 01:01:08
        episodes +1344 / total 2723
        return 29.30 | W/B/D 0.0% / 1.6% / 98.4%
        MAV survival 98.4% | UAV survivors 2.77
        Red kills 0.00 | Blue kills 0.22 | ep length 74.5
        actor loss [-0.014, -0.019, -0.018, -0.015]
        critic loss 75.777 | entropy 2.930
        PCTA consistency 0.001096 (weighted 0.000055) | valid pairs 379547 | attention entropy 1.149 | target switch 6.9%
[TRAIN] 301,056 / 2,000,000 (15.1%)
        elapsed 00:10:56 | speed 448.0 steps/s | ETA 01:03:12
        episodes +1346 / total 4069
        return 30.44 | W/B/D 0.0% / 1.8% / 98.2%
        MAV survival 98.2% | UAV survivors 2.89
        Red kills 0.00 | Blue kills 0.11 | ep length 74.7
        actor loss [-0.017, -0.014, -0.013, -0.016]
        critic loss 76.834 | entropy 3.080
        PCTA consistency 0.000907 (weighted 0.000045) | valid pairs 378848 | attention entropy 1.130 | target switch 5.3%
[TRAIN] 401,408 / 2,000,000 (20.1%)
        elapsed 00:14:30 | speed 469.0 steps/s | ETA 00:56:48
        episodes +1341 / total 5410
        return 33.60 | W/B/D 0.0% / 0.8% / 99.2%
        MAV survival 99.2% | UAV survivors 2.92
        Red kills 0.00 | Blue kills 0.07 | ep length 74.9
        actor loss [-0.015, -0.016, -0.015, -0.019]
        critic loss 31.222 | entropy 3.217
        PCTA consistency 0.001148 (weighted 0.000057) | valid pairs 385618 | attention entropy 1.160 | target switch 5.3%
[TRAIN] 501,760 / 2,000,000 (25.1%)
        elapsed 00:18:15 | speed 444.5 steps/s | ETA 00:56:11
        episodes +1337 / total 6747
        return 35.94 | W/B/D 0.0% / 0.4% / 99.6%
        MAV survival 99.6% | UAV survivors 2.92
        Red kills 0.00 | Blue kills 0.07 | ep length 74.9
        actor loss [-0.017, -0.018, -0.017, -0.014]
        critic loss 17.550 | entropy 3.348
        PCTA consistency 0.001094 (weighted 0.000055) | valid pairs 385182 | attention entropy 1.167 | target switch 6.1%
[CKPT] milestone 500,000 crossed at step 501,760 | checkpoint_501760.pt
[TRAIN] 600,064 / 2,000,000 (30.0%)
        elapsed 00:21:44 | speed 470.9 steps/s | ETA 00:49:33
        episodes +1311 / total 8058
        return 36.53 | W/B/D 0.0% / 0.1% / 99.9%
        MAV survival 99.9% | UAV survivors 2.91
        Red kills 0.00 | Blue kills 0.08 | ep length 75.0
        actor loss [-0.018, -0.019, -0.015, -0.017]
        critic loss 5.571 | entropy 3.442
        PCTA consistency 0.001430 (weighted 0.000071) | valid pairs 376662 | attention entropy 1.142 | target switch 5.8%
[TRAIN] 700,416 / 2,000,000 (35.0%)
        elapsed 00:25:24 | speed 456.6 steps/s | ETA 00:47:27
        episodes +1347 / total 9405
        return 38.01 | W/B/D 0.0% / 1.0% / 99.0%
        MAV survival 99.0% | UAV survivors 2.96
        Red kills 0.00 | Blue kills 0.04 | ep length 74.5
        actor loss [-0.015, -0.017, -0.015, -0.017]
        critic loss 49.631 | entropy 3.554
        PCTA consistency 0.000796 (weighted 0.000040) | valid pairs 390235 | attention entropy 1.236 | target switch 6.1%
[TRAIN] 800,768 / 2,000,000 (40.0%)
        elapsed 00:29:04 | speed 456.2 steps/s | ETA 00:43:49
        episodes +1342 / total 10747
        return 41.03 | W/B/D 0.0% / 0.6% / 99.4%
        MAV survival 99.4% | UAV survivors 2.95
        Red kills 0.00 | Blue kills 0.04 | ep length 74.8
        actor loss [-0.015, -0.015, -0.015, -0.015]
        critic loss 31.103 | entropy 3.652
        PCTA consistency 0.000455 (weighted 0.000023) | valid pairs 390941 | attention entropy 1.280 | target switch 6.9%
[TRAIN] 901,120 / 2,000,000 (45.1%)
        elapsed 00:32:38 | speed 469.4 steps/s | ETA 00:39:01
        episodes +1345 / total 12092
        return 40.84 | W/B/D 0.0% / 0.6% / 99.4%
        MAV survival 99.4% | UAV survivors 2.93
        Red kills 0.00 | Blue kills 0.05 | ep length 74.7
        actor loss [-0.016, -0.014, -0.015, -0.015]
        critic loss 31.326 | entropy 3.761
        PCTA consistency 0.000458 (weighted 0.000023) | valid pairs 389399 | attention entropy 1.293 | target switch 7.7%
[TRAIN] 1,001,472 / 2,000,000 (50.1%)
        elapsed 00:36:23 | speed 446.2 steps/s | ETA 00:37:18
        episodes +1339 / total 13431
        return 41.28 | W/B/D 0.0% / 0.4% / 99.6%
        MAV survival 99.6% | UAV survivors 2.97
        Red kills 0.00 | Blue kills 0.03 | ep length 74.8
        actor loss [-0.015, -0.016, -0.014, -0.018]
        critic loss 22.523 | entropy 3.875
        PCTA consistency 0.000653 (weighted 0.000033) | valid pairs 388128 | attention entropy 1.235 | target switch 6.4%
[CKPT] milestone 1,000,000 crossed at step 1,001,472 | checkpoint_1001472.pt
[TRAIN] 1,101,824 / 2,000,000 (55.1%)
        elapsed 00:39:54 | speed 475.3 steps/s | ETA 00:31:30
        episodes +1342 / total 14773
        return 42.08 | W/B/D 0.0% / 0.7% / 99.3%
        MAV survival 99.3% | UAV survivors 2.98
        Red kills 0.00 | Blue kills 0.03 | ep length 74.8
        actor loss [-0.017, -0.018, -0.013, -0.015]
        critic loss 30.153 | entropy 4.003
        PCTA consistency 0.000381 (weighted 0.000019) | valid pairs 390175 | attention entropy 1.291 | target switch 5.4%
[TRAIN] 1,200,128 / 2,000,000 (60.0%)
        elapsed 00:43:43 | speed 428.7 steps/s | ETA 00:31:06
        episodes +1314 / total 16087
        return 42.94 | W/B/D 0.0% / 0.2% / 99.8%
        MAV survival 99.8% | UAV survivors 2.92
        Red kills 0.00 | Blue kills 0.05 | ep length 74.9
        actor loss [-0.016, -0.015, -0.016, -0.012]
        critic loss 8.771 | entropy 4.136
        PCTA consistency 0.000639 (weighted 0.000032) | valid pairs 379294 | attention entropy 1.247 | target switch 6.2%
[TRAIN] 1,300,480 / 2,000,000 (65.0%)
        elapsed 00:47:07 | speed 492.9 steps/s | ETA 00:23:39
        episodes +1339 / total 17426
        return 42.33 | W/B/D 0.0% / 0.4% / 99.6%
        MAV survival 99.6% | UAV survivors 2.96
        Red kills 0.00 | Blue kills 0.03 | ep length 74.9
        actor loss [-0.017, -0.017, -0.014, -0.017]
        critic loss 18.124 | entropy 4.286
        PCTA consistency 0.000712 (weighted 0.000036) | valid pairs 387292 | attention entropy 1.221 | target switch 6.7%
[TRAIN] 1,400,832 / 2,000,000 (70.0%)
        elapsed 00:51:01 | speed 428.8 steps/s | ETA 00:23:17
        episodes +1338 / total 18764
        return 42.60 | W/B/D 0.0% / 0.2% / 99.8%
        MAV survival 99.8% | UAV survivors 2.92
        Red kills 0.00 | Blue kills 0.06 | ep length 75.0
        actor loss [-0.014, -0.016, -0.017, -0.016]
        critic loss 11.493 | entropy 4.420
        PCTA consistency 0.000595 (weighted 0.000030) | valid pairs 386355 | attention entropy 1.251 | target switch 6.5%
[TRAIN] 1,501,184 / 2,000,000 (75.1%)
        elapsed 00:54:25 | speed 491.7 steps/s | ETA 00:16:54
        episodes +1344 / total 20108
        return 40.50 | W/B/D 0.0% / 1.1% / 98.9%
        MAV survival 98.9% | UAV survivors 2.93
        Red kills 0.00 | Blue kills 0.07 | ep length 74.7
        actor loss [-0.015, -0.018, -0.015, -0.016]
        critic loss 50.401 | entropy 4.588
        PCTA consistency 0.000465 (weighted 0.000023) | valid pairs 386766 | attention entropy 1.267 | target switch 6.3%
[CKPT] milestone 1,500,000 crossed at step 1,501,184 | checkpoint_1501184.pt
[TRAIN] 1,601,536 / 2,000,000 (80.1%)
        elapsed 00:58:17 | speed 431.6 steps/s | ETA 00:15:23
        episodes +1346 / total 21454
        return 42.09 | W/B/D 0.0% / 0.7% / 99.3%
        MAV survival 99.3% | UAV survivors 2.97
        Red kills 0.00 | Blue kills 0.03 | ep length 74.7
        actor loss [-0.018, -0.016, -0.017, -0.014]
        critic loss 31.887 | entropy 4.717
        PCTA consistency 0.000514 (weighted 0.000026) | valid pairs 389516 | attention entropy 1.269 | target switch 6.3%
[TRAIN] 1,701,888 / 2,000,000 (85.1%)
        elapsed 01:01:40 | speed 496.4 steps/s | ETA 00:10:01
        episodes +1342 / total 22796
        return 42.51 | W/B/D 0.0% / 0.7% / 99.3%
        MAV survival 99.3% | UAV survivors 2.97
        Red kills 0.00 | Blue kills 0.03 | ep length 74.7
        actor loss [-0.020, -0.015, -0.016, -0.017]
        critic loss 31.508 | entropy 4.875
        PCTA consistency 0.000524 (weighted 0.000026) | valid pairs 390064 | attention entropy 1.251 | target switch 6.4%
[TRAIN] 1,800,192 / 2,000,000 (90.0%)
        elapsed 01:05:40 | speed 409.5 steps/s | ETA 00:08:08
        episodes +1315 / total 24111
        return 41.60 | W/B/D 0.0% / 0.9% / 99.1%
        MAV survival 99.1% | UAV survivors 2.95
        Red kills 0.00 | Blue kills 0.04 | ep length 74.7
        actor loss [-0.013, -0.021, -0.015, -0.017]
        critic loss 40.595 | entropy 5.028
        PCTA consistency 0.000593 (weighted 0.000030) | valid pairs 381157 | attention entropy 1.224 | target switch 5.6%
[TRAIN] 1,900,544 / 2,000,000 (95.0%)
        elapsed 01:09:13 | speed 469.3 steps/s | ETA 00:03:32
        episodes +1345 / total 25456
        return 40.98 | W/B/D 0.0% / 1.5% / 98.5%
        MAV survival 98.5% | UAV survivors 2.97
        Red kills 0.00 | Blue kills 0.04 | ep length 74.7
        actor loss [-0.014, -0.021, -0.019, -0.026]
        critic loss 67.561 | entropy 5.161
        PCTA consistency 0.000496 (weighted 0.000025) | valid pairs 389151 | attention entropy 1.224 | target switch 5.1%
[TRAIN] 2,000,000 / 2,000,000 (100.0%)
        elapsed 01:12:55 | speed 449.3 steps/s | ETA 00:00:00
        episodes +1329 / total 26785
        return 42.48 | W/B/D 0.0% / 0.7% / 99.3%
        MAV survival 99.3% | UAV survivors 2.96
        Red kills 0.00 | Blue kills 0.04 | ep length 74.8
        actor loss [-0.012, -0.015, -0.015, -0.015]
        critic loss 30.317 | entropy 5.246
        PCTA consistency 0.000486 (weighted 0.000024) | valid pairs 386382 | attention entropy 1.221 | target switch 5.2%
[CKPT] milestone 2,000,000 crossed at step 2,000,000 | checkpoint_2000000.pt
[TRAIN] optimization finished at 2,000,000 steps
[FINAL EVAL] step 2,000,000 | nearest_red_aircraft
       win 0.0% | blue 0.0% | draw 100.0%
       return 42.40 | Red kills 0.00 | MAV survival 100.0%
============================================================
TRAINING COMPLETE
Steps: 2,000,000
Elapsed training time: 01:12:55
Final evaluation time: 00:03:14
Completed episodes: 26785
Final checkpoint: checkpoint_final.pt
Run folder: /mnt/c/Users/HPK/Desktop/2_uav/outputs/pcta_happo_v35_4v4_main_seed4_2m_20260912_195247
============================================================
============================================================
Finished Full PCTA-HAPPO seed 4
Time: Sat Sep 12 21:11:21 CST 2026
============================================================
============================================================
Starting Vanilla HAPPO seed 5
Time: Sat Sep 12 21:11:21 CST 2026
============================================================
============================================================
HAPPO TRAINING
Run: happo_v35_4v4_main_seed5_2m_20260912_211121
Profile: main
Seed: 5
Device: cuda
Envs: 16
Method: baseline
Critic: mlp
Rollout: 128
Target steps: 2,000,000
Checkpoint interval: 500,000
Evaluation interval: disabled
Log interval: 100,000
============================================================
[TRAIN] 100,352 / 2,000,000 (5.0%)
        elapsed 00:03:22 | speed 497.3 steps/s | ETA 01:03:40
        episodes +1339 / total 1339
        return 11.59 | W/B/D 0.0% / 3.8% / 96.2%
        MAV survival 96.2% | UAV survivors 2.03
        Red kills 0.00 | Blue kills 0.06 | ep length 74.5
        actor loss [-0.025, -0.028, -0.024, -0.028]
        critic loss 164.665 | entropy 2.800
[TRAIN] 200,704 / 2,000,000 (10.0%)
        elapsed 00:06:30 | speed 533.3 steps/s | ETA 00:56:14
        episodes +1342 / total 2681
        return 32.62 | W/B/D 0.0% / 1.3% / 98.7%
        MAV survival 98.7% | UAV survivors 2.91
        Red kills 0.00 | Blue kills 0.08 | ep length 74.8
        actor loss [-0.028, -0.028, -0.022, -0.027]
        critic loss 52.916 | entropy 2.909
[TRAIN] 301,056 / 2,000,000 (15.1%)
        elapsed 00:09:42 | speed 521.8 steps/s | ETA 00:54:16
        episodes +1347 / total 4028
        return 36.02 | W/B/D 0.0% / 1.2% / 98.8%
        MAV survival 98.8% | UAV survivors 2.94
        Red kills 0.00 | Blue kills 0.04 | ep length 74.5
        actor loss [-0.021, -0.025, -0.023, -0.025]
        critic loss 57.009 | entropy 3.053
[TRAIN] 401,408 / 2,000,000 (20.1%)
        elapsed 00:13:09 | speed 484.9 steps/s | ETA 00:54:57
        episodes +1348 / total 5376
        return 34.99 | W/B/D 0.0% / 1.9% / 98.1%
        MAV survival 98.1% | UAV survivors 2.94
        Red kills 0.00 | Blue kills 0.04 | ep length 74.4
        actor loss [-0.023, -0.025, -0.022, -0.023]
        critic loss 83.702 | entropy 3.213
[TRAIN] 501,760 / 2,000,000 (25.1%)
        elapsed 00:16:08 | speed 561.9 steps/s | ETA 00:44:27
        episodes +1340 / total 6716
        return 40.34 | W/B/D 0.0% / 0.3% / 99.7%
        MAV survival 99.7% | UAV survivors 2.93
        Red kills 0.00 | Blue kills 0.05 | ep length 74.9
        actor loss [-0.022, -0.027, -0.024, -0.027]
        critic loss 16.255 | entropy 3.343
[CKPT] milestone 500,000 crossed at step 501,760 | checkpoint_501760.pt
[TRAIN] 600,064 / 2,000,000 (30.0%)
        elapsed 00:19:30 | speed 486.9 steps/s | ETA 00:47:55
        episodes +1324 / total 8040
        return 34.59 | W/B/D 0.0% / 2.0% / 98.0%
        MAV survival 98.0% | UAV survivors 2.67
        Red kills 0.00 | Blue kills 0.31 | ep length 74.3
        actor loss [-0.025, -0.017, -0.022, -0.022]
        critic loss 90.989 | entropy 3.481
[TRAIN] 700,416 / 2,000,000 (35.0%)
        elapsed 00:22:30 | speed 556.8 steps/s | ETA 00:38:54
        episodes +1342 / total 9382
        return 39.55 | W/B/D 0.0% / 0.2% / 99.8%
        MAV survival 99.8% | UAV survivors 2.81
        Red kills 0.00 | Blue kills 0.17 | ep length 74.9
        actor loss [-0.020, -0.024, -0.025, -0.022]
        critic loss 11.061 | entropy 3.618
[TRAIN] 800,768 / 2,000,000 (40.0%)
        elapsed 00:25:38 | speed 532.9 steps/s | ETA 00:37:30
        episodes +1336 / total 10718
        return 41.00 | W/B/D 0.0% / 0.1% / 99.9%
        MAV survival 99.9% | UAV survivors 2.91
        Red kills 0.00 | Blue kills 0.08 | ep length 74.9
        actor loss [-0.023, -0.021, -0.026, -0.020]
        critic loss 8.365 | entropy 3.768
[TRAIN] 901,120 / 2,000,000 (45.1%)
        elapsed 00:29:08 | speed 477.9 steps/s | ETA 00:38:19
        episodes +1346 / total 12064
        return 40.79 | W/B/D 0.0% / 1.3% / 98.7%
        MAV survival 98.7% | UAV survivors 2.94
        Red kills 0.00 | Blue kills 0.06 | ep length 74.7
        actor loss [-0.020, -0.021, -0.021, -0.021]
        critic loss 53.659 | entropy 3.900
[TRAIN] 1,001,472 / 2,000,000 (50.1%)
        elapsed 00:32:11 | speed 548.1 steps/s | ETA 00:30:22
        episodes +1340 / total 13404
        return 42.31 | W/B/D 0.0% / 0.5% / 99.5%
        MAV survival 99.5% | UAV survivors 2.95
        Red kills 0.00 | Blue kills 0.04 | ep length 74.8
        actor loss [-0.022, -0.018, -0.028, -0.021]
        critic loss 24.533 | entropy 4.054
[CKPT] milestone 1,000,000 crossed at step 1,001,472 | checkpoint_1001472.pt
[TRAIN] 1,101,824 / 2,000,000 (55.1%)
        elapsed 00:35:34 | speed 496.2 steps/s | ETA 00:30:10
        episodes +1344 / total 14748
        return 42.81 | W/B/D 0.0% / 0.6% / 99.4%
        MAV survival 99.4% | UAV survivors 2.94
        Red kills 0.00 | Blue kills 0.06 | ep length 74.7
        actor loss [-0.020, -0.020, -0.019, -0.023]
        critic loss 28.264 | entropy 4.231
[TRAIN] 1,200,128 / 2,000,000 (60.0%)
        elapsed 00:38:34 | speed 545.8 steps/s | ETA 00:24:26
        episodes +1320 / total 16068
        return 41.22 | W/B/D 0.0% / 1.3% / 98.7%
        MAV survival 98.7% | UAV survivors 2.96
        Red kills 0.00 | Blue kills 0.05 | ep length 74.5
        actor loss [-0.017, -0.022, -0.024, -0.019]
        critic loss 60.419 | entropy 4.365
[TRAIN] 1,300,480 / 2,000,000 (65.0%)
        elapsed 00:41:51 | speed 509.5 steps/s | ETA 00:22:53
        episodes +1343 / total 17411
        return 41.75 | W/B/D 0.0% / 0.8% / 99.2%
        MAV survival 99.2% | UAV survivors 2.95
        Red kills 0.00 | Blue kills 0.05 | ep length 74.7
        actor loss [-0.024, -0.020, -0.021, -0.016]
        critic loss 36.952 | entropy 4.494
[TRAIN] 1,400,832 / 2,000,000 (70.0%)
        elapsed 00:45:05 | speed 516.3 steps/s | ETA 00:19:20
        episodes +1344 / total 18755
        return 42.74 | W/B/D 0.0% / 0.7% / 99.3%
        MAV survival 99.3% | UAV survivors 2.95
        Red kills 0.00 | Blue kills 0.03 | ep length 74.9
        actor loss [-0.019, -0.023, -0.020, -0.023]
        critic loss 29.313 | entropy 4.623
[TRAIN] 1,501,184 / 2,000,000 (75.1%)
        elapsed 00:48:10 | speed 541.0 steps/s | ETA 00:15:22
        episodes +1337 / total 20092
        return 41.49 | W/B/D 0.0% / 1.1% / 98.9%
        MAV survival 98.9% | UAV survivors 2.95
        Red kills 0.00 | Blue kills 0.05 | ep length 74.8
        actor loss [-0.014, -0.017, -0.022, -0.018]
        critic loss 48.387 | entropy 4.740
[CKPT] milestone 1,500,000 crossed at step 1,501,184 | checkpoint_1501184.pt
[TRAIN] 1,601,536 / 2,000,000 (80.1%)
        elapsed 00:51:46 | speed 466.7 steps/s | ETA 00:14:14
        episodes +1344 / total 21436
        return 42.22 | W/B/D 0.0% / 0.7% / 99.3%
        MAV survival 99.3% | UAV survivors 2.96
        Red kills 0.00 | Blue kills 0.04 | ep length 74.7
        actor loss [-0.018, -0.021, -0.020, -0.020]
        critic loss 32.109 | entropy 4.852
[TRAIN] 1,701,888 / 2,000,000 (85.1%)
        elapsed 00:54:50 | speed 544.1 steps/s | ETA 00:09:08
        episodes +1343 / total 22779
        return 42.26 | W/B/D 0.0% / 0.5% / 99.5%
        MAV survival 99.5% | UAV survivors 2.95
        Red kills 0.00 | Blue kills 0.05 | ep length 74.9
        actor loss [-0.021, -0.020, -0.022, -0.018]
        critic loss 21.218 | entropy 4.992
[TRAIN] 1,800,192 / 2,000,000 (90.0%)
        elapsed 00:58:14 | speed 482.9 steps/s | ETA 00:06:54
        episodes +1310 / total 24089
        return 43.11 | W/B/D 0.0% / 0.3% / 99.7%
        MAV survival 99.7% | UAV survivors 2.93
        Red kills 0.00 | Blue kills 0.04 | ep length 74.9
        actor loss [-0.018, -0.018, -0.021, -0.018]
        critic loss 15.315 | entropy 5.147
[TRAIN] 1,900,544 / 2,000,000 (95.0%)
        elapsed 01:01:26 | speed 521.5 steps/s | ETA 00:03:11
        episodes +1340 / total 25429
        return 43.23 | W/B/D 0.0% / 0.7% / 99.3%
        MAV survival 99.3% | UAV survivors 2.97
        Red kills 0.00 | Blue kills 0.03 | ep length 74.9
        actor loss [-0.019, -0.020, -0.016, -0.019]
        critic loss 26.066 | entropy 5.252
[TRAIN] 2,000,000 / 2,000,000 (100.0%)
        elapsed 01:04:38 | speed 517.5 steps/s | ETA 00:00:00
        episodes +1335 / total 26764
        return 41.93 | W/B/D 0.0% / 1.0% / 99.0%
        MAV survival 99.0% | UAV survivors 2.94
        Red kills 0.00 | Blue kills 0.06 | ep length 74.6
        actor loss [-0.018, -0.019, -0.019, -0.017]
        critic loss 44.480 | entropy 5.333
[CKPT] milestone 2,000,000 crossed at step 2,000,000 | checkpoint_2000000.pt
[TRAIN] optimization finished at 2,000,000 steps
[FINAL EVAL] step 2,000,000 | nearest_red_aircraft
       win 0.0% | blue 0.0% | draw 100.0%
       return 40.78 | Red kills 0.00 | MAV survival 100.0%
============================================================
TRAINING COMPLETE
Steps: 2,000,000
Elapsed training time: 01:04:38
Final evaluation time: 00:02:47
Completed episodes: 26764
Final checkpoint: checkpoint_final.pt
Run folder: /mnt/c/Users/HPK/Desktop/2_uav/outputs/happo_v35_4v4_main_seed5_2m_20260912_211121
============================================================
============================================================
Finished Vanilla HAPPO seed 5
Time: Sat Sep 12 22:20:10 CST 2026
============================================================
============================================================
Starting Full PCTA-HAPPO seed 5
Time: Sat Sep 12 22:20:10 CST 2026
============================================================
============================================================
PCTA-HAPPO TRAINING
Run: pcta_happo_v35_4v4_main_seed5_2m_20260912_222010
Profile: main
Seed: 5
Device: cuda
Envs: 16
Method: baseline
Critic: mlp
Rollout: 128
Target steps: 2,000,000
Checkpoint interval: 500,000
Evaluation interval: disabled
Log interval: 100,000
============================================================
[TRAIN] 100,352 / 2,000,000 (5.0%)
        elapsed 00:03:23 | speed 494.4 steps/s | ETA 01:04:02
        episodes +1363 / total 1363
        return 0.08 | W/B/D 0.0% / 9.7% / 90.3%
        MAV survival 90.3% | UAV survivors 1.97
        Red kills 0.00 | Blue kills 0.01 | ep length 73.2
        actor loss [-0.017, -0.018, -0.016, -0.018]
        critic loss 397.823 | entropy 2.811
        PCTA consistency 0.001456 (weighted 0.000073) | valid pairs 337615 | attention entropy 1.110 | target switch 5.3%
[TRAIN] 200,704 / 2,000,000 (10.0%)
        elapsed 00:07:23 | speed 417.8 steps/s | ETA 01:11:47
        episodes +1342 / total 2705
        return 32.76 | W/B/D 0.0% / 1.9% / 98.1%
        MAV survival 98.1% | UAV survivors 2.85
        Red kills 0.00 | Blue kills 0.11 | ep length 74.6
        actor loss [-0.017, -0.016, -0.013, -0.016]
        critic loss 79.693 | entropy 2.920
        PCTA consistency 0.000834 (weighted 0.000042) | valid pairs 386950 | attention entropy 1.218 | target switch 5.1%
[TRAIN] 301,056 / 2,000,000 (15.1%)
        elapsed 00:11:07 | speed 448.4 steps/s | ETA 01:03:09
        episodes +1343 / total 4048
        return 37.99 | W/B/D 0.0% / 0.5% / 99.5%
        MAV survival 99.5% | UAV survivors 2.96
        Red kills 0.00 | Blue kills 0.04 | ep length 74.9
        actor loss [-0.015, -0.018, -0.016, -0.019]
        critic loss 25.096 | entropy 3.037
        PCTA consistency 0.000568 (weighted 0.000028) | valid pairs 387342 | attention entropy 1.206 | target switch 4.7%
[TRAIN] 401,408 / 2,000,000 (20.1%)
        elapsed 00:14:56 | speed 437.4 steps/s | ETA 01:00:55
        episodes +1345 / total 5393
        return 36.56 | W/B/D 0.0% / 1.3% / 98.7%
        MAV survival 98.7% | UAV survivors 2.94
        Red kills 0.00 | Blue kills 0.04 | ep length 74.7
        actor loss [-0.015, -0.017, -0.014, -0.017]
        critic loss 61.879 | entropy 3.170
        PCTA consistency 0.000539 (weighted 0.000027) | valid pairs 386762 | attention entropy 1.191 | target switch 4.9%
[TRAIN] 501,760 / 2,000,000 (25.1%)
        elapsed 00:18:27 | speed 476.8 steps/s | ETA 00:52:22
        episodes +1340 / total 6733
        return 36.61 | W/B/D 0.0% / 1.2% / 98.8%
        MAV survival 98.8% | UAV survivors 2.93
        Red kills 0.00 | Blue kills 0.05 | ep length 74.7
        actor loss [-0.015, -0.018, -0.015, -0.018]
        critic loss 49.364 | entropy 3.290
        PCTA consistency 0.000510 (weighted 0.000026) | valid pairs 387706 | attention entropy 1.179 | target switch 5.5%
[CKPT] milestone 500,000 crossed at step 501,760 | checkpoint_501760.pt
[TRAIN] 600,064 / 2,000,000 (30.0%)
        elapsed 00:22:26 | speed 411.4 steps/s | ETA 00:56:43
        episodes +1318 / total 8051
        return 36.30 | W/B/D 0.0% / 1.6% / 98.4%
        MAV survival 98.4% | UAV survivors 2.94
        Red kills 0.00 | Blue kills 0.03 | ep length 74.6
        actor loss [-0.019, -0.014, -0.016, -0.020]
        critic loss 76.757 | entropy 3.443
        PCTA consistency 0.000547 (weighted 0.000027) | valid pairs 380226 | attention entropy 1.210 | target switch 5.7%
[TRAIN] 700,416 / 2,000,000 (35.0%)
        elapsed 00:25:58 | speed 472.1 steps/s | ETA 00:45:53
        episodes +1346 / total 9397
        return 38.33 | W/B/D 0.0% / 1.0% / 99.0%
        MAV survival 99.0% | UAV survivors 2.93
        Red kills 0.00 | Blue kills 0.05 | ep length 74.7
        actor loss [-0.015, -0.017, -0.018, -0.016]
        critic loss 46.025 | entropy 3.586
        PCTA consistency 0.000569 (weighted 0.000028) | valid pairs 387783 | attention entropy 1.220 | target switch 6.4%
[TRAIN] 800,768 / 2,000,000 (40.0%)
        elapsed 00:29:58 | speed 418.9 steps/s | ETA 00:47:43
        episodes +1341 / total 10738
        return 40.84 | W/B/D 0.0% / 0.4% / 99.6%
        MAV survival 99.6% | UAV survivors 2.95
        Red kills 0.00 | Blue kills 0.04 | ep length 74.9
        actor loss [-0.017, -0.016, -0.019, -0.015]
        critic loss 20.666 | entropy 3.707
        PCTA consistency 0.000652 (weighted 0.000033) | valid pairs 388116 | attention entropy 1.227 | target switch 6.8%
[TRAIN] 901,120 / 2,000,000 (45.1%)
        elapsed 00:33:49 | speed 434.1 steps/s | ETA 00:42:12
        episodes +1356 / total 12094
        return 35.74 | W/B/D 0.0% / 2.4% / 97.6%
        MAV survival 97.6% | UAV survivors 2.95
        Red kills 0.00 | Blue kills 0.04 | ep length 74.0
        actor loss [-0.017, -0.018, -0.018, -0.018]
        critic loss 115.140 | entropy 3.847
        PCTA consistency 0.000768 (weighted 0.000038) | valid pairs 385353 | attention entropy 1.142 | target switch 6.7%
[TRAIN] 1,001,472 / 2,000,000 (50.1%)
        elapsed 00:37:29 | speed 455.7 steps/s | ETA 00:36:31
        episodes +1340 / total 13434
        return 39.40 | W/B/D 0.0% / 0.7% / 99.3%
        MAV survival 99.3% | UAV survivors 2.96
        Red kills 0.00 | Blue kills 0.04 | ep length 74.9
        actor loss [-0.016, -0.014, -0.019, -0.015]
        critic loss 33.328 | entropy 3.992
        PCTA consistency 0.000616 (weighted 0.000031) | valid pairs 386888 | attention entropy 1.215 | target switch 6.9%
[CKPT] milestone 1,000,000 crossed at step 1,001,472 | checkpoint_1001472.pt
[TRAIN] 1,101,824 / 2,000,000 (55.1%)
        elapsed 00:41:31 | speed 415.3 steps/s | ETA 00:36:03
        episodes +1338 / total 14772
        return 41.28 | W/B/D 0.0% / 0.3% / 99.7%
        MAV survival 99.7% | UAV survivors 2.94
        Red kills 0.00 | Blue kills 0.05 | ep length 74.9
        actor loss [-0.017, -0.017, -0.015, -0.019]
        critic loss 10.290 | entropy 4.156
        PCTA consistency 0.000728 (weighted 0.000036) | valid pairs 385529 | attention entropy 1.203 | target switch 7.1%
[TRAIN] 1,200,128 / 2,000,000 (60.0%)
        elapsed 00:45:29 | speed 413.7 steps/s | ETA 00:32:13
        episodes +1314 / total 16086
        return 41.98 | W/B/D 0.0% / 0.2% / 99.8%
        MAV survival 99.8% | UAV survivors 2.95
        Red kills 0.00 | Blue kills 0.04 | ep length 74.9
        actor loss [-0.015, -0.020, -0.021, -0.017]
        critic loss 12.116 | entropy 4.322
        PCTA consistency 0.000863 (weighted 0.000043) | valid pairs 377722 | attention entropy 1.171 | target switch 7.3%
[TRAIN] 1,300,480 / 2,000,000 (65.0%)
        elapsed 00:49:00 | speed 473.9 steps/s | ETA 00:24:36
        episodes +1335 / total 17421
        return 42.04 | W/B/D 0.0% / 0.1% / 99.9%
        MAV survival 99.9% | UAV survivors 2.91
        Red kills 0.00 | Blue kills 0.06 | ep length 74.9
        actor loss [-0.022, -0.018, -0.020, -0.014]
        critic loss 9.624 | entropy 4.462
        PCTA consistency 0.001115 (weighted 0.000056) | valid pairs 384343 | attention entropy 1.156 | target switch 7.1%
[TRAIN] 1,400,832 / 2,000,000 (70.0%)
        elapsed 00:53:01 | speed 417.5 steps/s | ETA 00:23:55
        episodes +1348 / total 18769
        return 41.29 | W/B/D 0.0% / 0.7% / 99.3%
        MAV survival 99.3% | UAV survivors 2.93
        Red kills 0.00 | Blue kills 0.06 | ep length 74.7
        actor loss [-0.016, -0.019, -0.018, -0.019]
        critic loss 36.704 | entropy 4.623
        PCTA consistency 0.001258 (weighted 0.000063) | valid pairs 386839 | attention entropy 1.183 | target switch 6.7%
[TRAIN] 1,501,184 / 2,000,000 (75.1%)
        elapsed 00:56:33 | speed 473.9 steps/s | ETA 00:17:33
        episodes +1343 / total 20112
        return 38.51 | W/B/D 0.0% / 1.9% / 98.1%
        MAV survival 98.1% | UAV survivors 2.93
        Red kills 0.00 | Blue kills 0.07 | ep length 74.7
        actor loss [-0.016, -0.019, -0.018, -0.015]
        critic loss 80.153 | entropy 4.792
        PCTA consistency 0.001680 (weighted 0.000084) | valid pairs 382219 | attention entropy 1.100 | target switch 6.5%
[CKPT] milestone 1,500,000 crossed at step 1,501,184 | checkpoint_1501184.pt
[TRAIN] 1,601,536 / 2,000,000 (80.1%)
        elapsed 01:00:45 | speed 396.8 steps/s | ETA 00:16:44
        episodes +1338 / total 21450
        return 40.37 | W/B/D 0.0% / 0.8% / 99.2%
        MAV survival 99.2% | UAV survivors 2.90
        Red kills 0.00 | Blue kills 0.10 | ep length 74.9
        actor loss [-0.017, -0.018, -0.019, -0.018]
        critic loss 39.342 | entropy 4.959
        PCTA consistency 0.001632 (weighted 0.000082) | valid pairs 381862 | attention entropy 1.127 | target switch 7.2%
[TRAIN] 1,701,888 / 2,000,000 (85.1%)
        elapsed 01:04:42 | speed 425.0 steps/s | ETA 00:11:41
        episodes +1347 / total 22797
        return 39.47 | W/B/D 0.0% / 1.6% / 98.4%
        MAV survival 98.4% | UAV survivors 2.90
        Red kills 0.00 | Blue kills 0.05 | ep length 74.7
        actor loss [-0.019, -0.018, -0.019, -0.016]
        critic loss 70.830 | entropy 5.111
        PCTA consistency 0.001632 (weighted 0.000082) | valid pairs 383241 | attention entropy 1.126 | target switch 6.4%
[TRAIN] 1,800,192 / 2,000,000 (90.0%)
        elapsed 01:08:19 | speed 451.9 steps/s | ETA 00:07:22
        episodes +1314 / total 24111
        return 41.58 | W/B/D 0.0% / 0.8% / 99.2%
        MAV survival 99.2% | UAV survivors 2.93
        Red kills 0.00 | Blue kills 0.05 | ep length 74.7
        actor loss [-0.018, -0.017, -0.020, -0.018]
        critic loss 39.603 | entropy 5.243
        PCTA consistency 0.001423 (weighted 0.000071) | valid pairs 378676 | attention entropy 1.162 | target switch 7.0%
[TRAIN] 1,900,544 / 2,000,000 (95.0%)
        elapsed 01:12:19 | speed 418.9 steps/s | ETA 00:03:57
        episodes +1338 / total 25449
        return 42.31 | W/B/D 0.0% / 0.3% / 99.7%
        MAV survival 99.7% | UAV survivors 2.92
        Red kills 0.00 | Blue kills 0.06 | ep length 74.9
        actor loss [-0.018, -0.019, -0.015, -0.018]
        critic loss 14.125 | entropy 5.351
        PCTA consistency 0.001338 (weighted 0.000067) | valid pairs 385474 | attention entropy 1.149 | target switch 7.4%
[TRAIN] 2,000,000 / 2,000,000 (100.0%)
        elapsed 01:15:51 | speed 467.8 steps/s | ETA 00:00:00
        episodes +1328 / total 26777
        return 42.52 | W/B/D 0.0% / 0.3% / 99.7%
        MAV survival 99.7% | UAV survivors 2.92
        Red kills 0.00 | Blue kills 0.04 | ep length 74.9
        actor loss [-0.017, -0.020, -0.017, -0.013]
        critic loss 16.731 | entropy 5.458
        PCTA consistency 0.001208 (weighted 0.000060) | valid pairs 383243 | attention entropy 1.174 | target switch 7.0%
[CKPT] milestone 2,000,000 crossed at step 2,000,000 | checkpoint_2000000.pt
[TRAIN] optimization finished at 2,000,000 steps
[FINAL EVAL] step 2,000,000 | nearest_red_aircraft
       win 0.0% | blue 0.0% | draw 100.0%
       return 40.78 | Red kills 0.00 | MAV survival 100.0%
============================================================
TRAINING COMPLETE
Steps: 2,000,000
Elapsed training time: 01:15:51
Final evaluation time: 00:03:31
Completed episodes: 26777
Final checkpoint: checkpoint_final.pt
Run folder: /mnt/c/Users/HPK/Desktop/2_uav/outputs/pcta_happo_v35_4v4_main_seed5_2m_20260912_222010
============================================================
============================================================
Finished Full PCTA-HAPPO seed 5
Time: Sat Sep 12 23:39:44 CST 2026
============================================================
============================================================
ALL MULTI-SEED RUNS FINISHED
Time: Sat Sep 12 23:39:44 CST 2026
============================================================
