============================================================
PCTA-v2 HAPPO TRAINING
Run: pcta_v2_happo_final_v35_main_seed4_2m_20260914_213030
Profile: main
Seed: 4
Device: cuda
Envs: 16
Method: baseline
Critic: mlp
Rollout: 128
Target steps: 2,000,000
Checkpoint interval: 1,000,000
Evaluation interval: disabled
Log interval: 100,000
============================================================
[TRAIN] 100,352 / 2,000,000 (5.0%)
        elapsed 00:05:00 | speed 334.1 steps/s | ETA 01:34:47
        episodes +1417 / total 1417
        return -17.49 | W/B/D 0.0% / 16.9% / 83.1%
        MAV survival 83.1% | UAV survivors 1.88
        Red kills 0.00 | Blue kills 0.02 | ep length 70.4
        actor loss [-0.020, -0.023, -0.029, -0.024]
        critic loss 691.190 | entropy 3.475
        PCTA-v2 target diagnostics | ens H 1.111 | head Hn 0.999 | head max 0.386 | disagree 0.000 | target switch 7.2% | beta 0.694 | valid/multi states 338552/299079
[TRAIN] 200,704 / 2,000,000 (10.0%)
        elapsed 00:10:12 | speed 321.6 steps/s | ETA 01:33:15
        episodes +1339 / total 2756
        return 28.22 | W/B/D 0.0% / 2.1% / 97.9%
        MAV survival 97.9% | UAV survivors 2.85
        Red kills 0.00 | Blue kills 0.10 | ep length 74.9
        actor loss [-0.020, -0.027, -0.026, -0.024]
        critic loss 84.807 | entropy 3.453
        PCTA-v2 target diagnostics | ens H 1.109 | head Hn 0.986 | head max 0.392 | disagree 0.001 | target switch 5.3% | beta 0.693 | valid/multi states 392952/364957
[TRAIN] 301,056 / 2,000,000 (15.1%)
        elapsed 00:15:12 | speed 334.9 steps/s | ETA 01:24:34
        episodes +1340 / total 4096
        return 34.25 | W/B/D 0.0% / 0.4% / 99.6%
        MAV survival 99.6% | UAV survivors 2.87
        Red kills 0.00 | Blue kills 0.12 | ep length 74.9
        actor loss [-0.026, -0.021, -0.022, -0.026]
        critic loss 18.506 | entropy 3.465
        PCTA-v2 target diagnostics | ens H 1.215 | head Hn 0.983 | head max 0.346 | disagree 0.001 | target switch 5.0% | beta 0.693 | valid/multi states 396908/385434
[TRAIN] 401,408 / 2,000,000 (20.1%)
        elapsed 00:20:26 | speed 319.6 steps/s | ETA 01:23:22
        episodes +1346 / total 5442
        return 33.44 | W/B/D 0.0% / 1.7% / 98.3%
        MAV survival 98.3% | UAV survivors 2.94
        Red kills 0.00 | Blue kills 0.06 | ep length 74.6
        actor loss [-0.020, -0.022, -0.021, -0.026]
        critic loss 71.494 | entropy 3.459
        PCTA-v2 target diagnostics | ens H 1.239 | head Hn 0.957 | head max 0.350 | disagree 0.002 | target switch 4.9% | beta 0.693 | valid/multi states 397895/392663
[TRAIN] 501,760 / 2,000,000 (25.1%)
        elapsed 00:24:54 | speed 374.8 steps/s | ETA 01:06:37
        episodes +1342 / total 6784
        return 36.34 | W/B/D 0.0% / 0.5% / 99.5%
        MAV survival 99.5% | UAV survivors 2.92
        Red kills 0.00 | Blue kills 0.07 | ep length 74.8
        actor loss [-0.023, -0.025, -0.026, -0.021]
        critic loss 26.016 | entropy 3.442
        PCTA-v2 target diagnostics | ens H 1.162 | head Hn 0.927 | head max 0.391 | disagree 0.001 | target switch 4.2% | beta 0.693 | valid/multi states 396185/386364
[TRAIN] 600,064 / 2,000,000 (30.0%)
        elapsed 00:29:32 | speed 353.5 steps/s | ETA 01:06:00
        episodes +1314 / total 8098
        return 28.52 | W/B/D 0.0% / 4.3% / 95.7%
        MAV survival 95.7% | UAV survivors 2.90
        Red kills 0.00 | Blue kills 0.10 | ep length 74.8
        actor loss [-0.022, -0.025, -0.019, -0.021]
        critic loss 169.945 | entropy 3.436
        PCTA-v2 target diagnostics | ens H 1.197 | head Hn 0.919 | head max 0.384 | disagree 0.001 | target switch 4.3% | beta 0.692 | valid/multi states 389360/384576
[TRAIN] 700,416 / 2,000,000 (35.0%)
        elapsed 00:34:02 | speed 371.6 steps/s | ETA 00:58:17
        episodes +1345 / total 9443
        return 34.77 | W/B/D 0.0% / 1.3% / 98.7%
        MAV survival 98.7% | UAV survivors 2.93
        Red kills 0.00 | Blue kills 0.08 | ep length 74.6
        actor loss [-0.019, -0.024, -0.023, -0.023]
        critic loss 65.541 | entropy 3.429
        PCTA-v2 target diagnostics | ens H 1.171 | head Hn 0.922 | head max 0.396 | disagree 0.001 | target switch 3.7% | beta 0.693 | valid/multi states 397392/388854
[TRAIN] 800,768 / 2,000,000 (40.0%)
        elapsed 00:38:52 | speed 346.0 steps/s | ETA 00:57:46
        episodes +1342 / total 10785
        return 34.61 | W/B/D 0.0% / 1.0% / 99.0%
        MAV survival 99.0% | UAV survivors 2.85
        Red kills 0.00 | Blue kills 0.11 | ep length 74.8
        actor loss [-0.022, -0.020, -0.023, -0.022]
        critic loss 47.588 | entropy 3.403
        PCTA-v2 target diagnostics | ens H 1.186 | head Hn 0.935 | head max 0.377 | disagree 0.001 | target switch 4.0% | beta 0.696 | valid/multi states 393921/384823
[TRAIN] 901,120 / 2,000,000 (45.1%)
        elapsed 00:43:17 | speed 378.8 steps/s | ETA 00:48:21
        episodes +1339 / total 12124
        return 35.41 | W/B/D 0.0% / 1.0% / 99.0%
        MAV survival 99.0% | UAV survivors 2.90
        Red kills 0.00 | Blue kills 0.10 | ep length 74.7
        actor loss [-0.021, -0.021, -0.022, -0.020]
        critic loss 47.810 | entropy 3.399
        PCTA-v2 target diagnostics | ens H 1.228 | head Hn 0.950 | head max 0.354 | disagree 0.001 | target switch 6.0% | beta 0.697 | valid/multi states 394863/387835
[TRAIN] 1,001,472 / 2,000,000 (50.1%)
        elapsed 00:48:16 | speed 335.4 steps/s | ETA 00:49:38
        episodes +1346 / total 13470
        return 35.68 | W/B/D 0.0% / 0.9% / 99.1%
        MAV survival 99.1% | UAV survivors 2.89
        Red kills 0.00 | Blue kills 0.11 | ep length 74.8
        actor loss [-0.021, -0.022, -0.024, -0.027]
        critic loss 42.199 | entropy 3.413
        PCTA-v2 target diagnostics | ens H 1.226 | head Hn 0.951 | head max 0.356 | disagree 0.001 | target switch 6.5% | beta 0.700 | valid/multi states 395013/388698
[CKPT] milestone 1,000,000 crossed at step 1,001,472 | checkpoint_1001472.pt
[TRAIN] 1,101,824 / 2,000,000 (55.1%)
        elapsed 00:52:38 | speed 383.4 steps/s | ETA 00:39:03
        episodes +1341 / total 14811
        return 37.16 | W/B/D 0.0% / 0.4% / 99.6%
        MAV survival 99.6% | UAV survivors 2.92
        Red kills 0.00 | Blue kills 0.08 | ep length 74.9
        actor loss [-0.025, -0.025, -0.021, -0.022]
        critic loss 17.129 | entropy 3.414
        PCTA-v2 target diagnostics | ens H 1.202 | head Hn 0.940 | head max 0.371 | disagree 0.002 | target switch 6.5% | beta 0.699 | valid/multi states 396208/387794
[TRAIN] 1,200,128 / 2,000,000 (60.0%)
        elapsed 00:57:23 | speed 345.2 steps/s | ETA 00:38:37
        episodes +1314 / total 16125
        return 35.50 | W/B/D 0.0% / 1.0% / 99.0%
        MAV survival 99.0% | UAV survivors 2.82
        Red kills 0.00 | Blue kills 0.19 | ep length 74.7
        actor loss [-0.025, -0.024, -0.025, -0.020]
        critic loss 45.676 | entropy 3.399
        PCTA-v2 target diagnostics | ens H 1.212 | head Hn 0.948 | head max 0.366 | disagree 0.003 | target switch 6.2% | beta 0.698 | valid/multi states 382748/374348
[TRAIN] 1,300,480 / 2,000,000 (65.0%)
        elapsed 01:01:50 | speed 375.0 steps/s | ETA 00:31:06
        episodes +1341 / total 17466
        return 35.10 | W/B/D 0.0% / 0.4% / 99.6%
        MAV survival 99.6% | UAV survivors 2.70
        Red kills 0.00 | Blue kills 0.30 | ep length 74.9
        actor loss [-0.021, -0.023, -0.020, -0.024]
        critic loss 23.236 | entropy 3.390
        PCTA-v2 target diagnostics | ens H 1.238 | head Hn 0.949 | head max 0.358 | disagree 0.002 | target switch 6.6% | beta 0.696 | valid/multi states 385088/376601
[TRAIN] 1,400,832 / 2,000,000 (70.0%)
        elapsed 01:06:25 | speed 365.8 steps/s | ETA 00:27:18
        episodes +1339 / total 18805
        return 36.71 | W/B/D 0.0% / 0.5% / 99.5%
        MAV survival 99.5% | UAV survivors 2.83
        Red kills 0.00 | Blue kills 0.17 | ep length 75.0
        actor loss [-0.020, -0.021, -0.024, -0.023]
        critic loss 23.082 | entropy 3.354
        PCTA-v2 target diagnostics | ens H 1.249 | head Hn 0.951 | head max 0.352 | disagree 0.002 | target switch 6.1% | beta 0.697 | valid/multi states 390970/384664
[TRAIN] 1,501,184 / 2,000,000 (75.1%)
        elapsed 01:11:05 | speed 358.4 steps/s | ETA 00:23:12
        episodes +1341 / total 20146
        return 35.82 | W/B/D 0.0% / 0.9% / 99.1%
        MAV survival 99.1% | UAV survivors 2.84
        Red kills 0.00 | Blue kills 0.16 | ep length 75.0
        actor loss [-0.022, -0.025, -0.022, -0.023]
        critic loss 32.756 | entropy 3.330
        PCTA-v2 target diagnostics | ens H 1.254 | head Hn 0.952 | head max 0.354 | disagree 0.002 | target switch 5.8% | beta 0.697 | valid/multi states 390758/383830
[TRAIN] 1,601,536 / 2,000,000 (80.1%)
        elapsed 01:15:30 | speed 378.1 steps/s | ETA 00:17:34
        episodes +1335 / total 21481
        return 37.66 | W/B/D 0.0% / 0.5% / 99.5%
        MAV survival 99.5% | UAV survivors 2.87
        Red kills 0.00 | Blue kills 0.11 | ep length 75.0
        actor loss [-0.025, -0.022, -0.023, -0.019]
        critic loss 17.642 | entropy 3.317
        PCTA-v2 target diagnostics | ens H 1.223 | head Hn 0.922 | head max 0.379 | disagree 0.002 | target switch 5.6% | beta 0.693 | valid/multi states 393968/389552
[TRAIN] 1,701,888 / 2,000,000 (85.1%)
        elapsed 01:20:19 | speed 347.1 steps/s | ETA 00:14:19
        episodes +1339 / total 22820
        return 39.06 | W/B/D 0.0% / 0.4% / 99.6%
        MAV survival 99.6% | UAV survivors 2.91
        Red kills 0.00 | Blue kills 0.09 | ep length 75.0
        actor loss [-0.026, -0.020, -0.020, -0.022]
        critic loss 12.608 | entropy 3.314
        PCTA-v2 target diagnostics | ens H 1.201 | head Hn 0.931 | head max 0.388 | disagree 0.002 | target switch 5.5% | beta 0.691 | valid/multi states 394083/383797
[TRAIN] 1,800,192 / 2,000,000 (90.0%)
        elapsed 01:24:38 | speed 379.3 steps/s | ETA 00:08:47
        episodes +1312 / total 24132
        return 38.55 | W/B/D 0.0% / 1.0% / 99.0%
        MAV survival 99.0% | UAV survivors 2.92
        Red kills 0.00 | Blue kills 0.07 | ep length 74.9
        actor loss [-0.018, -0.029, -0.022, -0.023]
        critic loss 38.488 | entropy 3.306
        PCTA-v2 target diagnostics | ens H 1.201 | head Hn 0.958 | head max 0.376 | disagree 0.001 | target switch 6.0% | beta 0.691 | valid/multi states 385731/371044
[TRAIN] 1,900,544 / 2,000,000 (95.0%)
        elapsed 01:28:59 | speed 385.2 steps/s | ETA 00:04:18
        episodes +1341 / total 25473
        return 39.42 | W/B/D 0.0% / 0.6% / 99.4%
        MAV survival 99.4% | UAV survivors 2.85
        Red kills 0.00 | Blue kills 0.15 | ep length 75.0
        actor loss [-0.020, -0.019, -0.022, -0.026]
        critic loss 27.298 | entropy 3.282
        PCTA-v2 target diagnostics | ens H 1.233 | head Hn 0.983 | head max 0.344 | disagree 0.001 | target switch 6.9% | beta 0.690 | valid/multi states 391718/378403
[TRAIN] 2,000,000 / 2,000,000 (100.0%)
        elapsed 01:33:42 | speed 351.2 steps/s | ETA 00:00:00
        episodes +1326 / total 26799
        return 58.77 | W/B/D 0.2% / 1.4% / 98.4%
        MAV survival 98.6% | UAV survivors 2.77
        Red kills 0.42 | Blue kills 0.21 | ep length 74.9
        actor loss [-0.021, -0.022, -0.021, -0.022]
        critic loss 182.069 | entropy 3.227
        PCTA-v2 target diagnostics | ens H 1.177 | head Hn 0.987 | head max 0.362 | disagree 0.000 | target switch 7.0% | beta 0.690 | valid/multi states 383051/361760
[CKPT] milestone 2,000,000 crossed at step 2,000,000 | checkpoint_2000000.pt
[TRAIN] optimization finished at 2,000,000 steps
[FINAL EVAL] step 2,000,000 | nearest_red_aircraft
       win 0.5% | blue 0.0% | draw 99.5%
       return 64.31 | Red kills 0.56 | MAV survival 100.0%
============================================================
TRAINING COMPLETE
Steps: 2,000,000
Elapsed training time: 01:33:42
Final evaluation time: 00:04:02
Completed episodes: 26799
Final checkpoint: checkpoint_final.pt
Run folder: /mnt/c/Users/HPK/Desktop/2_uav/outputs/pcta_v2_happo_final_v35_main_seed4_2m_20260914_213030
============================================================
