============================================================
PCTA-v2 HAPPO TRAINING
Run: pcta_v2_happo_final_v35_main_seed3_2m_20260914_184434
Profile: main
Seed: 3
Device: cuda
Envs: 16
Method: baseline
Critic: mlp
Rollout: 128
Target steps: 2,000,000
Checkpoint interval: 1,000,000
Evaluation interval: disabled
Log interval: 100,000
============================================================
[TRAIN] 100,352 / 2,000,000 (5.0%)
        elapsed 00:03:53 | speed 431.2 steps/s | ETA 01:13:25
        episodes +1501 / total 1501
        return -42.64 | W/B/D 0.0% / 27.6% / 72.4%
        MAV survival 72.4% | UAV survivors 1.71
        Red kills 0.00 | Blue kills 0.07 | ep length 66.4
        actor loss [-0.020, -0.024, -0.024, -0.025]
        critic loss 1079.180 | entropy 3.482
        PCTA-v2 target diagnostics | ens H 1.152 | head Hn 0.997 | head max 0.368 | disagree 0.001 | target switch 7.5% | beta 0.694 | valid/multi states 331644/301806
[TRAIN] 200,704 / 2,000,000 (10.0%)
        elapsed 00:07:48 | speed 426.8 steps/s | ETA 01:10:16
        episodes +1344 / total 2845
        return 32.06 | W/B/D 0.0% / 0.9% / 99.1%
        MAV survival 99.1% | UAV survivors 2.82
        Red kills 0.00 | Blue kills 0.17 | ep length 74.8
        actor loss [-0.025, -0.026, -0.024, -0.023]
        critic loss 42.684 | entropy 3.444
        PCTA-v2 target diagnostics | ens H 1.188 | head Hn 0.993 | head max 0.351 | disagree 0.002 | target switch 6.9% | beta 0.695 | valid/multi states 388919/371407
[TRAIN] 301,056 / 2,000,000 (15.1%)
        elapsed 00:11:48 | speed 418.6 steps/s | ETA 01:07:38
        episodes +1345 / total 4190
        return 41.75 | W/B/D 0.1% / 1.3% / 98.7%
        MAV survival 98.7% | UAV survivors 2.61
        Red kills 0.17 | Blue kills 0.11 | ep length 74.7
        actor loss [-0.022, -0.022, -0.026, -0.021]
        critic loss 102.789 | entropy 3.390
        PCTA-v2 target diagnostics | ens H 1.247 | head Hn 0.978 | head max 0.331 | disagree 0.004 | target switch 7.1% | beta 0.696 | valid/multi states 390925/381992
[TRAIN] 401,408 / 2,000,000 (20.1%)
        elapsed 00:15:39 | speed 434.0 steps/s | ETA 01:01:23
        episodes +1363 / total 5553
        return 96.95 | W/B/D 3.7% / 1.2% / 95.1%
        MAV survival 98.8% | UAV survivors 2.56
        Red kills 1.20 | Blue kills 0.25 | ep length 73.4
        actor loss [-0.029, -0.028, -0.018, -0.022]
        critic loss 456.661 | entropy 3.271
        PCTA-v2 target diagnostics | ens H 1.111 | head Hn 0.977 | head max 0.391 | disagree 0.004 | target switch 7.0% | beta 0.696 | valid/multi states 380261/349298
[TRAIN] 501,760 / 2,000,000 (25.1%)
        elapsed 00:19:18 | speed 456.7 steps/s | ETA 00:54:40
        episodes +1445 / total 6998
        return 144.68 | W/B/D 13.8% / 1.4% / 84.8%
        MAV survival 98.6% | UAV survivors 2.66
        Red kills 2.00 | Blue kills 0.32 | ep length 69.5
        actor loss [-0.026, -0.026, -0.024, -0.025]
        critic loss 825.028 | entropy 3.127
        PCTA-v2 target diagnostics | ens H 0.966 | head Hn 0.987 | head max 0.461 | disagree 0.001 | target switch 7.3% | beta 0.699 | valid/multi states 371491/306354
[TRAIN] 600,064 / 2,000,000 (30.0%)
        elapsed 00:22:51 | speed 461.6 steps/s | ETA 00:50:33
        episodes +1522 / total 8520
        return 170.29 | W/B/D 24.6% / 2.8% / 72.6%
        MAV survival 97.2% | UAV survivors 2.72
        Red kills 2.38 | Blue kills 0.27 | ep length 64.5
        actor loss [-0.022, -0.024, -0.023, -0.021]
        critic loss 1133.681 | entropy 3.044
        PCTA-v2 target diagnostics | ens H 0.926 | head Hn 0.990 | head max 0.479 | disagree 0.001 | target switch 6.4% | beta 0.702 | valid/multi states 368796/294532
[TRAIN] 700,416 / 2,000,000 (35.0%)
        elapsed 00:26:31 | speed 456.1 steps/s | ETA 00:47:29
        episodes +1567 / total 10087
        return 180.29 | W/B/D 27.2% / 0.8% / 72.0%
        MAV survival 99.2% | UAV survivors 2.59
        Red kills 2.50 | Blue kills 0.35 | ep length 64.1
        actor loss [-0.020, -0.025, -0.023, -0.027]
        critic loss 920.897 | entropy 2.951
        PCTA-v2 target diagnostics | ens H 0.891 | head Hn 0.991 | head max 0.497 | disagree 0.001 | target switch 6.4% | beta 0.708 | valid/multi states 368287/286818
[TRAIN] 800,768 / 2,000,000 (40.0%)
        elapsed 00:30:35 | speed 412.7 steps/s | ETA 00:48:26
        episodes +1600 / total 11687
        return 172.55 | W/B/D 29.9% / 7.8% / 62.3%
        MAV survival 92.2% | UAV survivors 2.61
        Red kills 2.60 | Blue kills 0.34 | ep length 62.7
        actor loss [-0.028, -0.023, -0.025, -0.030]
        critic loss 1302.694 | entropy 2.854
        PCTA-v2 target diagnostics | ens H 0.868 | head Hn 0.992 | head max 0.512 | disagree 0.001 | target switch 6.2% | beta 0.709 | valid/multi states 365184/275160
[TRAIN] 901,120 / 2,000,000 (45.1%)
        elapsed 00:34:28 | speed 430.6 steps/s | ETA 00:42:32
        episodes +1632 / total 13319
        return 191.20 | W/B/D 32.8% / 4.4% / 62.8%
        MAV survival 95.6% | UAV survivors 2.73
        Red kills 2.75 | Blue kills 0.23 | ep length 61.5
        actor loss [-0.029, -0.027, -0.032, -0.023]
        critic loss 1120.059 | entropy 2.784
        PCTA-v2 target diagnostics | ens H 0.833 | head Hn 0.993 | head max 0.527 | disagree 0.001 | target switch 6.3% | beta 0.700 | valid/multi states 374643/274004
[TRAIN] 1,001,472 / 2,000,000 (50.1%)
        elapsed 00:38:27 | speed 420.0 steps/s | ETA 00:39:38
        episodes +1740 / total 15059
        return 219.22 | W/B/D 42.7% / 1.3% / 56.0%
        MAV survival 98.7% | UAV survivors 2.76
        Red kills 3.02 | Blue kills 0.19 | ep length 57.8
        actor loss [-0.028, -0.030, -0.027, -0.023]
        critic loss 940.130 | entropy 2.663
        PCTA-v2 target diagnostics | ens H 0.834 | head Hn 0.988 | head max 0.529 | disagree 0.001 | target switch 6.5% | beta 0.697 | valid/multi states 375991/275399
[CKPT] milestone 1,000,000 crossed at step 1,001,472 | checkpoint_1001472.pt
[TRAIN] 1,101,824 / 2,000,000 (55.1%)
        elapsed 00:43:15 | speed 347.6 steps/s | ETA 00:43:04
        episodes +1806 / total 16865
        return 224.81 | W/B/D 47.4% / 2.5% / 50.1%
        MAV survival 97.5% | UAV survivors 2.79
        Red kills 3.10 | Blue kills 0.16 | ep length 55.5
        actor loss [-0.027, -0.024, -0.026, -0.031]
        critic loss 1008.760 | entropy 2.587
        PCTA-v2 target diagnostics | ens H 0.816 | head Hn 0.982 | head max 0.544 | disagree 0.001 | target switch 7.5% | beta 0.696 | valid/multi states 380104/272295
[TRAIN] 1,200,128 / 2,000,000 (60.0%)
        elapsed 00:47:51 | speed 356.1 steps/s | ETA 00:37:27
        episodes +1783 / total 18648
        return 228.68 | W/B/D 47.8% / 1.7% / 50.5%
        MAV survival 98.3% | UAV survivors 2.82
        Red kills 3.13 | Blue kills 0.17 | ep length 55.3
        actor loss [-0.023, -0.025, -0.029, -0.034]
        critic loss 953.400 | entropy 2.520
        PCTA-v2 target diagnostics | ens H 0.804 | head Hn 0.986 | head max 0.550 | disagree 0.001 | target switch 7.2% | beta 0.695 | valid/multi states 374035/263065
[TRAIN] 1,300,480 / 2,000,000 (65.0%)
        elapsed 00:52:25 | speed 366.6 steps/s | ETA 00:31:48
        episodes +1802 / total 20450
        return 227.05 | W/B/D 46.9% / 1.3% / 51.8%
        MAV survival 98.7% | UAV survivors 2.81
        Red kills 3.10 | Blue kills 0.17 | ep length 55.6
        actor loss [-0.023, -0.027, -0.028, -0.030]
        critic loss 884.405 | entropy 2.441
        PCTA-v2 target diagnostics | ens H 0.815 | head Hn 0.982 | head max 0.546 | disagree 0.001 | target switch 6.1% | beta 0.696 | valid/multi states 380890/271901
[TRAIN] 1,400,832 / 2,000,000 (70.0%)
        elapsed 00:57:09 | speed 353.9 steps/s | ETA 00:28:13
        episodes +1765 / total 22215
        return 222.11 | W/B/D 43.6% / 1.2% / 55.2%
        MAV survival 98.8% | UAV survivors 2.75
        Red kills 3.06 | Blue kills 0.19 | ep length 56.9
        actor loss [-0.028, -0.025, -0.026, -0.030]
        critic loss 896.237 | entropy 2.340
        PCTA-v2 target diagnostics | ens H 0.804 | head Hn 0.985 | head max 0.549 | disagree 0.001 | target switch 6.3% | beta 0.696 | valid/multi states 376215/266372
[TRAIN] 1,501,184 / 2,000,000 (75.1%)
        elapsed 01:01:53 | speed 353.0 steps/s | ETA 00:23:33
        episodes +1818 / total 24033
        return 231.12 | W/B/D 48.5% / 1.3% / 50.2%
        MAV survival 98.7% | UAV survivors 2.77
        Red kills 3.16 | Blue kills 0.15 | ep length 55.2
        actor loss [-0.032, -0.027, -0.026, -0.023]
        critic loss 912.412 | entropy 2.260
        PCTA-v2 target diagnostics | ens H 0.798 | head Hn 0.980 | head max 0.555 | disagree 0.001 | target switch 6.7% | beta 0.694 | valid/multi states 379699/265815
[TRAIN] 1,601,536 / 2,000,000 (80.1%)
        elapsed 01:06:44 | speed 345.1 steps/s | ETA 00:19:15
        episodes +1872 / total 25905
        return 241.09 | W/B/D 53.8% / 0.4% / 45.8%
        MAV survival 99.6% | UAV survivors 2.67
        Red kills 3.26 | Blue kills 0.14 | ep length 53.7
        actor loss [-0.030, -0.024, -0.024, -0.033]
        critic loss 851.281 | entropy 2.170
        PCTA-v2 target diagnostics | ens H 0.825 | head Hn 0.983 | head max 0.535 | disagree 0.001 | target switch 6.6% | beta 0.692 | valid/multi states 373186/270216
[TRAIN] 1,701,888 / 2,000,000 (85.1%)
        elapsed 01:11:12 | speed 374.4 steps/s | ETA 00:13:16
        episodes +1901 / total 27806
        return 244.57 | W/B/D 55.4% / 0.9% / 43.7%
        MAV survival 99.1% | UAV survivors 2.70
        Red kills 3.33 | Blue kills 0.14 | ep length 52.8
        actor loss [-0.026, -0.027, -0.030, -0.032]
        critic loss 852.606 | entropy 2.095
        PCTA-v2 target diagnostics | ens H 0.826 | head Hn 0.990 | head max 0.534 | disagree 0.001 | target switch 6.3% | beta 0.692 | valid/multi states 372043/266511
[TRAIN] 1,800,192 / 2,000,000 (90.0%)
        elapsed 01:15:49 | speed 354.3 steps/s | ETA 00:09:24
        episodes +1864 / total 29670
        return 239.14 | W/B/D 55.6% / 2.5% / 42.0%
        MAV survival 97.5% | UAV survivors 2.70
        Red kills 3.28 | Blue kills 0.15 | ep length 52.7
        actor loss [-0.027, -0.028, -0.029, -0.033]
        critic loss 952.310 | entropy 2.034
        PCTA-v2 target diagnostics | ens H 0.850 | head Hn 0.994 | head max 0.521 | disagree 0.001 | target switch 5.9% | beta 0.691 | valid/multi states 362419/265262
[TRAIN] 1,900,544 / 2,000,000 (95.0%)
        elapsed 01:20:32 | speed 355.0 steps/s | ETA 00:04:40
        episodes +1965 / total 31635
        return 237.00 | W/B/D 57.4% / 4.5% / 38.1%
        MAV survival 95.5% | UAV survivors 2.72
        Red kills 3.28 | Blue kills 0.15 | ep length 51.1
        actor loss [-0.037, -0.024, -0.024, -0.031]
        critic loss 1076.847 | entropy 1.958
        PCTA-v2 target diagnostics | ens H 0.842 | head Hn 0.991 | head max 0.528 | disagree 0.001 | target switch 6.0% | beta 0.691 | valid/multi states 379814/277002
[TRAIN] 2,000,000 / 2,000,000 (100.0%)
        elapsed 01:24:50 | speed 386.1 steps/s | ETA 00:00:00
        episodes +1921 / total 33556
        return 236.52 | W/B/D 55.7% / 3.3% / 41.0%
        MAV survival 96.7% | UAV survivors 2.72
        Red kills 3.25 | Blue kills 0.17 | ep length 51.7
        actor loss [-0.030, -0.024, -0.028, -0.026]
        critic loss 1077.532 | entropy 1.881
        PCTA-v2 target diagnostics | ens H 0.824 | head Hn 0.987 | head max 0.540 | disagree 0.001 | target switch 6.5% | beta 0.690 | valid/multi states 374410/270210
[CKPT] milestone 2,000,000 crossed at step 2,000,000 | checkpoint_2000000.pt
[TRAIN] optimization finished at 2,000,000 steps
[FINAL EVAL] step 2,000,000 | nearest_red_aircraft
       win 53.0% | blue 4.0% | draw 43.0%
       return 226.14 | Red kills 3.15 | MAV survival 96.0%
============================================================
TRAINING COMPLETE
Steps: 2,000,000
Elapsed training time: 01:24:50
Final evaluation time: 00:03:14
Completed episodes: 33556
Final checkpoint: checkpoint_final.pt
Run folder: /mnt/c/Users/HPK/Desktop/2_uav/outputs/pcta_v2_happo_final_v35_main_seed3_2m_20260914_184434
============================================================
