============================================================
PCTA-HAPPO TRAINING
Run: pcta_happo_v35_4v4_main_seed2_2m_20260912_151210
Profile: main
Seed: 2
Device: cuda
Envs: 16
Method: baseline
Critic: mlp
Rollout: 128
Target steps: 2,000,000
Checkpoint interval: 500,000
Evaluation interval: disabled
Log interval: 100,000
============================================================
[TRAIN] 100,352 / 2,000,000 (5.0%)
        elapsed 00:03:11 | speed 525.0 steps/s | ETA 01:00:18
        episodes +1359 / total 1359
        return 1.18 | W/B/D 0.0% / 8.6% / 91.4%
        MAV survival 91.4% | UAV survivors 2.16
        Red kills 0.00 | Blue kills 0.02 | ep length 73.4
        actor loss [-0.017, -0.023, -0.020, -0.016]
        critic loss 359.903 | entropy 2.816
        PCTA consistency 0.001971 (weighted 0.000099) | valid pairs 319185 | attention entropy 1.038 | target switch 6.9%
[TRAIN] 200,704 / 2,000,000 (10.0%)
        elapsed 00:06:37 | speed 487.8 steps/s | ETA 01:01:28
        episodes +1343 / total 2702
        return 31.15 | W/B/D 0.0% / 1.3% / 98.7%
        MAV survival 98.7% | UAV survivors 2.91
        Red kills 0.00 | Blue kills 0.09 | ep length 74.7
        actor loss [-0.016, -0.016, -0.016, -0.018]
        critic loss 56.614 | entropy 2.936
        PCTA consistency 0.000999 (weighted 0.000050) | valid pairs 386549 | attention entropy 1.184 | target switch 5.3%
[TRAIN] 301,056 / 2,000,000 (15.1%)
        elapsed 00:10:09 | speed 472.2 steps/s | ETA 00:59:58
        episodes +1342 / total 4044
        return 36.91 | W/B/D 0.0% / 1.1% / 98.9%
        MAV survival 98.9% | UAV survivors 2.96
        Red kills 0.00 | Blue kills 0.03 | ep length 74.8
        actor loss [-0.016, -0.012, -0.020, -0.019]
        critic loss 41.561 | entropy 3.064
        PCTA consistency 0.000610 (weighted 0.000031) | valid pairs 390536 | attention entropy 1.254 | target switch 4.5%
[TRAIN] 401,408 / 2,000,000 (20.1%)
        elapsed 00:13:43 | speed 470.0 steps/s | ETA 00:56:41
        episodes +1340 / total 5384
        return 39.84 | W/B/D 0.0% / 0.4% / 99.6%
        MAV survival 99.6% | UAV survivors 2.95
        Red kills 0.00 | Blue kills 0.04 | ep length 74.9
        actor loss [-0.017, -0.018, -0.020, -0.017]
        critic loss 17.729 | entropy 3.208
        PCTA consistency 0.000899 (weighted 0.000045) | valid pairs 389485 | attention entropy 1.212 | target switch 5.0%
[TRAIN] 501,760 / 2,000,000 (25.1%)
        elapsed 00:17:17 | speed 468.5 steps/s | ETA 00:53:18
        episodes +1341 / total 6725
        return 39.81 | W/B/D 0.0% / 0.8% / 99.2%
        MAV survival 99.2% | UAV survivors 2.98
        Red kills 0.00 | Blue kills 0.02 | ep length 74.7
        actor loss [-0.016, -0.016, -0.015, -0.015]
        critic loss 36.912 | entropy 3.337
        PCTA consistency 0.000578 (weighted 0.000029) | valid pairs 391226 | attention entropy 1.279 | target switch 5.6%
[CKPT] milestone 500,000 crossed at step 501,760 | checkpoint_501760.pt
[TRAIN] 600,064 / 2,000,000 (30.0%)
        elapsed 00:20:59 | speed 443.9 steps/s | ETA 00:52:34
        episodes +1317 / total 8042
        return 40.73 | W/B/D 0.0% / 0.8% / 99.2%
        MAV survival 99.2% | UAV survivors 2.95
        Red kills 0.00 | Blue kills 0.04 | ep length 74.8
        actor loss [-0.017, -0.013, -0.016, -0.020]
        critic loss 32.745 | entropy 3.470
        PCTA consistency 0.000562 (weighted 0.000028) | valid pairs 381266 | attention entropy 1.259 | target switch 5.8%
[TRAIN] 700,416 / 2,000,000 (35.0%)
        elapsed 00:24:28 | speed 479.6 steps/s | ETA 00:45:09
        episodes +1339 / total 9381
        return 40.30 | W/B/D 0.0% / 0.2% / 99.8%
        MAV survival 99.8% | UAV survivors 2.86
        Red kills 0.00 | Blue kills 0.12 | ep length 74.9
        actor loss [-0.018, -0.016, -0.018, -0.017]
        critic loss 11.822 | entropy 3.580
        PCTA consistency 0.000570 (weighted 0.000028) | valid pairs 385534 | attention entropy 1.249 | target switch 5.7%
[TRAIN] 800,768 / 2,000,000 (40.0%)
        elapsed 00:28:01 | speed 470.9 steps/s | ETA 00:42:27
        episodes +1336 / total 10717
        return 42.51 | W/B/D 0.0% / 0.1% / 99.9%
        MAV survival 99.9% | UAV survivors 2.96
        Red kills 0.00 | Blue kills 0.04 | ep length 75.0
        actor loss [-0.016, -0.017, -0.017, -0.018]
        critic loss 8.174 | entropy 3.716
        PCTA consistency 0.000483 (weighted 0.000024) | valid pairs 389643 | attention entropy 1.266 | target switch 5.9%
[TRAIN] 901,120 / 2,000,000 (45.1%)
        elapsed 00:31:33 | speed 472.2 steps/s | ETA 00:38:47
        episodes +1345 / total 12062
        return 41.86 | W/B/D 0.0% / 0.3% / 99.7%
        MAV survival 99.7% | UAV survivors 2.94
        Red kills 0.00 | Blue kills 0.05 | ep length 74.8
        actor loss [-0.018, -0.020, -0.015, -0.017]
        critic loss 14.632 | entropy 3.841
        PCTA consistency 0.000498 (weighted 0.000025) | valid pairs 389282 | attention entropy 1.268 | target switch 5.9%
[TRAIN] 1,001,472 / 2,000,000 (50.1%)
        elapsed 00:35:03 | speed 479.0 steps/s | ETA 00:34:45
        episodes +1337 / total 13399
        return 43.09 | W/B/D 0.0% / 0.1% / 99.9%
        MAV survival 99.9% | UAV survivors 2.96
        Red kills 0.00 | Blue kills 0.02 | ep length 75.0
        actor loss [-0.019, -0.017, -0.015, -0.016]
        critic loss 2.370 | entropy 3.984
        PCTA consistency 0.000533 (weighted 0.000027) | valid pairs 390325 | attention entropy 1.263 | target switch 6.1%
[CKPT] milestone 1,000,000 crossed at step 1,001,472 | checkpoint_1001472.pt
[TRAIN] 1,101,824 / 2,000,000 (55.1%)
        elapsed 00:38:31 | speed 482.7 steps/s | ETA 00:31:01
        episodes +1339 / total 14738
        return 43.78 | W/B/D 0.0% / 0.1% / 99.9%
        MAV survival 99.9% | UAV survivors 2.95
        Red kills 0.00 | Blue kills 0.03 | ep length 75.0
        actor loss [-0.016, -0.015, -0.018, -0.017]
        critic loss 8.337 | entropy 4.083
        PCTA consistency 0.000485 (weighted 0.000024) | valid pairs 390454 | attention entropy 1.271 | target switch 6.2%
[TRAIN] 1,200,128 / 2,000,000 (60.0%)
        elapsed 00:41:58 | speed 474.3 steps/s | ETA 00:28:06
        episodes +1316 / total 16054
        return 42.81 | W/B/D 0.0% / 0.7% / 99.3%
        MAV survival 99.3% | UAV survivors 2.92
        Red kills 0.00 | Blue kills 0.06 | ep length 74.7
        actor loss [-0.020, -0.016, -0.014, -0.016]
        critic loss 34.216 | entropy 4.199
        PCTA consistency 0.000368 (weighted 0.000018) | valid pairs 381962 | attention entropy 1.283 | target switch 6.7%
[TRAIN] 1,300,480 / 2,000,000 (65.0%)
        elapsed 00:45:31 | speed 470.8 steps/s | ETA 00:24:46
        episodes +1341 / total 17395
        return 43.57 | W/B/D 0.0% / 0.4% / 99.6%
        MAV survival 99.6% | UAV survivors 2.96
        Red kills 0.00 | Blue kills 0.03 | ep length 74.8
        actor loss [-0.017, -0.017, -0.017, -0.016]
        critic loss 19.270 | entropy 4.356
        PCTA consistency 0.000396 (weighted 0.000020) | valid pairs 390901 | attention entropy 1.284 | target switch 5.9%
[TRAIN] 1,400,832 / 2,000,000 (70.0%)
        elapsed 00:48:57 | speed 488.6 steps/s | ETA 00:20:26
        episodes +1342 / total 18737
        return 44.27 | W/B/D 0.0% / 0.3% / 99.7%
        MAV survival 99.7% | UAV survivors 2.94
        Red kills 0.00 | Blue kills 0.04 | ep length 74.9
        actor loss [-0.014, -0.019, -0.017, -0.017]
        critic loss 15.083 | entropy 4.485
        PCTA consistency 0.000364 (weighted 0.000018) | valid pairs 391076 | attention entropy 1.290 | target switch 6.2%
[TRAIN] 1,501,184 / 2,000,000 (75.1%)
        elapsed 00:52:23 | speed 484.9 steps/s | ETA 00:17:09
        episodes +1339 / total 20076
        return 43.98 | W/B/D 0.0% / 0.4% / 99.6%
        MAV survival 99.6% | UAV survivors 2.96
        Red kills 0.00 | Blue kills 0.03 | ep length 74.9
        actor loss [-0.019, -0.014, -0.013, -0.017]
        critic loss 17.384 | entropy 4.602
        PCTA consistency 0.000428 (weighted 0.000021) | valid pairs 390471 | attention entropy 1.277 | target switch 5.6%
[CKPT] milestone 1,500,000 crossed at step 1,501,184 | checkpoint_1501184.pt
[TRAIN] 1,601,536 / 2,000,000 (80.1%)
        elapsed 00:55:50 | speed 486.0 steps/s | ETA 00:13:40
        episodes +1339 / total 21415
        return 44.40 | W/B/D 0.0% / 0.4% / 99.6%
        MAV survival 99.6% | UAV survivors 2.96
        Red kills 0.00 | Blue kills 0.04 | ep length 74.8
        actor loss [-0.018, -0.014, -0.016, -0.015]
        critic loss 19.940 | entropy 4.720
        PCTA consistency 0.000338 (weighted 0.000017) | valid pairs 390806 | attention entropy 1.293 | target switch 6.0%
[TRAIN] 1,701,888 / 2,000,000 (85.1%)
        elapsed 00:59:26 | speed 464.2 steps/s | ETA 00:10:42
        episodes +1341 / total 22756
        return 44.28 | W/B/D 0.0% / 0.5% / 99.5%
        MAV survival 99.5% | UAV survivors 2.95
        Red kills 0.00 | Blue kills 0.05 | ep length 74.8
        actor loss [-0.016, -0.017, -0.016, -0.019]
        critic loss 20.904 | entropy 4.843
        PCTA consistency 0.000362 (weighted 0.000018) | valid pairs 391116 | attention entropy 1.265 | target switch 6.0%
[TRAIN] 1,800,192 / 2,000,000 (90.0%)
        elapsed 01:02:47 | speed 490.2 steps/s | ETA 00:06:48
        episodes +1312 / total 24068
        return 45.00 | W/B/D 0.0% / 0.3% / 99.7%
        MAV survival 99.7% | UAV survivors 2.97
        Red kills 0.00 | Blue kills 0.03 | ep length 74.9
        actor loss [-0.020, -0.017, -0.018, -0.015]
        critic loss 15.179 | entropy 4.968
        PCTA consistency 0.000370 (weighted 0.000019) | valid pairs 382896 | attention entropy 1.262 | target switch 6.1%
[TRAIN] 1,900,544 / 2,000,000 (95.0%)
        elapsed 01:06:11 | speed 492.0 steps/s | ETA 00:03:22
        episodes +1342 / total 25410
        return 45.34 | W/B/D 0.0% / 0.1% / 99.9%
        MAV survival 99.9% | UAV survivors 2.98
        Red kills 0.00 | Blue kills 0.02 | ep length 75.0
        actor loss [-0.021, -0.019, -0.019, -0.016]
        critic loss 6.949 | entropy 5.078
        PCTA consistency 0.000359 (weighted 0.000018) | valid pairs 391178 | attention entropy 1.270 | target switch 6.4%
[TRAIN] 2,000,000 / 2,000,000 (100.0%)
        elapsed 01:09:38 | speed 480.5 steps/s | ETA 00:00:00
        episodes +1328 / total 26738
        return 43.68 | W/B/D 0.0% / 0.8% / 99.2%
        MAV survival 99.2% | UAV survivors 2.98
        Red kills 0.00 | Blue kills 0.02 | ep length 74.8
        actor loss [-0.013, -0.011, -0.015, -0.006]
        critic loss 35.905 | entropy 5.177
        PCTA consistency 0.000345 (weighted 0.000017) | valid pairs 387577 | attention entropy 1.281 | target switch 6.1%
[CKPT] milestone 2,000,000 crossed at step 2,000,000 | checkpoint_2000000.pt
[TRAIN] optimization finished at 2,000,000 steps
[FINAL EVAL] step 2,000,000 | nearest_red_aircraft
       win 0.0% | blue 0.0% | draw 100.0%
       return 43.90 | Red kills 0.00 | MAV survival 100.0%
============================================================
TRAINING COMPLETE
Steps: 2,000,000
Elapsed training time: 01:09:38
Final evaluation time: 00:03:12
Completed episodes: 26738
Final checkpoint: checkpoint_final.pt
Run folder: /mnt/c/Users/HPK/Desktop/2_uav/outputs/pcta_happo_v35_4v4_main_seed2_2m_20260912_151210
============================================================
