============================================================
PCTA-HAPPO TRAINING
Run: pcta_happo_v35_4v4_main_seed4_2m_20260912_195247
Profile: main
Seed: 4
Device: cuda
Envs: 16
Method: baseline
Critic: mlp
Rollout: 128
Target steps: 2,000,000
Checkpoint interval: 500,000
Evaluation interval: disabled
Log interval: 100,000
============================================================
[TRAIN] 100,352 / 2,000,000 (5.0%)
        elapsed 00:03:47 | speed 441.8 steps/s | ETA 01:11:40
        episodes +1379 / total 1379
        return -5.40 | W/B/D 0.0% / 12.5% / 87.5%
        MAV survival 87.5% | UAV survivors 2.07
        Red kills 0.00 | Blue kills 0.06 | ep length 72.4
        actor loss [-0.016, -0.016, -0.020, -0.018]
        critic loss 515.418 | entropy 2.790
        PCTA consistency 0.001616 (weighted 0.000081) | valid pairs 343625 | attention entropy 1.140 | target switch 7.7%
[TRAIN] 200,704 / 2,000,000 (10.0%)
        elapsed 00:07:12 | speed 490.5 steps/s | ETA 01:01:08
        episodes +1344 / total 2723
        return 29.30 | W/B/D 0.0% / 1.6% / 98.4%
        MAV survival 98.4% | UAV survivors 2.77
        Red kills 0.00 | Blue kills 0.22 | ep length 74.5
        actor loss [-0.014, -0.019, -0.018, -0.015]
        critic loss 75.777 | entropy 2.930
        PCTA consistency 0.001096 (weighted 0.000055) | valid pairs 379547 | attention entropy 1.149 | target switch 6.9%
[TRAIN] 301,056 / 2,000,000 (15.1%)
        elapsed 00:10:56 | speed 448.0 steps/s | ETA 01:03:12
        episodes +1346 / total 4069
        return 30.44 | W/B/D 0.0% / 1.8% / 98.2%
        MAV survival 98.2% | UAV survivors 2.89
        Red kills 0.00 | Blue kills 0.11 | ep length 74.7
        actor loss [-0.017, -0.014, -0.013, -0.016]
        critic loss 76.834 | entropy 3.080
        PCTA consistency 0.000907 (weighted 0.000045) | valid pairs 378848 | attention entropy 1.130 | target switch 5.3%
[TRAIN] 401,408 / 2,000,000 (20.1%)
        elapsed 00:14:30 | speed 469.0 steps/s | ETA 00:56:48
        episodes +1341 / total 5410
        return 33.60 | W/B/D 0.0% / 0.8% / 99.2%
        MAV survival 99.2% | UAV survivors 2.92
        Red kills 0.00 | Blue kills 0.07 | ep length 74.9
        actor loss [-0.015, -0.016, -0.015, -0.019]
        critic loss 31.222 | entropy 3.217
        PCTA consistency 0.001148 (weighted 0.000057) | valid pairs 385618 | attention entropy 1.160 | target switch 5.3%
[TRAIN] 501,760 / 2,000,000 (25.1%)
        elapsed 00:18:15 | speed 444.5 steps/s | ETA 00:56:11
        episodes +1337 / total 6747
        return 35.94 | W/B/D 0.0% / 0.4% / 99.6%
        MAV survival 99.6% | UAV survivors 2.92
        Red kills 0.00 | Blue kills 0.07 | ep length 74.9
        actor loss [-0.017, -0.018, -0.017, -0.014]
        critic loss 17.550 | entropy 3.348
        PCTA consistency 0.001094 (weighted 0.000055) | valid pairs 385182 | attention entropy 1.167 | target switch 6.1%
[CKPT] milestone 500,000 crossed at step 501,760 | checkpoint_501760.pt
[TRAIN] 600,064 / 2,000,000 (30.0%)
        elapsed 00:21:44 | speed 470.9 steps/s | ETA 00:49:33
        episodes +1311 / total 8058
        return 36.53 | W/B/D 0.0% / 0.1% / 99.9%
        MAV survival 99.9% | UAV survivors 2.91
        Red kills 0.00 | Blue kills 0.08 | ep length 75.0
        actor loss [-0.018, -0.019, -0.015, -0.017]
        critic loss 5.571 | entropy 3.442
        PCTA consistency 0.001430 (weighted 0.000071) | valid pairs 376662 | attention entropy 1.142 | target switch 5.8%
[TRAIN] 700,416 / 2,000,000 (35.0%)
        elapsed 00:25:24 | speed 456.6 steps/s | ETA 00:47:27
        episodes +1347 / total 9405
        return 38.01 | W/B/D 0.0% / 1.0% / 99.0%
        MAV survival 99.0% | UAV survivors 2.96
        Red kills 0.00 | Blue kills 0.04 | ep length 74.5
        actor loss [-0.015, -0.017, -0.015, -0.017]
        critic loss 49.631 | entropy 3.554
        PCTA consistency 0.000796 (weighted 0.000040) | valid pairs 390235 | attention entropy 1.236 | target switch 6.1%
[TRAIN] 800,768 / 2,000,000 (40.0%)
        elapsed 00:29:04 | speed 456.2 steps/s | ETA 00:43:49
        episodes +1342 / total 10747
        return 41.03 | W/B/D 0.0% / 0.6% / 99.4%
        MAV survival 99.4% | UAV survivors 2.95
        Red kills 0.00 | Blue kills 0.04 | ep length 74.8
        actor loss [-0.015, -0.015, -0.015, -0.015]
        critic loss 31.103 | entropy 3.652
        PCTA consistency 0.000455 (weighted 0.000023) | valid pairs 390941 | attention entropy 1.280 | target switch 6.9%
[TRAIN] 901,120 / 2,000,000 (45.1%)
        elapsed 00:32:38 | speed 469.4 steps/s | ETA 00:39:01
        episodes +1345 / total 12092
        return 40.84 | W/B/D 0.0% / 0.6% / 99.4%
        MAV survival 99.4% | UAV survivors 2.93
        Red kills 0.00 | Blue kills 0.05 | ep length 74.7
        actor loss [-0.016, -0.014, -0.015, -0.015]
        critic loss 31.326 | entropy 3.761
        PCTA consistency 0.000458 (weighted 0.000023) | valid pairs 389399 | attention entropy 1.293 | target switch 7.7%
[TRAIN] 1,001,472 / 2,000,000 (50.1%)
        elapsed 00:36:23 | speed 446.2 steps/s | ETA 00:37:18
        episodes +1339 / total 13431
        return 41.28 | W/B/D 0.0% / 0.4% / 99.6%
        MAV survival 99.6% | UAV survivors 2.97
        Red kills 0.00 | Blue kills 0.03 | ep length 74.8
        actor loss [-0.015, -0.016, -0.014, -0.018]
        critic loss 22.523 | entropy 3.875
        PCTA consistency 0.000653 (weighted 0.000033) | valid pairs 388128 | attention entropy 1.235 | target switch 6.4%
[CKPT] milestone 1,000,000 crossed at step 1,001,472 | checkpoint_1001472.pt
[TRAIN] 1,101,824 / 2,000,000 (55.1%)
        elapsed 00:39:54 | speed 475.3 steps/s | ETA 00:31:30
        episodes +1342 / total 14773
        return 42.08 | W/B/D 0.0% / 0.7% / 99.3%
        MAV survival 99.3% | UAV survivors 2.98
        Red kills 0.00 | Blue kills 0.03 | ep length 74.8
        actor loss [-0.017, -0.018, -0.013, -0.015]
        critic loss 30.153 | entropy 4.003
        PCTA consistency 0.000381 (weighted 0.000019) | valid pairs 390175 | attention entropy 1.291 | target switch 5.4%
[TRAIN] 1,200,128 / 2,000,000 (60.0%)
        elapsed 00:43:43 | speed 428.7 steps/s | ETA 00:31:06
        episodes +1314 / total 16087
        return 42.94 | W/B/D 0.0% / 0.2% / 99.8%
        MAV survival 99.8% | UAV survivors 2.92
        Red kills 0.00 | Blue kills 0.05 | ep length 74.9
        actor loss [-0.016, -0.015, -0.016, -0.012]
        critic loss 8.771 | entropy 4.136
        PCTA consistency 0.000639 (weighted 0.000032) | valid pairs 379294 | attention entropy 1.247 | target switch 6.2%
[TRAIN] 1,300,480 / 2,000,000 (65.0%)
        elapsed 00:47:07 | speed 492.9 steps/s | ETA 00:23:39
        episodes +1339 / total 17426
        return 42.33 | W/B/D 0.0% / 0.4% / 99.6%
        MAV survival 99.6% | UAV survivors 2.96
        Red kills 0.00 | Blue kills 0.03 | ep length 74.9
        actor loss [-0.017, -0.017, -0.014, -0.017]
        critic loss 18.124 | entropy 4.286
        PCTA consistency 0.000712 (weighted 0.000036) | valid pairs 387292 | attention entropy 1.221 | target switch 6.7%
[TRAIN] 1,400,832 / 2,000,000 (70.0%)
        elapsed 00:51:01 | speed 428.8 steps/s | ETA 00:23:17
        episodes +1338 / total 18764
        return 42.60 | W/B/D 0.0% / 0.2% / 99.8%
        MAV survival 99.8% | UAV survivors 2.92
        Red kills 0.00 | Blue kills 0.06 | ep length 75.0
        actor loss [-0.014, -0.016, -0.017, -0.016]
        critic loss 11.493 | entropy 4.420
        PCTA consistency 0.000595 (weighted 0.000030) | valid pairs 386355 | attention entropy 1.251 | target switch 6.5%
[TRAIN] 1,501,184 / 2,000,000 (75.1%)
        elapsed 00:54:25 | speed 491.7 steps/s | ETA 00:16:54
        episodes +1344 / total 20108
        return 40.50 | W/B/D 0.0% / 1.1% / 98.9%
        MAV survival 98.9% | UAV survivors 2.93
        Red kills 0.00 | Blue kills 0.07 | ep length 74.7
        actor loss [-0.015, -0.018, -0.015, -0.016]
        critic loss 50.401 | entropy 4.588
        PCTA consistency 0.000465 (weighted 0.000023) | valid pairs 386766 | attention entropy 1.267 | target switch 6.3%
[CKPT] milestone 1,500,000 crossed at step 1,501,184 | checkpoint_1501184.pt
[TRAIN] 1,601,536 / 2,000,000 (80.1%)
        elapsed 00:58:17 | speed 431.6 steps/s | ETA 00:15:23
        episodes +1346 / total 21454
        return 42.09 | W/B/D 0.0% / 0.7% / 99.3%
        MAV survival 99.3% | UAV survivors 2.97
        Red kills 0.00 | Blue kills 0.03 | ep length 74.7
        actor loss [-0.018, -0.016, -0.017, -0.014]
        critic loss 31.887 | entropy 4.717
        PCTA consistency 0.000514 (weighted 0.000026) | valid pairs 389516 | attention entropy 1.269 | target switch 6.3%
[TRAIN] 1,701,888 / 2,000,000 (85.1%)
        elapsed 01:01:40 | speed 496.4 steps/s | ETA 00:10:01
        episodes +1342 / total 22796
        return 42.51 | W/B/D 0.0% / 0.7% / 99.3%
        MAV survival 99.3% | UAV survivors 2.97
        Red kills 0.00 | Blue kills 0.03 | ep length 74.7
        actor loss [-0.020, -0.015, -0.016, -0.017]
        critic loss 31.508 | entropy 4.875
        PCTA consistency 0.000524 (weighted 0.000026) | valid pairs 390064 | attention entropy 1.251 | target switch 6.4%
[TRAIN] 1,800,192 / 2,000,000 (90.0%)
        elapsed 01:05:40 | speed 409.5 steps/s | ETA 00:08:08
        episodes +1315 / total 24111
        return 41.60 | W/B/D 0.0% / 0.9% / 99.1%
        MAV survival 99.1% | UAV survivors 2.95
        Red kills 0.00 | Blue kills 0.04 | ep length 74.7
        actor loss [-0.013, -0.021, -0.015, -0.017]
        critic loss 40.595 | entropy 5.028
        PCTA consistency 0.000593 (weighted 0.000030) | valid pairs 381157 | attention entropy 1.224 | target switch 5.6%
[TRAIN] 1,900,544 / 2,000,000 (95.0%)
        elapsed 01:09:13 | speed 469.3 steps/s | ETA 00:03:32
        episodes +1345 / total 25456
        return 40.98 | W/B/D 0.0% / 1.5% / 98.5%
        MAV survival 98.5% | UAV survivors 2.97
        Red kills 0.00 | Blue kills 0.04 | ep length 74.7
        actor loss [-0.014, -0.021, -0.019, -0.026]
        critic loss 67.561 | entropy 5.161
        PCTA consistency 0.000496 (weighted 0.000025) | valid pairs 389151 | attention entropy 1.224 | target switch 5.1%
[TRAIN] 2,000,000 / 2,000,000 (100.0%)
        elapsed 01:12:55 | speed 449.3 steps/s | ETA 00:00:00
        episodes +1329 / total 26785
        return 42.48 | W/B/D 0.0% / 0.7% / 99.3%
        MAV survival 99.3% | UAV survivors 2.96
        Red kills 0.00 | Blue kills 0.04 | ep length 74.8
        actor loss [-0.012, -0.015, -0.015, -0.015]
        critic loss 30.317 | entropy 5.246
        PCTA consistency 0.000486 (weighted 0.000024) | valid pairs 386382 | attention entropy 1.221 | target switch 5.2%
[CKPT] milestone 2,000,000 crossed at step 2,000,000 | checkpoint_2000000.pt
[TRAIN] optimization finished at 2,000,000 steps
[FINAL EVAL] step 2,000,000 | nearest_red_aircraft
       win 0.0% | blue 0.0% | draw 100.0%
       return 42.40 | Red kills 0.00 | MAV survival 100.0%
============================================================
TRAINING COMPLETE
Steps: 2,000,000
Elapsed training time: 01:12:55
Final evaluation time: 00:03:14
Completed episodes: 26785
Final checkpoint: checkpoint_final.pt
Run folder: /mnt/c/Users/HPK/Desktop/2_uav/outputs/pcta_happo_v35_4v4_main_seed4_2m_20260912_195247
============================================================
