============================================================
PCTA-v2 HAPPO TRAINING
Run: pcta_v2_happo_final_v35_main_seed5_2m_20260915_002224
Profile: main
Seed: 5
Device: cuda
Envs: 16
Method: baseline
Critic: mlp
Rollout: 128
Target steps: 2,000,000
Checkpoint interval: 1,000,000
Evaluation interval: disabled
Log interval: 100,000
============================================================
[TRAIN] 100,352 / 2,000,000 (5.0%)
        elapsed 00:04:28 | speed 374.8 steps/s | ETA 01:24:29
        episodes +1366 / total 1366
        return 2.73 | W/B/D 0.0% / 8.3% / 91.7%
        MAV survival 91.7% | UAV survivors 2.12
        Red kills 0.00 | Blue kills 0.04 | ep length 73.1
        actor loss [-0.022, -0.024, -0.022, -0.023]
        critic loss 365.612 | entropy 3.499
        PCTA-v2 target diagnostics | ens H 1.176 | head Hn 0.999 | head max 0.351 | disagree 0.000 | target switch 6.8% | beta 0.693 | valid/multi states 356201/331901
[TRAIN] 200,704 / 2,000,000 (10.0%)
        elapsed 00:09:14 | speed 351.1 steps/s | ETA 01:25:24
        episodes +1346 / total 2712
        return 26.40 | W/B/D 0.0% / 1.9% / 98.1%
        MAV survival 98.1% | UAV survivors 2.71
        Red kills 0.00 | Blue kills 0.22 | ep length 74.5
        actor loss [-0.027, -0.027, -0.020, -0.025]
        critic loss 84.489 | entropy 3.499
        PCTA-v2 target diagnostics | ens H 1.128 | head Hn 0.995 | head max 0.379 | disagree 0.001 | target switch 6.1% | beta 0.692 | valid/multi states 387133/355528
[TRAIN] 301,056 / 2,000,000 (15.1%)
        elapsed 00:13:32 | speed 387.6 steps/s | ETA 01:13:04
        episodes +1349 / total 4061
        return 30.30 | W/B/D 0.0% / 1.8% / 98.2%
        MAV survival 98.2% | UAV survivors 2.84
        Red kills 0.00 | Blue kills 0.11 | ep length 74.5
        actor loss [-0.024, -0.027, -0.025, -0.029]
        critic loss 78.905 | entropy 3.468
        PCTA-v2 target diagnostics | ens H 1.160 | head Hn 0.977 | head max 0.381 | disagree 0.003 | target switch 6.1% | beta 0.692 | valid/multi states 394736/374219
[TRAIN] 401,408 / 2,000,000 (20.1%)
        elapsed 00:18:17 | speed 352.8 steps/s | ETA 01:15:31
        episodes +1341 / total 5402
        return 34.54 | W/B/D 0.0% / 1.0% / 99.0%
        MAV survival 99.0% | UAV survivors 2.83
        Red kills 0.00 | Blue kills 0.17 | ep length 74.8
        actor loss [-0.022, -0.026, -0.021, -0.024]
        critic loss 43.505 | entropy 3.469
        PCTA-v2 target diagnostics | ens H 1.221 | head Hn 0.961 | head max 0.361 | disagree 0.004 | target switch 6.0% | beta 0.694 | valid/multi states 395216/388865
[TRAIN] 501,760 / 2,000,000 (25.1%)
        elapsed 00:22:36 | speed 388.1 steps/s | ETA 01:04:21
        episodes +1344 / total 6746
        return 32.19 | W/B/D 0.0% / 1.6% / 98.4%
        MAV survival 98.4% | UAV survivors 2.66
        Red kills 0.01 | Blue kills 0.34 | ep length 74.6
        actor loss [-0.021, -0.026, -0.025, -0.025]
        critic loss 70.609 | entropy 3.449
        PCTA-v2 target diagnostics | ens H 1.221 | head Hn 0.958 | head max 0.356 | disagree 0.002 | target switch 6.7% | beta 0.695 | valid/multi states 393072/386148
[TRAIN] 600,064 / 2,000,000 (30.0%)
        elapsed 00:27:22 | speed 343.6 steps/s | ETA 01:07:54
        episodes +1313 / total 8059
        return 38.18 | W/B/D 0.0% / 1.0% / 99.0%
        MAV survival 99.0% | UAV survivors 2.85
        Red kills 0.01 | Blue kills 0.15 | ep length 74.8
        actor loss [-0.026, -0.020, -0.024, -0.026]
        critic loss 50.067 | entropy 3.451
        PCTA-v2 target diagnostics | ens H 1.226 | head Hn 0.966 | head max 0.352 | disagree 0.002 | target switch 6.4% | beta 0.694 | valid/multi states 387619/382242
[TRAIN] 700,416 / 2,000,000 (35.0%)
        elapsed 00:31:45 | speed 381.0 steps/s | ETA 00:56:51
        episodes +1344 / total 9403
        return 39.28 | W/B/D 0.0% / 1.0% / 99.0%
        MAV survival 99.0% | UAV survivors 2.85
        Red kills 0.02 | Blue kills 0.15 | ep length 74.8
        actor loss [-0.018, -0.022, -0.024, -0.020]
        critic loss 53.432 | entropy 3.401
        PCTA-v2 target diagnostics | ens H 1.208 | head Hn 0.942 | head max 0.367 | disagree 0.003 | target switch 6.1% | beta 0.689 | valid/multi states 396134/391445
[TRAIN] 800,768 / 2,000,000 (40.0%)
        elapsed 00:36:35 | speed 346.4 steps/s | ETA 00:57:42
        episodes +1338 / total 10741
        return 40.13 | W/B/D 0.0% / 0.7% / 99.3%
        MAV survival 99.3% | UAV survivors 2.91
        Red kills 0.02 | Blue kills 0.09 | ep length 74.9
        actor loss [-0.022, -0.020, -0.024, -0.019]
        critic loss 40.426 | entropy 3.341
        PCTA-v2 target diagnostics | ens H 1.185 | head Hn 0.925 | head max 0.384 | disagree 0.005 | target switch 6.2% | beta 0.687 | valid/multi states 398191/392419
[TRAIN] 901,120 / 2,000,000 (45.1%)
        elapsed 00:40:53 | speed 388.2 steps/s | ETA 00:47:10
        episodes +1342 / total 12083
        return 40.63 | W/B/D 0.0% / 0.4% / 99.6%
        MAV survival 99.6% | UAV survivors 2.97
        Red kills 0.01 | Blue kills 0.03 | ep length 74.9
        actor loss [-0.021, -0.022, -0.024, -0.023]
        critic loss 24.865 | entropy 3.264
        PCTA-v2 target diagnostics | ens H 1.211 | head Hn 0.924 | head max 0.375 | disagree 0.007 | target switch 7.4% | beta 0.688 | valid/multi states 399626/394107
[TRAIN] 1,001,472 / 2,000,000 (50.1%)
        elapsed 00:45:40 | speed 349.9 steps/s | ETA 00:47:34
        episodes +1341 / total 13424
        return 41.76 | W/B/D 0.0% / 1.0% / 99.0%
        MAV survival 99.0% | UAV survivors 2.93
        Red kills 0.04 | Blue kills 0.08 | ep length 74.9
        actor loss [-0.020, -0.019, -0.027, -0.020]
        critic loss 65.908 | entropy 3.179
        PCTA-v2 target diagnostics | ens H 1.230 | head Hn 0.930 | head max 0.369 | disagree 0.014 | target switch 7.7% | beta 0.691 | valid/multi states 398637/393081
[CKPT] milestone 1,000,000 crossed at step 1,001,472 | checkpoint_1001472.pt
[TRAIN] 1,101,824 / 2,000,000 (55.1%)
        elapsed 00:50:01 | speed 384.4 steps/s | ETA 00:38:56
        episodes +1340 / total 14764
        return 41.79 | W/B/D 0.0% / 1.7% / 98.3%
        MAV survival 98.3% | UAV survivors 2.90
        Red kills 0.08 | Blue kills 0.11 | ep length 74.8
        actor loss [-0.021, -0.022, -0.020, -0.028]
        critic loss 103.263 | entropy 3.109
        PCTA-v2 target diagnostics | ens H 1.252 | head Hn 0.956 | head max 0.342 | disagree 0.007 | target switch 8.2% | beta 0.691 | valid/multi states 397150/393101
[TRAIN] 1,200,128 / 2,000,000 (60.0%)
        elapsed 00:54:44 | speed 346.9 steps/s | ETA 00:38:26
        episodes +1314 / total 16078
        return 48.68 | W/B/D 0.0% / 1.6% / 98.4%
        MAV survival 98.4% | UAV survivors 2.88
        Red kills 0.21 | Blue kills 0.14 | ep length 74.8
        actor loss [-0.019, -0.025, -0.028, -0.020]
        critic loss 143.581 | entropy 3.014
        PCTA-v2 target diagnostics | ens H 1.243 | head Hn 0.960 | head max 0.336 | disagree 0.004 | target switch 8.7% | beta 0.691 | valid/multi states 387130/381740
[TRAIN] 1,300,480 / 2,000,000 (65.0%)
        elapsed 00:59:10 | speed 377.1 steps/s | ETA 00:30:55
        episodes +1345 / total 17423
        return 51.17 | W/B/D 0.1% / 2.0% / 97.8%
        MAV survival 98.0% | UAV survivors 2.90
        Red kills 0.29 | Blue kills 0.12 | ep length 74.6
        actor loss [-0.026, -0.021, -0.025, -0.019]
        critic loss 189.663 | entropy 2.909
        PCTA-v2 target diagnostics | ens H 1.233 | head Hn 0.963 | head max 0.348 | disagree 0.003 | target switch 8.1% | beta 0.695 | valid/multi states 396304/390222
[TRAIN] 1,400,832 / 2,000,000 (70.0%)
        elapsed 01:03:57 | speed 350.2 steps/s | ETA 00:28:31
        episodes +1348 / total 18771
        return 51.32 | W/B/D 0.1% / 1.7% / 98.1%
        MAV survival 98.3% | UAV survivors 2.78
        Red kills 0.30 | Blue kills 0.23 | ep length 74.5
        actor loss [-0.021, -0.028, -0.023, -0.026]
        critic loss 184.650 | entropy 2.823
        PCTA-v2 target diagnostics | ens H 1.264 | head Hn 0.967 | head max 0.340 | disagree 0.003 | target switch 8.6% | beta 0.698 | valid/multi states 392005/387773
[TRAIN] 1,501,184 / 2,000,000 (75.1%)
        elapsed 01:08:13 | speed 391.6 steps/s | ETA 00:21:14
        episodes +1346 / total 20117
        return 54.69 | W/B/D 0.2% / 3.0% / 96.8%
        MAV survival 97.0% | UAV survivors 2.84
        Red kills 0.39 | Blue kills 0.16 | ep length 74.6
        actor loss [-0.023, -0.028, -0.026, -0.022]
        critic loss 252.561 | entropy 2.748
        PCTA-v2 target diagnostics | ens H 1.276 | head Hn 0.978 | head max 0.330 | disagree 0.002 | target switch 8.5% | beta 0.695 | valid/multi states 395012/389993
[TRAIN] 1,601,536 / 2,000,000 (80.1%)
        elapsed 01:12:52 | speed 359.6 steps/s | ETA 00:18:28
        episodes +1347 / total 21464
        return 56.19 | W/B/D 0.3% / 2.3% / 97.4%
        MAV survival 97.7% | UAV survivors 2.43
        Red kills 0.49 | Blue kills 0.59 | ep length 74.4
        actor loss [-0.020, -0.024, -0.025, -0.023]
        critic loss 272.860 | entropy 2.649
        PCTA-v2 target diagnostics | ens H 1.258 | head Hn 0.972 | head max 0.340 | disagree 0.002 | target switch 8.5% | beta 0.695 | valid/multi states 376175/369311
[TRAIN] 1,701,888 / 2,000,000 (85.1%)
        elapsed 01:17:06 | speed 396.0 steps/s | ETA 00:12:33
        episodes +1351 / total 22815
        return 51.74 | W/B/D 0.3% / 2.1% / 97.6%
        MAV survival 97.9% | UAV survivors 2.18
        Red kills 0.43 | Blue kills 0.84 | ep length 74.4
        actor loss [-0.021, -0.024, -0.027, -0.023]
        critic loss 227.499 | entropy 2.558
        PCTA-v2 target diagnostics | ens H 1.263 | head Hn 0.968 | head max 0.343 | disagree 0.004 | target switch 8.5% | beta 0.696 | valid/multi states 364956/358487
[TRAIN] 1,800,192 / 2,000,000 (90.0%)
        elapsed 01:21:17 | speed 391.6 steps/s | ETA 00:08:30
        episodes +1321 / total 24136
        return 65.92 | W/B/D 0.5% / 4.1% / 95.5%
        MAV survival 95.9% | UAV survivors 2.53
        Red kills 0.72 | Blue kills 0.51 | ep length 74.3
        actor loss [-0.022, -0.024, -0.029, -0.023]
        critic loss 368.863 | entropy 2.468
        PCTA-v2 target diagnostics | ens H 1.220 | head Hn 0.958 | head max 0.369 | disagree 0.006 | target switch 8.5% | beta 0.700 | valid/multi states 371348/360621
[TRAIN] 1,900,544 / 2,000,000 (95.0%)
        elapsed 01:25:58 | speed 357.0 steps/s | ETA 00:04:39
        episodes +1347 / total 25483
        return 68.93 | W/B/D 0.1% / 2.7% / 97.2%
        MAV survival 97.3% | UAV survivors 2.52
        Red kills 0.72 | Blue kills 0.50 | ep length 74.5
        actor loss [-0.024, -0.027, -0.021, -0.026]
        critic loss 288.561 | entropy 2.352
        PCTA-v2 target diagnostics | ens H 1.206 | head Hn 0.949 | head max 0.378 | disagree 0.005 | target switch 9.1% | beta 0.701 | valid/multi states 377811/366411
[TRAIN] 2,000,000 / 2,000,000 (100.0%)
        elapsed 01:30:12 | speed 391.3 steps/s | ETA 00:00:00
        episodes +1334 / total 26817
        return 66.55 | W/B/D 0.1% / 2.7% / 97.2%
        MAV survival 97.3% | UAV survivors 2.65
        Red kills 0.66 | Blue kills 0.38 | ep length 74.6
        actor loss [-0.021, -0.028, -0.025, -0.023]
        critic loss 279.442 | entropy 2.279
        PCTA-v2 target diagnostics | ens H 1.240 | head Hn 0.972 | head max 0.350 | disagree 0.003 | target switch 9.1% | beta 0.703 | valid/multi states 379461/370624
[CKPT] milestone 2,000,000 crossed at step 2,000,000 | checkpoint_2000000.pt
[TRAIN] optimization finished at 2,000,000 steps
[FINAL EVAL] step 2,000,000 | nearest_red_aircraft
       win 0.5% | blue 2.0% | draw 97.5%
       return 82.23 | Red kills 0.94 | MAV survival 98.0%
============================================================
TRAINING COMPLETE
Steps: 2,000,000
Elapsed training time: 01:30:12
Final evaluation time: 00:04:26
Completed episodes: 26817
Final checkpoint: checkpoint_final.pt
Run folder: /mnt/c/Users/HPK/Desktop/2_uav/outputs/pcta_v2_happo_final_v35_main_seed5_2m_20260915_002224
============================================================
