============================================================
PCTA-HAPPO TRAINING
Run: pcta_happo_v35_4v4_main_seed5_2m_20260912_222010
Profile: main
Seed: 5
Device: cuda
Envs: 16
Method: baseline
Critic: mlp
Rollout: 128
Target steps: 2,000,000
Checkpoint interval: 500,000
Evaluation interval: disabled
Log interval: 100,000
============================================================
[TRAIN] 100,352 / 2,000,000 (5.0%)
        elapsed 00:03:23 | speed 494.4 steps/s | ETA 01:04:02
        episodes +1363 / total 1363
        return 0.08 | W/B/D 0.0% / 9.7% / 90.3%
        MAV survival 90.3% | UAV survivors 1.97
        Red kills 0.00 | Blue kills 0.01 | ep length 73.2
        actor loss [-0.017, -0.018, -0.016, -0.018]
        critic loss 397.823 | entropy 2.811
        PCTA consistency 0.001456 (weighted 0.000073) | valid pairs 337615 | attention entropy 1.110 | target switch 5.3%
[TRAIN] 200,704 / 2,000,000 (10.0%)
        elapsed 00:07:23 | speed 417.8 steps/s | ETA 01:11:47
        episodes +1342 / total 2705
        return 32.76 | W/B/D 0.0% / 1.9% / 98.1%
        MAV survival 98.1% | UAV survivors 2.85
        Red kills 0.00 | Blue kills 0.11 | ep length 74.6
        actor loss [-0.017, -0.016, -0.013, -0.016]
        critic loss 79.693 | entropy 2.920
        PCTA consistency 0.000834 (weighted 0.000042) | valid pairs 386950 | attention entropy 1.218 | target switch 5.1%
[TRAIN] 301,056 / 2,000,000 (15.1%)
        elapsed 00:11:07 | speed 448.4 steps/s | ETA 01:03:09
        episodes +1343 / total 4048
        return 37.99 | W/B/D 0.0% / 0.5% / 99.5%
        MAV survival 99.5% | UAV survivors 2.96
        Red kills 0.00 | Blue kills 0.04 | ep length 74.9
        actor loss [-0.015, -0.018, -0.016, -0.019]
        critic loss 25.096 | entropy 3.037
        PCTA consistency 0.000568 (weighted 0.000028) | valid pairs 387342 | attention entropy 1.206 | target switch 4.7%
[TRAIN] 401,408 / 2,000,000 (20.1%)
        elapsed 00:14:56 | speed 437.4 steps/s | ETA 01:00:55
        episodes +1345 / total 5393
        return 36.56 | W/B/D 0.0% / 1.3% / 98.7%
        MAV survival 98.7% | UAV survivors 2.94
        Red kills 0.00 | Blue kills 0.04 | ep length 74.7
        actor loss [-0.015, -0.017, -0.014, -0.017]
        critic loss 61.879 | entropy 3.170
        PCTA consistency 0.000539 (weighted 0.000027) | valid pairs 386762 | attention entropy 1.191 | target switch 4.9%
[TRAIN] 501,760 / 2,000,000 (25.1%)
        elapsed 00:18:27 | speed 476.8 steps/s | ETA 00:52:22
        episodes +1340 / total 6733
        return 36.61 | W/B/D 0.0% / 1.2% / 98.8%
        MAV survival 98.8% | UAV survivors 2.93
        Red kills 0.00 | Blue kills 0.05 | ep length 74.7
        actor loss [-0.015, -0.018, -0.015, -0.018]
        critic loss 49.364 | entropy 3.290
        PCTA consistency 0.000510 (weighted 0.000026) | valid pairs 387706 | attention entropy 1.179 | target switch 5.5%
[CKPT] milestone 500,000 crossed at step 501,760 | checkpoint_501760.pt
[TRAIN] 600,064 / 2,000,000 (30.0%)
        elapsed 00:22:26 | speed 411.4 steps/s | ETA 00:56:43
        episodes +1318 / total 8051
        return 36.30 | W/B/D 0.0% / 1.6% / 98.4%
        MAV survival 98.4% | UAV survivors 2.94
        Red kills 0.00 | Blue kills 0.03 | ep length 74.6
        actor loss [-0.019, -0.014, -0.016, -0.020]
        critic loss 76.757 | entropy 3.443
        PCTA consistency 0.000547 (weighted 0.000027) | valid pairs 380226 | attention entropy 1.210 | target switch 5.7%
[TRAIN] 700,416 / 2,000,000 (35.0%)
        elapsed 00:25:58 | speed 472.1 steps/s | ETA 00:45:53
        episodes +1346 / total 9397
        return 38.33 | W/B/D 0.0% / 1.0% / 99.0%
        MAV survival 99.0% | UAV survivors 2.93
        Red kills 0.00 | Blue kills 0.05 | ep length 74.7
        actor loss [-0.015, -0.017, -0.018, -0.016]
        critic loss 46.025 | entropy 3.586
        PCTA consistency 0.000569 (weighted 0.000028) | valid pairs 387783 | attention entropy 1.220 | target switch 6.4%
[TRAIN] 800,768 / 2,000,000 (40.0%)
        elapsed 00:29:58 | speed 418.9 steps/s | ETA 00:47:43
        episodes +1341 / total 10738
        return 40.84 | W/B/D 0.0% / 0.4% / 99.6%
        MAV survival 99.6% | UAV survivors 2.95
        Red kills 0.00 | Blue kills 0.04 | ep length 74.9
        actor loss [-0.017, -0.016, -0.019, -0.015]
        critic loss 20.666 | entropy 3.707
        PCTA consistency 0.000652 (weighted 0.000033) | valid pairs 388116 | attention entropy 1.227 | target switch 6.8%
[TRAIN] 901,120 / 2,000,000 (45.1%)
        elapsed 00:33:49 | speed 434.1 steps/s | ETA 00:42:12
        episodes +1356 / total 12094
        return 35.74 | W/B/D 0.0% / 2.4% / 97.6%
        MAV survival 97.6% | UAV survivors 2.95
        Red kills 0.00 | Blue kills 0.04 | ep length 74.0
        actor loss [-0.017, -0.018, -0.018, -0.018]
        critic loss 115.140 | entropy 3.847
        PCTA consistency 0.000768 (weighted 0.000038) | valid pairs 385353 | attention entropy 1.142 | target switch 6.7%
[TRAIN] 1,001,472 / 2,000,000 (50.1%)
        elapsed 00:37:29 | speed 455.7 steps/s | ETA 00:36:31
        episodes +1340 / total 13434
        return 39.40 | W/B/D 0.0% / 0.7% / 99.3%
        MAV survival 99.3% | UAV survivors 2.96
        Red kills 0.00 | Blue kills 0.04 | ep length 74.9
        actor loss [-0.016, -0.014, -0.019, -0.015]
        critic loss 33.328 | entropy 3.992
        PCTA consistency 0.000616 (weighted 0.000031) | valid pairs 386888 | attention entropy 1.215 | target switch 6.9%
[CKPT] milestone 1,000,000 crossed at step 1,001,472 | checkpoint_1001472.pt
[TRAIN] 1,101,824 / 2,000,000 (55.1%)
        elapsed 00:41:31 | speed 415.3 steps/s | ETA 00:36:03
        episodes +1338 / total 14772
        return 41.28 | W/B/D 0.0% / 0.3% / 99.7%
        MAV survival 99.7% | UAV survivors 2.94
        Red kills 0.00 | Blue kills 0.05 | ep length 74.9
        actor loss [-0.017, -0.017, -0.015, -0.019]
        critic loss 10.290 | entropy 4.156
        PCTA consistency 0.000728 (weighted 0.000036) | valid pairs 385529 | attention entropy 1.203 | target switch 7.1%
[TRAIN] 1,200,128 / 2,000,000 (60.0%)
        elapsed 00:45:29 | speed 413.7 steps/s | ETA 00:32:13
        episodes +1314 / total 16086
        return 41.98 | W/B/D 0.0% / 0.2% / 99.8%
        MAV survival 99.8% | UAV survivors 2.95
        Red kills 0.00 | Blue kills 0.04 | ep length 74.9
        actor loss [-0.015, -0.020, -0.021, -0.017]
        critic loss 12.116 | entropy 4.322
        PCTA consistency 0.000863 (weighted 0.000043) | valid pairs 377722 | attention entropy 1.171 | target switch 7.3%
[TRAIN] 1,300,480 / 2,000,000 (65.0%)
        elapsed 00:49:00 | speed 473.9 steps/s | ETA 00:24:36
        episodes +1335 / total 17421
        return 42.04 | W/B/D 0.0% / 0.1% / 99.9%
        MAV survival 99.9% | UAV survivors 2.91
        Red kills 0.00 | Blue kills 0.06 | ep length 74.9
        actor loss [-0.022, -0.018, -0.020, -0.014]
        critic loss 9.624 | entropy 4.462
        PCTA consistency 0.001115 (weighted 0.000056) | valid pairs 384343 | attention entropy 1.156 | target switch 7.1%
[TRAIN] 1,400,832 / 2,000,000 (70.0%)
        elapsed 00:53:01 | speed 417.5 steps/s | ETA 00:23:55
        episodes +1348 / total 18769
        return 41.29 | W/B/D 0.0% / 0.7% / 99.3%
        MAV survival 99.3% | UAV survivors 2.93
        Red kills 0.00 | Blue kills 0.06 | ep length 74.7
        actor loss [-0.016, -0.019, -0.018, -0.019]
        critic loss 36.704 | entropy 4.623
        PCTA consistency 0.001258 (weighted 0.000063) | valid pairs 386839 | attention entropy 1.183 | target switch 6.7%
[TRAIN] 1,501,184 / 2,000,000 (75.1%)
        elapsed 00:56:33 | speed 473.9 steps/s | ETA 00:17:33
        episodes +1343 / total 20112
        return 38.51 | W/B/D 0.0% / 1.9% / 98.1%
        MAV survival 98.1% | UAV survivors 2.93
        Red kills 0.00 | Blue kills 0.07 | ep length 74.7
        actor loss [-0.016, -0.019, -0.018, -0.015]
        critic loss 80.153 | entropy 4.792
        PCTA consistency 0.001680 (weighted 0.000084) | valid pairs 382219 | attention entropy 1.100 | target switch 6.5%
[CKPT] milestone 1,500,000 crossed at step 1,501,184 | checkpoint_1501184.pt
[TRAIN] 1,601,536 / 2,000,000 (80.1%)
        elapsed 01:00:45 | speed 396.8 steps/s | ETA 00:16:44
        episodes +1338 / total 21450
        return 40.37 | W/B/D 0.0% / 0.8% / 99.2%
        MAV survival 99.2% | UAV survivors 2.90
        Red kills 0.00 | Blue kills 0.10 | ep length 74.9
        actor loss [-0.017, -0.018, -0.019, -0.018]
        critic loss 39.342 | entropy 4.959
        PCTA consistency 0.001632 (weighted 0.000082) | valid pairs 381862 | attention entropy 1.127 | target switch 7.2%
[TRAIN] 1,701,888 / 2,000,000 (85.1%)
        elapsed 01:04:42 | speed 425.0 steps/s | ETA 00:11:41
        episodes +1347 / total 22797
        return 39.47 | W/B/D 0.0% / 1.6% / 98.4%
        MAV survival 98.4% | UAV survivors 2.90
        Red kills 0.00 | Blue kills 0.05 | ep length 74.7
        actor loss [-0.019, -0.018, -0.019, -0.016]
        critic loss 70.830 | entropy 5.111
        PCTA consistency 0.001632 (weighted 0.000082) | valid pairs 383241 | attention entropy 1.126 | target switch 6.4%
[TRAIN] 1,800,192 / 2,000,000 (90.0%)
        elapsed 01:08:19 | speed 451.9 steps/s | ETA 00:07:22
        episodes +1314 / total 24111
        return 41.58 | W/B/D 0.0% / 0.8% / 99.2%
        MAV survival 99.2% | UAV survivors 2.93
        Red kills 0.00 | Blue kills 0.05 | ep length 74.7
        actor loss [-0.018, -0.017, -0.020, -0.018]
        critic loss 39.603 | entropy 5.243
        PCTA consistency 0.001423 (weighted 0.000071) | valid pairs 378676 | attention entropy 1.162 | target switch 7.0%
[TRAIN] 1,900,544 / 2,000,000 (95.0%)
        elapsed 01:12:19 | speed 418.9 steps/s | ETA 00:03:57
        episodes +1338 / total 25449
        return 42.31 | W/B/D 0.0% / 0.3% / 99.7%
        MAV survival 99.7% | UAV survivors 2.92
        Red kills 0.00 | Blue kills 0.06 | ep length 74.9
        actor loss [-0.018, -0.019, -0.015, -0.018]
        critic loss 14.125 | entropy 5.351
        PCTA consistency 0.001338 (weighted 0.000067) | valid pairs 385474 | attention entropy 1.149 | target switch 7.4%
[TRAIN] 2,000,000 / 2,000,000 (100.0%)
        elapsed 01:15:51 | speed 467.8 steps/s | ETA 00:00:00
        episodes +1328 / total 26777
        return 42.52 | W/B/D 0.0% / 0.3% / 99.7%
        MAV survival 99.7% | UAV survivors 2.92
        Red kills 0.00 | Blue kills 0.04 | ep length 74.9
        actor loss [-0.017, -0.020, -0.017, -0.013]
        critic loss 16.731 | entropy 5.458
        PCTA consistency 0.001208 (weighted 0.000060) | valid pairs 383243 | attention entropy 1.174 | target switch 7.0%
[CKPT] milestone 2,000,000 crossed at step 2,000,000 | checkpoint_2000000.pt
[TRAIN] optimization finished at 2,000,000 steps
[FINAL EVAL] step 2,000,000 | nearest_red_aircraft
       win 0.0% | blue 0.0% | draw 100.0%
       return 40.78 | Red kills 0.00 | MAV survival 100.0%
============================================================
TRAINING COMPLETE
Steps: 2,000,000
Elapsed training time: 01:15:51
Final evaluation time: 00:03:31
Completed episodes: 26777
Final checkpoint: checkpoint_final.pt
Run folder: /mnt/c/Users/HPK/Desktop/2_uav/outputs/pcta_happo_v35_4v4_main_seed5_2m_20260912_222010
============================================================
