============================================================
PCTA-HAPPO TRAINING
Run: pcta_happo_v35_4v4_main_seed3_2m_20260912_172623
Profile: main
Seed: 3
Device: cuda
Envs: 16
Method: baseline
Critic: mlp
Rollout: 128
Target steps: 2,000,000
Checkpoint interval: 500,000
Evaluation interval: disabled
Log interval: 100,000
============================================================
[TRAIN] 100,352 / 2,000,000 (5.0%)
        elapsed 00:03:28 | speed 482.6 steps/s | ETA 01:05:36
        episodes +1342 / total 1342
        return 17.21 | W/B/D 0.0% / 3.1% / 96.9%
        MAV survival 96.9% | UAV survivors 2.44
        Red kills 0.00 | Blue kills 0.04 | ep length 74.3
        actor loss [-0.016, -0.017, -0.018, -0.018]
        critic loss 132.419 | entropy 2.824
        PCTA consistency 0.001569 (weighted 0.000078) | valid pairs 347731 | attention entropy 1.074 | target switch 7.0%
[TRAIN] 200,704 / 2,000,000 (10.0%)
        elapsed 00:06:54 | speed 486.5 steps/s | ETA 01:01:39
        episodes +1341 / total 2683
        return 34.01 | W/B/D 0.0% / 0.6% / 99.4%
        MAV survival 99.4% | UAV survivors 2.90
        Red kills 0.00 | Blue kills 0.09 | ep length 74.8
        actor loss [-0.017, -0.019, -0.017, -0.016]
        critic loss 30.517 | entropy 2.930
        PCTA consistency 0.001028 (weighted 0.000051) | valid pairs 382579 | attention entropy 1.184 | target switch 7.0%
[TRAIN] 301,056 / 2,000,000 (15.1%)
        elapsed 00:10:55 | speed 417.5 steps/s | ETA 01:07:49
        episodes +1342 / total 4025
        return 36.27 | W/B/D 0.0% / 0.7% / 99.3%
        MAV survival 99.3% | UAV survivors 2.88
        Red kills 0.00 | Blue kills 0.12 | ep length 74.7
        actor loss [-0.015, -0.015, -0.018, -0.016]
        critic loss 33.282 | entropy 3.037
        PCTA consistency 0.000860 (weighted 0.000043) | valid pairs 384751 | attention entropy 1.242 | target switch 7.6%
[TRAIN] 401,408 / 2,000,000 (20.1%)
        elapsed 00:14:23 | speed 481.5 steps/s | ETA 00:55:20
        episodes +1344 / total 5369
        return 38.34 | W/B/D 0.0% / 0.4% / 99.6%
        MAV survival 99.6% | UAV survivors 2.94
        Red kills 0.00 | Blue kills 0.06 | ep length 74.8
        actor loss [-0.019, -0.019, -0.012, -0.015]
        critic loss 22.362 | entropy 3.175
        PCTA consistency 0.001037 (weighted 0.000052) | valid pairs 384717 | attention entropy 1.208 | target switch 8.0%
[TRAIN] 501,760 / 2,000,000 (25.1%)
        elapsed 00:17:56 | speed 471.9 steps/s | ETA 00:52:55
        episodes +1340 / total 6709
        return 39.08 | W/B/D 0.0% / 0.7% / 99.3%
        MAV survival 99.3% | UAV survivors 2.89
        Red kills 0.00 | Blue kills 0.07 | ep length 74.8
        actor loss [-0.018, -0.017, -0.017, -0.018]
        critic loss 30.710 | entropy 3.321
        PCTA consistency 0.000673 (weighted 0.000034) | valid pairs 383083 | attention entropy 1.184 | target switch 7.0%
[CKPT] milestone 500,000 crossed at step 501,760 | checkpoint_501760.pt
[TRAIN] 600,064 / 2,000,000 (30.0%)
        elapsed 00:21:52 | speed 416.6 steps/s | ETA 00:56:01
        episodes +1315 / total 8024
        return 39.75 | W/B/D 0.0% / 0.8% / 99.2%
        MAV survival 99.2% | UAV survivors 2.93
        Red kills 0.00 | Blue kills 0.06 | ep length 74.8
        actor loss [-0.017, -0.017, -0.017, -0.016]
        critic loss 35.365 | entropy 3.467
        PCTA consistency 0.000551 (weighted 0.000028) | valid pairs 377829 | attention entropy 1.215 | target switch 7.0%
[TRAIN] 700,416 / 2,000,000 (35.0%)
        elapsed 00:25:24 | speed 473.6 steps/s | ETA 00:45:44
        episodes +1339 / total 9363
        return 40.42 | W/B/D 0.0% / 0.5% / 99.5%
        MAV survival 99.5% | UAV survivors 2.92
        Red kills 0.00 | Blue kills 0.07 | ep length 74.9
        actor loss [-0.013, -0.017, -0.014, -0.017]
        critic loss 24.004 | entropy 3.624
        PCTA consistency 0.000539 (weighted 0.000027) | valid pairs 384849 | attention entropy 1.227 | target switch 6.8%
[TRAIN] 800,768 / 2,000,000 (40.0%)
        elapsed 00:29:16 | speed 432.0 steps/s | ETA 00:46:16
        episodes +1343 / total 10706
        return 41.65 | W/B/D 0.0% / 0.5% / 99.5%
        MAV survival 99.5% | UAV survivors 2.94
        Red kills 0.00 | Blue kills 0.04 | ep length 74.8
        actor loss [-0.020, -0.018, -0.017, -0.020]
        critic loss 23.365 | entropy 3.786
        PCTA consistency 0.000673 (weighted 0.000034) | valid pairs 386687 | attention entropy 1.199 | target switch 7.6%
[TRAIN] 901,120 / 2,000,000 (45.1%)
        elapsed 00:32:44 | speed 481.6 steps/s | ETA 00:38:02
        episodes +1341 / total 12047
        return 41.96 | W/B/D 0.0% / 0.8% / 99.2%
        MAV survival 99.2% | UAV survivors 2.94
        Red kills 0.00 | Blue kills 0.05 | ep length 74.9
        actor loss [-0.018, -0.018, -0.020, -0.015]
        critic loss 35.136 | entropy 3.926
        PCTA consistency 0.000697 (weighted 0.000035) | valid pairs 388620 | attention entropy 1.217 | target switch 7.6%
[TRAIN] 1,001,472 / 2,000,000 (50.1%)
        elapsed 00:36:33 | speed 438.0 steps/s | ETA 00:38:00
        episodes +1344 / total 13391
        return 40.27 | W/B/D 0.0% / 1.6% / 98.4%
        MAV survival 98.4% | UAV survivors 2.97
        Red kills 0.00 | Blue kills 0.04 | ep length 74.6
        actor loss [-0.015, -0.017, -0.016, -0.013]
        critic loss 67.208 | entropy 4.096
        PCTA consistency 0.001118 (weighted 0.000056) | valid pairs 387646 | attention entropy 1.181 | target switch 8.1%
[CKPT] milestone 1,000,000 crossed at step 1,001,472 | checkpoint_1001472.pt
[TRAIN] 1,101,824 / 2,000,000 (55.1%)
        elapsed 00:40:11 | speed 461.4 steps/s | ETA 00:32:27
        episodes +1341 / total 14732
        return 40.01 | W/B/D 0.0% / 1.1% / 98.9%
        MAV survival 98.9% | UAV survivors 2.92
        Red kills 0.00 | Blue kills 0.08 | ep length 74.7
        actor loss [-0.016, -0.015, -0.017, -0.018]
        critic loss 49.239 | entropy 4.249
        PCTA consistency 0.000939 (weighted 0.000047) | valid pairs 385888 | attention entropy 1.179 | target switch 6.8%
[TRAIN] 1,200,128 / 2,000,000 (60.0%)
        elapsed 00:43:37 | speed 477.8 steps/s | ETA 00:27:54
        episodes +1317 / total 16049
        return 41.94 | W/B/D 0.0% / 0.7% / 99.3%
        MAV survival 99.3% | UAV survivors 2.97
        Red kills 0.00 | Blue kills 0.03 | ep length 74.7
        actor loss [-0.014, -0.016, -0.017, -0.019]
        critic loss 33.783 | entropy 4.384
        PCTA consistency 0.000745 (weighted 0.000037) | valid pairs 380023 | attention entropy 1.183 | target switch 5.9%
[TRAIN] 1,300,480 / 2,000,000 (65.0%)
        elapsed 00:47:32 | speed 425.9 steps/s | ETA 00:27:23
        episodes +1342 / total 17391
        return 43.31 | W/B/D 0.0% / 0.4% / 99.6%
        MAV survival 99.6% | UAV survivors 2.94
        Red kills 0.00 | Blue kills 0.03 | ep length 74.9
        actor loss [-0.014, -0.019, -0.019, -0.018]
        critic loss 17.405 | entropy 4.506
        PCTA consistency 0.000811 (weighted 0.000041) | valid pairs 387666 | attention entropy 1.193 | target switch 7.1%
[TRAIN] 1,400,832 / 2,000,000 (70.0%)
        elapsed 00:51:01 | speed 480.6 steps/s | ETA 00:20:47
        episodes +1336 / total 18727
        return 42.47 | W/B/D 0.0% / 0.7% / 99.3%
        MAV survival 99.3% | UAV survivors 2.88
        Red kills 0.00 | Blue kills 0.08 | ep length 74.9
        actor loss [-0.018, -0.017, -0.015, -0.018]
        critic loss 31.349 | entropy 4.649
        PCTA consistency 0.000741 (weighted 0.000037) | valid pairs 386785 | attention entropy 1.211 | target switch 7.8%
[TRAIN] 1,501,184 / 2,000,000 (75.1%)
        elapsed 00:54:33 | speed 472.9 steps/s | ETA 00:17:35
        episodes +1343 / total 20070
        return 42.04 | W/B/D 0.0% / 0.4% / 99.6%
        MAV survival 99.6% | UAV survivors 2.94
        Red kills 0.00 | Blue kills 0.06 | ep length 74.9
        actor loss [-0.020, -0.020, -0.017, -0.016]
        critic loss 21.731 | entropy 4.815
        PCTA consistency 0.001097 (weighted 0.000055) | valid pairs 386106 | attention entropy 1.192 | target switch 8.1%
[CKPT] milestone 1,500,000 crossed at step 1,501,184 | checkpoint_1501184.pt
[TRAIN] 1,601,536 / 2,000,000 (80.1%)
        elapsed 00:58:30 | speed 423.7 steps/s | ETA 00:15:40
        episodes +1341 / total 21411
        return 41.72 | W/B/D 0.0% / 0.7% / 99.3%
        MAV survival 99.3% | UAV survivors 2.91
        Red kills 0.00 | Blue kills 0.09 | ep length 74.7
        actor loss [-0.018, -0.018, -0.014, -0.020]
        critic loss 34.086 | entropy 4.937
        PCTA consistency 0.000759 (weighted 0.000038) | valid pairs 387807 | attention entropy 1.252 | target switch 8.0%
[TRAIN] 1,701,888 / 2,000,000 (85.1%)
        elapsed 01:01:58 | speed 482.6 steps/s | ETA 00:10:18
        episodes +1338 / total 22749
        return 43.10 | W/B/D 0.0% / 0.2% / 99.8%
        MAV survival 99.8% | UAV survivors 2.96
        Red kills 0.00 | Blue kills 0.02 | ep length 74.9
        actor loss [-0.016, -0.019, -0.019, -0.019]
        critic loss 11.095 | entropy 5.048
        PCTA consistency 0.000676 (weighted 0.000034) | valid pairs 389136 | attention entropy 1.235 | target switch 8.1%
[TRAIN] 1,800,192 / 2,000,000 (90.0%)
        elapsed 01:05:45 | speed 432.3 steps/s | ETA 00:07:42
        episodes +1314 / total 24063
        return 42.39 | W/B/D 0.0% / 0.2% / 99.8%
        MAV survival 99.8% | UAV survivors 2.95
        Red kills 0.00 | Blue kills 0.03 | ep length 74.9
        actor loss [-0.025, -0.017, -0.014, -0.027]
        critic loss 12.269 | entropy 5.149
        PCTA consistency 0.000886 (weighted 0.000044) | valid pairs 380707 | attention entropy 1.184 | target switch 8.4%
[TRAIN] 1,900,544 / 2,000,000 (95.0%)
        elapsed 01:09:22 | speed 463.8 steps/s | ETA 00:03:34
        episodes +1339 / total 25402
        return 42.31 | W/B/D 0.0% / 0.1% / 99.9%
        MAV survival 99.9% | UAV survivors 2.88
        Red kills 0.00 | Blue kills 0.08 | ep length 75.0
        actor loss [-0.021, -0.017, -0.015, -0.019]
        critic loss 9.433 | entropy 5.258
        PCTA consistency 0.000704 (weighted 0.000035) | valid pairs 386199 | attention entropy 1.217 | target switch 8.4%
[TRAIN] 2,000,000 / 2,000,000 (100.0%)
        elapsed 01:12:59 | speed 457.7 steps/s | ETA 00:00:00
        episodes +1328 / total 26730
        return 42.53 | W/B/D 0.0% / 0.6% / 99.4%
        MAV survival 99.4% | UAV survivors 2.91
        Red kills 0.00 | Blue kills 0.07 | ep length 74.9
        actor loss [-0.022, -0.021, -0.016, -0.019]
        critic loss 30.224 | entropy 5.413
        PCTA consistency 0.000763 (weighted 0.000038) | valid pairs 383208 | attention entropy 1.219 | target switch 8.1%
[CKPT] milestone 2,000,000 crossed at step 2,000,000 | checkpoint_2000000.pt
[TRAIN] optimization finished at 2,000,000 steps
[FINAL EVAL] step 2,000,000 | nearest_red_aircraft
       win 0.0% | blue 0.0% | draw 100.0%
       return 43.40 | Red kills 0.00 | MAV survival 100.0%
============================================================
TRAINING COMPLETE
Steps: 2,000,000
Elapsed training time: 01:12:59
Final evaluation time: 00:03:23
Completed episodes: 26730
Final checkpoint: checkpoint_final.pt
Run folder: /mnt/c/Users/HPK/Desktop/2_uav/outputs/pcta_happo_v35_4v4_main_seed3_2m_20260912_172623
============================================================
