============================================================
PCTA-v2 HAPPO TRAINING
Run: pcta_v2_happo_final_v35_main_seed1_2m_20260914_134425
Profile: main
Seed: 1
Device: cuda
Envs: 16
Method: baseline
Critic: mlp
Rollout: 128
Target steps: 2,000,000
Checkpoint interval: 1,000,000
Evaluation interval: disabled
Log interval: 100,000
============================================================
[TRAIN] 100,352 / 2,000,000 (5.0%)
        elapsed 00:05:20 | speed 313.5 steps/s | ETA 01:41:00
        episodes +1368 / total 1368
        return -6.38 | W/B/D 0.0% / 8.9% / 91.1%
        MAV survival 91.1% | UAV survivors 1.47
        Red kills 0.00 | Blue kills 0.04 | ep length 72.9
        actor loss [-0.027, -0.025, -0.027, -0.028]
        critic loss 371.989 | entropy 3.479
        PCTA-v2 target diagnostics | ens H 1.122 | head Hn 0.996 | head max 0.382 | disagree 0.000 | target switch 6.9% | beta 0.693 | valid/multi states 315665/280304
[TRAIN] 200,704 / 2,000,000 (10.0%)
        elapsed 00:10:17 | speed 338.1 steps/s | ETA 01:28:42
        episodes +1350 / total 2718
        return 30.36 | W/B/D 0.0% / 1.2% / 98.8%
        MAV survival 98.8% | UAV survivors 2.88
        Red kills 0.00 | Blue kills 0.11 | ep length 74.5
        actor loss [-0.022, -0.025, -0.026, -0.022]
        critic loss 54.066 | entropy 3.467
        PCTA-v2 target diagnostics | ens H 1.156 | head Hn 0.979 | head max 0.376 | disagree 0.001 | target switch 6.0% | beta 0.693 | valid/multi states 391248/369912
[TRAIN] 301,056 / 2,000,000 (15.1%)
        elapsed 00:15:02 | speed 352.5 steps/s | ETA 01:20:20
        episodes +1343 / total 4061
        return 32.85 | W/B/D 0.0% / 1.2% / 98.8%
        MAV survival 98.8% | UAV survivors 2.91
        Red kills 0.00 | Blue kills 0.07 | ep length 74.6
        actor loss [-0.026, -0.023, -0.028, -0.020]
        critic loss 56.542 | entropy 3.468
        PCTA-v2 target diagnostics | ens H 1.157 | head Hn 0.962 | head max 0.376 | disagree 0.001 | target switch 6.0% | beta 0.693 | valid/multi states 397000/381750
[TRAIN] 401,408 / 2,000,000 (20.1%)
        elapsed 00:19:46 | speed 353.2 steps/s | ETA 01:15:26
        episodes +1340 / total 5401
        return 37.78 | W/B/D 0.0% / 0.5% / 99.5%
        MAV survival 99.5% | UAV survivors 2.89
        Red kills 0.00 | Blue kills 0.07 | ep length 74.9
        actor loss [-0.024, -0.024, -0.023, -0.027]
        critic loss 23.395 | entropy 3.429
        PCTA-v2 target diagnostics | ens H 1.194 | head Hn 0.959 | head max 0.366 | disagree 0.003 | target switch 5.5% | beta 0.692 | valid/multi states 397425/388113
[TRAIN] 501,760 / 2,000,000 (25.1%)
        elapsed 00:24:29 | speed 354.7 steps/s | ETA 01:10:24
        episodes +1347 / total 6748
        return 35.31 | W/B/D 0.0% / 1.6% / 98.4%
        MAV survival 98.4% | UAV survivors 2.85
        Red kills 0.00 | Blue kills 0.14 | ep length 74.6
        actor loss [-0.021, -0.025, -0.023, -0.022]
        critic loss 71.500 | entropy 3.401
        PCTA-v2 target diagnostics | ens H 1.191 | head Hn 0.936 | head max 0.381 | disagree 0.005 | target switch 5.4% | beta 0.691 | valid/multi states 396579/388697
[TRAIN] 600,064 / 2,000,000 (30.0%)
        elapsed 00:29:22 | speed 335.7 steps/s | ETA 01:09:31
        episodes +1313 / total 8061
        return 36.77 | W/B/D 0.1% / 2.1% / 97.8%
        MAV survival 97.9% | UAV survivors 2.76
        Red kills 0.07 | Blue kills 0.19 | ep length 74.7
        actor loss [-0.023, -0.025, -0.016, -0.021]
        critic loss 121.991 | entropy 3.423
        PCTA-v2 target diagnostics | ens H 1.228 | head Hn 0.933 | head max 0.366 | disagree 0.004 | target switch 5.8% | beta 0.692 | valid/multi states 387200/383058
[TRAIN] 700,416 / 2,000,000 (35.0%)
        elapsed 00:34:40 | speed 315.4 steps/s | ETA 01:08:40
        episodes +1376 / total 9437
        return 107.33 | W/B/D 5.0% / 1.2% / 93.8%
        MAV survival 98.8% | UAV survivors 2.76
        Red kills 1.31 | Blue kills 0.23 | ep length 72.9
        actor loss [-0.019, -0.021, -0.017, -0.023]
        critic loss 512.592 | entropy 3.336
        PCTA-v2 target diagnostics | ens H 1.069 | head Hn 0.970 | head max 0.421 | disagree 0.001 | target switch 6.2% | beta 0.696 | valid/multi states 387049/352391
[TRAIN] 800,768 / 2,000,000 (40.0%)
        elapsed 00:39:38 | speed 336.7 steps/s | ETA 00:59:22
        episodes +1444 / total 10881
        return 142.90 | W/B/D 12.7% / 4.0% / 83.2%
        MAV survival 96.0% | UAV survivors 2.81
        Red kills 2.02 | Blue kills 0.19 | ep length 69.7
        actor loss [-0.024, -0.027, -0.023, -0.019]
        critic loss 871.029 | entropy 3.242
        PCTA-v2 target diagnostics | ens H 0.922 | head Hn 0.967 | head max 0.492 | disagree 0.001 | target switch 5.8% | beta 0.700 | valid/multi states 383427/316779
[TRAIN] 901,120 / 2,000,000 (45.1%)
        elapsed 00:44:17 | speed 359.7 steps/s | ETA 00:50:55
        episodes +1520 / total 12401
        return 172.78 | W/B/D 22.8% / 3.6% / 73.6%
        MAV survival 96.4% | UAV survivors 2.80
        Red kills 2.45 | Blue kills 0.20 | ep length 65.9
        actor loss [-0.022, -0.021, -0.026, -0.027]
        critic loss 1016.807 | entropy 3.156
        PCTA-v2 target diagnostics | ens H 0.855 | head Hn 0.954 | head max 0.527 | disagree 0.000 | target switch 6.2% | beta 0.702 | valid/multi states 378036/294481
[TRAIN] 1,001,472 / 2,000,000 (50.1%)
        elapsed 00:48:30 | speed 395.6 steps/s | ETA 00:42:04
        episodes +1539 / total 13940
        return 180.92 | W/B/D 23.7% / 1.6% / 74.7%
        MAV survival 98.4% | UAV survivors 2.68
        Red kills 2.53 | Blue kills 0.28 | ep length 65.2
        actor loss [-0.022, -0.027, -0.025, -0.020]
        critic loss 905.866 | entropy 3.031
        PCTA-v2 target diagnostics | ens H 0.835 | head Hn 0.965 | head max 0.537 | disagree 0.000 | target switch 6.4% | beta 0.703 | valid/multi states 379685/284777
[CKPT] milestone 1,000,000 crossed at step 1,001,472 | checkpoint_1001472.pt
[TRAIN] 1,101,824 / 2,000,000 (55.1%)
        elapsed 00:52:51 | speed 385.4 steps/s | ETA 00:38:50
        episodes +1532 / total 15472
        return 176.11 | W/B/D 23.2% / 3.0% / 73.8%
        MAV survival 97.0% | UAV survivors 2.66
        Red kills 2.49 | Blue kills 0.26 | ep length 65.4
        actor loss [-0.026, -0.021, -0.022, -0.025]
        critic loss 986.848 | entropy 2.919
        PCTA-v2 target diagnostics | ens H 0.848 | head Hn 0.956 | head max 0.537 | disagree 0.001 | target switch 6.0% | beta 0.707 | valid/multi states 381850/295814
[TRAIN] 1,200,128 / 2,000,000 (60.0%)
        elapsed 00:57:06 | speed 385.7 steps/s | ETA 00:34:34
        episodes +1519 / total 16991
        return 186.61 | W/B/D 25.8% / 0.8% / 73.4%
        MAV survival 99.2% | UAV survivors 2.57
        Red kills 2.59 | Blue kills 0.30 | ep length 64.9
        actor loss [-0.026, -0.017, -0.028, -0.024]
        critic loss 866.401 | entropy 2.806
        PCTA-v2 target diagnostics | ens H 0.865 | head Hn 0.978 | head max 0.524 | disagree 0.001 | target switch 5.7% | beta 0.710 | valid/multi states 366688/281804
[TRAIN] 1,300,480 / 2,000,000 (65.0%)
        elapsed 01:01:35 | speed 372.6 steps/s | ETA 00:31:17
        episodes +1574 / total 18565
        return 187.45 | W/B/D 29.3% / 2.7% / 68.0%
        MAV survival 97.3% | UAV survivors 2.22
        Red kills 2.72 | Blue kills 0.29 | ep length 63.7
        actor loss [-0.030, -0.020, -0.026, -0.027]
        critic loss 1013.155 | entropy 2.703
        PCTA-v2 target diagnostics | ens H 0.876 | head Hn 0.974 | head max 0.523 | disagree 0.002 | target switch 5.9% | beta 0.709 | valid/multi states 353290/270616
[TRAIN] 1,400,832 / 2,000,000 (70.0%)
        elapsed 01:05:55 | speed 385.8 steps/s | ETA 00:25:53
        episodes +1577 / total 20142
        return 188.15 | W/B/D 30.2% / 0.6% / 69.2%
        MAV survival 99.4% | UAV survivors 1.72
        Red kills 2.73 | Blue kills 0.25 | ep length 63.6
        actor loss [-0.022, -0.018, -0.025, -0.023]
        critic loss 877.242 | entropy 2.613
        PCTA-v2 target diagnostics | ens H 0.916 | head Hn 0.978 | head max 0.502 | disagree 0.002 | target switch 6.2% | beta 0.707 | valid/multi states 324201/254940
[TRAIN] 1,501,184 / 2,000,000 (75.1%)
        elapsed 01:10:05 | speed 401.6 steps/s | ETA 00:20:42
        episodes +1590 / total 21732
        return 192.45 | W/B/D 32.2% / 1.6% / 66.2%
        MAV survival 98.4% | UAV survivors 1.69
        Red kills 2.81 | Blue kills 0.25 | ep length 63.2
        actor loss [-0.021, -0.020, -0.024, -0.019]
        critic loss 906.508 | entropy 2.501
        PCTA-v2 target diagnostics | ens H 0.889 | head Hn 0.953 | head max 0.523 | disagree 0.002 | target switch 6.2% | beta 0.709 | valid/multi states 320166/248016
[TRAIN] 1,601,536 / 2,000,000 (80.1%)
        elapsed 01:14:08 | speed 412.6 steps/s | ETA 00:16:06
        episodes +1605 / total 23337
        return 193.17 | W/B/D 33.4% / 2.3% / 64.3%
        MAV survival 97.7% | UAV survivors 1.64
        Red kills 2.85 | Blue kills 0.26 | ep length 62.5
        actor loss [-0.024, -0.017, -0.028, -0.020]
        critic loss 949.251 | entropy 2.390
        PCTA-v2 target diagnostics | ens H 0.884 | head Hn 0.938 | head max 0.526 | disagree 0.002 | target switch 7.0% | beta 0.707 | valid/multi states 318978/249725
[TRAIN] 1,701,888 / 2,000,000 (85.1%)
        elapsed 01:18:08 | speed 418.4 steps/s | ETA 00:11:52
        episodes +1687 / total 25024
        return 205.48 | W/B/D 40.6% / 2.8% / 56.6%
        MAV survival 97.2% | UAV survivors 1.72
        Red kills 2.99 | Blue kills 0.25 | ep length 59.6
        actor loss [-0.026, -0.017, -0.024, -0.020]
        critic loss 1019.688 | entropy 2.310
        PCTA-v2 target diagnostics | ens H 0.909 | head Hn 0.971 | head max 0.503 | disagree 0.001 | target switch 7.9% | beta 0.699 | valid/multi states 320214/250746
[TRAIN] 1,800,192 / 2,000,000 (90.0%)
        elapsed 01:22:11 | speed 404.5 steps/s | ETA 00:08:14
        episodes +1615 / total 26639
        return 205.57 | W/B/D 37.3% / 0.5% / 62.2%
        MAV survival 99.5% | UAV survivors 1.68
        Red kills 2.96 | Blue kills 0.30 | ep length 60.8
        actor loss [-0.025, -0.022, -0.022, -0.023]
        critic loss 841.157 | entropy 2.239
        PCTA-v2 target diagnostics | ens H 0.906 | head Hn 0.983 | head max 0.504 | disagree 0.001 | target switch 7.7% | beta 0.699 | valid/multi states 307863/236486
[TRAIN] 1,900,544 / 2,000,000 (95.0%)
        elapsed 01:26:25 | speed 395.6 steps/s | ETA 00:04:11
        episodes +1696 / total 28335
        return 209.44 | W/B/D 41.2% / 0.8% / 58.0%
        MAV survival 99.2% | UAV survivors 1.55
        Red kills 3.01 | Blue kills 0.33 | ep length 59.2
        actor loss [-0.025, -0.018, -0.027, -0.020]
        critic loss 923.734 | entropy 2.163
        PCTA-v2 target diagnostics | ens H 0.918 | head Hn 0.988 | head max 0.497 | disagree 0.002 | target switch 7.9% | beta 0.699 | valid/multi states 309916/239049
[TRAIN] 2,000,000 / 2,000,000 (100.0%)
        elapsed 01:30:17 | speed 428.9 steps/s | ETA 00:00:00
        episodes +1667 / total 30002
        return 205.44 | W/B/D 39.6% / 1.6% / 58.8%
        MAV survival 98.4% | UAV survivors 1.42
        Red kills 3.02 | Blue kills 0.30 | ep length 59.6
        actor loss [-0.024, -0.022, -0.025, -0.016]
        critic loss 954.558 | entropy 2.076
        PCTA-v2 target diagnostics | ens H 0.908 | head Hn 0.994 | head max 0.494 | disagree 0.001 | target switch 7.6% | beta 0.698 | valid/multi states 304138/232110
[CKPT] milestone 2,000,000 crossed at step 2,000,000 | checkpoint_2000000.pt
[TRAIN] optimization finished at 2,000,000 steps
[FINAL EVAL] step 2,000,000 | nearest_red_aircraft
       win 33.0% | blue 0.0% | draw 67.0%
       return 196.22 | Red kills 2.83 | MAV survival 100.0%
============================================================
TRAINING COMPLETE
Steps: 2,000,000
Elapsed training time: 01:30:17
Final evaluation time: 00:03:08
Completed episodes: 30002
Final checkpoint: checkpoint_final.pt
Run folder: /mnt/c/Users/HPK/Desktop/2_uav/outputs/pcta_v2_happo_final_v35_main_seed1_2m_20260914_134425
============================================================
