nohup: ignoring input
============================================================
PCTA-HAPPO TRAINING
Run: pcta_happo_v35_4v4_main_seed1_2m_20260911_163948
Profile: main
Seed: 1
Device: cuda
Envs: 16
Method: baseline
Critic: mlp
Rollout: 128
Target steps: 2,000,000
Checkpoint interval: 500,000
Evaluation interval: disabled
Log interval: 100,000
============================================================
[TRAIN] 100,352 / 2,000,000 (5.0%)
        elapsed 00:04:01 | speed 417.0 steps/s | ETA 01:15:56
        episodes +1364 / total 1364
        return -5.59 | W/B/D 0.0% / 10.1% / 89.9%
        MAV survival 89.9% | UAV survivors 1.83
        Red kills 0.00 | Blue kills 0.01 | ep length 73.1
        actor loss [-0.020, -0.018, -0.018, -0.019]
        critic loss 420.644 | entropy 2.789
        PCTA consistency 0.001607 (weighted 0.000080) | valid pairs 299702 | attention entropy 1.127 | target switch 8.0%
[TRAIN] 200,704 / 2,000,000 (10.0%)
        elapsed 00:07:50 | speed 436.7 steps/s | ETA 01:08:40
        episodes +1346 / total 2710
        return 34.45 | W/B/D 0.0% / 1.0% / 99.0%
        MAV survival 99.0% | UAV survivors 2.93
        Red kills 0.00 | Blue kills 0.07 | ep length 74.7
        actor loss [-0.015, -0.015, -0.017, -0.015]
        critic loss 41.703 | entropy 2.886
        PCTA consistency 0.000723 (weighted 0.000036) | valid pairs 388601 | attention entropy 1.258 | target switch 6.0%
[TRAIN] 301,056 / 2,000,000 (15.1%)
        elapsed 00:11:34 | speed 448.1 steps/s | ETA 01:03:12
        episodes +1340 / total 4050
        return 38.04 | W/B/D 0.0% / 0.4% / 99.6%
        MAV survival 99.6% | UAV survivors 2.95
        Red kills 0.00 | Blue kills 0.03 | ep length 74.9
        actor loss [-0.019, -0.015, -0.020, -0.015]
        critic loss 18.749 | entropy 3.016
        PCTA consistency 0.000617 (weighted 0.000031) | valid pairs 388734 | attention entropy 1.291 | target switch 5.8%
[TRAIN] 401,408 / 2,000,000 (20.1%)
        elapsed 00:15:17 | speed 450.7 steps/s | ETA 00:59:07
        episodes +1345 / total 5395
        return 63.87 | W/B/D 0.9% / 0.2% / 98.9%
        MAV survival 99.8% | UAV survivors 2.66
        Red kills 0.53 | Blue kills 0.20 | ep length 74.6
        actor loss [-0.016, -0.014, -0.014, -0.017]
        critic loss 186.951 | entropy 3.119
        PCTA consistency 0.000797 (weighted 0.000040) | valid pairs 369539 | attention entropy 1.199 | target switch 6.3%
[TRAIN] 501,760 / 2,000,000 (25.1%)
        elapsed 00:18:24 | speed 536.9 steps/s | ETA 00:46:31
        episodes +1375 / total 6770
        return 111.28 | W/B/D 4.7% / 0.3% / 95.0%
        MAV survival 99.7% | UAV survivors 2.53
        Red kills 1.47 | Blue kills 0.39 | ep length 72.9
        actor loss [-0.014, -0.014, -0.014, -0.015]
        critic loss 473.028 | entropy 3.121
        PCTA consistency 0.000909 (weighted 0.000045) | valid pairs 348487 | attention entropy 1.004 | target switch 5.5%
[CKPT] milestone 500,000 crossed at step 501,760 | checkpoint_501760.pt
[TRAIN] 600,064 / 2,000,000 (30.0%)
        elapsed 00:21:54 | speed 469.1 steps/s | ETA 00:49:44
        episodes +1409 / total 8179
        return 144.16 | W/B/D 12.7% / 0.8% / 86.5%
        MAV survival 99.2% | UAV survivors 2.64
        Red kills 2.01 | Blue kills 0.36 | ep length 69.7
        actor loss [-0.016, -0.016, -0.011, -0.014]
        critic loss 687.432 | entropy 3.153
        PCTA consistency 0.001054 (weighted 0.000053) | valid pairs 341267 | attention entropy 0.917 | target switch 5.2%
[TRAIN] 700,416 / 2,000,000 (35.0%)
        elapsed 00:24:59 | speed 541.3 steps/s | ETA 00:40:01
        episodes +1483 / total 9662
        return 161.26 | W/B/D 18.1% / 0.5% / 81.4%
        MAV survival 99.5% | UAV survivors 2.68
        Red kills 2.25 | Blue kills 0.32 | ep length 67.7
        actor loss [-0.016, -0.014, -0.012, -0.018]
        critic loss 737.678 | entropy 3.173
        PCTA consistency 0.001494 (weighted 0.000075) | valid pairs 346150 | attention entropy 0.893 | target switch 6.5%
[TRAIN] 800,768 / 2,000,000 (40.0%)
        elapsed 00:28:07 | speed 532.7 steps/s | ETA 00:37:31
        episodes +1537 / total 11199
        return 175.54 | W/B/D 23.7% / 0.8% / 75.5%
        MAV survival 99.2% | UAV survivors 2.68
        Red kills 2.46 | Blue kills 0.33 | ep length 65.4
        actor loss [-0.017, -0.016, -0.015, -0.014]
        critic loss 851.948 | entropy 3.226
        PCTA consistency 0.001807 (weighted 0.000090) | valid pairs 348367 | attention entropy 0.872 | target switch 7.0%
[TRAIN] 901,120 / 2,000,000 (45.1%)
        elapsed 00:31:37 | speed 479.0 steps/s | ETA 00:38:14
        episodes +1512 / total 12711
        return 167.34 | W/B/D 21.9% / 2.5% / 75.6%
        MAV survival 97.5% | UAV survivors 2.64
        Red kills 2.40 | Blue kills 0.37 | ep length 66.3
        actor loss [-0.017, -0.015, -0.019, -0.020]
        critic loss 819.604 | entropy 3.262
        PCTA consistency 0.001659 (weighted 0.000083) | valid pairs 343397 | attention entropy 0.869 | target switch 6.7%
[TRAIN] 1,001,472 / 2,000,000 (50.1%)
        elapsed 00:34:39 | speed 551.4 steps/s | ETA 00:30:11
        episodes +1544 / total 14255
        return 179.30 | W/B/D 25.3% / 1.3% / 73.4%
        MAV survival 98.7% | UAV survivors 2.56
        Red kills 2.55 | Blue kills 0.44 | ep length 65.0
        actor loss [-0.016, -0.020, -0.016, -0.014]
        critic loss 769.959 | entropy 3.319
        PCTA consistency 0.001760 (weighted 0.000088) | valid pairs 335655 | attention entropy 0.844 | target switch 6.7%
[CKPT] milestone 1,000,000 crossed at step 1,001,472 | checkpoint_1001472.pt
[TRAIN] 1,101,824 / 2,000,000 (55.1%)
        elapsed 00:38:06 | speed 483.2 steps/s | ETA 00:30:59
        episodes +1550 / total 15805
        return 183.39 | W/B/D 25.8% / 0.9% / 73.3%
        MAV survival 99.1% | UAV survivors 2.52
        Red kills 2.61 | Blue kills 0.48 | ep length 64.6
        actor loss [-0.020, -0.015, -0.016, -0.019]
        critic loss 716.434 | entropy 3.356
        PCTA consistency 0.001694 (weighted 0.000085) | valid pairs 341009 | attention entropy 0.831 | target switch 6.1%
[TRAIN] 1,200,128 / 2,000,000 (60.0%)
        elapsed 00:41:03 | speed 556.4 steps/s | ETA 00:23:58
        episodes +1550 / total 17355
        return 188.57 | W/B/D 28.3% / 1.5% / 70.1%
        MAV survival 98.5% | UAV survivors 2.55
        Red kills 2.69 | Blue kills 0.45 | ep length 63.5
        actor loss [-0.020, -0.013, -0.018, -0.018]
        critic loss 765.758 | entropy 3.393
        PCTA consistency 0.001486 (weighted 0.000074) | valid pairs 338405 | attention entropy 0.821 | target switch 5.8%
[TRAIN] 1,300,480 / 2,000,000 (65.0%)
        elapsed 00:44:29 | speed 487.3 steps/s | ETA 00:23:56
        episodes +1639 / total 18994
        return 203.47 | W/B/D 35.1% / 2.0% / 62.9%
        MAV survival 98.0% | UAV survivors 2.70
        Red kills 2.86 | Blue kills 0.31 | ep length 61.3
        actor loss [-0.021, -0.014, -0.015, -0.019]
        critic loss 810.706 | entropy 3.456
        PCTA consistency 0.001503 (weighted 0.000075) | valid pairs 356193 | attention entropy 0.828 | target switch 5.9%
[TRAIN] 1,400,832 / 2,000,000 (70.0%)
        elapsed 00:47:33 | speed 546.6 steps/s | ETA 00:18:16
        episodes +1675 / total 20669
        return 214.19 | W/B/D 39.2% / 1.0% / 59.8%
        MAV survival 99.0% | UAV survivors 2.82
        Red kills 2.93 | Blue kills 0.18 | ep length 59.9
        actor loss [-0.019, -0.014, -0.017, -0.021]
        critic loss 778.709 | entropy 3.491
        PCTA consistency 0.001559 (weighted 0.000078) | valid pairs 365346 | attention entropy 0.826 | target switch 6.5%
[TRAIN] 1,501,184 / 2,000,000 (75.1%)
        elapsed 00:50:38 | speed 542.3 steps/s | ETA 00:15:20
        episodes +1660 / total 22329
        return 211.89 | W/B/D 37.1% / 1.3% / 61.6%
        MAV survival 98.7% | UAV survivors 2.82
        Red kills 2.93 | Blue kills 0.18 | ep length 60.5
        actor loss [-0.018, -0.015, -0.018, -0.017]
        critic loss 797.710 | entropy 3.533
        PCTA consistency 0.001631 (weighted 0.000082) | valid pairs 367792 | attention entropy 0.813 | target switch 6.0%
[CKPT] milestone 1,500,000 crossed at step 1,501,184 | checkpoint_1501184.pt
[TRAIN] 1,601,536 / 2,000,000 (80.1%)
        elapsed 00:54:12 | speed 468.8 steps/s | ETA 00:14:10
        episodes +1697 / total 24026
        return 214.42 | W/B/D 39.9% / 0.5% / 59.6%
        MAV survival 99.5% | UAV survivors 2.67
        Red kills 2.94 | Blue kills 0.33 | ep length 59.1
        actor loss [-0.019, -0.012, -0.019, -0.017]
        critic loss 756.197 | entropy 3.569
        PCTA consistency 0.001612 (weighted 0.000081) | valid pairs 360977 | attention entropy 0.832 | target switch 6.8%
[TRAIN] 1,701,888 / 2,000,000 (85.1%)
        elapsed 00:57:12 | speed 556.8 steps/s | ETA 00:08:55
        episodes +1712 / total 25738
        return 220.09 | W/B/D 42.0% / 1.3% / 56.7%
        MAV survival 98.7% | UAV survivors 2.78
        Red kills 3.02 | Blue kills 0.22 | ep length 58.7
        actor loss [-0.021, -0.015, -0.017, -0.022]
        critic loss 805.007 | entropy 3.608
        PCTA consistency 0.001533 (weighted 0.000077) | valid pairs 367034 | attention entropy 0.826 | target switch 7.2%
[TRAIN] 1,800,192 / 2,000,000 (90.0%)
        elapsed 01:00:38 | speed 477.9 steps/s | ETA 00:06:58
        episodes +1688 / total 27426
        return 218.84 | W/B/D 42.0% / 2.5% / 55.5%
        MAV survival 97.5% | UAV survivors 2.80
        Red kills 3.05 | Blue kills 0.21 | ep length 58.2
        actor loss [-0.021, -0.017, -0.015, -0.022]
        critic loss 783.124 | entropy 3.646
        PCTA consistency 0.001767 (weighted 0.000088) | valid pairs 357679 | attention entropy 0.798 | target switch 6.9%
[TRAIN] 1,900,544 / 2,000,000 (95.0%)
        elapsed 01:03:39 | speed 553.3 steps/s | ETA 00:03:00
        episodes +1763 / total 29189
        return 224.44 | W/B/D 44.8% / 1.4% / 53.9%
        MAV survival 98.6% | UAV survivors 2.77
        Red kills 3.09 | Blue kills 0.23 | ep length 56.9
        actor loss [-0.019, -0.014, -0.019, -0.019]
        critic loss 792.561 | entropy 3.706
        PCTA consistency 0.001827 (weighted 0.000091) | valid pairs 360645 | attention entropy 0.800 | target switch 6.9%
[TRAIN] 2,000,000 / 2,000,000 (100.0%)
        elapsed 01:07:03 | speed 488.7 steps/s | ETA 00:00:00
        episodes +1810 / total 30999
        return 229.62 | W/B/D 48.0% / 0.9% / 51.1%
        MAV survival 99.1% | UAV survivors 2.85
        Red kills 3.11 | Blue kills 0.16 | ep length 55.0
        actor loss [-0.019, -0.016, -0.018, -0.015]
        critic loss 853.505 | entropy 3.757
        PCTA consistency 0.001880 (weighted 0.000094) | valid pairs 362598 | attention entropy 0.820 | target switch 6.7%
[CKPT] milestone 2,000,000 crossed at step 2,000,000 | checkpoint_2000000.pt
[TRAIN] optimization finished at 2,000,000 steps
[FINAL EVAL] step 2,000,000 | nearest_red_aircraft
       win 52.5% | blue 0.5% | draw 47.0%
       return 242.35 | Red kills 3.29 | MAV survival 99.5%
============================================================
TRAINING COMPLETE
Steps: 2,000,000
Elapsed training time: 01:07:03
Final evaluation time: 00:01:45
Completed episodes: 30999
Final checkpoint: checkpoint_final.pt
Run folder: /mnt/c/Users/HPK/Desktop/2_uav/outputs/pcta_happo_v35_4v4_main_seed1_2m_20260911_163948
============================================================
