============================================================
PCTA-v2 HAPPO TRAINING
Run: pcta_v2_happo_final_v35_main_seed2_2m_20260914_161800
Profile: main
Seed: 2
Device: cuda
Envs: 16
Method: baseline
Critic: mlp
Rollout: 128
Target steps: 2,000,000
Checkpoint interval: 1,000,000
Evaluation interval: disabled
Log interval: 100,000
============================================================
[TRAIN] 100,352 / 2,000,000 (5.0%)
        elapsed 00:04:22 | speed 382.9 steps/s | ETA 01:22:41
        episodes +1349 / total 1349
        return 2.55 | W/B/D 0.0% / 7.0% / 93.0%
        MAV survival 93.0% | UAV survivors 1.81
        Red kills 0.00 | Blue kills 0.01 | ep length 74.0
        actor loss [-0.020, -0.030, -0.027, -0.024]
        critic loss 273.272 | entropy 3.465
        PCTA-v2 target diagnostics | ens H 1.118 | head Hn 0.998 | head max 0.385 | disagree 0.000 | target switch 6.2% | beta 0.693 | valid/multi states 320704/285053
[TRAIN] 200,704 / 2,000,000 (10.0%)
        elapsed 00:08:56 | speed 366.2 steps/s | ETA 01:21:53
        episodes +1341 / total 2690
        return 34.18 | W/B/D 0.0% / 1.1% / 98.9%
        MAV survival 98.9% | UAV survivors 2.78
        Red kills 0.00 | Blue kills 0.13 | ep length 74.7
        actor loss [-0.023, -0.022, -0.021, -0.024]
        critic loss 50.983 | entropy 3.449
        PCTA-v2 target diagnostics | ens H 1.278 | head Hn 0.994 | head max 0.312 | disagree 0.001 | target switch 5.2% | beta 0.693 | valid/multi states 395302/389952
[TRAIN] 301,056 / 2,000,000 (15.1%)
        elapsed 00:13:26 | speed 371.6 steps/s | ETA 01:16:12
        episodes +1344 / total 4034
        return 35.28 | W/B/D 0.0% / 1.9% / 98.1%
        MAV survival 98.1% | UAV survivors 2.91
        Red kills 0.00 | Blue kills 0.09 | ep length 74.7
        actor loss [-0.022, -0.016, -0.025, -0.025]
        critic loss 82.149 | entropy 3.436
        PCTA-v2 target diagnostics | ens H 1.301 | head Hn 0.990 | head max 0.309 | disagree 0.002 | target switch 5.6% | beta 0.693 | valid/multi states 398811/396194
[TRAIN] 401,408 / 2,000,000 (20.1%)
        elapsed 00:17:53 | speed 376.3 steps/s | ETA 01:10:48
        episodes +1345 / total 5379
        return 37.58 | W/B/D 0.0% / 1.6% / 98.4%
        MAV survival 98.4% | UAV survivors 2.96
        Red kills 0.00 | Blue kills 0.04 | ep length 74.6
        actor loss [-0.020, -0.022, -0.025, -0.019]
        critic loss 70.365 | entropy 3.423
        PCTA-v2 target diagnostics | ens H 1.302 | head Hn 0.983 | head max 0.313 | disagree 0.003 | target switch 5.1% | beta 0.693 | valid/multi states 400128/398157
[TRAIN] 501,760 / 2,000,000 (25.1%)
        elapsed 00:22:14 | speed 383.7 steps/s | ETA 01:05:05
        episodes +1342 / total 6721
        return 37.93 | W/B/D 0.0% / 1.6% / 98.4%
        MAV survival 98.4% | UAV survivors 2.95
        Red kills 0.00 | Blue kills 0.05 | ep length 74.7
        actor loss [-0.025, -0.025, -0.023, -0.022]
        critic loss 70.310 | entropy 3.408
        PCTA-v2 target diagnostics | ens H 1.275 | head Hn 0.961 | head max 0.341 | disagree 0.005 | target switch 4.7% | beta 0.693 | valid/multi states 399673/396781
[TRAIN] 600,064 / 2,000,000 (30.0%)
        elapsed 00:26:36 | speed 376.2 steps/s | ETA 01:02:01
        episodes +1315 / total 8036
        return 38.81 | W/B/D 0.0% / 1.4% / 98.6%
        MAV survival 98.6% | UAV survivors 2.95
        Red kills 0.00 | Blue kills 0.05 | ep length 74.8
        actor loss [-0.023, -0.018, -0.022, -0.028]
        critic loss 59.298 | entropy 3.356
        PCTA-v2 target diagnostics | ens H 1.242 | head Hn 0.947 | head max 0.356 | disagree 0.005 | target switch 4.6% | beta 0.695 | valid/multi states 391624/388997
[TRAIN] 700,416 / 2,000,000 (35.0%)
        elapsed 00:31:02 | speed 376.3 steps/s | ETA 00:57:34
        episodes +1339 / total 9375
        return 41.75 | W/B/D 0.0% / 0.4% / 99.6%
        MAV survival 99.6% | UAV survivors 2.92
        Red kills 0.00 | Blue kills 0.07 | ep length 74.9
        actor loss [-0.020, -0.021, -0.023, -0.022]
        critic loss 20.540 | entropy 3.331
        PCTA-v2 target diagnostics | ens H 1.215 | head Hn 0.935 | head max 0.368 | disagree 0.005 | target switch 4.1% | beta 0.695 | valid/multi states 397111/393623
[TRAIN] 800,768 / 2,000,000 (40.0%)
        elapsed 00:35:27 | speed 378.6 steps/s | ETA 00:52:48
        episodes +1338 / total 10713
        return 42.27 | W/B/D 0.0% / 0.4% / 99.6%
        MAV survival 99.6% | UAV survivors 2.94
        Red kills 0.00 | Blue kills 0.06 | ep length 74.9
        actor loss [-0.019, -0.020, -0.023, -0.021]
        critic loss 18.500 | entropy 3.316
        PCTA-v2 target diagnostics | ens H 1.227 | head Hn 0.933 | head max 0.360 | disagree 0.006 | target switch 4.1% | beta 0.696 | valid/multi states 399092/396515
[TRAIN] 901,120 / 2,000,000 (45.1%)
        elapsed 00:39:52 | speed 379.3 steps/s | ETA 00:48:17
        episodes +1345 / total 12058
        return 42.20 | W/B/D 0.0% / 0.4% / 99.6%
        MAV survival 99.6% | UAV survivors 2.95
        Red kills 0.00 | Blue kills 0.03 | ep length 74.8
        actor loss [-0.024, -0.025, -0.020, -0.020]
        critic loss 17.249 | entropy 3.272
        PCTA-v2 target diagnostics | ens H 1.212 | head Hn 0.925 | head max 0.372 | disagree 0.010 | target switch 4.1% | beta 0.695 | valid/multi states 399773/396435
[TRAIN] 1,001,472 / 2,000,000 (50.1%)
        elapsed 00:44:05 | speed 396.7 steps/s | ETA 00:41:57
        episodes +1341 / total 13399
        return 42.26 | W/B/D 0.0% / 0.4% / 99.6%
        MAV survival 99.6% | UAV survivors 2.94
        Red kills 0.00 | Blue kills 0.04 | ep length 74.8
        actor loss [-0.027, -0.023, -0.020, -0.021]
        critic loss 17.818 | entropy 3.241
        PCTA-v2 target diagnostics | ens H 1.237 | head Hn 0.933 | head max 0.364 | disagree 0.011 | target switch 4.5% | beta 0.695 | valid/multi states 398495/395955
[CKPT] milestone 1,000,000 crossed at step 1,001,472 | checkpoint_1001472.pt
[TRAIN] 1,101,824 / 2,000,000 (55.1%)
        elapsed 00:48:14 | speed 403.0 steps/s | ETA 00:37:09
        episodes +1337 / total 14736
        return 42.96 | W/B/D 0.0% / 0.4% / 99.6%
        MAV survival 99.6% | UAV survivors 2.97
        Red kills 0.00 | Blue kills 0.03 | ep length 75.0
        actor loss [-0.020, -0.019, -0.024, -0.021]
        critic loss 14.685 | entropy 3.211
        PCTA-v2 target diagnostics | ens H 1.282 | head Hn 0.956 | head max 0.338 | disagree 0.010 | target switch 4.8% | beta 0.696 | valid/multi states 399457/397820
[TRAIN] 1,200,128 / 2,000,000 (60.0%)
        elapsed 00:52:15 | speed 406.9 steps/s | ETA 00:32:46
        episodes +1315 / total 16051
        return 42.79 | W/B/D 0.0% / 0.5% / 99.5%
        MAV survival 99.5% | UAV survivors 2.95
        Red kills 0.00 | Blue kills 0.04 | ep length 74.8
        actor loss [-0.023, -0.020, -0.019, -0.019]
        critic loss 20.285 | entropy 3.167
        PCTA-v2 target diagnostics | ens H 1.310 | head Hn 0.958 | head max 0.325 | disagree 0.013 | target switch 5.0% | beta 0.698 | valid/multi states 390991/390480
[TRAIN] 1,300,480 / 2,000,000 (65.0%)
        elapsed 00:56:25 | speed 402.4 steps/s | ETA 00:28:58
        episodes +1340 / total 17391
        return 43.18 | W/B/D 0.0% / 0.4% / 99.6%
        MAV survival 99.6% | UAV survivors 2.93
        Red kills 0.00 | Blue kills 0.06 | ep length 74.9
        actor loss [-0.020, -0.022, -0.021, -0.020]
        critic loss 19.777 | entropy 3.135
        PCTA-v2 target diagnostics | ens H 1.300 | head Hn 0.960 | head max 0.319 | disagree 0.012 | target switch 6.0% | beta 0.696 | valid/multi states 397390/395614
[TRAIN] 1,400,832 / 2,000,000 (70.0%)
        elapsed 01:00:33 | speed 404.1 steps/s | ETA 00:24:43
        episodes +1337 / total 18728
        return 44.64 | W/B/D 0.0% / 0.2% / 99.8%
        MAV survival 99.8% | UAV survivors 2.95
        Red kills 0.00 | Blue kills 0.04 | ep length 75.0
        actor loss [-0.019, -0.025, -0.023, -0.022]
        critic loss 11.035 | entropy 3.116
        PCTA-v2 target diagnostics | ens H 1.283 | head Hn 0.958 | head max 0.323 | disagree 0.013 | target switch 6.1% | beta 0.696 | valid/multi states 399302/398142
[TRAIN] 1,501,184 / 2,000,000 (75.1%)
        elapsed 01:04:40 | speed 405.9 steps/s | ETA 00:20:29
        episodes +1341 / total 20069
        return 44.07 | W/B/D 0.0% / 0.4% / 99.6%
        MAV survival 99.6% | UAV survivors 2.94
        Red kills 0.00 | Blue kills 0.04 | ep length 74.9
        actor loss [-0.027, -0.019, -0.019, -0.022]
        critic loss 19.435 | entropy 3.111
        PCTA-v2 target diagnostics | ens H 1.281 | head Hn 0.964 | head max 0.326 | disagree 0.013 | target switch 5.9% | beta 0.696 | valid/multi states 397897/395799
[TRAIN] 1,601,536 / 2,000,000 (80.1%)
        elapsed 01:08:52 | speed 399.7 steps/s | ETA 00:16:37
        episodes +1340 / total 21409
        return 45.30 | W/B/D 0.0% / 0.1% / 99.9%
        MAV survival 99.9% | UAV survivors 2.98
        Red kills 0.00 | Blue kills 0.01 | ep length 75.0
        actor loss [-0.023, -0.020, -0.023, -0.020]
        critic loss 7.888 | entropy 3.113
        PCTA-v2 target diagnostics | ens H 1.267 | head Hn 0.955 | head max 0.338 | disagree 0.012 | target switch 5.0% | beta 0.696 | valid/multi states 400792/398738
[TRAIN] 1,701,888 / 2,000,000 (85.1%)
        elapsed 01:13:04 | speed 398.2 steps/s | ETA 00:12:29
        episodes +1338 / total 22747
        return 45.09 | W/B/D 0.0% / 0.2% / 99.8%
        MAV survival 99.8% | UAV survivors 2.97
        Red kills 0.00 | Blue kills 0.02 | ep length 75.0
        actor loss [-0.021, -0.023, -0.021, -0.024]
        critic loss 10.998 | entropy 3.074
        PCTA-v2 target diagnostics | ens H 1.257 | head Hn 0.962 | head max 0.336 | disagree 0.009 | target switch 5.3% | beta 0.694 | valid/multi states 400560/397784
[TRAIN] 1,800,192 / 2,000,000 (90.0%)
        elapsed 01:17:10 | speed 398.9 steps/s | ETA 00:08:21
        episodes +1309 / total 24056
        return 44.85 | W/B/D 0.0% / 0.3% / 99.7%
        MAV survival 99.7% | UAV survivors 2.97
        Red kills 0.00 | Blue kills 0.03 | ep length 75.0
        actor loss [-0.026, -0.024, -0.024, -0.020]
        critic loss 13.819 | entropy 3.041
        PCTA-v2 target diagnostics | ens H 1.260 | head Hn 0.954 | head max 0.340 | disagree 0.010 | target switch 5.8% | beta 0.693 | valid/multi states 391135/388641
[TRAIN] 1,900,544 / 2,000,000 (95.0%)
        elapsed 01:21:18 | speed 404.3 steps/s | ETA 00:04:06
        episodes +1341 / total 25397
        return 45.42 | W/B/D 0.0% / 0.1% / 99.9%
        MAV survival 99.9% | UAV survivors 2.96
        Red kills 0.00 | Blue kills 0.04 | ep length 75.0
        actor loss [-0.024, -0.022, -0.022, -0.021]
        critic loss 7.888 | entropy 3.025
        PCTA-v2 target diagnostics | ens H 1.235 | head Hn 0.940 | head max 0.362 | disagree 0.011 | target switch 6.5% | beta 0.695 | valid/multi states 399014/395545
[TRAIN] 2,000,000 / 2,000,000 (100.0%)
        elapsed 01:25:27 | speed 399.8 steps/s | ETA 00:00:00
        episodes +1329 / total 26726
        return 44.66 | W/B/D 0.0% / 0.5% / 99.5%
        MAV survival 99.5% | UAV survivors 2.96
        Red kills 0.00 | Blue kills 0.04 | ep length 74.8
        actor loss [-0.023, -0.021, -0.024, -0.018]
        critic loss 23.868 | entropy 3.006
        PCTA-v2 target diagnostics | ens H 1.259 | head Hn 0.938 | head max 0.357 | disagree 0.018 | target switch 5.9% | beta 0.696 | valid/multi states 395231/392796
[CKPT] milestone 2,000,000 crossed at step 2,000,000 | checkpoint_2000000.pt
[TRAIN] optimization finished at 2,000,000 steps
[FINAL EVAL] step 2,000,000 | nearest_red_aircraft
       win 0.0% | blue 0.0% | draw 100.0%
       return 44.32 | Red kills 0.00 | MAV survival 100.0%
============================================================
TRAINING COMPLETE
Steps: 2,000,000
Elapsed training time: 01:25:27
Final evaluation time: 00:04:24
Completed episodes: 26726
Final checkpoint: checkpoint_final.pt
Run folder: /mnt/c/Users/HPK/Desktop/2_uav/outputs/pcta_v2_happo_final_v35_main_seed2_2m_20260914_161800
============================================================
