============================================================
RDC_HAPPO TRAINING
Run: rdc_am_happo_v39_main_seed2_750k_20260918_141918
Profile: main
Seed: 2
Device: cuda
Envs: 16
Method: rdc_happo
Critic: mlp
Rollout: 128
Target steps: 2,000,000
Checkpoint interval: 250,000
Evaluation interval: 250,000
Log interval: 50,000
Resume checkpoint: checkpoint_final.pt
Resume steps: 750,000
Target steps: 2,000,000
============================================================
[TRAIN] 801,200 / 2,000,000 (40.1%)
        elapsed 00:01:36 | speed 535.6 steps/s | ETA 00:37:18
        episodes +695 / total 10929
        return 37.26 | W/B/D 1.7% / 0.9% / 97.4%
        MAV survival 99.1% | UAV survivors 2.31
        Red kills 0.55 | Blue kills 0.62 | ep length 73.8
        actor loss [-0.015, -0.017, -0.009, -0.018]
        critic loss 849.694 | entropy 3.176
        credit loss V/B 163.3950 / 185.8338
        raw Aabs [10.872986, 10.668189, 10.452735, 10.58181] | Astd [35.937809, 35.41806, 34.734833, 34.42968] | degenerate [0, 0, 0, 0]
        RDC comp abs S/M/U1/U2/U3 [10.708993, 0.159203, 1.105976, 1.584336, 1.234746] | component return std [45.910717, 0.312, 3.187536, 4.313115, 3.522236]
[TRAIN] 850,352 / 2,000,000 (42.5%)
        elapsed 00:03:02 | speed 568.6 steps/s | ETA 00:33:42
        episodes +666 / total 11595
        return 43.99 | W/B/D 2.3% / 2.0% / 95.8%
        MAV survival 98.0% | UAV survivors 2.16
        Red kills 0.64 | Blue kills 0.74 | ep length 73.7
        actor loss [-0.016, -0.021, -0.023, -0.019]
        critic loss 961.812 | entropy 3.119
        credit loss V/B 180.8755 / 205.6090
        raw Aabs [11.775581, 16.26058, 13.389358, 12.327764] | Astd [31.544498, 37.434505, 30.189781, 32.930241] | degenerate [0, 0, 0, 0]
        RDC comp abs S/M/U1/U2/U3 [13.337479, 0.221494, 1.259253, 1.590415, 1.418467] | component return std [50.721836, 0.437809, 3.568672, 4.181845, 3.777826]
[TRAIN] 901,552 / 2,000,000 (45.1%)
        elapsed 00:04:31 | speed 578.3 steps/s | ETA 00:31:39
        episodes +701 / total 12296
        return 63.62 | W/B/D 3.9% / 0.7% / 95.4%
        MAV survival 99.3% | UAV survivors 2.17
        Red kills 0.79 | Blue kills 0.73 | ep length 73.0
        actor loss [-0.013, -0.019, -0.017, -0.015]
        critic loss 1179.031 | entropy 3.075
        credit loss V/B 222.7811 / 249.5019
        raw Aabs [17.097294, 17.263403, 17.336676, 16.567598] | Astd [36.554886, 35.648739, 39.021912, 37.949802] | degenerate [0, 0, 0, 0]
        RDC comp abs S/M/U1/U2/U3 [17.059181, 0.216807, 1.278591, 1.680775, 1.685141] | component return std [53.859043, 0.445225, 3.519696, 3.937634, 3.854308]
[TRAIN] 950,704 / 2,000,000 (47.5%)
        elapsed 00:05:54 | speed 591.6 steps/s | ETA 00:29:34
        episodes +678 / total 12974
        return 87.04 | W/B/D 4.9% / 0.6% / 94.5%
        MAV survival 99.4% | UAV survivors 2.15
        Red kills 1.01 | Blue kills 0.68 | ep length 72.6
        actor loss [-0.018, -0.012, -0.021, -0.019]
        critic loss 1485.508 | entropy 3.012
        credit loss V/B 279.4571 / 309.7750
        raw Aabs [23.050976, 28.005175, 26.221325, 22.681999] | Astd [44.810047, 49.828712, 50.358025, 44.459026] | degenerate [0, 0, 0, 0]
        RDC comp abs S/M/U1/U2/U3 [24.485519, 0.204678, 1.452044, 1.618373, 1.73158] | component return std [69.591103, 0.369694, 3.185928, 3.922886, 3.294688]
[TRAIN] 1,001,904 / 2,000,000 (50.1%)
        elapsed 00:07:27 | speed 551.2 steps/s | ETA 00:30:11
        episodes +725 / total 13699
        return 129.40 | W/B/D 10.5% / 0.4% / 89.1%
        MAV survival 99.6% | UAV survivors 2.19
        Red kills 1.37 | Blue kills 0.63 | ep length 70.4
        actor loss [-0.021, -0.017, -0.024, -0.020]
        critic loss 2225.355 | entropy 2.945
        credit loss V/B 407.6785 / 438.2560
        raw Aabs [28.295685, 31.915123, 32.44912, 31.183115] | Astd [52.912933, 55.384964, 53.445572, 55.748055] | degenerate [0, 0, 0, 0]
        RDC comp abs S/M/U1/U2/U3 [30.501543, 0.194638, 1.472583, 1.572268, 1.957709] | component return std [90.667122, 0.435885, 3.331513, 3.586794, 3.782265]
[CKPT] milestone 1,000,000 crossed at step 1,001,904 | checkpoint_1001904.pt
[EVAL] step 1,001,904 | nearest_red_aircraft
       win 18.0% | blue 0.0% | draw 82.0%
       return 167.42 | Red kills 1.70 | MAV survival 100.0%
[TRAIN] 1,051,056 / 2,000,000 (52.6%)
        elapsed 00:08:55 | speed 555.4 steps/s | ETA 00:28:29
        episodes +688 / total 14387
        return 148.93 | W/B/D 8.3% / 0.1% / 91.6%
        MAV survival 99.9% | UAV survivors 1.99
        Red kills 1.59 | Blue kills 0.74 | ep length 71.5
        actor loss [-0.015, -0.018, -0.018, -0.021]
        critic loss 1952.189 | entropy 2.886
        credit loss V/B 360.6027 / 387.6747
        raw Aabs [20.959686, 25.59767, 26.828238, 22.33033] | Astd [36.90329, 39.96907, 43.715355, 37.586288] | degenerate [0, 0, 0, 0]
        RDC comp abs S/M/U1/U2/U3 [23.408329, 0.200082, 1.462868, 1.480266, 1.72581] | component return std [92.285316, 0.415904, 3.671568, 3.866539, 4.20824]
[TRAIN] 1,100,208 / 2,000,000 (55.0%)
        elapsed 00:10:22 | speed 562.4 steps/s | ETA 00:26:40
        episodes +730 / total 15117
        return 179.32 | W/B/D 17.3% / 1.5% / 81.2%
        MAV survival 98.5% | UAV survivors 1.99
        Red kills 1.83 | Blue kills 0.78 | ep length 67.4
        actor loss [-0.021, -0.015, -0.016, -0.022]
        critic loss 2681.194 | entropy 2.824
        credit loss V/B 499.7811 / 537.3447
        raw Aabs [35.769657, 41.209442, 36.827576, 38.836372] | Astd [57.263561, 61.678825, 54.953426, 59.368778] | degenerate [0, 0, 0, 0]
        RDC comp abs S/M/U1/U2/U3 [37.798168, 0.219053, 1.824247, 1.666991, 1.963681] | component return std [103.569923, 0.462515, 3.122066, 3.74288, 3.743844]
[TRAIN] 1,151,408 / 2,000,000 (57.6%)
        elapsed 00:11:55 | speed 550.4 steps/s | ETA 00:25:42
        episodes +768 / total 15885
        return 199.09 | W/B/D 17.8% / 1.3% / 80.9%
        MAV survival 98.7% | UAV survivors 2.20
        Red kills 2.00 | Blue kills 0.68 | ep length 66.8
        actor loss [-0.017, -0.017, -0.022, -0.022]
        critic loss 2318.772 | entropy 2.772
        credit loss V/B 435.1065 / 463.1223
        raw Aabs [26.502678, 26.453529, 27.49737, 27.723639] | Astd [47.933765, 48.15411, 49.778267, 49.189045] | degenerate [0, 0, 0, 0]
        RDC comp abs S/M/U1/U2/U3 [26.660383, 0.176822, 1.667299, 1.573663, 1.95796] | component return std [102.586609, 0.35017, 3.830732, 4.091693, 3.959438]
[TRAIN] 1,200,560 / 2,000,000 (60.0%)
        elapsed 00:13:24 | speed 556.0 steps/s | ETA 00:23:58
        episodes +751 / total 16636
        return 229.40 | W/B/D 21.4% / 2.1% / 76.4%
        MAV survival 97.9% | UAV survivors 2.15
        Red kills 2.28 | Blue kills 0.72 | ep length 65.1
        actor loss [-0.018, -0.015, -0.022, -0.027]
        critic loss 2374.819 | entropy 2.720
        credit loss V/B 456.1410 / 482.8301
        raw Aabs [32.860371, 33.764618, 35.932064, 33.362854] | Astd [54.139675, 55.259041, 54.895477, 55.440369] | degenerate [0, 0, 0, 0]
        RDC comp abs S/M/U1/U2/U3 [33.381824, 0.167337, 1.715864, 2.081891, 1.749606] | component return std [120.742805, 0.354172, 4.050797, 4.433187, 3.860893]
[TRAIN] 1,251,760 / 2,000,000 (62.6%)
        elapsed 00:14:54 | speed 566.3 steps/s | ETA 00:22:01
        episodes +811 / total 17447
        return 255.02 | W/B/D 25.6% / 2.5% / 71.9%
        MAV survival 97.5% | UAV survivors 2.08
        Red kills 2.51 | Blue kills 0.81 | ep length 63.3
        actor loss [-0.021, -0.019, -0.018, -0.022]
        critic loss 2491.630 | entropy 2.671
        credit loss V/B 480.2393 / 507.9234
        raw Aabs [27.479637, 30.077576, 30.735462, 28.348969] | Astd [46.996414, 49.536907, 45.985462, 48.128288] | degenerate [0, 0, 0, 0]
        RDC comp abs S/M/U1/U2/U3 [28.584578, 0.177584, 1.969771, 1.624402, 1.891868] | component return std [119.89167, 0.409359, 3.937491, 4.116176, 3.773049]
[CKPT] milestone 1,250,000 crossed at step 1,251,760 | checkpoint_1251760.pt
[EVAL] step 1,251,760 | nearest_red_aircraft
       win 26.0% | blue 0.0% | draw 74.0%
       return 267.59 | Red kills 2.60 | MAV survival 100.0%
[TRAIN] 1,300,912 / 2,000,000 (65.0%)
        elapsed 00:16:21 | speed 565.7 steps/s | ETA 00:20:36
        episodes +790 / total 18237
        return 279.53 | W/B/D 28.7% / 1.3% / 70.0%
        MAV survival 98.7% | UAV survivors 2.13
        Red kills 2.69 | Blue kills 0.83 | ep length 62.2
        actor loss [-0.018, -0.018, -0.024, -0.023]
        critic loss 2416.620 | entropy 2.617
        credit loss V/B 461.7198 / 492.4102
        raw Aabs [25.494015, 27.980064, 25.399202, 26.73395] | Astd [42.193554, 45.176826, 39.995659, 42.623722] | degenerate [0, 0, 0, 0]
        RDC comp abs S/M/U1/U2/U3 [25.990734, 0.16508, 1.954103, 1.66928, 2.125891] | component return std [125.273811, 0.357637, 4.352501, 4.225286, 3.999194]
[TRAIN] 1,350,064 / 2,000,000 (67.5%)
        elapsed 00:17:48 | speed 564.5 steps/s | ETA 00:19:11
        episodes +821 / total 19058
        return 304.33 | W/B/D 34.8% / 1.1% / 64.1%
        MAV survival 98.9% | UAV survivors 2.17
        Red kills 2.87 | Blue kills 0.82 | ep length 59.9
        actor loss [-0.021, -0.021, -0.019, -0.018]
        critic loss 2355.917 | entropy 2.560
        credit loss V/B 445.1694 / 470.2925
        raw Aabs [32.624146, 35.072559, 34.360363, 34.033131] | Astd [51.356586, 52.348782, 49.547352, 51.751213] | degenerate [0, 0, 0, 0]
        RDC comp abs S/M/U1/U2/U3 [33.340309, 0.200125, 1.986666, 1.381594, 2.096839] | component return std [145.240891, 0.410884, 4.437123, 3.031596, 4.061713]
[TRAIN] 1,401,264 / 2,000,000 (70.1%)
        elapsed 00:19:20 | speed 560.9 steps/s | ETA 00:17:48
        episodes +850 / total 19908
        return 300.25 | W/B/D 33.8% / 3.4% / 62.8%
        MAV survival 96.6% | UAV survivors 2.19
        Red kills 2.88 | Blue kills 0.79 | ep length 60.2
        actor loss [-0.021, -0.021, -0.019, -0.019]
        critic loss 2227.968 | entropy 2.508
        credit loss V/B 414.2877 / 438.5961
        raw Aabs [34.766693, 34.224953, 36.298485, 34.57402] | Astd [53.032799, 53.290981, 56.763828, 53.334587] | degenerate [0, 0, 0, 0]
        RDC comp abs S/M/U1/U2/U3 [34.181816, 0.176957, 1.911308, 1.588654, 2.015795] | component return std [137.768875, 0.382567, 4.197381, 3.207222, 4.010162]
[TRAIN] 1,450,416 / 2,000,000 (72.5%)
        elapsed 00:20:41 | speed 604.2 steps/s | ETA 00:15:10
        episodes +819 / total 20727
        return 300.70 | W/B/D 34.2% / 3.2% / 62.6%
        MAV survival 96.8% | UAV survivors 2.09
        Red kills 2.89 | Blue kills 0.89 | ep length 60.2
        actor loss [-0.018, -0.022, -0.022, -0.024]
        critic loss 2156.579 | entropy 2.460
        credit loss V/B 408.1501 / 428.8303
        raw Aabs [28.904779, 29.949842, 28.67024, 28.42008] | Astd [47.125042, 47.63744, 45.191475, 47.197678] | degenerate [0, 0, 0, 0]
        RDC comp abs S/M/U1/U2/U3 [28.741737, 0.173311, 1.935781, 1.463047, 1.787028] | component return std [135.687698, 0.424772, 4.151004, 2.756766, 4.195174]
[TRAIN] 1,501,616 / 2,000,000 (75.1%)
        elapsed 00:22:02 | speed 630.4 steps/s | ETA 00:13:11
        episodes +860 / total 21587
        return 311.83 | W/B/D 36.3% / 3.3% / 60.5%
        MAV survival 96.7% | UAV survivors 2.15
        Red kills 2.97 | Blue kills 0.84 | ep length 59.3
        actor loss [-0.018, -0.024, -0.024, -0.023]
        critic loss 2100.910 | entropy 2.415
        credit loss V/B 397.4251 / 420.8176
        raw Aabs [25.933283, 26.766987, 26.592682, 25.214409] | Astd [43.444691, 43.642803, 40.94334, 41.811398] | degenerate [0, 0, 0, 0]
        RDC comp abs S/M/U1/U2/U3 [25.720245, 0.18208, 1.670118, 1.547966, 1.748199] | component return std [140.521896, 0.397303, 4.391784, 3.113588, 4.088228]
[CKPT] milestone 1,500,000 crossed at step 1,501,616 | checkpoint_1501616.pt
[EVAL] step 1,501,616 | nearest_red_aircraft
       win 26.0% | blue 2.0% | draw 72.0%
       return 295.02 | Red kills 2.90 | MAV survival 98.0%
[TRAIN] 1,550,768 / 2,000,000 (77.5%)
        elapsed 00:23:18 | speed 647.7 steps/s | ETA 00:11:34
        episodes +848 / total 22435
        return 315.82 | W/B/D 39.3% / 2.8% / 57.9%
        MAV survival 97.2% | UAV survivors 2.29
        Red kills 2.96 | Blue kills 0.71 | ep length 57.8
        actor loss [-0.018, -0.021, -0.020, -0.023]
        critic loss 2454.753 | entropy 2.353
        credit loss V/B 465.5296 / 507.5263
        raw Aabs [33.031292, 34.551872, 34.189346, 32.82206] | Astd [58.694038, 59.02182, 59.602634, 57.43066] | degenerate [0, 0, 0, 0]
        RDC comp abs S/M/U1/U2/U3 [33.089649, 0.191633, 1.745072, 1.732343, 2.232562] | component return std [140.752136, 0.379786, 4.502302, 3.006723, 4.277723]
[TRAIN] 1,601,968 / 2,000,000 (80.1%)
        elapsed 00:24:43 | speed 603.1 steps/s | ETA 00:11:00
        episodes +883 / total 23318
        return 325.29 | W/B/D 39.1% / 0.7% / 60.2%
        MAV survival 99.3% | UAV survivors 2.34
        Red kills 3.00 | Blue kills 0.66 | ep length 58.3
        actor loss [-0.028, -0.019, -0.022, -0.017]
        critic loss 1939.756 | entropy 2.314
        credit loss V/B 366.0868 / 390.1984
        raw Aabs [25.969646, 28.197439, 31.258038, 26.729969] | Astd [42.071533, 43.924221, 46.314072, 42.330647] | degenerate [0, 0, 0, 0]
        RDC comp abs S/M/U1/U2/U3 [27.153717, 0.213122, 1.333076, 1.412004, 2.026079] | component return std [147.257904, 0.449845, 4.37169, 2.774226, 4.452537]
[TRAIN] 1,651,120 / 2,000,000 (82.6%)
        elapsed 00:26:05 | speed 595.4 steps/s | ETA 00:09:46
        episodes +852 / total 24170
        return 328.98 | W/B/D 40.7% / 0.5% / 58.8%
        MAV survival 99.5% | UAV survivors 2.22
        Red kills 3.03 | Blue kills 0.78 | ep length 57.6
        actor loss [-0.018, -0.021, -0.023, -0.020]
        critic loss 2070.888 | entropy 2.273
        credit loss V/B 401.2836 / 432.5193
        raw Aabs [35.51614, 35.913883, 36.412827, 35.056] | Astd [49.070354, 49.283329, 47.595947, 48.236897] | degenerate [0, 0, 0, 0]
        RDC comp abs S/M/U1/U2/U3 [34.913525, 0.235306, 1.730776, 1.497265, 2.316002] | component return std [146.977814, 0.48158, 4.203831, 2.621397, 4.210757]
[TRAIN] 1,700,272 / 2,000,000 (85.0%)
        elapsed 00:27:23 | speed 636.1 steps/s | ETA 00:07:51
        episodes +866 / total 25036
        return 329.56 | W/B/D 42.6% / 1.0% / 56.4%
        MAV survival 99.0% | UAV survivors 2.05
        Red kills 3.04 | Blue kills 0.95 | ep length 56.6
        actor loss [-0.020, -0.019, -0.024, -0.020]
        critic loss 2355.592 | entropy 2.242
        credit loss V/B 453.6964 / 502.7002
        raw Aabs [37.907825, 41.491955, 60.78614, 39.818714] | Astd [71.951111, 74.458252, 99.753021, 74.217155] | degenerate [0, 0, 0, 0]
        RDC comp abs S/M/U1/U2/U3 [41.834984, 0.185791, 1.830541, 1.305744, 2.090546] | component return std [139.38765, 0.350433, 4.129941, 1.929446, 4.001359]
[TRAIN] 1,751,472 / 2,000,000 (87.6%)
        elapsed 00:28:44 | speed 631.6 steps/s | ETA 00:06:33
        episodes +904 / total 25940
        return 332.46 | W/B/D 42.5% / 0.8% / 56.7%
        MAV survival 99.2% | UAV survivors 2.07
        Red kills 3.06 | Blue kills 0.92 | ep length 56.8
        actor loss [-0.023, -0.015, -0.028, -0.022]
        critic loss 2123.768 | entropy 2.215
        credit loss V/B 410.2779 / 438.4247
        raw Aabs [31.640335, 31.458315, 34.722179, 31.735851] | Astd [49.423279, 48.902817, 49.630299, 48.547573] | degenerate [0, 0, 0, 0]
        RDC comp abs S/M/U1/U2/U3 [31.570864, 0.189006, 1.742207, 1.306844, 1.93224] | component return std [150.338608, 0.427157, 4.422242, 2.493308, 4.056386]
[CKPT] milestone 1,750,000 crossed at step 1,751,472 | checkpoint_1751472.pt
[EVAL] step 1,751,472 | nearest_red_aircraft
       win 30.0% | blue 2.0% | draw 68.0%
       return 301.50 | Red kills 2.94 | MAV survival 98.0%
[TRAIN] 1,800,624 / 2,000,000 (90.0%)
        elapsed 00:30:01 | speed 636.7 steps/s | ETA 00:05:13
        episodes +867 / total 26807
        return 331.19 | W/B/D 42.9% / 1.2% / 55.9%
        MAV survival 98.8% | UAV survivors 2.06
        Red kills 3.05 | Blue kills 0.95 | ep length 56.5
        actor loss [-0.018, -0.019, -0.019, -0.019]
        critic loss 2286.719 | entropy 2.179
        credit loss V/B 441.1291 / 485.1924
        raw Aabs [31.781643, 38.054707, 46.771492, 34.35183] | Astd [53.263344, 58.504398, 67.505524, 55.335697] | degenerate [0, 0, 0, 0]
        RDC comp abs S/M/U1/U2/U3 [35.596878, 0.201859, 1.665547, 0.990105, 1.873308] | component return std [134.1203, 0.535868, 3.9382, 1.794489, 3.010735]
[TRAIN] 1,851,824 / 2,000,000 (92.6%)
        elapsed 00:31:20 | speed 647.2 steps/s | ETA 00:03:49
        episodes +896 / total 27703
        return 328.71 | W/B/D 42.4% / 0.8% / 56.8%
        MAV survival 99.2% | UAV survivors 2.01
        Red kills 3.03 | Blue kills 0.98 | ep length 57.2
        actor loss [-0.023, -0.016, -0.027, -0.020]
        critic loss 2121.101 | entropy 2.141
        credit loss V/B 414.2327 / 440.2258
        raw Aabs [25.616417, 27.278931, 28.30283, 24.477371] | Astd [40.109329, 40.382877, 42.220524, 38.040977] | degenerate [0, 0, 0, 0]
        RDC comp abs S/M/U1/U2/U3 [25.817446, 0.245203, 1.602912, 1.289551, 1.725364] | component return std [132.905106, 0.482083, 4.466548, 2.282712, 3.507179]
[TRAIN] 1,900,976 / 2,000,000 (95.0%)
        elapsed 00:32:37 | speed 635.8 steps/s | ETA 00:02:36
        episodes +884 / total 28587
        return 341.20 | W/B/D 45.2% / 1.4% / 53.4%
        MAV survival 98.6% | UAV survivors 2.11
        Red kills 3.13 | Blue kills 0.89 | ep length 55.6
        actor loss [-0.021, -0.020, -0.021, -0.023]
        critic loss 2125.146 | entropy 2.097
        credit loss V/B 412.6028 / 440.2130
        raw Aabs [32.689587, 32.590897, 32.833591, 31.720579] | Astd [48.117249, 47.014133, 45.230465, 46.801151] | degenerate [0, 0, 0, 0]
        RDC comp abs S/M/U1/U2/U3 [31.849388, 0.235396, 1.509212, 1.151948, 2.116387] | component return std [151.586426, 0.476448, 3.892621, 2.182032, 3.87048]
[TRAIN] 1,950,128 / 2,000,000 (97.5%)
        elapsed 00:33:57 | speed 616.3 steps/s | ETA 00:01:21
        episodes +869 / total 29456
        return 334.67 | W/B/D 43.7% / 1.6% / 54.7%
        MAV survival 98.4% | UAV survivors 1.98
        Red kills 3.09 | Blue kills 0.99 | ep length 56.4
        actor loss [-0.024, -0.022, -0.021, -0.019]
        critic loss 2178.058 | entropy 2.050
        credit loss V/B 417.1043 / 459.0010
        raw Aabs [29.93092, 30.658188, 27.546972, 32.008636] | Astd [44.925449, 44.689953, 38.902458, 44.962433] | degenerate [0, 0, 0, 0]
        RDC comp abs S/M/U1/U2/U3 [29.797258, 0.229076, 1.695683, 1.028069, 1.870814] | component return std [144.561569, 0.44742, 4.356139, 1.919497, 3.909065]
[TRAIN] 2,000,000 / 2,000,000 (100.0%)
        elapsed 00:35:14 | speed 644.8 steps/s | ETA 00:00:00
        episodes +903 / total 30359
        return 341.15 | W/B/D 46.1% / 2.1% / 51.8%
        MAV survival 97.9% | UAV survivors 1.95
        Red kills 3.15 | Blue kills 1.01 | ep length 55.3
        actor loss [-0.023, -0.022, -0.021, -0.023]
        critic loss 2150.048 | entropy 2.020
        credit loss V/B 415.0520 / 451.0166
        raw Aabs [24.259033, 26.380453, 32.802696, 24.889999] | Astd [36.604977, 38.468513, 42.78455, 38.317043] | degenerate [0, 0, 0, 0]
        RDC comp abs S/M/U1/U2/U3 [25.384361, 0.306306, 1.619012, 0.880679, 2.293313] | component return std [137.06218, 0.740174, 3.928339, 1.57989, 4.268816]
[CKPT] milestone 2,000,000 crossed at step 2,000,000 | checkpoint_2000000.pt
[TRAIN] optimization finished at 2,000,000 steps
[FINAL EVAL] step 2,000,000 | nearest_red_aircraft
       win 45.0% | blue 1.0% | draw 54.0%
       return 342.28 | Red kills 3.16 | MAV survival 99.0%
============================================================
TRAINING COMPLETE
Steps: 2,000,000
Elapsed training time: 00:35:14
Final evaluation time: 00:00:47
Completed episodes: 30359
Final checkpoint: checkpoint_final.pt
Run folder: /mnt/c/Users/HPK/Desktop/2_uav/outputs/rdc_am_happo_v39_main_seed2_750k_20260918_141918
============================================================
