============================================================
RDC_HAPPO TRAINING
Run: rdc_am_happo_v39_main_seed1_750k_20260918_165611
Profile: main
Seed: 1
Device: cuda
Envs: 16
Method: rdc_happo
Critic: mlp
Rollout: 128
Target steps: 2,000,000
Checkpoint interval: 250,000
Evaluation interval: 250,000
Log interval: 50,000
Resume checkpoint: checkpoint_final.pt
Resume steps: 750,000
Target steps: 2,000,000
============================================================
[TRAIN] 801,200 / 2,000,000 (40.1%)
        elapsed 00:01:31 | speed 563.5 steps/s | ETA 00:35:28
        episodes +821 / total 11659
        return 294.06 | W/B/D 32.0% / 0.2% / 67.7%
        MAV survival 99.8% | UAV survivors 2.54
        Red kills 2.78 | Blue kills 0.30 | ep length 62.2
        actor loss [-0.025, -0.020, -0.030, -0.021]
        critic loss 2659.740 | entropy 2.758
        credit loss V/B 510.0159 / 528.7708
        raw Aabs [31.633625, 31.153244, 33.493042, 32.024296] | Astd [49.561516, 49.924969, 51.513058, 50.646828] | degenerate [0, 0, 0, 0]
        RDC comp abs S/M/U1/U2/U3 [31.313496, 0.209366, 2.490553, 2.201348, 1.694699] | component return std [120.364815, 0.379343, 4.615475, 5.482388, 3.552848]
[TRAIN] 850,352 / 2,000,000 (42.5%)
        elapsed 00:03:21 | speed 446.1 steps/s | ETA 00:42:57
        episodes +803 / total 12462
        return 301.93 | W/B/D 34.4% / 0.2% / 65.4%
        MAV survival 99.8% | UAV survivors 2.55
        Red kills 2.83 | Blue kills 0.26 | ep length 61.3
        actor loss [-0.025, -0.023, -0.022, -0.018]
        critic loss 2407.739 | entropy 2.702
        credit loss V/B 445.9168 / 464.9838
        raw Aabs [26.480312, 26.258013, 24.542168, 27.037283] | Astd [43.294567, 43.292202, 41.867035, 44.481907] | degenerate [0, 0, 0, 0]
        RDC comp abs S/M/U1/U2/U3 [25.231848, 0.266535, 2.353263, 2.16941, 1.892446] | component return std [122.905167, 0.408254, 4.812696, 4.899359, 4.0961]
[TRAIN] 901,552 / 2,000,000 (45.1%)
        elapsed 00:05:04 | speed 498.3 steps/s | ETA 00:36:44
        episodes +837 / total 13299
        return 302.41 | W/B/D 33.8% / 0.0% / 66.2%
        MAV survival 100.0% | UAV survivors 2.54
        Red kills 2.84 | Blue kills 0.14 | ep length 61.4
        actor loss [-0.025, -0.022, -0.021, -0.022]
        critic loss 2320.187 | entropy 2.647
        credit loss V/B 429.7002 / 451.5996
        raw Aabs [32.878868, 31.259684, 31.891331, 32.30204] | Astd [49.672443, 47.534981, 47.264904, 49.663116] | degenerate [0, 0, 0, 0]
        RDC comp abs S/M/U1/U2/U3 [31.120203, 0.210465, 2.528502, 2.208506, 1.631661] | component return std [137.751312, 0.368657, 5.094289, 5.259994, 3.941618]
[TRAIN] 950,704 / 2,000,000 (47.5%)
        elapsed 00:06:32 | speed 559.0 steps/s | ETA 00:31:17
        episodes +807 / total 14106
        return 301.28 | W/B/D 35.3% / 0.7% / 63.9%
        MAV survival 99.3% | UAV survivors 2.48
        Red kills 2.83 | Blue kills 0.22 | ep length 60.9
        actor loss [-0.024, -0.017, -0.021, -0.028]
        critic loss 2351.563 | entropy 2.586
        credit loss V/B 446.0916 / 464.6490
        raw Aabs [32.195599, 32.344978, 36.018345, 33.893642] | Astd [49.380707, 50.356541, 53.14378, 52.41338] | degenerate [0, 0, 0, 0]
        RDC comp abs S/M/U1/U2/U3 [32.765831, 0.163379, 2.303274, 1.783511, 1.836439] | component return std [134.378235, 0.326597, 5.028992, 5.184543, 4.077326]
[TRAIN] 1,001,904 / 2,000,000 (50.1%)
        elapsed 00:08:02 | speed 567.0 steps/s | ETA 00:29:20
        episodes +846 / total 14952
        return 293.72 | W/B/D 36.4% / 6.9% / 56.7%
        MAV survival 93.1% | UAV survivors 2.45
        Red kills 2.86 | Blue kills 0.25 | ep length 60.4
        actor loss [-0.025, -0.024, -0.031, -0.021]
        critic loss 2747.410 | entropy 2.521
        credit loss V/B 513.6910 / 533.8627
        raw Aabs [44.099731, 40.594681, 38.806892, 44.13736] | Astd [61.312904, 57.300522, 53.938671, 60.398159] | degenerate [0, 0, 0, 0]
        RDC comp abs S/M/U1/U2/U3 [41.492512, 0.20173, 2.321959, 1.96919, 1.33928] | component return std [143.986389, 0.388428, 5.0408, 5.204018, 3.359651]
[CKPT] milestone 1,000,000 crossed at step 1,001,904 | checkpoint_1001904.pt
[EVAL] step 1,001,904 | nearest_red_aircraft
       win 46.0% | blue 14.0% | draw 40.0%
       return 304.54 | Red kills 3.00 | MAV survival 86.0%
[TRAIN] 1,051,056 / 2,000,000 (52.6%)
        elapsed 00:09:30 | speed 558.3 steps/s | ETA 00:28:20
        episodes +815 / total 15767
        return 278.22 | W/B/D 35.8% / 13.0% / 51.2%
        MAV survival 87.0% | UAV survivors 2.52
        Red kills 2.83 | Blue kills 0.24 | ep length 60.3
        actor loss [-0.026, -0.022, -0.022, -0.029]
        critic loss 3171.054 | entropy 2.453
        credit loss V/B 603.2227 / 619.0316
        raw Aabs [46.119209, 45.838036, 50.667904, 47.819874] | Astd [67.380859, 66.909714, 71.692635, 68.252319] | degenerate [0, 0, 0, 0]
        RDC comp abs S/M/U1/U2/U3 [46.610111, 0.233039, 3.070492, 2.336172, 1.60295] | component return std [136.714279, 0.442159, 5.000422, 4.927387, 3.603351]
[TRAIN] 1,100,208 / 2,000,000 (55.0%)
        elapsed 00:10:47 | speed 637.4 steps/s | ETA 00:23:32
        episodes +814 / total 16581
        return 282.71 | W/B/D 35.1% / 10.2% / 54.7%
        MAV survival 89.8% | UAV survivors 2.41
        Red kills 2.83 | Blue kills 0.29 | ep length 60.3
        actor loss [-0.027, -0.032, -0.022, -0.016]
        critic loss 3026.150 | entropy 2.403
        credit loss V/B 579.8899 / 596.7812
        raw Aabs [35.944458, 36.597099, 39.118965, 37.035194] | Astd [51.852505, 52.147804, 54.548038, 54.063126] | degenerate [0, 0, 0, 0]
        RDC comp abs S/M/U1/U2/U3 [36.247295, 0.176171, 2.996014, 2.296813, 1.500801] | component return std [144.335541, 0.345091, 4.935638, 4.773821, 3.911468]
[TRAIN] 1,151,408 / 2,000,000 (57.6%)
        elapsed 00:12:06 | speed 648.6 steps/s | ETA 00:21:48
        episodes +855 / total 17436
        return 302.58 | W/B/D 36.7% / 5.3% / 58.0%
        MAV survival 94.7% | UAV survivors 2.47
        Red kills 2.91 | Blue kills 0.26 | ep length 59.9
        actor loss [-0.023, -0.023, -0.029, -0.025]
        critic loss 2579.513 | entropy 2.366
        credit loss V/B 482.3474 / 502.5246
        raw Aabs [36.262695, 35.462776, 36.452747, 36.891167] | Astd [54.511936, 55.485634, 55.42144, 56.039242] | degenerate [0, 0, 0, 0]
        RDC comp abs S/M/U1/U2/U3 [35.468624, 0.149858, 2.628365, 2.161417, 1.435256] | component return std [151.455719, 0.276256, 4.830863, 4.752617, 4.035528]
[TRAIN] 1,200,560 / 2,000,000 (60.0%)
        elapsed 00:13:26 | speed 616.3 steps/s | ETA 00:21:37
        episodes +840 / total 18276
        return 307.18 | W/B/D 39.5% / 3.9% / 56.5%
        MAV survival 96.1% | UAV survivors 2.48
        Red kills 2.90 | Blue kills 0.31 | ep length 58.6
        actor loss [-0.023, -0.029, -0.020, -0.017]
        critic loss 2914.323 | entropy 2.348
        credit loss V/B 544.5648 / 571.2649
        raw Aabs [35.115463, 36.177086, 38.935242, 37.193253] | Astd [55.676144, 56.181622, 59.061958, 58.77351] | degenerate [0, 0, 0, 0]
        RDC comp abs S/M/U1/U2/U3 [35.938663, 0.151763, 2.574708, 2.06329, 1.657575] | component return std [135.005981, 0.247435, 4.599712, 4.690055, 3.837423]
[TRAIN] 1,251,760 / 2,000,000 (62.6%)
        elapsed 00:14:46 | speed 636.4 steps/s | ETA 00:19:36
        episodes +864 / total 19140
        return 310.08 | W/B/D 37.7% / 2.8% / 59.5%
        MAV survival 97.2% | UAV survivors 2.48
        Red kills 2.93 | Blue kills 0.28 | ep length 59.3
        actor loss [-0.023, -0.024, -0.020, -0.020]
        critic loss 2483.922 | entropy 2.299
        credit loss V/B 469.1999 / 499.2816
        raw Aabs [28.308708, 27.950523, 34.038166, 29.226612] | Astd [44.997822, 44.713589, 50.100632, 45.550568] | degenerate [0, 0, 0, 0]
        RDC comp abs S/M/U1/U2/U3 [28.796175, 0.149232, 2.53661, 1.948264, 1.531119] | component return std [137.636078, 0.277731, 5.023344, 4.382868, 4.142863]
[CKPT] milestone 1,250,000 crossed at step 1,251,760 | checkpoint_1251760.pt
[EVAL] step 1,251,760 | nearest_red_aircraft
       win 40.0% | blue 0.0% | draw 60.0%
       return 333.04 | Red kills 3.08 | MAV survival 100.0%
[TRAIN] 1,300,912 / 2,000,000 (65.0%)
        elapsed 00:16:05 | speed 622.3 steps/s | ETA 00:18:43
        episodes +843 / total 19983
        return 317.31 | W/B/D 40.3% / 0.4% / 59.3%
        MAV survival 99.6% | UAV survivors 2.44
        Red kills 2.92 | Blue kills 0.30 | ep length 58.2
        actor loss [-0.018, -0.028, -0.022, -0.024]
        critic loss 2441.902 | entropy 2.253
        credit loss V/B 466.6589 / 500.0032
        raw Aabs [35.38707, 34.210262, 41.02919, 38.267025] | Astd [54.216862, 53.124264, 59.515228, 56.546402] | degenerate [0, 0, 0, 0]
        RDC comp abs S/M/U1/U2/U3 [35.972706, 0.184467, 2.957577, 2.114108, 1.546457] | component return std [143.119675, 0.35396, 4.618501, 3.800778, 3.522813]
[TRAIN] 1,350,064 / 2,000,000 (67.5%)
        elapsed 00:17:26 | speed 608.1 steps/s | ETA 00:17:49
        episodes +822 / total 20805
        return 308.65 | W/B/D 36.9% / 0.9% / 62.3%
        MAV survival 99.1% | UAV survivors 2.40
        Red kills 2.89 | Blue kills 0.30 | ep length 59.7
        actor loss [-0.029, -0.020, -0.021, -0.024]
        critic loss 2486.859 | entropy 2.197
        credit loss V/B 477.5341 / 515.6400
        raw Aabs [32.843311, 32.522598, 38.921936, 36.001019] | Astd [51.629093, 51.275394, 56.155052, 53.803658] | degenerate [0, 0, 0, 0]
        RDC comp abs S/M/U1/U2/U3 [34.076027, 0.201505, 2.475856, 1.791793, 1.551697] | component return std [136.690643, 0.44794, 4.92971, 4.595111, 3.243897]
[TRAIN] 1,401,264 / 2,000,000 (70.1%)
        elapsed 00:18:52 | speed 595.0 steps/s | ETA 00:16:46
        episodes +912 / total 21717
        return 325.42 | W/B/D 44.1% / 1.9% / 54.1%
        MAV survival 98.1% | UAV survivors 2.41
        Red kills 2.99 | Blue kills 0.33 | ep length 56.4
        actor loss [-0.028, -0.022, -0.016, -0.020]
        critic loss 2672.654 | entropy 2.151
        credit loss V/B 511.4204 / 554.7182
        raw Aabs [34.156311, 32.833801, 36.402164, 36.281971] | Astd [56.649776, 55.304752, 58.999165, 58.414494] | degenerate [0, 0, 0, 0]
        RDC comp abs S/M/U1/U2/U3 [34.001247, 0.196338, 2.62682, 1.85922, 1.491108] | component return std [151.133911, 0.382459, 5.093442, 4.367036, 3.613008]
[TRAIN] 1,450,416 / 2,000,000 (72.5%)
        elapsed 00:20:14 | speed 602.1 steps/s | ETA 00:15:13
        episodes +845 / total 22562
        return 310.55 | W/B/D 40.7% / 2.0% / 57.3%
        MAV survival 98.0% | UAV survivors 2.38
        Red kills 2.89 | Blue kills 0.34 | ep length 58.1
        actor loss [-0.022, -0.022, -0.025, -0.021]
        critic loss 2681.671 | entropy 2.113
        credit loss V/B 506.1932 / 549.8471
        raw Aabs [39.823906, 41.075417, 44.915657, 45.398212] | Astd [63.045006, 62.673218, 67.95768, 66.948303] | degenerate [0, 0, 0, 0]
        RDC comp abs S/M/U1/U2/U3 [41.721302, 0.154222, 2.856121, 1.788571, 1.872733] | component return std [152.35553, 0.289698, 4.67192, 4.05828, 3.657625]
[TRAIN] 1,501,616 / 2,000,000 (75.1%)
        elapsed 00:21:39 | speed 597.9 steps/s | ETA 00:13:54
        episodes +885 / total 23447
        return 314.09 | W/B/D 41.9% / 0.5% / 57.6%
        MAV survival 99.5% | UAV survivors 2.36
        Red kills 2.88 | Blue kills 0.35 | ep length 57.6
        actor loss [-0.019, -0.023, -0.025, -0.025]
        critic loss 2493.153 | entropy 2.062
        credit loss V/B 477.5311 / 531.3613
        raw Aabs [39.090973, 39.255768, 47.599892, 41.781136] | Astd [61.646969, 62.611652, 68.581047, 64.684021] | degenerate [0, 0, 0, 0]
        RDC comp abs S/M/U1/U2/U3 [40.549549, 0.131855, 2.751944, 1.8855, 1.77094] | component return std [143.836227, 0.242594, 4.75438, 4.188927, 3.678039]
[CKPT] milestone 1,500,000 crossed at step 1,501,616 | checkpoint_1501616.pt
[EVAL] step 1,501,616 | nearest_red_aircraft
       win 40.0% | blue 0.0% | draw 60.0%
       return 320.23 | Red kills 2.96 | MAV survival 100.0%
[TRAIN] 1,550,768 / 2,000,000 (77.5%)
        elapsed 00:22:56 | speed 645.0 steps/s | ETA 00:11:36
        episodes +868 / total 24315
        return 320.13 | W/B/D 42.7% / 0.1% / 57.1%
        MAV survival 99.9% | UAV survivors 2.37
        Red kills 2.93 | Blue kills 0.32 | ep length 57.0
        actor loss [-0.025, -0.025, -0.027, -0.017]
        critic loss 2384.570 | entropy 2.015
        credit loss V/B 456.5547 / 513.5592
        raw Aabs [39.988167, 37.500267, 47.850082, 42.234089] | Astd [56.670589, 54.875114, 61.636757, 58.572224] | degenerate [0, 0, 0, 0]
        RDC comp abs S/M/U1/U2/U3 [40.587208, 0.145478, 2.883954, 2.196827, 1.665089] | component return std [153.592239, 0.294263, 5.050662, 4.35179, 3.856274]
[TRAIN] 1,601,968 / 2,000,000 (80.1%)
        elapsed 00:24:25 | speed 574.5 steps/s | ETA 00:11:33
        episodes +909 / total 25224
        return 330.95 | W/B/D 45.3% / 0.7% / 54.0%
        MAV survival 99.3% | UAV survivors 2.39
        Red kills 3.02 | Blue kills 0.33 | ep length 56.2
        actor loss [-0.025, -0.028, -0.023, -0.023]
        critic loss 2201.162 | entropy 1.991
        credit loss V/B 425.1913 / 460.1635
        raw Aabs [30.654778, 29.982754, 34.821918, 30.294323] | Astd [47.464104, 47.122818, 50.82468, 47.845802] | degenerate [0, 0, 0, 0]
        RDC comp abs S/M/U1/U2/U3 [30.513243, 0.119818, 2.390273, 1.851381, 1.56661] | component return std [153.271179, 0.25531, 4.643888, 4.217701, 3.944036]
[TRAIN] 1,651,120 / 2,000,000 (82.6%)
        elapsed 00:25:48 | speed 590.7 steps/s | ETA 00:09:51
        episodes +866 / total 26090
        return 324.17 | W/B/D 43.1% / 0.0% / 56.9%
        MAV survival 100.0% | UAV survivors 2.43
        Red kills 2.96 | Blue kills 0.26 | ep length 56.6
        actor loss [-0.022, -0.015, -0.025, -0.025]
        critic loss 2441.893 | entropy 1.948
        credit loss V/B 471.1530 / 507.4439
        raw Aabs [34.477989, 34.298454, 39.743942, 35.687332] | Astd [54.539665, 53.793858, 58.285519, 55.946117] | degenerate [0, 0, 0, 0]
        RDC comp abs S/M/U1/U2/U3 [34.866207, 0.113462, 2.627759, 1.937638, 1.567899] | component return std [148.032242, 0.233382, 4.880212, 4.358554, 4.167828]
[TRAIN] 1,700,272 / 2,000,000 (85.0%)
        elapsed 00:27:23 | speed 517.6 steps/s | ETA 00:09:39
        episodes +868 / total 26958
        return 326.66 | W/B/D 43.1% / 0.6% / 56.3%
        MAV survival 99.4% | UAV survivors 2.41
        Red kills 2.99 | Blue kills 0.27 | ep length 56.6
        actor loss [-0.014, -0.028, -0.022, -0.022]
        critic loss 2314.920 | entropy 1.902
        credit loss V/B 443.2137 / 476.8847
        raw Aabs [27.396452, 27.098549, 34.067421, 27.824022] | Astd [45.813095, 45.40134, 51.387573, 46.485458] | degenerate [0, 0, 0, 0]
        RDC comp abs S/M/U1/U2/U3 [28.088533, 0.135303, 2.431982, 1.893424, 1.511347] | component return std [120.738747, 0.265761, 5.305155, 5.503658, 3.454274]
[TRAIN] 1,751,472 / 2,000,000 (87.6%)
        elapsed 00:28:53 | speed 567.3 steps/s | ETA 00:07:18
        episodes +889 / total 27847
        return 313.33 | W/B/D 39.7% / 1.5% / 58.8%
        MAV survival 98.5% | UAV survivors 2.42
        Red kills 2.92 | Blue kills 0.27 | ep length 57.7
        actor loss [-0.020, -0.025, -0.023, -0.020]
        critic loss 2235.418 | entropy 1.849
        credit loss V/B 421.0427 / 452.4875
        raw Aabs [33.723431, 32.415733, 39.868404, 34.918941] | Astd [53.615582, 51.453098, 57.380318, 54.628353] | degenerate [0, 0, 0, 0]
        RDC comp abs S/M/U1/U2/U3 [34.086487, 0.124014, 2.595075, 1.770923, 1.610689] | component return std [146.76712, 0.234215, 5.447717, 4.896748, 3.877736]
[CKPT] milestone 1,750,000 crossed at step 1,751,472 | checkpoint_1751472.pt
[EVAL] step 1,751,472 | nearest_red_aircraft
       win 48.0% | blue 0.0% | draw 52.0%
       return 356.51 | Red kills 3.22 | MAV survival 100.0%
[TRAIN] 1,800,624 / 2,000,000 (90.0%)
        elapsed 00:30:15 | speed 598.1 steps/s | ETA 00:05:33
        episodes +849 / total 28696
        return 315.85 | W/B/D 40.2% / 1.6% / 58.2%
        MAV survival 98.4% | UAV survivors 2.49
        Red kills 2.94 | Blue kills 0.20 | ep length 57.8
        actor loss [-0.017, -0.027, -0.026, -0.026]
        critic loss 2239.813 | entropy 1.790
        credit loss V/B 415.1068 / 445.3402
        raw Aabs [32.142097, 32.321327, 36.525661, 32.029091] | Astd [54.268517, 53.965672, 57.872074, 53.075268] | degenerate [0, 0, 0, 0]
        RDC comp abs S/M/U1/U2/U3 [32.194923, 0.150306, 2.62105, 1.940035, 1.692045] | component return std [135.490753, 0.290079, 4.627087, 4.589744, 3.748657]
[TRAIN] 1,851,824 / 2,000,000 (92.6%)
        elapsed 00:31:43 | speed 584.6 steps/s | ETA 00:04:13
        episodes +863 / total 29559
        return 305.29 | W/B/D 36.3% / 0.6% / 63.2%
        MAV survival 99.4% | UAV survivors 2.42
        Red kills 2.86 | Blue kills 0.27 | ep length 59.5
        actor loss [-0.018, -0.025, -0.019, -0.026]
        critic loss 2099.661 | entropy 1.753
        credit loss V/B 404.9897 / 440.1702
        raw Aabs [33.47504, 31.843491, 36.78022, 33.122658] | Astd [52.127144, 50.242691, 53.321095, 51.02739] | degenerate [0, 0, 0, 0]
        RDC comp abs S/M/U1/U2/U3 [32.80481, 0.111721, 2.495765, 1.989226, 1.602258] | component return std [146.848053, 0.222327, 5.061193, 4.773946, 3.88575]
[TRAIN] 1,900,976 / 2,000,000 (95.0%)
        elapsed 00:33:06 | speed 594.0 steps/s | ETA 00:02:47
        episodes +845 / total 30404
        return 315.08 | W/B/D 39.2% / 0.4% / 60.5%
        MAV survival 99.6% | UAV survivors 2.42
        Red kills 2.92 | Blue kills 0.31 | ep length 58.1
        actor loss [-0.023, -0.025, -0.019, -0.024]
        critic loss 2112.797 | entropy 1.723
        credit loss V/B 405.0019 / 432.3537
        raw Aabs [36.489113, 35.729889, 41.549049, 38.435349] | Astd [55.821739, 55.357964, 61.098164, 57.948578] | degenerate [0, 0, 0, 0]
        RDC comp abs S/M/U1/U2/U3 [36.872814, 0.100399, 2.63365, 1.89228, 1.704921] | component return std [147.962067, 0.219232, 5.039031, 4.654176, 4.089931]
[TRAIN] 1,950,128 / 2,000,000 (97.5%)
        elapsed 00:34:34 | speed 559.5 steps/s | ETA 00:01:29
        episodes +819 / total 31223
        return 292.98 | W/B/D 35.0% / 0.7% / 64.2%
        MAV survival 99.3% | UAV survivors 2.29
        Red kills 2.76 | Blue kills 0.41 | ep length 60.0
        actor loss [-0.024, -0.024, -0.022, -0.020]
        critic loss 2281.747 | entropy 1.684
        credit loss V/B 437.9246 / 477.2139
        raw Aabs [33.742081, 32.75507, 41.05859, 33.370213] | Astd [53.105522, 52.331467, 58.86161, 52.20895] | degenerate [0, 0, 0, 0]
        RDC comp abs S/M/U1/U2/U3 [34.018017, 0.137405, 2.555719, 1.902463, 1.768329] | component return std [151.042343, 0.262175, 4.917196, 4.291914, 4.296567]
[TRAIN] 2,000,000 / 2,000,000 (100.0%)
        elapsed 00:36:01 | speed 572.4 steps/s | ETA 00:00:00
        episodes +856 / total 32079
        return 310.23 | W/B/D 38.6% / 1.4% / 60.0%
        MAV survival 98.6% | UAV survivors 2.31
        Red kills 2.90 | Blue kills 0.40 | ep length 58.4
        actor loss [-0.023, -0.026, -0.023, -0.021]
        critic loss 2235.202 | entropy 1.631
        credit loss V/B 430.4355 / 472.3541
        raw Aabs [27.260145, 26.431936, 29.186947, 27.031635] | Astd [42.565407, 41.419518, 43.579098, 41.957436] | degenerate [0, 0, 0, 0]
        RDC comp abs S/M/U1/U2/U3 [26.731382, 0.094902, 2.269903, 1.629247, 1.532702] | component return std [151.089142, 0.219237, 4.740151, 4.247764, 4.302815]
[CKPT] milestone 2,000,000 crossed at step 2,000,000 | checkpoint_2000000.pt
[TRAIN] optimization finished at 2,000,000 steps
[FINAL EVAL] step 2,000,000 | nearest_red_aircraft
       win 48.0% | blue 1.0% | draw 51.0%
       return 337.41 | Red kills 3.05 | MAV survival 99.0%
============================================================
TRAINING COMPLETE
Steps: 2,000,000
Elapsed training time: 00:36:01
Final evaluation time: 00:00:48
Completed episodes: 32079
Final checkpoint: checkpoint_final.pt
Run folder: /mnt/c/Users/HPK/Desktop/2_uav/outputs/rdc_am_happo_v39_main_seed1_750k_20260918_165611
============================================================
