============================================================
RDC_HAPPO TRAINING
Run: rdc_am_happo_v39_main_seed3_750k_20260918_172417
Profile: main
Seed: 3
Device: cuda
Envs: 16
Method: rdc_happo
Critic: mlp
Rollout: 128
Target steps: 2,000,000
Checkpoint interval: 250,000
Evaluation interval: 250,000
Log interval: 50,000
Resume checkpoint: checkpoint_final.pt
Resume steps: 750,000
Target steps: 2,000,000
============================================================
[TRAIN] 801,200 / 2,000,000 (40.1%)
        elapsed 00:01:31 | speed 564.1 steps/s | ETA 00:35:25
        episodes +733 / total 10926
        return 179.37 | W/B/D 8.0% / 5.9% / 86.1%
        MAV survival 94.1% | UAV survivors 2.77
        Red kills 1.98 | Blue kills 0.21 | ep length 69.7
        actor loss [-0.019, -0.019, -0.023, -0.028]
        critic loss 1914.264 | entropy 2.927
        credit loss V/B 362.2954 / 376.9074
        raw Aabs [24.020798, 24.358873, 23.100302, 26.609055] | Astd [44.86734, 45.09745, 44.700405, 48.40807] | degenerate [0, 0, 0, 0]
        RDC comp abs S/M/U1/U2/U3 [24.06835, 0.223958, 1.789722, 1.730492, 2.174318] | component return std [94.308495, 0.343206, 3.611204, 4.877086, 4.516759]
[TRAIN] 850,352 / 2,000,000 (42.5%)
        elapsed 00:02:54 | speed 588.8 steps/s | ETA 00:32:33
        episodes +723 / total 11649
        return 203.93 | W/B/D 14.2% / 3.0% / 82.7%
        MAV survival 97.0% | UAV survivors 2.51
        Red kills 2.12 | Blue kills 0.39 | ep length 68.3
        actor loss [-0.024, -0.025, -0.022, -0.023]
        critic loss 2196.206 | entropy 2.841
        credit loss V/B 411.0491 / 432.1819
        raw Aabs [24.771135, 27.060116, 25.190264, 27.849335] | Astd [42.669922, 44.348785, 43.056576, 46.194897] | degenerate [0, 0, 0, 0]
        RDC comp abs S/M/U1/U2/U3 [25.598103, 0.205158, 1.493299, 2.249684, 2.151762] | component return std [108.772499, 0.281428, 3.47112, 5.092939, 4.412468]
[TRAIN] 901,552 / 2,000,000 (45.1%)
        elapsed 00:04:17 | speed 616.8 steps/s | ETA 00:29:41
        episodes +752 / total 12401
        return 221.73 | W/B/D 17.0% / 0.5% / 82.4%
        MAV survival 99.5% | UAV survivors 2.34
        Red kills 2.23 | Blue kills 0.45 | ep length 67.9
        actor loss [-0.024, -0.019, -0.018, -0.026]
        critic loss 2159.553 | entropy 2.782
        credit loss V/B 404.1170 / 436.3965
        raw Aabs [27.281635, 31.533821, 28.367355, 29.871134] | Astd [49.085934, 53.714748, 50.41787, 52.732098] | degenerate [0, 0, 0, 0]
        RDC comp abs S/M/U1/U2/U3 [28.612785, 0.176527, 1.549976, 1.933016, 1.963252] | component return std [107.372948, 0.251335, 3.170195, 5.363151, 4.113349]
[TRAIN] 950,704 / 2,000,000 (47.5%)
        elapsed 00:05:41 | speed 584.8 steps/s | ETA 00:29:54
        episodes +770 / total 13171
        return 205.08 | W/B/D 18.7% / 9.4% / 71.9%
        MAV survival 90.6% | UAV survivors 2.32
        Red kills 2.21 | Blue kills 0.51 | ep length 63.9
        actor loss [-0.028, -0.021, -0.029, -0.020]
        critic loss 2954.917 | entropy 2.738
        credit loss V/B 572.0377 / 609.3885
        raw Aabs [25.255388, 27.70685, 24.637707, 27.425312] | Astd [42.485966, 44.698986, 41.277359, 45.456642] | degenerate [0, 0, 0, 0]
        RDC comp abs S/M/U1/U2/U3 [25.974277, 0.169382, 1.494803, 2.091292, 1.741871] | component return std [112.992523, 0.256227, 3.542848, 4.608954, 3.605383]
[TRAIN] 1,001,904 / 2,000,000 (50.1%)
        elapsed 00:07:00 | speed 648.8 steps/s | ETA 00:25:38
        episodes +773 / total 13944
        return 229.82 | W/B/D 18.2% / 3.4% / 78.4%
        MAV survival 96.6% | UAV survivors 2.34
        Red kills 2.35 | Blue kills 0.50 | ep length 66.2
        actor loss [-0.021, -0.020, -0.022, -0.025]
        critic loss 2362.930 | entropy 2.694
        credit loss V/B 448.7363 / 454.5831
        raw Aabs [37.210663, 39.650673, 35.497547, 45.393913] | Astd [66.232063, 67.572433, 63.482815, 75.401466] | degenerate [0, 0, 0, 0]
        RDC comp abs S/M/U1/U2/U3 [38.741241, 0.153402, 1.665257, 1.976563, 1.785801] | component return std [107.11969, 0.26294, 3.26089, 5.34823, 3.461196]
[CKPT] milestone 1,000,000 crossed at step 1,001,904 | checkpoint_1001904.pt
[EVAL] step 1,001,904 | nearest_red_aircraft
       win 16.0% | blue 0.0% | draw 84.0%
       return 221.23 | Red kills 2.24 | MAV survival 100.0%
[TRAIN] 1,051,056 / 2,000,000 (52.6%)
        elapsed 00:08:17 | speed 642.6 steps/s | ETA 00:24:37
        episodes +749 / total 14693
        return 232.47 | W/B/D 19.4% / 4.4% / 76.2%
        MAV survival 95.6% | UAV survivors 2.34
        Red kills 2.38 | Blue kills 0.56 | ep length 65.7
        actor loss [-0.028, -0.021, -0.017, -0.020]
        critic loss 2301.988 | entropy 2.646
        credit loss V/B 433.4804 / 451.8024
        raw Aabs [30.144341, 31.465191, 30.480993, 31.043703] | Astd [45.839451, 47.468269, 45.331642, 44.001705] | degenerate [0, 0, 0, 0]
        RDC comp abs S/M/U1/U2/U3 [30.544687, 0.158457, 1.498209, 2.548173, 1.714897] | component return std [105.050529, 0.260306, 3.599029, 5.7799, 3.61767]
[TRAIN] 1,100,208 / 2,000,000 (55.0%)
        elapsed 00:09:40 | speed 588.9 steps/s | ETA 00:25:28
        episodes +766 / total 15459
        return 246.39 | W/B/D 23.2% / 3.0% / 73.8%
        MAV survival 97.0% | UAV survivors 2.35
        Red kills 2.44 | Blue kills 0.54 | ep length 64.2
        actor loss [-0.021, -0.021, -0.022, -0.021]
        critic loss 2239.683 | entropy 2.591
        credit loss V/B 426.0998 / 446.5355
        raw Aabs [37.014084, 37.834621, 39.6633, 37.294544] | Astd [59.461548, 60.938152, 62.010334, 57.810879] | degenerate [0, 0, 0, 0]
        RDC comp abs S/M/U1/U2/U3 [37.667858, 0.222565, 1.477398, 2.359683, 1.553111] | component return std [122.413971, 0.384282, 3.566962, 5.123979, 2.766057]
[TRAIN] 1,151,408 / 2,000,000 (57.6%)
        elapsed 00:11:04 | speed 612.5 steps/s | ETA 00:23:05
        episodes +773 / total 16232
        return 222.70 | W/B/D 18.4% / 4.4% / 77.2%
        MAV survival 95.6% | UAV survivors 2.37
        Red kills 2.28 | Blue kills 0.60 | ep length 66.0
        actor loss [-0.021, -0.018, -0.026, -0.023]
        critic loss 2193.706 | entropy 2.534
        credit loss V/B 413.0446 / 419.3638
        raw Aabs [36.10173, 35.613388, 39.066143, 36.925522] | Astd [58.258671, 57.103271, 60.684338, 56.311375] | degenerate [0, 0, 0, 0]
        RDC comp abs S/M/U1/U2/U3 [36.362347, 0.213516, 1.388983, 2.116671, 1.887536] | component return std [117.607216, 0.323708, 3.720359, 5.607297, 3.513232]
[TRAIN] 1,200,560 / 2,000,000 (60.0%)
        elapsed 00:12:22 | speed 631.2 steps/s | ETA 00:21:07
        episodes +750 / total 16982
        return 233.96 | W/B/D 21.1% / 4.3% / 74.7%
        MAV survival 95.7% | UAV survivors 2.31
        Red kills 2.37 | Blue kills 0.63 | ep length 65.6
        actor loss [-0.022, -0.022, -0.019, -0.027]
        critic loss 2147.558 | entropy 2.474
        credit loss V/B 409.9900 / 415.6334
        raw Aabs [34.6745, 36.199436, 33.947773, 34.424675] | Astd [55.539589, 57.390614, 55.379101, 55.587055] | degenerate [0, 0, 0, 0]
        RDC comp abs S/M/U1/U2/U3 [34.401066, 0.219875, 1.390176, 2.443955, 1.771023] | component return std [137.239273, 0.398104, 3.58616, 4.950746, 3.150565]
[TRAIN] 1,251,760 / 2,000,000 (62.6%)
        elapsed 00:13:48 | speed 595.2 steps/s | ETA 00:20:57
        episodes +794 / total 17776
        return 249.19 | W/B/D 24.3% / 3.1% / 72.5%
        MAV survival 96.9% | UAV survivors 2.22
        Red kills 2.48 | Blue kills 0.68 | ep length 64.6
        actor loss [-0.024, -0.019, -0.026, -0.025]
        critic loss 2495.557 | entropy 2.430
        credit loss V/B 468.7060 / 494.6032
        raw Aabs [39.443462, 52.238529, 43.56847, 42.155716] | Astd [60.247696, 69.290848, 61.286674, 61.588795] | degenerate [0, 0, 0, 0]
        RDC comp abs S/M/U1/U2/U3 [43.305496, 0.216559, 1.839065, 2.494609, 1.95845] | component return std [138.157547, 0.351756, 3.259004, 5.010427, 3.487316]
[CKPT] milestone 1,250,000 crossed at step 1,251,760 | checkpoint_1251760.pt
[EVAL] step 1,251,760 | nearest_red_aircraft
       win 28.0% | blue 4.0% | draw 68.0%
       return 238.59 | Red kills 2.38 | MAV survival 96.0%
[TRAIN] 1,300,912 / 2,000,000 (65.0%)
        elapsed 00:15:05 | speed 637.1 steps/s | ETA 00:18:17
        episodes +751 / total 18527
        return 244.67 | W/B/D 21.4% / 2.9% / 75.6%
        MAV survival 97.1% | UAV survivors 2.33
        Red kills 2.44 | Blue kills 0.60 | ep length 65.7
        actor loss [-0.025, -0.019, -0.023, -0.028]
        critic loss 2137.508 | entropy 2.385
        credit loss V/B 401.5403 / 411.3286
        raw Aabs [34.648575, 34.713211, 35.803848, 34.418087] | Astd [53.45438, 53.861599, 54.339531, 52.064957] | degenerate [0, 0, 0, 0]
        RDC comp abs S/M/U1/U2/U3 [34.415379, 0.277686, 1.487516, 2.256849, 1.846951] | component return std [105.172371, 0.427942, 3.331043, 5.630813, 3.676773]
[TRAIN] 1,350,064 / 2,000,000 (67.5%)
        elapsed 00:16:22 | speed 640.1 steps/s | ETA 00:16:55
        episodes +759 / total 19286
        return 230.62 | W/B/D 21.7% / 8.4% / 69.8%
        MAV survival 91.6% | UAV survivors 2.26
        Red kills 2.41 | Blue kills 0.69 | ep length 64.8
        actor loss [-0.024, -0.020, -0.028, -0.028]
        critic loss 2470.641 | entropy 2.340
        credit loss V/B 466.9442 / 470.4029
        raw Aabs [38.735275, 39.618824, 42.181496, 35.20229] | Astd [59.364792, 59.801853, 62.037529, 52.93111] | degenerate [0, 0, 0, 0]
        RDC comp abs S/M/U1/U2/U3 [38.951473, 0.242432, 1.492616, 1.889777, 1.502937] | component return std [122.521111, 0.43125, 3.488118, 5.095229, 3.087549]
[TRAIN] 1,401,264 / 2,000,000 (70.1%)
        elapsed 00:17:43 | speed 631.4 steps/s | ETA 00:15:48
        episodes +798 / total 20084
        return 236.75 | W/B/D 23.9% / 8.8% / 67.3%
        MAV survival 91.2% | UAV survivors 2.27
        Red kills 2.45 | Blue kills 0.67 | ep length 63.9
        actor loss [-0.025, -0.020, -0.029, -0.021]
        critic loss 2486.750 | entropy 2.295
        credit loss V/B 465.6451 / 483.5637
        raw Aabs [32.354492, 35.831562, 33.946815, 35.051151] | Astd [48.667336, 51.901207, 50.32362, 51.899151] | degenerate [0, 0, 0, 0]
        RDC comp abs S/M/U1/U2/U3 [33.821518, 0.161823, 1.839129, 2.266115, 2.001293] | component return std [115.457138, 0.286181, 3.586786, 5.480937, 3.641666]
[TRAIN] 1,450,416 / 2,000,000 (72.5%)
        elapsed 00:19:03 | speed 615.1 steps/s | ETA 00:14:53
        episodes +779 / total 20863
        return 271.23 | W/B/D 27.2% / 3.0% / 69.8%
        MAV survival 97.0% | UAV survivors 2.28
        Red kills 2.65 | Blue kills 0.67 | ep length 63.3
        actor loss [-0.023, -0.015, -0.024, -0.024]
        critic loss 2284.296 | entropy 2.254
        credit loss V/B 436.8580 / 448.4673
        raw Aabs [38.982399, 38.235867, 40.161358, 41.785336] | Astd [55.081261, 55.420567, 56.092545, 54.511509] | degenerate [0, 0, 0, 0]
        RDC comp abs S/M/U1/U2/U3 [39.065811, 0.188824, 1.66219, 2.050081, 1.867811] | component return std [126.631096, 0.337562, 3.700924, 5.101694, 3.640734]
[TRAIN] 1,501,616 / 2,000,000 (75.1%)
        elapsed 00:20:27 | speed 603.8 steps/s | ETA 00:13:45
        episodes +800 / total 21663
        return 248.91 | W/B/D 24.8% / 7.8% / 67.5%
        MAV survival 92.2% | UAV survivors 2.23
        Red kills 2.55 | Blue kills 0.74 | ep length 63.9
        actor loss [-0.028, -0.019, -0.025, -0.022]
        critic loss 2495.701 | entropy 2.212
        credit loss V/B 475.1048 / 494.6810
        raw Aabs [39.159279, 40.516254, 42.621666, 43.957726] | Astd [54.882702, 56.340946, 58.978497, 59.22298] | degenerate [0, 0, 0, 0]
        RDC comp abs S/M/U1/U2/U3 [40.963615, 0.215631, 1.798246, 2.068858, 1.869665] | component return std [120.749557, 0.347976, 3.846428, 5.117841, 3.735836]
[CKPT] milestone 1,500,000 crossed at step 1,501,616 | checkpoint_1501616.pt
[EVAL] step 1,501,616 | nearest_red_aircraft
       win 34.0% | blue 2.0% | draw 64.0%
       return 297.31 | Red kills 2.84 | MAV survival 98.0%
[TRAIN] 1,550,768 / 2,000,000 (77.5%)
        elapsed 00:21:47 | speed 614.1 steps/s | ETA 00:12:12
        episodes +769 / total 22432
        return 259.03 | W/B/D 26.7% / 3.1% / 70.2%
        MAV survival 96.9% | UAV survivors 2.37
        Red kills 2.53 | Blue kills 0.62 | ep length 64.0
        actor loss [-0.016, -0.023, -0.026, -0.024]
        critic loss 2496.768 | entropy 2.165
        credit loss V/B 466.8126 / 486.8856
        raw Aabs [36.347301, 38.334053, 38.382454, 36.046082] | Astd [56.579754, 58.820255, 57.439709, 55.630154] | degenerate [0, 0, 0, 0]
        RDC comp abs S/M/U1/U2/U3 [36.893791, 0.227846, 1.511391, 2.302029, 2.182273] | component return std [118.010712, 0.38802, 3.516067, 5.294347, 4.336813]
[TRAIN] 1,601,968 / 2,000,000 (80.1%)
        elapsed 00:23:11 | speed 614.1 steps/s | ETA 00:10:48
        episodes +805 / total 23237
        return 272.21 | W/B/D 29.3% / 3.0% / 67.7%
        MAV survival 97.0% | UAV survivors 2.24
        Red kills 2.64 | Blue kills 0.77 | ep length 63.6
        actor loss [-0.025, -0.019, -0.023, -0.020]
        critic loss 2406.203 | entropy 2.110
        credit loss V/B 449.4853 / 478.7819
        raw Aabs [37.445442, 37.943771, 36.191517, 37.341358] | Astd [54.387791, 53.62077, 50.996258, 53.3871] | degenerate [0, 0, 0, 0]
        RDC comp abs S/M/U1/U2/U3 [36.790184, 0.238782, 1.701587, 2.19138, 2.133209] | component return std [124.171295, 0.35289, 3.70738, 5.228045, 3.98961]
[TRAIN] 1,651,120 / 2,000,000 (82.6%)
        elapsed 00:24:27 | speed 642.6 steps/s | ETA 00:09:03
        episodes +784 / total 24021
        return 276.55 | W/B/D 30.2% / 2.0% / 67.7%
        MAV survival 98.0% | UAV survivors 2.26
        Red kills 2.65 | Blue kills 0.74 | ep length 62.6
        actor loss [-0.024, -0.016, -0.022, -0.026]
        critic loss 2372.417 | entropy 2.059
        credit loss V/B 455.3751 / 482.6571
        raw Aabs [30.869997, 32.231113, 29.698553, 32.390133] | Astd [45.822269, 46.619183, 44.921272, 46.360069] | degenerate [0, 0, 0, 0]
        RDC comp abs S/M/U1/U2/U3 [30.868853, 0.220313, 1.727657, 1.918107, 2.033735] | component return std [115.172333, 0.392103, 3.729883, 5.065573, 3.578342]
[TRAIN] 1,700,272 / 2,000,000 (85.0%)
        elapsed 00:25:46 | speed 621.9 steps/s | ETA 00:08:02
        episodes +764 / total 24785
        return 269.90 | W/B/D 26.4% / 2.2% / 71.3%
        MAV survival 97.8% | UAV survivors 2.19
        Red kills 2.63 | Blue kills 0.81 | ep length 64.3
        actor loss [-0.016, -0.021, -0.024, -0.021]
        critic loss 2206.035 | entropy 2.004
        credit loss V/B 424.4944 / 449.9007
        raw Aabs [30.770815, 31.429304, 29.039057, 32.63319] | Astd [48.42173, 48.747555, 45.600761, 51.55151] | degenerate [0, 0, 0, 0]
        RDC comp abs S/M/U1/U2/U3 [30.714571, 0.240041, 1.766211, 2.320304, 1.941796] | component return std [111.040848, 0.4117, 3.82842, 5.475474, 3.625385]
[TRAIN] 1,751,472 / 2,000,000 (87.6%)
        elapsed 00:27:07 | speed 636.6 steps/s | ETA 00:06:30
        episodes +802 / total 25587
        return 273.01 | W/B/D 28.6% / 1.6% / 69.8%
        MAV survival 98.4% | UAV survivors 2.23
        Red kills 2.63 | Blue kills 0.78 | ep length 63.9
        actor loss [-0.025, -0.020, -0.024, -0.020]
        critic loss 2229.155 | entropy 1.970
        credit loss V/B 430.0772 / 442.7192
        raw Aabs [34.819263, 36.324036, 33.606888, 37.923561] | Astd [53.651443, 54.477032, 51.911842, 56.572361] | degenerate [0, 0, 0, 0]
        RDC comp abs S/M/U1/U2/U3 [35.084316, 0.248725, 1.768103, 2.005286, 1.89428] | component return std [121.687172, 0.436801, 3.492545, 5.392694, 3.231989]
[CKPT] milestone 1,750,000 crossed at step 1,751,472 | checkpoint_1751472.pt
[EVAL] step 1,751,472 | nearest_red_aircraft
       win 34.0% | blue 2.0% | draw 64.0%
       return 285.09 | Red kills 2.72 | MAV survival 98.0%
[TRAIN] 1,800,624 / 2,000,000 (90.0%)
        elapsed 00:28:23 | speed 640.9 steps/s | ETA 00:05:11
        episodes +774 / total 26361
        return 269.71 | W/B/D 28.7% / 3.0% / 68.3%
        MAV survival 97.0% | UAV survivors 2.19
        Red kills 2.62 | Blue kills 0.81 | ep length 63.5
        actor loss [-0.021, -0.021, -0.026, -0.024]
        critic loss 2246.196 | entropy 1.922
        credit loss V/B 435.4002 / 460.0609
        raw Aabs [34.057274, 36.074936, 39.618973, 36.716084] | Astd [48.790043, 51.233829, 55.427185, 54.041367] | degenerate [0, 0, 0, 0]
        RDC comp abs S/M/U1/U2/U3 [35.866169, 0.272779, 1.696078, 2.232811, 1.689927] | component return std [134.994965, 0.484155, 3.895, 5.427989, 2.953453]
[TRAIN] 1,851,824 / 2,000,000 (92.6%)
        elapsed 00:29:43 | speed 645.2 steps/s | ETA 00:03:50
        episodes +820 / total 27181
        return 271.13 | W/B/D 30.7% / 2.6% / 66.7%
        MAV survival 97.4% | UAV survivors 2.19
        Red kills 2.61 | Blue kills 0.83 | ep length 62.6
        actor loss [-0.022, -0.017, -0.020, -0.028]
        critic loss 2667.778 | entropy 1.887
        credit loss V/B 514.4157 / 556.2411
        raw Aabs [28.941471, 31.082851, 31.147837, 26.568453] | Astd [45.137897, 47.334423, 48.13715, 42.238972] | degenerate [0, 0, 0, 0]
        RDC comp abs S/M/U1/U2/U3 [29.114973, 0.241506, 1.794193, 2.161677, 1.863356] | component return std [126.286163, 0.376177, 3.800195, 4.913467, 3.227967]
[TRAIN] 1,900,976 / 2,000,000 (95.0%)
        elapsed 00:31:00 | speed 639.4 steps/s | ETA 00:02:35
        episodes +783 / total 27964
        return 256.06 | W/B/D 28.9% / 5.0% / 66.2%
        MAV survival 95.0% | UAV survivors 2.18
        Red kills 2.53 | Blue kills 0.83 | ep length 62.8
        actor loss [-0.023, -0.019, -0.024, -0.022]
        critic loss 2581.532 | entropy 1.840
        credit loss V/B 507.1609 / 537.6892
        raw Aabs [43.331997, 52.242599, 48.585018, 40.946793] | Astd [64.547447, 70.454346, 66.17485, 61.632271] | degenerate [0, 0, 0, 0]
        RDC comp abs S/M/U1/U2/U3 [45.729408, 0.19154, 1.784945, 2.362926, 2.133038] | component return std [131.443527, 0.332473, 3.397861, 4.748072, 3.568704]
[TRAIN] 1,950,128 / 2,000,000 (97.5%)
        elapsed 00:32:17 | speed 635.3 steps/s | ETA 00:01:19
        episodes +777 / total 28741
        return 244.39 | W/B/D 26.9% / 5.9% / 67.2%
        MAV survival 94.1% | UAV survivors 2.09
        Red kills 2.46 | Blue kills 0.92 | ep length 63.1
        actor loss [-0.021, -0.020, -0.023, -0.019]
        critic loss 2780.870 | entropy 1.798
        credit loss V/B 531.5338 / 580.6551
        raw Aabs [32.046021, 35.108208, 31.492973, 33.444836] | Astd [48.69854, 51.791328, 47.781857, 51.432228] | degenerate [0, 0, 0, 0]
        RDC comp abs S/M/U1/U2/U3 [32.636356, 0.220244, 1.687998, 2.039024, 1.908514] | component return std [123.363007, 0.365617, 3.369209, 4.454356, 3.163757]
[TRAIN] 2,000,000 / 2,000,000 (100.0%)
        elapsed 00:33:37 | speed 626.9 steps/s | ETA 00:00:00
        episodes +797 / total 29538
        return 268.57 | W/B/D 29.9% / 4.8% / 65.4%
        MAV survival 95.2% | UAV survivors 2.24
        Red kills 2.63 | Blue kills 0.78 | ep length 62.6
        actor loss [-0.024, -0.019, -0.025, -0.020]
        critic loss 2471.840 | entropy 1.747
        credit loss V/B 485.7212 / 511.0885
        raw Aabs [36.556385, 35.974724, 33.793488, 33.808544] | Astd [51.149677, 50.236946, 47.205635, 45.943535] | degenerate [0, 0, 0, 0]
        RDC comp abs S/M/U1/U2/U3 [34.749096, 0.243947, 1.499109, 2.257716, 1.798559] | component return std [116.02301, 0.388624, 3.491289, 4.350513, 3.186728]
[CKPT] milestone 2,000,000 crossed at step 2,000,000 | checkpoint_2000000.pt
[TRAIN] optimization finished at 2,000,000 steps
[FINAL EVAL] step 2,000,000 | nearest_red_aircraft
       win 31.0% | blue 1.0% | draw 68.0%
       return 267.58 | Red kills 2.55 | MAV survival 99.0%
============================================================
TRAINING COMPLETE
Steps: 2,000,000
Elapsed training time: 00:33:37
Final evaluation time: 00:00:55
Completed episodes: 29538
Final checkpoint: checkpoint_final.pt
Run folder: /mnt/c/Users/HPK/Desktop/2_uav/outputs/rdc_am_happo_v39_main_seed3_750k_20260918_172417
============================================================
