====================================================================================
V3.8 SEED4 POLICY NOISE-SCALE SWEEP
====================================================================================
checkpoint : /mnt/c/Users/HPK/Desktop/2_uav/outputs/happo_v38_coupled_main_seed4_750k_20260916_154023/checkpoint_final.pt
device     : cuda
profile    : main
episodes   : 100 / alpha
env seeds  : 1000-1099
alphas     : [0.0, 0.25, 0.5, 0.75, 1.0]
====================================================================================

FINAL POLICY STD
MAV   log_std=[-0.2793999910354614, -0.334199994802475, -0.44269999861717224] std=[0.7562000155448914, 0.7159000039100647, 0.642300009727478]
UAV1  log_std=[-0.4260999858379364, -0.34310001134872437, -0.41119998693466187] std=[0.6531000137329102, 0.7095000147819519, 0.6628000140190125]
UAV2  log_std=[-0.3693999946117401, -0.5054000020027161, -0.3939000070095062] std=[0.6912000179290771, 0.6032000184059143, 0.6743999719619751]
UAV3  log_std=[-0.2858999967575073, -0.46140000224113464, -0.33009999990463257] std=[0.7512999773025513, 0.6304000020027161, 0.7189000248908997]

------------------------------------------------------------------------------------
RUN ALPHA = 0.00
------------------------------------------------------------------------------------
[alpha=0.00]  20/100 | kills=0.100 | MAV=0.850
[alpha=0.00]  40/100 | kills=0.150 | MAV=0.700
[alpha=0.00]  60/100 | kills=0.100 | MAV=0.700
[alpha=0.00]  80/100 | kills=0.200 | MAV=0.738
[alpha=0.00] 100/100 | kills=0.210 | MAV=0.730

------------------------------------------------------------------------------------
RUN ALPHA = 0.25
------------------------------------------------------------------------------------
[alpha=0.25]  20/100 | kills=0.250 | MAV=0.550
[alpha=0.25]  40/100 | kills=0.225 | MAV=0.575
[alpha=0.25]  60/100 | kills=0.217 | MAV=0.533
[alpha=0.25]  80/100 | kills=0.287 | MAV=0.588
[alpha=0.25] 100/100 | kills=0.350 | MAV=0.630

------------------------------------------------------------------------------------
RUN ALPHA = 0.50
------------------------------------------------------------------------------------
[alpha=0.50]  20/100 | kills=1.000 | MAV=0.750
[alpha=0.50]  40/100 | kills=0.800 | MAV=0.875
[alpha=0.50]  60/100 | kills=0.850 | MAV=0.817
[alpha=0.50]  80/100 | kills=0.938 | MAV=0.812
[alpha=0.50] 100/100 | kills=0.980 | MAV=0.830

------------------------------------------------------------------------------------
RUN ALPHA = 0.75
------------------------------------------------------------------------------------
[alpha=0.75]  20/100 | kills=1.450 | MAV=0.950
[alpha=0.75]  40/100 | kills=1.200 | MAV=0.975
[alpha=0.75]  60/100 | kills=1.333 | MAV=0.967
[alpha=0.75]  80/100 | kills=1.300 | MAV=0.963
[alpha=0.75] 100/100 | kills=1.370 | MAV=0.970

------------------------------------------------------------------------------------
RUN ALPHA = 1.00
------------------------------------------------------------------------------------
[alpha=1.00]  20/100 | kills=1.650 | MAV=1.000
[alpha=1.00]  40/100 | kills=1.300 | MAV=1.000
[alpha=1.00]  60/100 | kills=1.417 | MAV=1.000
[alpha=1.00]  80/100 | kills=1.337 | MAV=1.000
[alpha=1.00] 100/100 | kills=1.440 | MAV=1.000


====================================================================================================================
NOISE-SCALE SWEEP SUMMARY
====================================================================================================================
 alpha    return    Rwin    Bwin    draw    kills     MAV    full   hold2   hold3   |a-mu|     sat
--------------------------------------------------------------------------------------------------
  0.00    -35.53   0.000   0.270   0.730    0.210   0.730   0.380   0.290   0.160    0.000   0.135
  0.25    -41.37   0.000   0.370   0.630    0.350   0.630   0.510   0.390   0.270    0.074   0.145
  0.50     64.50   0.030   0.170   0.800    0.980   0.830   0.690   0.610   0.560    0.145   0.166
  0.75    135.09   0.060   0.030   0.910    1.370   0.970   0.840   0.790   0.720    0.212   0.182
  1.00    148.92   0.070   0.000   0.930    1.440   1.000   0.830   0.820   0.750    0.273   0.207

====================================================================================
PAIRED COMPARISON AGAINST ALPHA = 0
====================================================================================
alpha=0.25 | mean Δkills=+0.140 | kills better=0.170 | kills equal=0.770 | kills worse=0.060 | MAV saved=0.060 | MAV lost=0.160
alpha=0.50 | mean Δkills=+0.770 | kills better=0.500 | kills equal=0.490 | kills worse=0.010 | MAV saved=0.190 | MAV lost=0.090
alpha=0.75 | mean Δkills=+1.160 | kills better=0.680 | kills equal=0.310 | kills worse=0.010 | MAV saved=0.260 | MAV lost=0.020
alpha=1.00 | mean Δkills=+1.230 | kills better=0.690 | kills equal=0.280 | kills worse=0.030 | MAV saved=0.270 | MAV lost=0.000

====================================================================================
KILL-PERFORMANCE RECOVERY
====================================================================================
alpha=0.00 | kills=0.210 | recovery_vs_[0,1]=0.000
alpha=0.25 | kills=0.350 | recovery_vs_[0,1]=0.114
alpha=0.50 | kills=0.980 | recovery_vs_[0,1]=0.626
alpha=0.75 | kills=1.370 | recovery_vs_[0,1]=0.943
alpha=1.00 | kills=1.440 | recovery_vs_[0,1]=1.000

====================================================================================
Saved: /mnt/c/Users/HPK/Desktop/2_uav/outputs/happo_v38_coupled_main_seed4_750k_20260916_154023/noise_scale_sweep_seed1000_1099.json
====================================================================================
