
====================================================================================================
RUNNING seed2
checkpoint: /mnt/c/Users/HPK/Desktop/2_uav/outputs/happo_v39_global_main_seed2_750k_20260917_144949/checkpoint_final.pt
====================================================================================================

FINAL ACTOR DISTRIBUTIONS
MAV   | log_std=[-0.22540000081062317, -0.4560999870300293, -0.35830000042915344] | std=[0.7982000112533569, 0.6338000297546387, 0.6988999843597412]
UAV1  | log_std=[-0.3179999887943268, -0.40049999952316284, -0.30869999527931213] | std=[0.7275999784469604, 0.6700000166893005, 0.7343999743461609]
UAV2  | log_std=[-0.2689000070095062, -0.3569999933242798, -0.3336000144481659] | std=[0.76419997215271, 0.6998000144958496, 0.7163000106811523]
UAV3  | log_std=[-0.3208000063896179, -0.5203999876976013, -0.2728999853134155] | std=[0.725600004196167, 0.5942999720573425, 0.7612000107765198]
seed2:  20/100 | kills=0.000
seed2:  40/100 | kills=0.000
seed2:  60/100 | kills=0.000
seed2:  80/100 | kills=0.000
seed2: 100/100 | kills=0.000

====================================================================================================
RUNNING seed3
checkpoint: /mnt/c/Users/HPK/Desktop/2_uav/outputs/happo_v39_global_main_seed3_750k_20260917_152129/checkpoint_final.pt
====================================================================================================

FINAL ACTOR DISTRIBUTIONS
MAV   | log_std=[-0.4147000014781952, -0.3952000141143799, -0.6092000007629395] | std=[0.6606000065803528, 0.6735000014305115, 0.5437999963760376]
UAV1  | log_std=[-0.4982999861240387, -0.5049999952316284, -0.5529000163078308] | std=[0.6075000166893005, 0.6035000085830688, 0.5752999782562256]
UAV2  | log_std=[-0.5152999758720398, -0.4986000061035156, -0.5357999801635742] | std=[0.5972999930381775, 0.6074000000953674, 0.5852000117301941]
UAV3  | log_std=[-0.511900007724762, -0.5097000002861023, -0.649399995803833] | std=[0.599399983882904, 0.6007000207901001, 0.5224000215530396]
seed3:  20/100 | kills=2.900
seed3:  40/100 | kills=2.925
seed3:  60/100 | kills=3.050
seed3:  80/100 | kills=2.938
seed3: 100/100 | kills=2.960


====================================================================================================================
V3.9 SEED2 vs SEED3 STOCHASTIC GEOMETRY-BASIN DIAGNOSIS
====================================================================================================================
metric                                                        seed2              seed3        seed3-seed2
--------------------------------------------------------------------------------------------------------------------
mean_episode_return                                      -21.002480         318.188461         339.190941
red_win_rate                                               0.000000           0.410000           0.410000
blue_win_rate                                              0.000000           0.030000           0.030000
draw_rate                                                  1.000000           0.560000          -0.440000
MAV_survival_rate                                          1.000000           0.970000          -0.030000
mean_UAV_survivors                                         2.990000           2.740000          -0.250000
mean_red_attack_kills                                      0.000000           2.960000           2.960000
mean_blue_attack_kills                                     0.010000           0.240000           0.230000
mean_selected_distance_m                               11048.118099        7091.370514       -3956.747586
median_selected_distance_m                              9658.540931        5666.616691       -3991.924239
distance_lt_1km_rate                                       0.017320           0.033086           0.015766
distance_1_3km_rate                                        0.140657           0.263764           0.123107
distance_3_6km_rate                                        0.139586           0.231339           0.091754
distance_6_9km_rate                                        0.171056           0.213010           0.041953
distance_gt_9km_rate                                       0.531381           0.258801          -0.272580
target_none_rate_alive_with_enemy                          0.001738           0.073906           0.072168
mean_legacy_RA                                            -0.078904          -0.029629           0.049274
legacy_RA_negative_rate                                    0.595036           0.586686          -0.008350
mean_QA                                                    0.460548           0.485185           0.024637
mean_RD                                                    0.293628           0.490891           0.197262
mean_RAD                                                  -0.361081          -0.237449           0.123632
mean_ATA_deg                                             120.847841          94.434513         -26.413328
mean_AA_deg                                               73.354840          90.898796          17.543956
ATA_lt_30_rate                                             0.139273           0.256286           0.117013
AA_lt_90_rate                                              0.678779           0.538777          -0.140002
joint_angle_condition_rate                                 0.000000           0.052872           0.052872
distance_gate_condition_rate                               0.140657           0.263764           0.123107
selected_target_full_gate_step_rate                        0.000000           0.030307           0.030307
uav_full_gate_episode_rate                                 0.000000           0.970000           0.970000
uav_hold2_episode_rate                                     0.000000           0.960000           0.960000
uav_hold3_episode_rate                                     0.000000           0.950000           0.950000
mean_uav_attack_events                                     0.000000           2.960000           2.960000
mean_active_uav_process                                   -0.361323          -0.242820           0.118503
mean_selected_process                                     -0.361081          -0.222296           0.138785
mean_mav_process_reward_sum                               -2.525528          -1.102835           1.422694
mean_uav_process_reward_sum                              -27.028130         -13.207773          13.820357
mean_shared_event_reward_sum                              -0.100000         290.400000         290.500000
mean_shared_terminal_reward_sum                            0.000000          38.000000          38.000000


====================================================================================================================
PER-UAV ROLE GEOMETRY
====================================================================================================================

--------------------------------------------------------------------------------------------------------------------
UAV1
--------------------------------------------------------------------------------------------------------------------
metric                                                seed2              seed3        seed3-seed2
target_none_rate                                   0.001747           0.078516           0.076769
mean_active_process                               -0.353848          -0.367358          -0.013510
mean_selected_process                             -0.353592          -0.356056          -0.002464
mean_distance_m                                10485.523125        9174.198893       -1311.324232
median_distance_m                              10273.041318        7840.142570       -2432.898748
mean_QA                                            0.482685           0.407975          -0.074710
mean_RD                                            0.286586           0.347425           0.060839
mean_RAD                                          -0.353592          -0.356056          -0.002464
mean_legacy_RA                                    -0.034630          -0.184050          -0.149420
mean_RV                                            0.149297           0.144514          -0.004783
mean_ATA_deg                                     113.893446         120.274495           6.381049
mean_AA_deg                                       72.339935          92.854571          20.514636
distance_1_3km_rate                                0.152800           0.162547           0.009747
joint_angle_rate                                   0.000000           0.000000           0.000000
full_gate_step_rate                                0.000000           0.000000           0.000000

--------------------------------------------------------------------------------------------------------------------
UAV2
--------------------------------------------------------------------------------------------------------------------
metric                                                seed2              seed3        seed3-seed2
target_none_rate                                   0.001733           0.067106           0.065372
mean_active_process                               -0.354257          -0.338238           0.016019
mean_selected_process                             -0.354004          -0.326602           0.027402
mean_distance_m                                11338.241133        8198.003892       -3140.237241
median_distance_m                               7704.251803        6712.121570        -992.130233
mean_QA                                            0.443558           0.413526          -0.030032
mean_RD                                            0.320456           0.407086           0.086631
mean_RAD                                          -0.354004          -0.326602           0.027402
mean_legacy_RA                                    -0.112884          -0.172947          -0.060063
mean_RV                                            0.144855           0.159654           0.014800
mean_ATA_deg                                     125.803169         111.580500         -14.222668
mean_AA_deg                                       74.516002          99.550024          25.034021
distance_1_3km_rate                                0.135702           0.179170           0.043468
joint_angle_rate                                   0.000000           0.000000           0.000000
full_gate_step_rate                                0.000000           0.000000           0.000000

--------------------------------------------------------------------------------------------------------------------
UAV3
--------------------------------------------------------------------------------------------------------------------
metric                                                seed2              seed3        seed3-seed2
target_none_rate                                   0.001733           0.075022           0.073289
mean_active_process                               -0.375804          -0.033598           0.342205
mean_selected_process                             -0.375588           0.004230           0.379818
mean_distance_m                                11316.156608        4011.682343       -7304.474266
median_distance_m                              10304.521562        3210.715581       -7093.805981
mean_QA                                            0.455576           0.625846           0.170270
mean_RD                                            0.273788           0.709576           0.435788
mean_RAD                                          -0.375588          -0.039472           0.336116
mean_legacy_RA                                    -0.088848           0.251692           0.340540
mean_RV                                            0.163465          -0.911892          -1.075357
mean_ATA_deg                                     122.792105          53.272085         -69.520020
mean_AA_deg                                       73.200586          81.423376           8.222790
distance_1_3km_rate                                0.133565           0.440076           0.306511
joint_angle_rate                                   0.000000           0.152481           0.152481
full_gate_step_rate                                0.000000           0.087405           0.087405

====================================================================================================================
Saved: /mnt/c/Users/HPK/Desktop/2_uav/outputs/v39_seed2_seed3_geometry_basin_diag_seed1000_1099.json
====================================================================================================================
